149.4.68.114 - - [13/Jun/2025:13:01:39 -0400] "GET /RICH/js/responsiveslides.min.js HTTP/1.0" 404 575 "https://www.richinc.org/RICH/HELPING.html" "Mozilla/5.0 (Windows NT 10.0; Win64; x64) AppleWebKit/537.36 (KHTML, like Gecko) Chrome/137.0.0.0 Safari/537.36"
149.4.68.114 - - [13/Jun/2025:13:01:39 -0400] "GET /RICH/HelpingUrbanKidsOnline/images/carrer-search.png HTTP/1.0" 200 2206 "https://www.richinc.org/RICH/HELPING.html" "Mozilla/5.0 (Windows NT 10.0; Win64; x64) AppleWebKit/537.36 (KHTML, like Gecko) Chrome/137.0.0.0 Safari/537.36"
149.4.68.114 - - [13/Jun/2025:13:01:39 -0400] "GET /RICH/js/move-top.js HTTP/1.0" 404 575 "https://www.richinc.org/RICH/HELPING.html" "Mozilla/5.0 (Windows NT 10.0; Win64; x64) AppleWebKit/537.36 (KHTML, like Gecko) Chrome/137.0.0.0 Safari/537.36"
149.4.68.114 - - [13/Jun/2025:13:01:39 -0400] "GET /RICH/js/responsiveslides.min.js HTTP/1.0" 404 575 "https://www.richinc.org/RICH/HELPING.html" "Mozilla/5.0 (Windows NT 10.0; Win64; x64) AppleWebKit/537.36 (KHTML, like Gecko) Chrome/137.0.0.0 Safari/537.36"
149.4.68.114 - - [13/Jun/2025:13:01:39 -0400] "GET /RICH/HelpingUrbanKidsOnline/images/carrer-search.png HTTP/1.0" 200 2206 "https://www.richinc.org/RICH/HELPING.html" "Mozilla/5.0 (Windows NT 10.0; Win64; x64) AppleWebKit/537.36 (KHTML, like Gecko) Chrome/137.0.0.0 Safari/537.36"
149.4.68.114 - - [13/Jun/2025:13:01:39 -0400] "GET /RICH/js/move-top.js HTTP/1.0" 404 575 "https://www.richinc.org/RICH/HELPING.html" "Mozilla/5.0 (Windows NT 10.0; Win64; x64) AppleWebKit/537.36 (KHTML, like Gecko) Chrome/137.0.0.0 Safari/537.36"
149.4.68.114 - - [13/Jun/2025:13:01:39 -0400] "GET /RICH/js/responsiveslides.min.js HTTP/1.0" 404 575 "https://www.richinc.org/RICH/HELPING.html" "Mozilla/5.0 (Windows NT 10.0; Win64; x64) AppleWebKit/537.36 (KHTML, like Gecko) Chrome/137.0.0.0 Safari/537.36"
149.4.68.114 - - [13/Jun/2025:13:01:39 -0400] "GET /RICH/HelpingUrbanKidsOnline/images/carrer-search.png HTTP/1.0" 200 2206 "https://www.richinc.org/RICH/HELPING.html" "Mozilla/5.0 (Windows NT 10.0; Win64; x64) AppleWebKit/537.36 (KHTML, like Gecko) Chrome/137.0.0.0 Safari/537.36"
149.4.68.114 - - [13/Jun/2025:13:01:39 -0400] "GET /RICH/js/move-top.js HTTP/1.0" 404 575 "https://www.richinc.org/RICH/HELPING.html" "Mozilla/5.0 (Windows NT 10.0; Win64; x64) AppleWebKit/537.36 (KHTML, like Gecko) Chrome/137.0.0.0 Safari/537.36"
149.4.68.114 - - [13/Jun/2025:13:01:39 -0400] "GET /RICH/js/responsiveslides.min.js HTTP/1.0" 404 575 "https://www.richinc.org/RICH/HELPING.html" "Mozilla/5.0 (Windows NT 10.0; Win64; x64) AppleWebKit/537.36 (KHTML, like Gecko) Chrome/137.0.0.0 Safari/537.36"
149.4.68.114 - - [13/Jun/2025:13:01:39 -0400] "GET /RICH/HelpingUrbanKidsOnline/images/carrer-search.png HTTP/1.0" 200 2206 "https://www.richinc.org/RICH/HELPING.html" "Mozilla/5.0 (Windows NT 10.0; Win64; x64) AppleWebKit/537.36 (KHTML, like Gecko) Chrome/137.0.0.0 Safari/537.36"
149.4.68.114 - - [13/Jun/2025:13:01:39 -0400] "GET /RICH/js/move-top.js HTTP/1.0" 404 575 "https://www.richinc.org/RICH/HELPING.html" "Mozilla/5.0 (Windows NT 10.0; Win64; x64) AppleWebKit/537.36 (KHTML, like Gecko) Chrome/137.0.0.0 Safari/537.36"
149.4.68.114 - - [13/Jun/2025:13:01:39 -0400] "GET /RICH/js/responsiveslides.min.js HTTP/1.0" 404 575 "https://www.richinc.org/RICH/HELPING.html" "Mozilla/5.0 (Windows NT 10.0; Win64; x64) AppleWebKit/537.36 (KHTML, like Gecko) Chrome/137.0.0.0 Safari/537.36"
149.4.68.114 - - [13/Jun/2025:13:01:39 -0400] "GET /RICH/HelpingUrbanKidsOnline/images/carrer-search.png HTTP/1.0" 200 2206 "https://www.richinc.org/RICH/HELPING.html" "Mozilla/5.0 (Windows NT 10.0; Win64; x64) AppleWebKit/537.36 (KHTML, like Gecko) Chrome/137.0.0.0 Safari/537.36"
149.4.68.114 - - [13/Jun/2025:13:01:39 -0400] "GET /RICH/js/move-top.js HTTP/1.0" 404 575 "https://www.richinc.org/RICH/HELPING.html" "Mozilla/5.0 (Windows NT 10.0; Win64; x64) AppleWebKit/537.36 (KHTML, like Gecko) Chrome/137.0.0.0 Safari/537.36"
149.4.68.114 - - [13/Jun/2025:13:01:39 -0400] "GET /RICH/js/responsiveslides.min.js HTTP/1.0" 404 575 "https://www.richinc.org/RICH/HELPING.html" "Mozilla/5.0 (Windows NT 10.0; Win64; x64) AppleWebKit/537.36 (KHTML, like Gecko) Chrome/137.0.0.0 Safari/537.36"
149.4.68.114 - - [13/Jun/2025:13:01:39 -0400] "GET /RICH/HelpingUrbanKidsOnline/images/carrer-search.png HTTP/1.0" 200 2206 "https://www.richinc.org/RICH/HELPING.html" "Mozilla/5.0 (Windows NT 10.0; Win64; x64) AppleWebKit/537.36 (KHTML, like Gecko) Chrome/137.0.0.0 Safari/537.36"
149.4.68.114 - - [13/Jun/2025:13:01:39 -0400] "GET /RICH/js/move-top.js HTTP/1.0" 404 575 "https://www.richinc.org/RICH/HELPING.html" "Mozilla/5.0 (Windows NT 10.0; Win64; x64) AppleWebKit/537.36 (KHTML, like Gecko) Chrome/137.0.0.0 Safari/537.36"
149.4.68.114 - - [13/Jun/2025:13:01:39 -0400] "GET /RICH/js/responsiveslides.min.js HTTP/1.0" 404 575 "https://www.richinc.org/RICH/HELPING.html" "Mozilla/5.0 (Windows NT 10.0; Win64; x64) AppleWebKit/537.36 (KHTML, like Gecko) Chrome/137.0.0.0 Safari/537.36"
149.4.68.114 - - [13/Jun/2025:13:01:39 -0400] "GET /RICH/HelpingUrbanKidsOnline/images/carrer-search.png HTTP/1.0" 200 2206 "https://www.richinc.org/RICH/HELPING.html" "Mozilla/5.0 (Windows NT 10.0; Win64; x64) AppleWebKit/537.36 (KHTML, like Gecko) Chrome/137.0.0.0 Safari/537.36"
149.4.68.114 - - [13/Jun/2025:13:01:39 -0400] "GET /RICH/HelpingUrbanKidsOnline/images/homepageBK.jpg HTTP/1.0" 200 4907966 "https://www.richinc.org/RICH/HelpingUrbanKidsOnline/css/style.css" "Mozilla/5.0 (Windows NT 10.0; Win64; x64) AppleWebKit/537.36 (KHTML, like Gecko) Chrome/137.0.0.0 Safari/537.36"
149.4.68.95 - - [13/Jun/2025:13:23:20 -0400] "GET /RICH/login.php HTTP/1.0" 200 15899 "https://www.richinc.org/RICH/" "Mozilla/5.0 (Macintosh; Intel Mac OS X 10_15_7) AppleWebKit/537.36 (KHTML, like Gecko) Chrome/137.0.0.0 Safari/537.36"
149.4.68.95 - - [13/Jun/2025:13:23:21 -0400] "GET /RICH/cdn-cgi/scripts/5c5dd728/cloudflare-static/email-decode.min.js HTTP/1.0" 404 575 "https://www.richinc.org/RICH/login.php" "Mozilla/5.0 (Macintosh; Intel Mac OS X 10_15_7) AppleWebKit/537.36 (KHTML, like Gecko) Chrome/137.0.0.0 Safari/537.36"
149.4.68.95 - - [13/Jun/2025:13:27:49 -0400] "GET /RICH/cdn-cgi/scripts/5c5dd728/cloudflare-static/email-decode.min.js HTTP/1.0" 404 575 "https://www.richinc.org/RICH/falseAddress.html" "Mozilla/5.0 (Macintosh; Intel Mac OS X 10_15_7) AppleWebKit/537.36 (KHTML, like Gecko) Chrome/137.0.0.0 Safari/537.36"
149.4.68.95 - - [13/Jun/2025:13:27:49 -0400] "GET /RICH/cdn-cgi/scripts/5c5dd728/cloudflare-static/email-decode.min.js HTTP/1.0" 404 575 "https://www.richinc.org/RICH/falseAddress.html" "Mozilla/5.0 (Macintosh; Intel Mac OS X 10_15_7) AppleWebKit/537.36 (KHTML, like Gecko) Chrome/137.0.0.0 Safari/537.36"
149.4.68.95 - - [13/Jun/2025:13:28:27 -0400] "GET /RICH/login.php HTTP/1.0" 200 15899 "https://www.richinc.org/RICH/falseAddress.html" "Mozilla/5.0 (Macintosh; Intel Mac OS X 10_15_7) AppleWebKit/537.36 (KHTML, like Gecko) Chrome/137.0.0.0 Safari/537.36"
149.4.68.95 - - [13/Jun/2025:13:28:27 -0400] "GET /RICH/login.php HTTP/1.0" 200 15899 "https://www.richinc.org/RICH/falseAddress.html" "Mozilla/5.0 (Macintosh; Intel Mac OS X 10_15_7) AppleWebKit/537.36 (KHTML, like Gecko) Chrome/137.0.0.0 Safari/537.36"
149.4.68.95 - - [13/Jun/2025:13:28:27 -0400] "GET /RICH/login.php HTTP/1.0" 200 15899 "https://www.richinc.org/RICH/falseAddress.html" "Mozilla/5.0 (Macintosh; Intel Mac OS X 10_15_7) AppleWebKit/537.36 (KHTML, like Gecko) Chrome/137.0.0.0 Safari/537.36"
149.4.68.95 - - [13/Jun/2025:13:28:27 -0400] "GET /RICH/login.php HTTP/1.0" 200 15899 "https://www.richinc.org/RICH/falseAddress.html" "Mozilla/5.0 (Macintosh; Intel Mac OS X 10_15_7) AppleWebKit/537.36 (KHTML, like Gecko) Chrome/137.0.0.0 Safari/537.36"
149.4.68.95 - - [13/Jun/2025:13:28:27 -0400] "GET /RICH/login.php HTTP/1.0" 200 15899 "https://www.richinc.org/RICH/falseAddress.html" "Mozilla/5.0 (Macintosh; Intel Mac OS X 10_15_7) AppleWebKit/537.36 (KHTML, like Gecko) Chrome/137.0.0.0 Safari/537.36"
149.4.68.95 - - [13/Jun/2025:13:28:27 -0400] "GET /RICH/login.php HTTP/1.0" 200 15899 "https://www.richinc.org/RICH/falseAddress.html" "Mozilla/5.0 (Macintosh; Intel Mac OS X 10_15_7) AppleWebKit/537.36 (KHTML, like Gecko) Chrome/137.0.0.0 Safari/537.36"
149.4.68.95 - - [13/Jun/2025:13:28:27 -0400] "GET /RICH/login.php HTTP/1.0" 200 15899 "https://www.richinc.org/RICH/falseAddress.html" "Mozilla/5.0 (Macintosh; Intel Mac OS X 10_15_7) AppleWebKit/537.36 (KHTML, like Gecko) Chrome/137.0.0.0 Safari/537.36"
149.4.68.95 - - [13/Jun/2025:13:28:27 -0400] "GET /RICH/login.php HTTP/1.0" 200 15899 "https://www.richinc.org/RICH/falseAddress.html" "Mozilla/5.0 (Macintosh; Intel Mac OS X 10_15_7) AppleWebKit/537.36 (KHTML, like Gecko) Chrome/137.0.0.0 Safari/537.36"
149.4.68.95 - - [13/Jun/2025:13:28:27 -0400] "GET /RICH/login.php HTTP/1.0" 200 15899 "https://www.richinc.org/RICH/falseAddress.html" "Mozilla/5.0 (Macintosh; Intel Mac OS X 10_15_7) AppleWebKit/537.36 (KHTML, like Gecko) Chrome/137.0.0.0 Safari/537.36"
149.4.68.95 - - [13/Jun/2025:13:28:27 -0400] "GET /RICH/login.php HTTP/1.0" 200 15899 "https://www.richinc.org/RICH/falseAddress.html" "Mozilla/5.0 (Macintosh; Intel Mac OS X 10_15_7) AppleWebKit/537.36 (KHTML, like Gecko) Chrome/137.0.0.0 Safari/537.36"
149.4.68.95 - - [13/Jun/2025:13:28:27 -0400] "GET /RICH/login.php HTTP/1.0" 200 15899 "https://www.richinc.org/RICH/falseAddress.html" "Mozilla/5.0 (Macintosh; Intel Mac OS X 10_15_7) AppleWebKit/537.36 (KHTML, like Gecko) Chrome/137.0.0.0 Safari/537.36"
149.4.68.95 - - [13/Jun/2025:13:28:27 -0400] "GET /RICH/login.php HTTP/1.0" 200 15899 "https://www.richinc.org/RICH/falseAddress.html" "Mozilla/5.0 (Macintosh; Intel Mac OS X 10_15_7) AppleWebKit/537.36 (KHTML, like Gecko) Chrome/137.0.0.0 Safari/537.36"
149.4.68.95 - - [13/Jun/2025:13:28:27 -0400] "GET /RICH/login.php HTTP/1.0" 200 15899 "https://www.richinc.org/RICH/falseAddress.html" "Mozilla/5.0 (Macintosh; Intel Mac OS X 10_15_7) AppleWebKit/537.36 (KHTML, like Gecko) Chrome/137.0.0.0 Safari/537.36"
149.4.68.95 - - [13/Jun/2025:13:28:27 -0400] "GET /RICH/login.php HTTP/1.0" 200 15899 "https://www.richinc.org/RICH/falseAddress.html" "Mozilla/5.0 (Macintosh; Intel Mac OS X 10_15_7) AppleWebKit/537.36 (KHTML, like Gecko) Chrome/137.0.0.0 Safari/537.36"
149.4.68.95 - - [13/Jun/2025:13:28:27 -0400] "GET /RICH/login.php HTTP/1.0" 200 15899 "https://www.richinc.org/RICH/falseAddress.html" "Mozilla/5.0 (Macintosh; Intel Mac OS X 10_15_7) AppleWebKit/537.36 (KHTML, like Gecko) Chrome/137.0.0.0 Safari/537.36"
149.4.68.95 - - [13/Jun/2025:13:28:27 -0400] "GET /RICH/login.php HTTP/1.0" 200 15899 "https://www.richinc.org/RICH/falseAddress.html" "Mozilla/5.0 (Macintosh; Intel Mac OS X 10_15_7) AppleWebKit/537.36 (KHTML, like Gecko) Chrome/137.0.0.0 Safari/537.36"
149.4.68.95 - - [13/Jun/2025:13:28:27 -0400] "GET /RICH/login.php HTTP/1.0" 200 15899 "https://www.richinc.org/RICH/falseAddress.html" "Mozilla/5.0 (Macintosh; Intel Mac OS X 10_15_7) AppleWebKit/537.36 (KHTML, like Gecko) Chrome/137.0.0.0 Safari/537.36"
149.4.68.95 - - [13/Jun/2025:13:28:27 -0400] "GET /RICH/login.php HTTP/1.0" 200 15899 "https://www.richinc.org/RICH/falseAddress.html" "Mozilla/5.0 (Macintosh; Intel Mac OS X 10_15_7) AppleWebKit/537.36 (KHTML, like Gecko) Chrome/137.0.0.0 Safari/537.36"
149.4.68.95 - - [13/Jun/2025:13:28:27 -0400] "GET /RICH/login.php HTTP/1.0" 200 15899 "https://www.richinc.org/RICH/falseAddress.html" "Mozilla/5.0 (Macintosh; Intel Mac OS X 10_15_7) AppleWebKit/537.36 (KHTML, like Gecko) Chrome/137.0.0.0 Safari/537.36"
149.4.68.95 - - [13/Jun/2025:13:28:27 -0400] "GET /RICH/login.php HTTP/1.0" 200 15899 "https://www.richinc.org/RICH/falseAddress.html" "Mozilla/5.0 (Macintosh; Intel Mac OS X 10_15_7) AppleWebKit/537.36 (KHTML, like Gecko) Chrome/137.0.0.0 Safari/537.36"
149.4.68.95 - - [13/Jun/2025:13:28:27 -0400] "GET /RICH/login.php HTTP/1.0" 200 15899 "https://www.richinc.org/RICH/falseAddress.html" "Mozilla/5.0 (Macintosh; Intel Mac OS X 10_15_7) AppleWebKit/537.36 (KHTML, like Gecko) Chrome/137.0.0.0 Safari/537.36"
149.4.68.95 - - [13/Jun/2025:13:28:27 -0400] "GET /RICH/login.php HTTP/1.0" 200 15899 "https://www.richinc.org/RICH/falseAddress.html" "Mozilla/5.0 (Macintosh; Intel Mac OS X 10_15_7) AppleWebKit/537.36 (KHTML, like Gecko) Chrome/137.0.0.0 Safari/537.36"
149.4.68.95 - - [13/Jun/2025:13:28:27 -0400] "GET /RICH/login.php HTTP/1.0" 200 15899 "https://www.richinc.org/RICH/falseAddress.html" "Mozilla/5.0 (Macintosh; Intel Mac OS X 10_15_7) AppleWebKit/537.36 (KHTML, like Gecko) Chrome/137.0.0.0 Safari/537.36"
149.4.68.95 - - [13/Jun/2025:13:28:27 -0400] "GET /RICH/login.php HTTP/1.0" 200 15899 "https://www.richinc.org/RICH/falseAddress.html" "Mozilla/5.0 (Macintosh; Intel Mac OS X 10_15_7) AppleWebKit/537.36 (KHTML, like Gecko) Chrome/137.0.0.0 Safari/537.36"
149.4.68.95 - - [13/Jun/2025:13:28:27 -0400] "GET /RICH/login.php HTTP/1.0" 200 15899 "https://www.richinc.org/RICH/falseAddress.html" "Mozilla/5.0 (Macintosh; Intel Mac OS X 10_15_7) AppleWebKit/537.36 (KHTML, like Gecko) Chrome/137.0.0.0 Safari/537.36"
149.4.68.95 - - [13/Jun/2025:13:28:27 -0400] "GET /RICH/login.php HTTP/1.0" 200 15899 "https://www.richinc.org/RICH/falseAddress.html" "Mozilla/5.0 (Macintosh; Intel Mac OS X 10_15_7) AppleWebKit/537.36 (KHTML, like Gecko) Chrome/137.0.0.0 Safari/537.36"
149.4.68.95 - - [13/Jun/2025:13:28:27 -0400] "GET /RICH/login.php HTTP/1.0" 200 15899 "https://www.richinc.org/RICH/falseAddress.html" "Mozilla/5.0 (Macintosh; Intel Mac OS X 10_15_7) AppleWebKit/537.36 (KHTML, like Gecko) Chrome/137.0.0.0 Safari/537.36"
149.4.68.95 - - [13/Jun/2025:13:28:27 -0400] "GET /RICH/login.php HTTP/1.0" 200 15899 "https://www.richinc.org/RICH/falseAddress.html" "Mozilla/5.0 (Macintosh; Intel Mac OS X 10_15_7) AppleWebKit/537.36 (KHTML, like Gecko) Chrome/137.0.0.0 Safari/537.36"
47.230.114.203 - - [13/Jun/2025:10:53:13 -0400] "POST /RICH/php/UsersRICH.php HTTP/1.0" 200 - "https://www.richinc.org/RICH/login.php" "Mozilla/5.0 (Macintosh; Intel Mac OS X 10_15_7) AppleWebKit/537.36 (KHTML, like Gecko) Chrome/137.0.0.0 Safari/537.36"
47.230.114.203 - - [13/Jun/2025:10:53:18 -0400] "GET /RICH/cdn-cgi/scripts/5c5dd728/cloudflare-static/email-decode.min.js HTTP/1.0" 404 575 "https://www.richinc.org/RICH/login.php" "Mozilla/5.0 (Macintosh; Intel Mac OS X 10_15_7) AppleWebKit/537.36 (KHTML, like Gecko) Chrome/137.0.0.0 Safari/537.36"
108.174.5.114 - - [13/Jun/2025:23:19:31 -0400] "GET /RICH/images/right-arrow.png HTTP/1.0" 200 2601 "-" "LinkedInBot/1.0 (compatible; Mozilla/5.0; Apache-HttpClient +http://www.linkedin.com)"
47.230.114.203 - - [13/Jun/2025:10:53:19 -0400] "POST /RICH/php/UsersRICH.php HTTP/1.0" 200 - "https://www.richinc.org/RICH/gsuite-classroom.html" "Mozilla/5.0 (Macintosh; Intel Mac OS X 10_15_7) AppleWebKit/537.36 (KHTML, like Gecko) Chrome/137.0.0.0 Safari/537.36"
47.230.114.203 - - [13/Jun/2025:10:53:44 -0400] "GET /cdn-cgi/scripts/5c5dd728/cloudflare-static/email-decode.min.js HTTP/1.0" 302 275 "https://www.richinc.org/RICH/falseAddress.html" "Mozilla/5.0 (Macintosh; Intel Mac OS X 10_15_7) AppleWebKit/537.36 (KHTML, like Gecko) Chrome/137.0.0.0 Safari/537.36"
47.230.114.203 - - [13/Jun/2025:10:53:44 -0400] "GET /cdn-cgi/scripts/5c5dd728/cloudflare-static/email-decode.min.js HTTP/1.0" 302 275 "https://www.richinc.org/RICH/falseAddress.html" "Mozilla/5.0 (Macintosh; Intel Mac OS X 10_15_7) AppleWebKit/537.36 (KHTML, like Gecko) Chrome/137.0.0.0 Safari/537.36"
47.230.114.203 - - [13/Jun/2025:10:53:44 -0400] "GET /cdn-cgi/scripts/5c5dd728/cloudflare-static/email-decode.min.js HTTP/1.0" 302 275 "https://www.richinc.org/RICH/falseAddress.html" "Mozilla/5.0 (Macintosh; Intel Mac OS X 10_15_7) AppleWebKit/537.36 (KHTML, like Gecko) Chrome/137.0.0.0 Safari/537.36"
47.230.114.203 - - [13/Jun/2025:10:53:44 -0400] "GET /cdn-cgi/scripts/5c5dd728/cloudflare-static/email-decode.min.js HTTP/1.0" 302 275 "https://www.richinc.org/RICH/falseAddress.html" "Mozilla/5.0 (Macintosh; Intel Mac OS X 10_15_7) AppleWebKit/537.36 (KHTML, like Gecko) Chrome/137.0.0.0 Safari/537.36"
47.230.114.203 - - [13/Jun/2025:10:53:44 -0400] "GET /cdn-cgi/scripts/5c5dd728/cloudflare-static/email-decode.min.js HTTP/1.0" 302 275 "https://www.richinc.org/RICH/falseAddress.html" "Mozilla/5.0 (Macintosh; Intel Mac OS X 10_15_7) AppleWebKit/537.36 (KHTML, like Gecko) Chrome/137.0.0.0 Safari/537.36"
47.230.114.203 - - [13/Jun/2025:10:53:52 -0400] "GET /cdn-cgi/scripts/5c5dd728/cloudflare-static/email-decode.min.js HTTP/1.0" 302 275 "https://www.richinc.org/RICH/login.php" "Mozilla/5.0 (Macintosh; Intel Mac OS X 10_15_7) AppleWebKit/537.36 (KHTML, like Gecko) Chrome/137.0.0.0 Safari/537.36"
121.229.156.95 - - [13/Jun/2025:16:46:13 -0400] "GET / HTTP/1.0" 302 213 "-" "Sogou web spider/4.0(+http://www.sogou.com/docs/help/webmasters.htm#07)"
77.75.79.62 - - [18/Jun/2025:03:42:05 -0400] "GET /snackimages/20.jpeg HTTP/1.0" 302 232 "-" "Mozilla/5.0 (compatible; SeznamBot/4.0; +https://o-seznam.cz/napoveda/vyhledavani/en/seznambot-crawler/)"
149.4.68.114 - - [13/Jun/2025:13:07:32 -0400] "GET /RICH/mission.html HTTP/1.0" 200 24725 "https://www.richinc.org/RICH/contact-us.html" "Mozilla/5.0 (Windows NT 10.0; Win64; x64) AppleWebKit/537.36 (KHTML, like Gecko) Chrome/137.0.0.0 Safari/537.36"
207.46.13.229 - - [14/Jun/2025:01:37:10 -0400] "GET /robots.txt HTTP/1.0" 302 223 "-" "Mozilla/5.0 AppleWebKit/537.36 (KHTML, like Gecko; compatible; bingbot/2.0; +http://www.bing.com/bingbot.htm) Chrome/116.0.1938.76 Safari/537.36"
149.4.68.114 - - [13/Jun/2025:13:07:48 -0400] "GET /RICH/cdn-cgi/scripts/5c5dd728/cloudflare-static/email-decode.min.js HTTP/1.0" 404 575 "https://www.richinc.org/RICH/board-directors.html" "Mozilla/5.0 (Windows NT 10.0; Win64; x64) AppleWebKit/537.36 (KHTML, like Gecko) Chrome/137.0.0.0 Safari/537.36"
149.4.68.114 - - [13/Jun/2025:13:07:48 -0400] "GET /RICH/cdn-cgi/scripts/5c5dd728/cloudflare-static/email-decode.min.js HTTP/1.0" 404 575 "https://www.richinc.org/RICH/board-directors.html" "Mozilla/5.0 (Windows NT 10.0; Win64; x64) AppleWebKit/537.36 (KHTML, like Gecko) Chrome/137.0.0.0 Safari/537.36"
149.4.68.114 - - [13/Jun/2025:13:07:48 -0400] "GET /RICH/cdn-cgi/scripts/5c5dd728/cloudflare-static/email-decode.min.js HTTP/1.0" 404 575 "https://www.richinc.org/RICH/board-directors.html" "Mozilla/5.0 (Windows NT 10.0; Win64; x64) AppleWebKit/537.36 (KHTML, like Gecko) Chrome/137.0.0.0 Safari/537.36"
149.4.68.114 - - [13/Jun/2025:13:07:48 -0400] "GET /RICH/cdn-cgi/scripts/5c5dd728/cloudflare-static/email-decode.min.js HTTP/1.0" 404 575 "https://www.richinc.org/RICH/board-directors.html" "Mozilla/5.0 (Windows NT 10.0; Win64; x64) AppleWebKit/537.36 (KHTML, like Gecko) Chrome/137.0.0.0 Safari/537.36"
52.167.144.212 - - [14/Jun/2025:01:37:24 -0400] "GET /RICH/ HTTP/1.0" 200 64636 "-" "Mozilla/5.0 AppleWebKit/537.36 (KHTML, like Gecko; compatible; bingbot/2.0; +http://www.bing.com/bingbot.htm) Chrome/116.0.1938.76 Safari/537.36"
149.4.68.114 - - [13/Jun/2025:13:07:48 -0400] "GET /RICH/cdn-cgi/scripts/5c5dd728/cloudflare-static/email-decode.min.js HTTP/1.0" 404 575 "https://www.richinc.org/RICH/board-directors.html" "Mozilla/5.0 (Windows NT 10.0; Win64; x64) AppleWebKit/537.36 (KHTML, like Gecko) Chrome/137.0.0.0 Safari/537.36"
52.167.144.212 - - [14/Jun/2025:01:37:24 -0400] "GET /RICH/ HTTP/1.0" 200 64636 "-" "Mozilla/5.0 AppleWebKit/537.36 (KHTML, like Gecko; compatible; bingbot/2.0; +http://www.bing.com/bingbot.htm) Chrome/116.0.1938.76 Safari/537.36"
52.167.144.212 - - [14/Jun/2025:01:37:24 -0400] "GET /RICH/ HTTP/1.0" 200 64636 "-" "Mozilla/5.0 AppleWebKit/537.36 (KHTML, like Gecko; compatible; bingbot/2.0; +http://www.bing.com/bingbot.htm) Chrome/116.0.1938.76 Safari/537.36"
149.4.68.114 - - [13/Jun/2025:13:07:48 -0400] "GET /RICH/cdn-cgi/scripts/5c5dd728/cloudflare-static/email-decode.min.js HTTP/1.0" 404 575 "https://www.richinc.org/RICH/board-directors.html" "Mozilla/5.0 (Windows NT 10.0; Win64; x64) AppleWebKit/537.36 (KHTML, like Gecko) Chrome/137.0.0.0 Safari/537.36"
52.167.144.212 - - [14/Jun/2025:01:37:24 -0400] "GET /RICH/ HTTP/1.0" 200 64636 "-" "Mozilla/5.0 AppleWebKit/537.36 (KHTML, like Gecko; compatible; bingbot/2.0; +http://www.bing.com/bingbot.htm) Chrome/116.0.1938.76 Safari/537.36"
149.4.68.114 - - [13/Jun/2025:13:07:48 -0400] "GET /RICH/cdn-cgi/scripts/5c5dd728/cloudflare-static/email-decode.min.js HTTP/1.0" 404 575 "https://www.richinc.org/RICH/board-directors.html" "Mozilla/5.0 (Windows NT 10.0; Win64; x64) AppleWebKit/537.36 (KHTML, like Gecko) Chrome/137.0.0.0 Safari/537.36"
52.167.144.212 - - [14/Jun/2025:01:37:24 -0400] "GET /RICH/ HTTP/1.0" 200 64636 "-" "Mozilla/5.0 AppleWebKit/537.36 (KHTML, like Gecko; compatible; bingbot/2.0; +http://www.bing.com/bingbot.htm) Chrome/116.0.1938.76 Safari/537.36"
149.4.68.114 - - [13/Jun/2025:13:07:48 -0400] "GET /RICH/cdn-cgi/scripts/5c5dd728/cloudflare-static/email-decode.min.js HTTP/1.0" 404 575 "https://www.richinc.org/RICH/board-directors.html" "Mozilla/5.0 (Windows NT 10.0; Win64; x64) AppleWebKit/537.36 (KHTML, like Gecko) Chrome/137.0.0.0 Safari/537.36"
52.167.144.212 - - [14/Jun/2025:01:37:24 -0400] "GET /RICH/ HTTP/1.0" 200 64636 "-" "Mozilla/5.0 AppleWebKit/537.36 (KHTML, like Gecko; compatible; bingbot/2.0; +http://www.bing.com/bingbot.htm) Chrome/116.0.1938.76 Safari/537.36"
149.4.68.114 - - [13/Jun/2025:13:07:48 -0400] "GET /RICH/cdn-cgi/scripts/5c5dd728/cloudflare-static/email-decode.min.js HTTP/1.0" 404 575 "https://www.richinc.org/RICH/board-directors.html" "Mozilla/5.0 (Windows NT 10.0; Win64; x64) AppleWebKit/537.36 (KHTML, like Gecko) Chrome/137.0.0.0 Safari/537.36"
149.4.68.114 - - [13/Jun/2025:13:07:48 -0400] "GET /RICH/cdn-cgi/scripts/5c5dd728/cloudflare-static/email-decode.min.js HTTP/1.0" 404 575 "https://www.richinc.org/RICH/board-directors.html" "Mozilla/5.0 (Windows NT 10.0; Win64; x64) AppleWebKit/537.36 (KHTML, like Gecko) Chrome/137.0.0.0 Safari/537.36"
52.167.144.212 - - [14/Jun/2025:01:37:24 -0400] "GET /RICH/ HTTP/1.0" 200 64636 "-" "Mozilla/5.0 AppleWebKit/537.36 (KHTML, like Gecko; compatible; bingbot/2.0; +http://www.bing.com/bingbot.htm) Chrome/116.0.1938.76 Safari/537.36"
149.4.68.114 - - [13/Jun/2025:13:07:48 -0400] "GET /RICH/cdn-cgi/scripts/5c5dd728/cloudflare-static/email-decode.min.js HTTP/1.0" 404 575 "https://www.richinc.org/RICH/board-directors.html" "Mozilla/5.0 (Windows NT 10.0; Win64; x64) AppleWebKit/537.36 (KHTML, like Gecko) Chrome/137.0.0.0 Safari/537.36"
52.167.144.212 - - [14/Jun/2025:01:37:24 -0400] "GET /RICH/ HTTP/1.0" 200 64636 "-" "Mozilla/5.0 AppleWebKit/537.36 (KHTML, like Gecko; compatible; bingbot/2.0; +http://www.bing.com/bingbot.htm) Chrome/116.0.1938.76 Safari/537.36"
149.4.68.114 - - [13/Jun/2025:13:07:48 -0400] "GET /RICH/cdn-cgi/scripts/5c5dd728/cloudflare-static/email-decode.min.js HTTP/1.0" 404 575 "https://www.richinc.org/RICH/board-directors.html" "Mozilla/5.0 (Windows NT 10.0; Win64; x64) AppleWebKit/537.36 (KHTML, like Gecko) Chrome/137.0.0.0 Safari/537.36"
52.167.144.212 - - [14/Jun/2025:01:37:24 -0400] "GET /RICH/ HTTP/1.0" 200 64636 "-" "Mozilla/5.0 AppleWebKit/537.36 (KHTML, like Gecko; compatible; bingbot/2.0; +http://www.bing.com/bingbot.htm) Chrome/116.0.1938.76 Safari/537.36"
149.4.68.114 - - [13/Jun/2025:13:07:48 -0400] "GET /RICH/cdn-cgi/scripts/5c5dd728/cloudflare-static/email-decode.min.js HTTP/1.0" 404 575 "https://www.richinc.org/RICH/board-directors.html" "Mozilla/5.0 (Windows NT 10.0; Win64; x64) AppleWebKit/537.36 (KHTML, like Gecko) Chrome/137.0.0.0 Safari/537.36"
52.167.144.212 - - [14/Jun/2025:01:37:24 -0400] "GET /RICH/ HTTP/1.0" 200 64636 "-" "Mozilla/5.0 AppleWebKit/537.36 (KHTML, like Gecko; compatible; bingbot/2.0; +http://www.bing.com/bingbot.htm) Chrome/116.0.1938.76 Safari/537.36"
149.4.68.114 - - [13/Jun/2025:13:07:48 -0400] "GET /RICH/cdn-cgi/scripts/5c5dd728/cloudflare-static/email-decode.min.js HTTP/1.0" 404 575 "https://www.richinc.org/RICH/board-directors.html" "Mozilla/5.0 (Windows NT 10.0; Win64; x64) AppleWebKit/537.36 (KHTML, like Gecko) Chrome/137.0.0.0 Safari/537.36"
52.167.144.212 - - [14/Jun/2025:01:37:24 -0400] "GET /RICH/ HTTP/1.0" 200 64636 "-" "Mozilla/5.0 AppleWebKit/537.36 (KHTML, like Gecko; compatible; bingbot/2.0; +http://www.bing.com/bingbot.htm) Chrome/116.0.1938.76 Safari/537.36"
149.4.68.114 - - [13/Jun/2025:13:07:48 -0400] "GET /RICH/cdn-cgi/scripts/5c5dd728/cloudflare-static/email-decode.min.js HTTP/1.0" 404 575 "https://www.richinc.org/RICH/board-directors.html" "Mozilla/5.0 (Windows NT 10.0; Win64; x64) AppleWebKit/537.36 (KHTML, like Gecko) Chrome/137.0.0.0 Safari/537.36"
149.4.68.114 - - [13/Jun/2025:13:07:48 -0400] "GET /RICH/cdn-cgi/scripts/5c5dd728/cloudflare-static/email-decode.min.js HTTP/1.0" 404 575 "https://www.richinc.org/RICH/board-directors.html" "Mozilla/5.0 (Windows NT 10.0; Win64; x64) AppleWebKit/537.36 (KHTML, like Gecko) Chrome/137.0.0.0 Safari/537.36"
52.167.144.212 - - [14/Jun/2025:01:37:24 -0400] "GET /RICH/ HTTP/1.0" 200 64636 "-" "Mozilla/5.0 AppleWebKit/537.36 (KHTML, like Gecko; compatible; bingbot/2.0; +http://www.bing.com/bingbot.htm) Chrome/116.0.1938.76 Safari/537.36"
149.4.68.114 - - [13/Jun/2025:13:07:48 -0400] "GET /RICH/cdn-cgi/scripts/5c5dd728/cloudflare-static/email-decode.min.js HTTP/1.0" 404 575 "https://www.richinc.org/RICH/board-directors.html" "Mozilla/5.0 (Windows NT 10.0; Win64; x64) AppleWebKit/537.36 (KHTML, like Gecko) Chrome/137.0.0.0 Safari/537.36"
52.167.144.212 - - [14/Jun/2025:01:37:24 -0400] "GET /RICH/ HTTP/1.0" 200 64636 "-" "Mozilla/5.0 AppleWebKit/537.36 (KHTML, like Gecko; compatible; bingbot/2.0; +http://www.bing.com/bingbot.htm) Chrome/116.0.1938.76 Safari/537.36"
149.4.68.114 - - [13/Jun/2025:13:07:48 -0400] "GET /RICH/cdn-cgi/scripts/5c5dd728/cloudflare-static/email-decode.min.js HTTP/1.0" 404 575 "https://www.richinc.org/RICH/board-directors.html" "Mozilla/5.0 (Windows NT 10.0; Win64; x64) AppleWebKit/537.36 (KHTML, like Gecko) Chrome/137.0.0.0 Safari/537.36"
52.167.144.212 - - [14/Jun/2025:01:37:24 -0400] "GET /RICH/ HTTP/1.0" 200 64636 "-" "Mozilla/5.0 AppleWebKit/537.36 (KHTML, like Gecko; compatible; bingbot/2.0; +http://www.bing.com/bingbot.htm) Chrome/116.0.1938.76 Safari/537.36"
149.4.68.114 - - [13/Jun/2025:13:07:48 -0400] "GET /RICH/cdn-cgi/scripts/5c5dd728/cloudflare-static/email-decode.min.js HTTP/1.0" 404 575 "https://www.richinc.org/RICH/board-directors.html" "Mozilla/5.0 (Windows NT 10.0; Win64; x64) AppleWebKit/537.36 (KHTML, like Gecko) Chrome/137.0.0.0 Safari/537.36"
52.167.144.212 - - [14/Jun/2025:01:37:24 -0400] "GET /RICH/ HTTP/1.0" 200 64636 "-" "Mozilla/5.0 AppleWebKit/537.36 (KHTML, like Gecko; compatible; bingbot/2.0; +http://www.bing.com/bingbot.htm) Chrome/116.0.1938.76 Safari/537.36"
52.167.144.212 - - [14/Jun/2025:01:37:24 -0400] "GET /RICH/ HTTP/1.0" 200 64636 "-" "Mozilla/5.0 AppleWebKit/537.36 (KHTML, like Gecko; compatible; bingbot/2.0; +http://www.bing.com/bingbot.htm) Chrome/116.0.1938.76 Safari/537.36"
149.4.68.114 - - [13/Jun/2025:13:07:48 -0400] "GET /RICH/cdn-cgi/scripts/5c5dd728/cloudflare-static/email-decode.min.js HTTP/1.0" 404 575 "https://www.richinc.org/RICH/board-directors.html" "Mozilla/5.0 (Windows NT 10.0; Win64; x64) AppleWebKit/537.36 (KHTML, like Gecko) Chrome/137.0.0.0 Safari/537.36"
149.4.68.114 - - [13/Jun/2025:13:07:48 -0400] "GET /RICH/cdn-cgi/scripts/5c5dd728/cloudflare-static/email-decode.min.js HTTP/1.0" 404 575 "https://www.richinc.org/RICH/board-directors.html" "Mozilla/5.0 (Windows NT 10.0; Win64; x64) AppleWebKit/537.36 (KHTML, like Gecko) Chrome/137.0.0.0 Safari/537.36"
52.167.144.212 - - [14/Jun/2025:01:37:24 -0400] "GET /RICH/ HTTP/1.0" 200 64636 "-" "Mozilla/5.0 AppleWebKit/537.36 (KHTML, like Gecko; compatible; bingbot/2.0; +http://www.bing.com/bingbot.htm) Chrome/116.0.1938.76 Safari/537.36"
52.167.144.212 - - [14/Jun/2025:01:37:24 -0400] "GET /RICH/ HTTP/1.0" 200 64636 "-" "Mozilla/5.0 AppleWebKit/537.36 (KHTML, like Gecko; compatible; bingbot/2.0; +http://www.bing.com/bingbot.htm) Chrome/116.0.1938.76 Safari/537.36"
149.4.68.114 - - [13/Jun/2025:13:07:48 -0400] "GET /RICH/cdn-cgi/scripts/5c5dd728/cloudflare-static/email-decode.min.js HTTP/1.0" 404 575 "https://www.richinc.org/RICH/board-directors.html" "Mozilla/5.0 (Windows NT 10.0; Win64; x64) AppleWebKit/537.36 (KHTML, like Gecko) Chrome/137.0.0.0 Safari/537.36"
52.167.144.212 - - [14/Jun/2025:01:37:24 -0400] "GET /RICH/ HTTP/1.0" 200 64636 "-" "Mozilla/5.0 AppleWebKit/537.36 (KHTML, like Gecko; compatible; bingbot/2.0; +http://www.bing.com/bingbot.htm) Chrome/116.0.1938.76 Safari/537.36"
149.4.68.114 - - [13/Jun/2025:13:07:48 -0400] "GET /RICH/cdn-cgi/scripts/5c5dd728/cloudflare-static/email-decode.min.js HTTP/1.0" 404 575 "https://www.richinc.org/RICH/board-directors.html" "Mozilla/5.0 (Windows NT 10.0; Win64; x64) AppleWebKit/537.36 (KHTML, like Gecko) Chrome/137.0.0.0 Safari/537.36"
149.4.68.114 - - [13/Jun/2025:13:07:48 -0400] "GET /RICH/cdn-cgi/scripts/5c5dd728/cloudflare-static/email-decode.min.js HTTP/1.0" 404 575 "https://www.richinc.org/RICH/board-directors.html" "Mozilla/5.0 (Windows NT 10.0; Win64; x64) AppleWebKit/537.36 (KHTML, like Gecko) Chrome/137.0.0.0 Safari/537.36"
52.167.144.212 - - [14/Jun/2025:01:37:24 -0400] "GET /RICH/ HTTP/1.0" 200 64636 "-" "Mozilla/5.0 AppleWebKit/537.36 (KHTML, like Gecko; compatible; bingbot/2.0; +http://www.bing.com/bingbot.htm) Chrome/116.0.1938.76 Safari/537.36"
149.4.68.114 - - [13/Jun/2025:13:07:48 -0400] "GET /RICH/cdn-cgi/scripts/5c5dd728/cloudflare-static/email-decode.min.js HTTP/1.0" 404 575 "https://www.richinc.org/RICH/board-directors.html" "Mozilla/5.0 (Windows NT 10.0; Win64; x64) AppleWebKit/537.36 (KHTML, like Gecko) Chrome/137.0.0.0 Safari/537.36"
52.167.144.212 - - [14/Jun/2025:01:37:24 -0400] "GET /RICH/ HTTP/1.0" 200 64636 "-" "Mozilla/5.0 AppleWebKit/537.36 (KHTML, like Gecko; compatible; bingbot/2.0; +http://www.bing.com/bingbot.htm) Chrome/116.0.1938.76 Safari/537.36"
52.167.144.212 - - [14/Jun/2025:01:37:24 -0400] "GET /RICH/ HTTP/1.0" 200 64636 "-" "Mozilla/5.0 AppleWebKit/537.36 (KHTML, like Gecko; compatible; bingbot/2.0; +http://www.bing.com/bingbot.htm) Chrome/116.0.1938.76 Safari/537.36"
52.167.144.212 - - [14/Jun/2025:01:37:24 -0400] "GET /RICH/ HTTP/1.0" 200 64636 "-" "Mozilla/5.0 AppleWebKit/537.36 (KHTML, like Gecko; compatible; bingbot/2.0; +http://www.bing.com/bingbot.htm) Chrome/116.0.1938.76 Safari/537.36"
52.167.144.212 - - [14/Jun/2025:01:37:24 -0400] "GET /RICH/ HTTP/1.0" 200 64636 "-" "Mozilla/5.0 AppleWebKit/537.36 (KHTML, like Gecko; compatible; bingbot/2.0; +http://www.bing.com/bingbot.htm) Chrome/116.0.1938.76 Safari/537.36"
149.4.68.114 - - [13/Jun/2025:13:08:01 -0400] "GET /RICH/favicon.ico HTTP/1.0" 404 575 "https://www.youtube.com/" "Mozilla/5.0 (Windows NT 10.0; Win64; x64) AppleWebKit/537.36 (KHTML, like Gecko) Chrome/137.0.0.0 Safari/537.36"
149.4.68.114 - - [13/Jun/2025:13:08:01 -0400] "GET /RICH/favicon.ico HTTP/1.0" 404 575 "https://www.youtube.com/" "Mozilla/5.0 (Windows NT 10.0; Win64; x64) AppleWebKit/537.36 (KHTML, like Gecko) Chrome/137.0.0.0 Safari/537.36"
149.4.68.114 - - [13/Jun/2025:13:08:01 -0400] "GET /RICH/favicon.ico HTTP/1.0" 404 575 "https://www.youtube.com/" "Mozilla/5.0 (Windows NT 10.0; Win64; x64) AppleWebKit/537.36 (KHTML, like Gecko) Chrome/137.0.0.0 Safari/537.36"
149.4.68.114 - - [13/Jun/2025:13:08:01 -0400] "GET /RICH/favicon.ico HTTP/1.0" 404 575 "https://www.youtube.com/" "Mozilla/5.0 (Windows NT 10.0; Win64; x64) AppleWebKit/537.36 (KHTML, like Gecko) Chrome/137.0.0.0 Safari/537.36"
149.4.68.114 - - [13/Jun/2025:13:08:01 -0400] "GET /RICH/favicon.ico HTTP/1.0" 404 575 "https://www.youtube.com/" "Mozilla/5.0 (Windows NT 10.0; Win64; x64) AppleWebKit/537.36 (KHTML, like Gecko) Chrome/137.0.0.0 Safari/537.36"
149.4.68.114 - - [13/Jun/2025:13:08:01 -0400] "GET /RICH/favicon.ico HTTP/1.0" 404 575 "https://www.youtube.com/" "Mozilla/5.0 (Windows NT 10.0; Win64; x64) AppleWebKit/537.36 (KHTML, like Gecko) Chrome/137.0.0.0 Safari/537.36"
149.4.68.114 - - [13/Jun/2025:13:08:01 -0400] "GET /RICH/favicon.ico HTTP/1.0" 404 575 "https://www.youtube.com/" "Mozilla/5.0 (Windows NT 10.0; Win64; x64) AppleWebKit/537.36 (KHTML, like Gecko) Chrome/137.0.0.0 Safari/537.36"
149.4.68.114 - - [13/Jun/2025:13:08:01 -0400] "GET /RICH/favicon.ico HTTP/1.0" 404 575 "https://www.youtube.com/" "Mozilla/5.0 (Windows NT 10.0; Win64; x64) AppleWebKit/537.36 (KHTML, like Gecko) Chrome/137.0.0.0 Safari/537.36"
149.4.68.114 - - [13/Jun/2025:13:08:01 -0400] "GET /RICH/favicon.ico HTTP/1.0" 404 575 "https://www.youtube.com/" "Mozilla/5.0 (Windows NT 10.0; Win64; x64) AppleWebKit/537.36 (KHTML, like Gecko) Chrome/137.0.0.0 Safari/537.36"
149.4.68.114 - - [13/Jun/2025:13:08:01 -0400] "GET /RICH/favicon.ico HTTP/1.0" 404 575 "https://www.youtube.com/" "Mozilla/5.0 (Windows NT 10.0; Win64; x64) AppleWebKit/537.36 (KHTML, like Gecko) Chrome/137.0.0.0 Safari/537.36"
149.4.68.114 - - [13/Jun/2025:13:08:01 -0400] "GET /RICH/favicon.ico HTTP/1.0" 404 575 "https://www.youtube.com/" "Mozilla/5.0 (Windows NT 10.0; Win64; x64) AppleWebKit/537.36 (KHTML, like Gecko) Chrome/137.0.0.0 Safari/537.36"
149.4.68.114 - - [13/Jun/2025:13:08:01 -0400] "GET /RICH/favicon.ico HTTP/1.0" 404 575 "https://www.youtube.com/" "Mozilla/5.0 (Windows NT 10.0; Win64; x64) AppleWebKit/537.36 (KHTML, like Gecko) Chrome/137.0.0.0 Safari/537.36"
149.4.68.114 - - [13/Jun/2025:13:08:01 -0400] "GET /RICH/favicon.ico HTTP/1.0" 404 575 "https://www.youtube.com/" "Mozilla/5.0 (Windows NT 10.0; Win64; x64) AppleWebKit/537.36 (KHTML, like Gecko) Chrome/137.0.0.0 Safari/537.36"
149.4.68.114 - - [13/Jun/2025:13:08:01 -0400] "GET /RICH/favicon.ico HTTP/1.0" 404 575 "https://www.youtube.com/" "Mozilla/5.0 (Windows NT 10.0; Win64; x64) AppleWebKit/537.36 (KHTML, like Gecko) Chrome/137.0.0.0 Safari/537.36"
149.4.68.114 - - [13/Jun/2025:13:08:01 -0400] "GET /RICH/favicon.ico HTTP/1.0" 404 575 "https://www.youtube.com/" "Mozilla/5.0 (Windows NT 10.0; Win64; x64) AppleWebKit/537.36 (KHTML, like Gecko) Chrome/137.0.0.0 Safari/537.36"
149.4.68.114 - - [13/Jun/2025:13:08:01 -0400] "GET /RICH/favicon.ico HTTP/1.0" 404 575 "https://www.youtube.com/" "Mozilla/5.0 (Windows NT 10.0; Win64; x64) AppleWebKit/537.36 (KHTML, like Gecko) Chrome/137.0.0.0 Safari/537.36"
172.203.190.128 - - [18/Jun/2025:05:41:03 -0400] "GET /RICH/robots.txt HTTP/1.0" 404 575 "-" "Mozilla/5.0 (Macintosh; Intel Mac OS X 10_15_7) AppleWebKit/537.36 (KHTML, like Gecko) Chrome/131.0.0.0 Safari/537.36; compatible; OAI-SearchBot/1.0; +https://openai.com/searchbot"
77.75.79.62 - - [14/Jun/2025:01:20:34 -0400] "GET /robots.txt HTTP/1.0" 302 223 "-" "Mozilla/5.0 (compatible; SeznamBot/4.0; +https://o-seznam.cz/napoveda/vyhledavani/en/seznambot-crawler/)"
77.75.79.62 - - [14/Jun/2025:01:20:34 -0400] "GET /robots.txt HTTP/1.0" 302 223 "-" "Mozilla/5.0 (compatible; SeznamBot/4.0; +https://o-seznam.cz/napoveda/vyhledavani/en/seznambot-crawler/)"
77.75.79.62 - - [14/Jun/2025:01:20:34 -0400] "GET /robots.txt HTTP/1.0" 302 223 "-" "Mozilla/5.0 (compatible; SeznamBot/4.0; +https://o-seznam.cz/napoveda/vyhledavani/en/seznambot-crawler/)"
77.75.79.62 - - [14/Jun/2025:01:20:34 -0400] "GET /robots.txt HTTP/1.0" 302 223 "-" "Mozilla/5.0 (compatible; SeznamBot/4.0; +https://o-seznam.cz/napoveda/vyhledavani/en/seznambot-crawler/)"
77.75.79.62 - - [14/Jun/2025:01:20:34 -0400] "GET /robots.txt HTTP/1.0" 302 223 "-" "Mozilla/5.0 (compatible; SeznamBot/4.0; +https://o-seznam.cz/napoveda/vyhledavani/en/seznambot-crawler/)"
77.75.79.62 - - [14/Jun/2025:01:20:34 -0400] "GET /robots.txt HTTP/1.0" 302 223 "-" "Mozilla/5.0 (compatible; SeznamBot/4.0; +https://o-seznam.cz/napoveda/vyhledavani/en/seznambot-crawler/)"
77.75.79.62 - - [14/Jun/2025:01:20:34 -0400] "GET /robots.txt HTTP/1.0" 302 223 "-" "Mozilla/5.0 (compatible; SeznamBot/4.0; +https://o-seznam.cz/napoveda/vyhledavani/en/seznambot-crawler/)"
77.75.79.62 - - [14/Jun/2025:01:20:34 -0400] "GET /robots.txt HTTP/1.0" 302 223 "-" "Mozilla/5.0 (compatible; SeznamBot/4.0; +https://o-seznam.cz/napoveda/vyhledavani/en/seznambot-crawler/)"
77.75.79.62 - - [14/Jun/2025:01:20:34 -0400] "GET /robots.txt HTTP/1.0" 302 223 "-" "Mozilla/5.0 (compatible; SeznamBot/4.0; +https://o-seznam.cz/napoveda/vyhledavani/en/seznambot-crawler/)"
77.75.79.62 - - [14/Jun/2025:01:20:34 -0400] "GET /robots.txt HTTP/1.0" 302 223 "-" "Mozilla/5.0 (compatible; SeznamBot/4.0; +https://o-seznam.cz/napoveda/vyhledavani/en/seznambot-crawler/)"
192.178.15.34 - - [13/Jun/2025:16:24:41 -0400] "GET /.well-known/traffic-advice HTTP/1.0" 302 239 "-" "Chrome Privacy Preserving Prefetch Proxy"
77.75.79.62 - - [14/Jun/2025:01:20:34 -0400] "GET /robots.txt HTTP/1.0" 302 223 "-" "Mozilla/5.0 (compatible; SeznamBot/4.0; +https://o-seznam.cz/napoveda/vyhledavani/en/seznambot-crawler/)"
192.178.15.34 - - [13/Jun/2025:16:24:41 -0400] "GET /.well-known/traffic-advice HTTP/1.0" 302 239 "-" "Chrome Privacy Preserving Prefetch Proxy"
77.75.79.62 - - [14/Jun/2025:01:20:34 -0400] "GET /robots.txt HTTP/1.0" 302 223 "-" "Mozilla/5.0 (compatible; SeznamBot/4.0; +https://o-seznam.cz/napoveda/vyhledavani/en/seznambot-crawler/)"
77.75.79.62 - - [14/Jun/2025:01:20:34 -0400] "GET /robots.txt HTTP/1.0" 302 223 "-" "Mozilla/5.0 (compatible; SeznamBot/4.0; +https://o-seznam.cz/napoveda/vyhledavani/en/seznambot-crawler/)"
77.75.79.62 - - [14/Jun/2025:01:20:34 -0400] "GET /robots.txt HTTP/1.0" 302 223 "-" "Mozilla/5.0 (compatible; SeznamBot/4.0; +https://o-seznam.cz/napoveda/vyhledavani/en/seznambot-crawler/)"
77.75.79.62 - - [14/Jun/2025:01:20:34 -0400] "GET /robots.txt HTTP/1.0" 302 223 "-" "Mozilla/5.0 (compatible; SeznamBot/4.0; +https://o-seznam.cz/napoveda/vyhledavani/en/seznambot-crawler/)"
192.178.15.34 - - [13/Jun/2025:16:24:41 -0400] "GET /.well-known/traffic-advice HTTP/1.0" 302 239 "-" "Chrome Privacy Preserving Prefetch Proxy"
72.14.201.231 - - [13/Jun/2025:16:24:41 -0400] "GET /RICH/ HTTP/1.0" 200 64636 "https://www.google.com/" "Mozilla/5.0 (Windows NT 10.0; Win64; x64) AppleWebKit/537.36 (KHTML, like Gecko) Chrome/136.0.0.0 Safari/537.36"
192.178.15.34 - - [13/Jun/2025:16:24:41 -0400] "GET /.well-known/traffic-advice HTTP/1.0" 302 239 "-" "Chrome Privacy Preserving Prefetch Proxy"
72.14.201.231 - - [13/Jun/2025:16:24:41 -0400] "GET /RICH/ HTTP/1.0" 200 64636 "https://www.google.com/" "Mozilla/5.0 (Windows NT 10.0; Win64; x64) AppleWebKit/537.36 (KHTML, like Gecko) Chrome/136.0.0.0 Safari/537.36"
77.75.79.62 - - [14/Jun/2025:01:20:34 -0400] "GET /robots.txt HTTP/1.0" 302 223 "-" "Mozilla/5.0 (compatible; SeznamBot/4.0; +https://o-seznam.cz/napoveda/vyhledavani/en/seznambot-crawler/)"
77.75.79.62 - - [14/Jun/2025:01:20:34 -0400] "GET /robots.txt HTTP/1.0" 302 223 "-" "Mozilla/5.0 (compatible; SeznamBot/4.0; +https://o-seznam.cz/napoveda/vyhledavani/en/seznambot-crawler/)"
192.178.15.34 - - [13/Jun/2025:16:24:41 -0400] "GET /.well-known/traffic-advice HTTP/1.0" 302 239 "-" "Chrome Privacy Preserving Prefetch Proxy"
72.14.201.231 - - [13/Jun/2025:16:24:41 -0400] "GET /RICH/ HTTP/1.0" 200 64636 "https://www.google.com/" "Mozilla/5.0 (Windows NT 10.0; Win64; x64) AppleWebKit/537.36 (KHTML, like Gecko) Chrome/136.0.0.0 Safari/537.36"
192.178.15.34 - - [13/Jun/2025:16:24:41 -0400] "GET /.well-known/traffic-advice HTTP/1.0" 302 239 "-" "Chrome Privacy Preserving Prefetch Proxy"
72.14.201.231 - - [13/Jun/2025:16:24:41 -0400] "GET /RICH/ HTTP/1.0" 200 64636 "https://www.google.com/" "Mozilla/5.0 (Windows NT 10.0; Win64; x64) AppleWebKit/537.36 (KHTML, like Gecko) Chrome/136.0.0.0 Safari/537.36"
77.75.79.62 - - [14/Jun/2025:01:20:34 -0400] "GET /robots.txt HTTP/1.0" 302 223 "-" "Mozilla/5.0 (compatible; SeznamBot/4.0; +https://o-seznam.cz/napoveda/vyhledavani/en/seznambot-crawler/)"
192.178.15.34 - - [13/Jun/2025:16:24:41 -0400] "GET /.well-known/traffic-advice HTTP/1.0" 302 239 "-" "Chrome Privacy Preserving Prefetch Proxy"
72.14.201.231 - - [13/Jun/2025:16:24:41 -0400] "GET /RICH/ HTTP/1.0" 200 64636 "https://www.google.com/" "Mozilla/5.0 (Windows NT 10.0; Win64; x64) AppleWebKit/537.36 (KHTML, like Gecko) Chrome/136.0.0.0 Safari/537.36"
192.178.15.34 - - [13/Jun/2025:16:24:41 -0400] "GET /.well-known/traffic-advice HTTP/1.0" 302 239 "-" "Chrome Privacy Preserving Prefetch Proxy"
72.14.201.231 - - [13/Jun/2025:16:24:41 -0400] "GET /RICH/ HTTP/1.0" 200 64636 "https://www.google.com/" "Mozilla/5.0 (Windows NT 10.0; Win64; x64) AppleWebKit/537.36 (KHTML, like Gecko) Chrome/136.0.0.0 Safari/537.36"
192.178.15.34 - - [13/Jun/2025:16:24:41 -0400] "GET /.well-known/traffic-advice HTTP/1.0" 302 239 "-" "Chrome Privacy Preserving Prefetch Proxy"
72.14.201.231 - - [13/Jun/2025:16:24:41 -0400] "GET /RICH/ HTTP/1.0" 200 64636 "https://www.google.com/" "Mozilla/5.0 (Windows NT 10.0; Win64; x64) AppleWebKit/537.36 (KHTML, like Gecko) Chrome/136.0.0.0 Safari/537.36"
43.166.132.142 - - [18/Jun/2025:06:00:13 -0400] "GET /RICH/graduate-testimonials.html HTTP/1.0" 200 30995 "-" "Mozilla/5.0 (iPhone; CPU iPhone OS 13_2_3 like Mac OS X) AppleWebKit/605.1.15 (KHTML, like Gecko) Version/13.0.3 Mobile/15E148 Safari/604.1"
52.167.144.199 - - [14/Jun/2025:01:43:25 -0400] "GET / HTTP/1.0" 302 213 "-" "Mozilla/5.0 AppleWebKit/537.36 (KHTML, like Gecko; compatible; bingbot/2.0; +http://www.bing.com/bingbot.htm) Chrome/116.0.1938.76 Safari/537.36"
52.167.144.199 - - [14/Jun/2025:01:43:25 -0400] "GET / HTTP/1.0" 302 213 "-" "Mozilla/5.0 AppleWebKit/537.36 (KHTML, like Gecko; compatible; bingbot/2.0; +http://www.bing.com/bingbot.htm) Chrome/116.0.1938.76 Safari/537.36"
52.167.144.199 - - [14/Jun/2025:01:43:25 -0400] "GET / HTTP/1.0" 302 213 "-" "Mozilla/5.0 AppleWebKit/537.36 (KHTML, like Gecko; compatible; bingbot/2.0; +http://www.bing.com/bingbot.htm) Chrome/116.0.1938.76 Safari/537.36"
52.167.144.199 - - [14/Jun/2025:01:43:25 -0400] "GET / HTTP/1.0" 302 213 "-" "Mozilla/5.0 AppleWebKit/537.36 (KHTML, like Gecko; compatible; bingbot/2.0; +http://www.bing.com/bingbot.htm) Chrome/116.0.1938.76 Safari/537.36"
52.167.144.199 - - [14/Jun/2025:01:43:25 -0400] "GET / HTTP/1.0" 302 213 "-" "Mozilla/5.0 AppleWebKit/537.36 (KHTML, like Gecko; compatible; bingbot/2.0; +http://www.bing.com/bingbot.htm) Chrome/116.0.1938.76 Safari/537.36"
52.167.144.199 - - [14/Jun/2025:01:43:25 -0400] "GET / HTTP/1.0" 302 213 "-" "Mozilla/5.0 AppleWebKit/537.36 (KHTML, like Gecko; compatible; bingbot/2.0; +http://www.bing.com/bingbot.htm) Chrome/116.0.1938.76 Safari/537.36"
52.167.144.199 - - [14/Jun/2025:01:43:25 -0400] "GET / HTTP/1.0" 302 213 "-" "Mozilla/5.0 AppleWebKit/537.36 (KHTML, like Gecko; compatible; bingbot/2.0; +http://www.bing.com/bingbot.htm) Chrome/116.0.1938.76 Safari/537.36"
52.167.144.199 - - [14/Jun/2025:01:43:25 -0400] "GET / HTTP/1.0" 302 213 "-" "Mozilla/5.0 AppleWebKit/537.36 (KHTML, like Gecko; compatible; bingbot/2.0; +http://www.bing.com/bingbot.htm) Chrome/116.0.1938.76 Safari/537.36"
52.167.144.199 - - [14/Jun/2025:01:43:25 -0400] "GET / HTTP/1.0" 302 213 "-" "Mozilla/5.0 AppleWebKit/537.36 (KHTML, like Gecko; compatible; bingbot/2.0; +http://www.bing.com/bingbot.htm) Chrome/116.0.1938.76 Safari/537.36"
52.167.144.199 - - [14/Jun/2025:01:43:25 -0400] "GET / HTTP/1.0" 302 213 "-" "Mozilla/5.0 AppleWebKit/537.36 (KHTML, like Gecko; compatible; bingbot/2.0; +http://www.bing.com/bingbot.htm) Chrome/116.0.1938.76 Safari/537.36"
52.167.144.199 - - [14/Jun/2025:01:43:25 -0400] "GET / HTTP/1.0" 302 213 "-" "Mozilla/5.0 AppleWebKit/537.36 (KHTML, like Gecko; compatible; bingbot/2.0; +http://www.bing.com/bingbot.htm) Chrome/116.0.1938.76 Safari/537.36"
52.167.144.199 - - [14/Jun/2025:01:43:25 -0400] "GET / HTTP/1.0" 302 213 "-" "Mozilla/5.0 AppleWebKit/537.36 (KHTML, like Gecko; compatible; bingbot/2.0; +http://www.bing.com/bingbot.htm) Chrome/116.0.1938.76 Safari/537.36"
52.167.144.199 - - [14/Jun/2025:01:43:25 -0400] "GET / HTTP/1.0" 302 213 "-" "Mozilla/5.0 AppleWebKit/537.36 (KHTML, like Gecko; compatible; bingbot/2.0; +http://www.bing.com/bingbot.htm) Chrome/116.0.1938.76 Safari/537.36"
52.167.144.199 - - [14/Jun/2025:01:43:25 -0400] "GET / HTTP/1.0" 302 213 "-" "Mozilla/5.0 AppleWebKit/537.36 (KHTML, like Gecko; compatible; bingbot/2.0; +http://www.bing.com/bingbot.htm) Chrome/116.0.1938.76 Safari/537.36"
52.167.144.199 - - [14/Jun/2025:01:43:25 -0400] "GET / HTTP/1.0" 302 213 "-" "Mozilla/5.0 AppleWebKit/537.36 (KHTML, like Gecko; compatible; bingbot/2.0; +http://www.bing.com/bingbot.htm) Chrome/116.0.1938.76 Safari/537.36"
52.167.144.199 - - [14/Jun/2025:01:43:25 -0400] "GET / HTTP/1.0" 302 213 "-" "Mozilla/5.0 AppleWebKit/537.36 (KHTML, like Gecko; compatible; bingbot/2.0; +http://www.bing.com/bingbot.htm) Chrome/116.0.1938.76 Safari/537.36"
52.167.144.199 - - [14/Jun/2025:01:43:25 -0400] "GET / HTTP/1.0" 302 213 "-" "Mozilla/5.0 AppleWebKit/537.36 (KHTML, like Gecko; compatible; bingbot/2.0; +http://www.bing.com/bingbot.htm) Chrome/116.0.1938.76 Safari/537.36"
52.167.144.199 - - [14/Jun/2025:01:43:25 -0400] "GET / HTTP/1.0" 302 213 "-" "Mozilla/5.0 AppleWebKit/537.36 (KHTML, like Gecko; compatible; bingbot/2.0; +http://www.bing.com/bingbot.htm) Chrome/116.0.1938.76 Safari/537.36"
52.167.144.199 - - [14/Jun/2025:01:43:25 -0400] "GET / HTTP/1.0" 302 213 "-" "Mozilla/5.0 AppleWebKit/537.36 (KHTML, like Gecko; compatible; bingbot/2.0; +http://www.bing.com/bingbot.htm) Chrome/116.0.1938.76 Safari/537.36"
52.167.144.199 - - [14/Jun/2025:01:43:25 -0400] "GET / HTTP/1.0" 302 213 "-" "Mozilla/5.0 AppleWebKit/537.36 (KHTML, like Gecko; compatible; bingbot/2.0; +http://www.bing.com/bingbot.htm) Chrome/116.0.1938.76 Safari/537.36"
52.167.144.199 - - [14/Jun/2025:01:43:25 -0400] "GET / HTTP/1.0" 302 213 "-" "Mozilla/5.0 AppleWebKit/537.36 (KHTML, like Gecko; compatible; bingbot/2.0; +http://www.bing.com/bingbot.htm) Chrome/116.0.1938.76 Safari/537.36"
52.167.144.199 - - [14/Jun/2025:01:43:25 -0400] "GET / HTTP/1.0" 302 213 "-" "Mozilla/5.0 AppleWebKit/537.36 (KHTML, like Gecko; compatible; bingbot/2.0; +http://www.bing.com/bingbot.htm) Chrome/116.0.1938.76 Safari/537.36"
52.167.144.199 - - [14/Jun/2025:01:43:25 -0400] "GET / HTTP/1.0" 302 213 "-" "Mozilla/5.0 AppleWebKit/537.36 (KHTML, like Gecko; compatible; bingbot/2.0; +http://www.bing.com/bingbot.htm) Chrome/116.0.1938.76 Safari/537.36"
52.167.144.199 - - [14/Jun/2025:01:43:25 -0400] "GET / HTTP/1.0" 302 213 "-" "Mozilla/5.0 AppleWebKit/537.36 (KHTML, like Gecko; compatible; bingbot/2.0; +http://www.bing.com/bingbot.htm) Chrome/116.0.1938.76 Safari/537.36"
52.167.144.199 - - [14/Jun/2025:01:43:25 -0400] "GET / HTTP/1.0" 302 213 "-" "Mozilla/5.0 AppleWebKit/537.36 (KHTML, like Gecko; compatible; bingbot/2.0; +http://www.bing.com/bingbot.htm) Chrome/116.0.1938.76 Safari/537.36"
52.167.144.199 - - [14/Jun/2025:01:43:25 -0400] "GET / HTTP/1.0" 302 213 "-" "Mozilla/5.0 AppleWebKit/537.36 (KHTML, like Gecko; compatible; bingbot/2.0; +http://www.bing.com/bingbot.htm) Chrome/116.0.1938.76 Safari/537.36"
52.167.144.199 - - [14/Jun/2025:01:43:25 -0400] "GET / HTTP/1.0" 302 213 "-" "Mozilla/5.0 AppleWebKit/537.36 (KHTML, like Gecko; compatible; bingbot/2.0; +http://www.bing.com/bingbot.htm) Chrome/116.0.1938.76 Safari/537.36"
52.167.144.199 - - [14/Jun/2025:01:43:25 -0400] "GET / HTTP/1.0" 302 213 "-" "Mozilla/5.0 AppleWebKit/537.36 (KHTML, like Gecko; compatible; bingbot/2.0; +http://www.bing.com/bingbot.htm) Chrome/116.0.1938.76 Safari/537.36"
52.167.144.199 - - [14/Jun/2025:01:43:25 -0400] "GET / HTTP/1.0" 302 213 "-" "Mozilla/5.0 AppleWebKit/537.36 (KHTML, like Gecko; compatible; bingbot/2.0; +http://www.bing.com/bingbot.htm) Chrome/116.0.1938.76 Safari/537.36"
52.167.144.199 - - [14/Jun/2025:01:43:25 -0400] "GET / HTTP/1.0" 302 213 "-" "Mozilla/5.0 AppleWebKit/537.36 (KHTML, like Gecko; compatible; bingbot/2.0; +http://www.bing.com/bingbot.htm) Chrome/116.0.1938.76 Safari/537.36"
52.167.144.199 - - [14/Jun/2025:01:43:25 -0400] "GET / HTTP/1.0" 302 213 "-" "Mozilla/5.0 AppleWebKit/537.36 (KHTML, like Gecko; compatible; bingbot/2.0; +http://www.bing.com/bingbot.htm) Chrome/116.0.1938.76 Safari/537.36"
52.167.144.199 - - [14/Jun/2025:01:43:25 -0400] "GET / HTTP/1.0" 302 213 "-" "Mozilla/5.0 AppleWebKit/537.36 (KHTML, like Gecko; compatible; bingbot/2.0; +http://www.bing.com/bingbot.htm) Chrome/116.0.1938.76 Safari/537.36"
52.167.144.199 - - [14/Jun/2025:01:43:25 -0400] "GET / HTTP/1.0" 302 213 "-" "Mozilla/5.0 AppleWebKit/537.36 (KHTML, like Gecko; compatible; bingbot/2.0; +http://www.bing.com/bingbot.htm) Chrome/116.0.1938.76 Safari/537.36"
52.167.144.199 - - [14/Jun/2025:01:43:25 -0400] "GET / HTTP/1.0" 302 213 "-" "Mozilla/5.0 AppleWebKit/537.36 (KHTML, like Gecko; compatible; bingbot/2.0; +http://www.bing.com/bingbot.htm) Chrome/116.0.1938.76 Safari/537.36"
52.167.144.199 - - [14/Jun/2025:01:43:25 -0400] "GET / HTTP/1.0" 302 213 "-" "Mozilla/5.0 AppleWebKit/537.36 (KHTML, like Gecko; compatible; bingbot/2.0; +http://www.bing.com/bingbot.htm) Chrome/116.0.1938.76 Safari/537.36"
52.167.144.199 - - [14/Jun/2025:01:43:25 -0400] "GET / HTTP/1.0" 302 213 "-" "Mozilla/5.0 AppleWebKit/537.36 (KHTML, like Gecko; compatible; bingbot/2.0; +http://www.bing.com/bingbot.htm) Chrome/116.0.1938.76 Safari/537.36"
52.167.144.199 - - [14/Jun/2025:01:43:25 -0400] "GET / HTTP/1.0" 302 213 "-" "Mozilla/5.0 AppleWebKit/537.36 (KHTML, like Gecko; compatible; bingbot/2.0; +http://www.bing.com/bingbot.htm) Chrome/116.0.1938.76 Safari/537.36"
52.167.144.199 - - [14/Jun/2025:01:43:25 -0400] "GET / HTTP/1.0" 302 213 "-" "Mozilla/5.0 AppleWebKit/537.36 (KHTML, like Gecko; compatible; bingbot/2.0; +http://www.bing.com/bingbot.htm) Chrome/116.0.1938.76 Safari/537.36"
52.167.144.199 - - [14/Jun/2025:01:43:25 -0400] "GET / HTTP/1.0" 302 213 "-" "Mozilla/5.0 AppleWebKit/537.36 (KHTML, like Gecko; compatible; bingbot/2.0; +http://www.bing.com/bingbot.htm) Chrome/116.0.1938.76 Safari/537.36"
