66.249.92.40 - - [15/Jun/2025:06:47:01 -0400] "GET /RICH/images/considerate.png HTTP/1.0" 200 22730 "https://www.richinc.org/RICH/" "Google-Edu"
66.249.92.40 - - [15/Jun/2025:06:47:01 -0400] "GET /RICH/images/considerate.png HTTP/1.0" 200 22730 "https://www.richinc.org/RICH/" "Google-Edu"
66.249.92.40 - - [15/Jun/2025:06:47:01 -0400] "GET /RICH/images/considerate.png HTTP/1.0" 200 22730 "https://www.richinc.org/RICH/" "Google-Edu"
66.249.92.40 - - [15/Jun/2025:06:47:01 -0400] "GET /RICH/images/considerate.png HTTP/1.0" 200 22730 "https://www.richinc.org/RICH/" "Google-Edu"
66.249.92.40 - - [15/Jun/2025:06:47:01 -0400] "GET /RICH/images/considerate.png HTTP/1.0" 200 22730 "https://www.richinc.org/RICH/" "Google-Edu"
66.249.92.40 - - [15/Jun/2025:06:47:01 -0400] "GET /RICH/images/considerate.png HTTP/1.0" 200 22730 "https://www.richinc.org/RICH/" "Google-Edu"
66.249.92.40 - - [15/Jun/2025:06:47:01 -0400] "GET /RICH/images/considerate.png HTTP/1.0" 200 22730 "https://www.richinc.org/RICH/" "Google-Edu"
66.249.92.40 - - [15/Jun/2025:06:47:01 -0400] "GET /RICH/images/considerate.png HTTP/1.0" 200 22730 "https://www.richinc.org/RICH/" "Google-Edu"
66.249.92.40 - - [15/Jun/2025:06:47:01 -0400] "GET /RICH/images/considerate.png HTTP/1.0" 200 22730 "https://www.richinc.org/RICH/" "Google-Edu"
66.249.92.40 - - [15/Jun/2025:06:47:01 -0400] "GET /RICH/images/considerate.png HTTP/1.0" 200 22730 "https://www.richinc.org/RICH/" "Google-Edu"
66.249.92.40 - - [15/Jun/2025:06:47:01 -0400] "GET /RICH/images/considerate.png HTTP/1.0" 200 22730 "https://www.richinc.org/RICH/" "Google-Edu"
66.249.92.40 - - [15/Jun/2025:06:47:01 -0400] "GET /RICH/images/considerate.png HTTP/1.0" 200 22730 "https://www.richinc.org/RICH/" "Google-Edu"
66.249.92.40 - - [15/Jun/2025:06:47:01 -0400] "GET /RICH/images/considerate.png HTTP/1.0" 200 22730 "https://www.richinc.org/RICH/" "Google-Edu"
66.249.92.40 - - [15/Jun/2025:06:47:01 -0400] "GET /RICH/images/considerate.png HTTP/1.0" 200 22730 "https://www.richinc.org/RICH/" "Google-Edu"
66.249.92.40 - - [15/Jun/2025:06:47:01 -0400] "GET /RICH/images/considerate.png HTTP/1.0" 200 22730 "https://www.richinc.org/RICH/" "Google-Edu"
66.249.92.40 - - [15/Jun/2025:06:47:01 -0400] "GET /RICH/images/considerate.png HTTP/1.0" 200 22730 "https://www.richinc.org/RICH/" "Google-Edu"
66.249.92.40 - - [15/Jun/2025:06:47:01 -0400] "GET /RICH/images/considerate.png HTTP/1.0" 200 22730 "https://www.richinc.org/RICH/" "Google-Edu"
66.249.92.40 - - [15/Jun/2025:06:47:01 -0400] "GET /RICH/images/considerate.png HTTP/1.0" 200 22730 "https://www.richinc.org/RICH/" "Google-Edu"
66.249.92.40 - - [15/Jun/2025:06:47:01 -0400] "GET /RICH/images/considerate.png HTTP/1.0" 200 22730 "https://www.richinc.org/RICH/" "Google-Edu"
66.249.92.40 - - [15/Jun/2025:06:47:01 -0400] "GET /RICH/images/considerate.png HTTP/1.0" 200 22730 "https://www.richinc.org/RICH/" "Google-Edu"
66.249.92.40 - - [15/Jun/2025:06:47:01 -0400] "GET /RICH/images/considerate.png HTTP/1.0" 200 22730 "https://www.richinc.org/RICH/" "Google-Edu"
66.249.92.40 - - [15/Jun/2025:06:47:01 -0400] "GET /RICH/images/considerate.png HTTP/1.0" 200 22730 "https://www.richinc.org/RICH/" "Google-Edu"
66.249.92.40 - - [15/Jun/2025:06:47:01 -0400] "GET /RICH/images/considerate.png HTTP/1.0" 200 22730 "https://www.richinc.org/RICH/" "Google-Edu"
66.249.92.128 - - [15/Jun/2025:06:47:10 -0400] "GET /RICH/js/popper.min.js HTTP/1.0" 200 20336 "https://www.richinc.org/RICH/" "Google-Edu"
66.249.92.128 - - [15/Jun/2025:06:47:10 -0400] "GET /RICH/js/popper.min.js HTTP/1.0" 200 20336 "https://www.richinc.org/RICH/" "Google-Edu"
66.249.92.128 - - [15/Jun/2025:06:47:10 -0400] "GET /RICH/js/popper.min.js HTTP/1.0" 200 20336 "https://www.richinc.org/RICH/" "Google-Edu"
66.249.92.128 - - [15/Jun/2025:06:47:10 -0400] "GET /RICH/js/popper.min.js HTTP/1.0" 200 20336 "https://www.richinc.org/RICH/" "Google-Edu"
66.249.92.128 - - [15/Jun/2025:06:47:10 -0400] "GET /RICH/js/popper.min.js HTTP/1.0" 200 20336 "https://www.richinc.org/RICH/" "Google-Edu"
66.249.92.128 - - [15/Jun/2025:06:47:10 -0400] "GET /RICH/js/popper.min.js HTTP/1.0" 200 20336 "https://www.richinc.org/RICH/" "Google-Edu"
66.249.92.128 - - [15/Jun/2025:06:47:10 -0400] "GET /RICH/js/popper.min.js HTTP/1.0" 200 20336 "https://www.richinc.org/RICH/" "Google-Edu"
66.249.92.128 - - [15/Jun/2025:06:47:10 -0400] "GET /RICH/js/popper.min.js HTTP/1.0" 200 20336 "https://www.richinc.org/RICH/" "Google-Edu"
66.249.92.128 - - [15/Jun/2025:06:47:10 -0400] "GET /RICH/js/popper.min.js HTTP/1.0" 200 20336 "https://www.richinc.org/RICH/" "Google-Edu"
66.249.92.128 - - [15/Jun/2025:06:47:10 -0400] "GET /RICH/js/popper.min.js HTTP/1.0" 200 20336 "https://www.richinc.org/RICH/" "Google-Edu"
66.249.92.128 - - [15/Jun/2025:06:47:10 -0400] "GET /RICH/js/popper.min.js HTTP/1.0" 200 20336 "https://www.richinc.org/RICH/" "Google-Edu"
66.249.92.128 - - [15/Jun/2025:06:47:10 -0400] "GET /RICH/js/popper.min.js HTTP/1.0" 200 20336 "https://www.richinc.org/RICH/" "Google-Edu"
66.249.92.128 - - [15/Jun/2025:06:47:10 -0400] "GET /RICH/js/popper.min.js HTTP/1.0" 200 20336 "https://www.richinc.org/RICH/" "Google-Edu"
66.249.92.128 - - [15/Jun/2025:06:47:10 -0400] "GET /RICH/js/popper.min.js HTTP/1.0" 200 20336 "https://www.richinc.org/RICH/" "Google-Edu"
66.249.92.128 - - [15/Jun/2025:06:47:10 -0400] "GET /RICH/js/popper.min.js HTTP/1.0" 200 20336 "https://www.richinc.org/RICH/" "Google-Edu"
66.249.92.128 - - [15/Jun/2025:06:47:10 -0400] "GET /RICH/js/popper.min.js HTTP/1.0" 200 20336 "https://www.richinc.org/RICH/" "Google-Edu"
66.249.92.128 - - [15/Jun/2025:06:47:10 -0400] "GET /RICH/js/popper.min.js HTTP/1.0" 200 20336 "https://www.richinc.org/RICH/" "Google-Edu"
66.249.92.128 - - [15/Jun/2025:06:47:10 -0400] "GET /RICH/js/popper.min.js HTTP/1.0" 200 20336 "https://www.richinc.org/RICH/" "Google-Edu"
66.249.92.128 - - [15/Jun/2025:06:47:10 -0400] "GET /RICH/js/popper.min.js HTTP/1.0" 200 20336 "https://www.richinc.org/RICH/" "Google-Edu"
66.249.92.128 - - [15/Jun/2025:06:47:10 -0400] "GET /RICH/js/popper.min.js HTTP/1.0" 200 20336 "https://www.richinc.org/RICH/" "Google-Edu"
66.249.92.128 - - [15/Jun/2025:06:47:10 -0400] "GET /RICH/js/popper.min.js HTTP/1.0" 200 20336 "https://www.richinc.org/RICH/" "Google-Edu"
66.249.92.128 - - [15/Jun/2025:06:47:10 -0400] "GET /RICH/js/popper.min.js HTTP/1.0" 200 20336 "https://www.richinc.org/RICH/" "Google-Edu"
66.249.92.128 - - [15/Jun/2025:06:47:10 -0400] "GET /RICH/js/popper.min.js HTTP/1.0" 200 20336 "https://www.richinc.org/RICH/" "Google-Edu"
66.249.92.128 - - [15/Jun/2025:06:47:10 -0400] "GET /RICH/js/popper.min.js HTTP/1.0" 200 20336 "https://www.richinc.org/RICH/" "Google-Edu"
66.249.92.1 - - [15/Jun/2025:06:47:11 -0400] "GET /RICH/images/botimage.png HTTP/1.0" 200 3914 "https://www.richinc.org/RICH/" "Google-Edu"
66.249.92.128 - - [15/Jun/2025:06:47:10 -0400] "GET /RICH/js/popper.min.js HTTP/1.0" 200 20336 "https://www.richinc.org/RICH/" "Google-Edu"
66.249.92.1 - - [15/Jun/2025:06:47:11 -0400] "GET /RICH/images/botimage.png HTTP/1.0" 200 3914 "https://www.richinc.org/RICH/" "Google-Edu"
66.249.92.128 - - [15/Jun/2025:06:47:10 -0400] "GET /RICH/js/popper.min.js HTTP/1.0" 200 20336 "https://www.richinc.org/RICH/" "Google-Edu"
66.249.92.1 - - [15/Jun/2025:06:47:11 -0400] "GET /RICH/images/botimage.png HTTP/1.0" 200 3914 "https://www.richinc.org/RICH/" "Google-Edu"
66.249.92.128 - - [15/Jun/2025:06:47:10 -0400] "GET /RICH/js/popper.min.js HTTP/1.0" 200 20336 "https://www.richinc.org/RICH/" "Google-Edu"
66.249.92.1 - - [15/Jun/2025:06:47:11 -0400] "GET /RICH/images/botimage.png HTTP/1.0" 200 3914 "https://www.richinc.org/RICH/" "Google-Edu"
66.249.92.128 - - [15/Jun/2025:06:47:10 -0400] "GET /RICH/js/popper.min.js HTTP/1.0" 200 20336 "https://www.richinc.org/RICH/" "Google-Edu"
66.249.92.1 - - [15/Jun/2025:06:47:11 -0400] "GET /RICH/images/botimage.png HTTP/1.0" 200 3914 "https://www.richinc.org/RICH/" "Google-Edu"
66.249.92.128 - - [15/Jun/2025:06:47:10 -0400] "GET /RICH/js/popper.min.js HTTP/1.0" 200 20336 "https://www.richinc.org/RICH/" "Google-Edu"
66.249.92.1 - - [15/Jun/2025:06:47:11 -0400] "GET /RICH/images/botimage.png HTTP/1.0" 200 3914 "https://www.richinc.org/RICH/" "Google-Edu"
66.249.92.128 - - [15/Jun/2025:06:47:10 -0400] "GET /RICH/js/popper.min.js HTTP/1.0" 200 20336 "https://www.richinc.org/RICH/" "Google-Edu"
66.249.92.1 - - [15/Jun/2025:06:47:11 -0400] "GET /RICH/images/botimage.png HTTP/1.0" 200 3914 "https://www.richinc.org/RICH/" "Google-Edu"
66.249.92.128 - - [15/Jun/2025:06:47:10 -0400] "GET /RICH/js/popper.min.js HTTP/1.0" 200 20336 "https://www.richinc.org/RICH/" "Google-Edu"
66.249.92.1 - - [15/Jun/2025:06:47:11 -0400] "GET /RICH/images/botimage.png HTTP/1.0" 200 3914 "https://www.richinc.org/RICH/" "Google-Edu"
66.249.92.128 - - [15/Jun/2025:06:47:10 -0400] "GET /RICH/js/popper.min.js HTTP/1.0" 200 20336 "https://www.richinc.org/RICH/" "Google-Edu"
66.249.92.1 - - [15/Jun/2025:06:47:11 -0400] "GET /RICH/images/botimage.png HTTP/1.0" 200 3914 "https://www.richinc.org/RICH/" "Google-Edu"
66.249.92.128 - - [15/Jun/2025:06:47:10 -0400] "GET /RICH/js/popper.min.js HTTP/1.0" 200 20336 "https://www.richinc.org/RICH/" "Google-Edu"
66.249.92.1 - - [15/Jun/2025:06:47:11 -0400] "GET /RICH/images/botimage.png HTTP/1.0" 200 3914 "https://www.richinc.org/RICH/" "Google-Edu"
66.249.92.128 - - [15/Jun/2025:06:47:10 -0400] "GET /RICH/js/popper.min.js HTTP/1.0" 200 20336 "https://www.richinc.org/RICH/" "Google-Edu"
66.249.92.1 - - [15/Jun/2025:06:47:11 -0400] "GET /RICH/images/botimage.png HTTP/1.0" 200 3914 "https://www.richinc.org/RICH/" "Google-Edu"
66.249.92.128 - - [15/Jun/2025:06:47:10 -0400] "GET /RICH/js/popper.min.js HTTP/1.0" 200 20336 "https://www.richinc.org/RICH/" "Google-Edu"
66.249.92.1 - - [15/Jun/2025:06:47:11 -0400] "GET /RICH/images/botimage.png HTTP/1.0" 200 3914 "https://www.richinc.org/RICH/" "Google-Edu"
66.249.92.128 - - [15/Jun/2025:06:47:10 -0400] "GET /RICH/js/popper.min.js HTTP/1.0" 200 20336 "https://www.richinc.org/RICH/" "Google-Edu"
66.249.92.1 - - [15/Jun/2025:06:47:11 -0400] "GET /RICH/images/botimage.png HTTP/1.0" 200 3914 "https://www.richinc.org/RICH/" "Google-Edu"
66.249.92.128 - - [15/Jun/2025:06:47:10 -0400] "GET /RICH/js/popper.min.js HTTP/1.0" 200 20336 "https://www.richinc.org/RICH/" "Google-Edu"
66.249.92.1 - - [15/Jun/2025:06:47:11 -0400] "GET /RICH/images/botimage.png HTTP/1.0" 200 3914 "https://www.richinc.org/RICH/" "Google-Edu"
66.249.92.128 - - [15/Jun/2025:06:47:10 -0400] "GET /RICH/js/popper.min.js HTTP/1.0" 200 20336 "https://www.richinc.org/RICH/" "Google-Edu"
66.249.92.1 - - [15/Jun/2025:06:47:11 -0400] "GET /RICH/images/botimage.png HTTP/1.0" 200 3914 "https://www.richinc.org/RICH/" "Google-Edu"
66.249.92.128 - - [15/Jun/2025:06:47:10 -0400] "GET /RICH/js/popper.min.js HTTP/1.0" 200 20336 "https://www.richinc.org/RICH/" "Google-Edu"
66.249.92.1 - - [15/Jun/2025:06:47:11 -0400] "GET /RICH/images/botimage.png HTTP/1.0" 200 3914 "https://www.richinc.org/RICH/" "Google-Edu"
66.249.92.128 - - [15/Jun/2025:06:47:10 -0400] "GET /RICH/js/popper.min.js HTTP/1.0" 200 20336 "https://www.richinc.org/RICH/" "Google-Edu"
66.249.92.1 - - [15/Jun/2025:06:47:11 -0400] "GET /RICH/images/botimage.png HTTP/1.0" 200 3914 "https://www.richinc.org/RICH/" "Google-Edu"
66.249.92.128 - - [15/Jun/2025:06:47:10 -0400] "GET /RICH/js/popper.min.js HTTP/1.0" 200 20336 "https://www.richinc.org/RICH/" "Google-Edu"
66.249.92.1 - - [15/Jun/2025:06:47:11 -0400] "GET /RICH/images/botimage.png HTTP/1.0" 200 3914 "https://www.richinc.org/RICH/" "Google-Edu"
66.249.92.128 - - [15/Jun/2025:06:47:10 -0400] "GET /RICH/js/popper.min.js HTTP/1.0" 200 20336 "https://www.richinc.org/RICH/" "Google-Edu"
66.249.92.1 - - [15/Jun/2025:06:47:11 -0400] "GET /RICH/images/botimage.png HTTP/1.0" 200 3914 "https://www.richinc.org/RICH/" "Google-Edu"
66.249.92.128 - - [15/Jun/2025:06:47:10 -0400] "GET /RICH/js/popper.min.js HTTP/1.0" 200 20336 "https://www.richinc.org/RICH/" "Google-Edu"
66.249.92.1 - - [15/Jun/2025:06:47:11 -0400] "GET /RICH/images/botimage.png HTTP/1.0" 200 3914 "https://www.richinc.org/RICH/" "Google-Edu"
66.249.92.128 - - [15/Jun/2025:06:47:10 -0400] "GET /RICH/js/popper.min.js HTTP/1.0" 200 20336 "https://www.richinc.org/RICH/" "Google-Edu"
66.249.92.1 - - [15/Jun/2025:06:47:11 -0400] "GET /RICH/images/botimage.png HTTP/1.0" 200 3914 "https://www.richinc.org/RICH/" "Google-Edu"
66.249.92.128 - - [15/Jun/2025:06:47:10 -0400] "GET /RICH/js/popper.min.js HTTP/1.0" 200 20336 "https://www.richinc.org/RICH/" "Google-Edu"
66.249.92.1 - - [15/Jun/2025:06:47:11 -0400] "GET /RICH/images/botimage.png HTTP/1.0" 200 3914 "https://www.richinc.org/RICH/" "Google-Edu"
66.249.92.128 - - [15/Jun/2025:06:47:10 -0400] "GET /RICH/js/popper.min.js HTTP/1.0" 200 20336 "https://www.richinc.org/RICH/" "Google-Edu"
66.249.92.1 - - [15/Jun/2025:06:47:11 -0400] "GET /RICH/images/botimage.png HTTP/1.0" 200 3914 "https://www.richinc.org/RICH/" "Google-Edu"
66.249.92.128 - - [15/Jun/2025:06:47:10 -0400] "GET /RICH/js/popper.min.js HTTP/1.0" 200 20336 "https://www.richinc.org/RICH/" "Google-Edu"
66.249.92.1 - - [15/Jun/2025:06:47:11 -0400] "GET /RICH/images/botimage.png HTTP/1.0" 200 3914 "https://www.richinc.org/RICH/" "Google-Edu"
66.249.92.128 - - [15/Jun/2025:06:47:10 -0400] "GET /RICH/js/popper.min.js HTTP/1.0" 200 20336 "https://www.richinc.org/RICH/" "Google-Edu"
66.249.92.1 - - [15/Jun/2025:06:47:11 -0400] "GET /RICH/images/botimage.png HTTP/1.0" 200 3914 "https://www.richinc.org/RICH/" "Google-Edu"
66.249.92.128 - - [15/Jun/2025:06:47:10 -0400] "GET /RICH/js/popper.min.js HTTP/1.0" 200 20336 "https://www.richinc.org/RICH/" "Google-Edu"
66.249.92.1 - - [15/Jun/2025:06:47:11 -0400] "GET /RICH/images/botimage.png HTTP/1.0" 200 3914 "https://www.richinc.org/RICH/" "Google-Edu"
66.249.92.1 - - [15/Jun/2025:06:47:11 -0400] "GET /RICH/images/botimage.png HTTP/1.0" 200 3914 "https://www.richinc.org/RICH/" "Google-Edu"
66.249.92.1 - - [15/Jun/2025:06:47:11 -0400] "GET /RICH/images/botimage.png HTTP/1.0" 200 3914 "https://www.richinc.org/RICH/" "Google-Edu"
66.249.92.1 - - [15/Jun/2025:06:47:15 -0400] "GET /RICH/css/jquery-ui.css HTTP/1.0" 200 21738 "https://www.richinc.org/RICH/" "Google-Edu"
66.249.92.1 - - [15/Jun/2025:06:47:11 -0400] "GET /RICH/images/botimage.png HTTP/1.0" 200 3914 "https://www.richinc.org/RICH/" "Google-Edu"
66.249.92.1 - - [15/Jun/2025:06:47:15 -0400] "GET /RICH/css/jquery-ui.css HTTP/1.0" 200 21738 "https://www.richinc.org/RICH/" "Google-Edu"
66.249.92.1 - - [15/Jun/2025:06:47:11 -0400] "GET /RICH/images/botimage.png HTTP/1.0" 200 3914 "https://www.richinc.org/RICH/" "Google-Edu"
66.249.92.1 - - [15/Jun/2025:06:47:15 -0400] "GET /RICH/css/jquery-ui.css HTTP/1.0" 200 21738 "https://www.richinc.org/RICH/" "Google-Edu"
66.249.92.1 - - [15/Jun/2025:06:47:11 -0400] "GET /RICH/images/botimage.png HTTP/1.0" 200 3914 "https://www.richinc.org/RICH/" "Google-Edu"
66.249.92.1 - - [15/Jun/2025:06:47:15 -0400] "GET /RICH/css/jquery-ui.css HTTP/1.0" 200 21738 "https://www.richinc.org/RICH/" "Google-Edu"
66.249.92.1 - - [15/Jun/2025:06:47:11 -0400] "GET /RICH/images/botimage.png HTTP/1.0" 200 3914 "https://www.richinc.org/RICH/" "Google-Edu"
66.249.92.1 - - [15/Jun/2025:06:47:15 -0400] "GET /RICH/css/jquery-ui.css HTTP/1.0" 200 21738 "https://www.richinc.org/RICH/" "Google-Edu"
66.249.92.1 - - [15/Jun/2025:06:47:11 -0400] "GET /RICH/images/botimage.png HTTP/1.0" 200 3914 "https://www.richinc.org/RICH/" "Google-Edu"
66.249.92.1 - - [15/Jun/2025:06:47:15 -0400] "GET /RICH/css/jquery-ui.css HTTP/1.0" 200 21738 "https://www.richinc.org/RICH/" "Google-Edu"
66.249.92.1 - - [15/Jun/2025:06:47:11 -0400] "GET /RICH/images/botimage.png HTTP/1.0" 200 3914 "https://www.richinc.org/RICH/" "Google-Edu"
66.249.92.1 - - [15/Jun/2025:06:47:15 -0400] "GET /RICH/css/jquery-ui.css HTTP/1.0" 200 21738 "https://www.richinc.org/RICH/" "Google-Edu"
66.249.92.1 - - [15/Jun/2025:06:47:11 -0400] "GET /RICH/images/botimage.png HTTP/1.0" 200 3914 "https://www.richinc.org/RICH/" "Google-Edu"
66.249.92.1 - - [15/Jun/2025:06:47:15 -0400] "GET /RICH/css/jquery-ui.css HTTP/1.0" 200 21738 "https://www.richinc.org/RICH/" "Google-Edu"
66.249.92.1 - - [15/Jun/2025:06:47:11 -0400] "GET /RICH/images/botimage.png HTTP/1.0" 200 3914 "https://www.richinc.org/RICH/" "Google-Edu"
66.249.92.1 - - [15/Jun/2025:06:47:15 -0400] "GET /RICH/css/jquery-ui.css HTTP/1.0" 200 21738 "https://www.richinc.org/RICH/" "Google-Edu"
66.249.92.1 - - [15/Jun/2025:06:47:11 -0400] "GET /RICH/images/botimage.png HTTP/1.0" 200 3914 "https://www.richinc.org/RICH/" "Google-Edu"
66.249.92.1 - - [15/Jun/2025:06:47:15 -0400] "GET /RICH/css/jquery-ui.css HTTP/1.0" 200 21738 "https://www.richinc.org/RICH/" "Google-Edu"
66.249.92.1 - - [15/Jun/2025:06:47:11 -0400] "GET /RICH/images/botimage.png HTTP/1.0" 200 3914 "https://www.richinc.org/RICH/" "Google-Edu"
66.249.92.1 - - [15/Jun/2025:06:47:15 -0400] "GET /RICH/css/jquery-ui.css HTTP/1.0" 200 21738 "https://www.richinc.org/RICH/" "Google-Edu"
66.249.92.1 - - [15/Jun/2025:06:47:11 -0400] "GET /RICH/images/botimage.png HTTP/1.0" 200 3914 "https://www.richinc.org/RICH/" "Google-Edu"
66.249.92.1 - - [15/Jun/2025:06:47:15 -0400] "GET /RICH/css/jquery-ui.css HTTP/1.0" 200 21738 "https://www.richinc.org/RICH/" "Google-Edu"
66.249.92.1 - - [15/Jun/2025:06:47:11 -0400] "GET /RICH/images/botimage.png HTTP/1.0" 200 3914 "https://www.richinc.org/RICH/" "Google-Edu"
66.249.92.1 - - [15/Jun/2025:06:47:15 -0400] "GET /RICH/css/jquery-ui.css HTTP/1.0" 200 21738 "https://www.richinc.org/RICH/" "Google-Edu"
66.249.92.1 - - [15/Jun/2025:06:47:11 -0400] "GET /RICH/images/botimage.png HTTP/1.0" 200 3914 "https://www.richinc.org/RICH/" "Google-Edu"
66.249.92.1 - - [15/Jun/2025:06:47:15 -0400] "GET /RICH/css/jquery-ui.css HTTP/1.0" 200 21738 "https://www.richinc.org/RICH/" "Google-Edu"
66.249.92.1 - - [15/Jun/2025:06:47:17 -0400] "GET /RICH/images/right-arrow.png HTTP/1.0" 200 2601 "https://www.richinc.org/RICH/" "Google-Edu"
66.249.92.1 - - [15/Jun/2025:06:47:11 -0400] "GET /RICH/images/botimage.png HTTP/1.0" 200 3914 "https://www.richinc.org/RICH/" "Google-Edu"
66.249.92.1 - - [15/Jun/2025:06:47:15 -0400] "GET /RICH/css/jquery-ui.css HTTP/1.0" 200 21738 "https://www.richinc.org/RICH/" "Google-Edu"
66.249.92.1 - - [15/Jun/2025:06:47:17 -0400] "GET /RICH/images/right-arrow.png HTTP/1.0" 200 2601 "https://www.richinc.org/RICH/" "Google-Edu"
66.249.92.1 - - [15/Jun/2025:06:47:11 -0400] "GET /RICH/images/botimage.png HTTP/1.0" 200 3914 "https://www.richinc.org/RICH/" "Google-Edu"
66.249.92.1 - - [15/Jun/2025:06:47:15 -0400] "GET /RICH/css/jquery-ui.css HTTP/1.0" 200 21738 "https://www.richinc.org/RICH/" "Google-Edu"
66.249.92.1 - - [15/Jun/2025:06:47:17 -0400] "GET /RICH/images/right-arrow.png HTTP/1.0" 200 2601 "https://www.richinc.org/RICH/" "Google-Edu"
66.249.92.40 - - [15/Jun/2025:06:47:18 -0400] "GET /RICH/fonts/icomoon/fonts/icomoon.ttf?10si43 HTTP/1.0" 200 307168 "https://www.richinc.org/RICH/fonts/icomoon/style.css" "Google-Edu"
66.249.92.128 - - [15/Jun/2025:06:46:55 -0400] "GET /RICH/fonts/flaticon/font/flaticon.css HTTP/1.0" 200 1250 "https://www.richinc.org/RICH/" "Google-Edu"
66.249.92.128 - - [15/Jun/2025:06:46:55 -0400] "GET /RICH/fonts/flaticon/font/flaticon.css HTTP/1.0" 200 1250 "https://www.richinc.org/RICH/" "Google-Edu"
66.249.92.128 - - [15/Jun/2025:06:46:55 -0400] "GET /RICH/fonts/flaticon/font/flaticon.css HTTP/1.0" 200 1250 "https://www.richinc.org/RICH/" "Google-Edu"
66.249.92.128 - - [15/Jun/2025:06:46:55 -0400] "GET /RICH/fonts/flaticon/font/flaticon.css HTTP/1.0" 200 1250 "https://www.richinc.org/RICH/" "Google-Edu"
66.249.92.128 - - [15/Jun/2025:06:46:55 -0400] "GET /RICH/fonts/flaticon/font/flaticon.css HTTP/1.0" 200 1250 "https://www.richinc.org/RICH/" "Google-Edu"
66.249.92.128 - - [15/Jun/2025:06:46:55 -0400] "GET /RICH/fonts/flaticon/font/flaticon.css HTTP/1.0" 200 1250 "https://www.richinc.org/RICH/" "Google-Edu"
66.249.92.128 - - [15/Jun/2025:06:46:55 -0400] "GET /RICH/fonts/flaticon/font/flaticon.css HTTP/1.0" 200 1250 "https://www.richinc.org/RICH/" "Google-Edu"
66.249.92.128 - - [15/Jun/2025:06:46:55 -0400] "GET /RICH/fonts/flaticon/font/flaticon.css HTTP/1.0" 200 1250 "https://www.richinc.org/RICH/" "Google-Edu"
66.249.92.128 - - [15/Jun/2025:06:46:55 -0400] "GET /RICH/fonts/flaticon/font/flaticon.css HTTP/1.0" 200 1250 "https://www.richinc.org/RICH/" "Google-Edu"
66.249.92.128 - - [15/Jun/2025:06:46:55 -0400] "GET /RICH/fonts/flaticon/font/flaticon.css HTTP/1.0" 200 1250 "https://www.richinc.org/RICH/" "Google-Edu"
66.249.92.128 - - [15/Jun/2025:06:46:55 -0400] "GET /RICH/fonts/flaticon/font/flaticon.css HTTP/1.0" 200 1250 "https://www.richinc.org/RICH/" "Google-Edu"
66.249.92.128 - - [15/Jun/2025:06:46:55 -0400] "GET /RICH/fonts/flaticon/font/flaticon.css HTTP/1.0" 200 1250 "https://www.richinc.org/RICH/" "Google-Edu"
66.249.92.128 - - [15/Jun/2025:06:46:55 -0400] "GET /RICH/fonts/flaticon/font/flaticon.css HTTP/1.0" 200 1250 "https://www.richinc.org/RICH/" "Google-Edu"
66.249.92.128 - - [15/Jun/2025:06:46:55 -0400] "GET /RICH/fonts/flaticon/font/flaticon.css HTTP/1.0" 200 1250 "https://www.richinc.org/RICH/" "Google-Edu"
66.249.92.195 - - [15/Jun/2025:06:46:56 -0400] "GET /RICH/Image4.jpg HTTP/1.0" 200 2910175 "https://www.richinc.org/RICH/" "Google-Edu"
66.249.92.128 - - [15/Jun/2025:06:46:55 -0400] "GET /RICH/fonts/flaticon/font/flaticon.css HTTP/1.0" 200 1250 "https://www.richinc.org/RICH/" "Google-Edu"
66.249.92.195 - - [15/Jun/2025:06:46:56 -0400] "GET /RICH/Image4.jpg HTTP/1.0" 200 2910175 "https://www.richinc.org/RICH/" "Google-Edu"
66.249.92.128 - - [15/Jun/2025:06:46:55 -0400] "GET /RICH/fonts/flaticon/font/flaticon.css HTTP/1.0" 200 1250 "https://www.richinc.org/RICH/" "Google-Edu"
66.249.92.195 - - [15/Jun/2025:06:46:56 -0400] "GET /RICH/Image4.jpg HTTP/1.0" 200 2910175 "https://www.richinc.org/RICH/" "Google-Edu"
66.249.92.128 - - [15/Jun/2025:06:46:55 -0400] "GET /RICH/fonts/flaticon/font/flaticon.css HTTP/1.0" 200 1250 "https://www.richinc.org/RICH/" "Google-Edu"
66.249.92.195 - - [15/Jun/2025:06:46:56 -0400] "GET /RICH/Image4.jpg HTTP/1.0" 200 2910175 "https://www.richinc.org/RICH/" "Google-Edu"
66.249.92.128 - - [15/Jun/2025:06:46:55 -0400] "GET /RICH/fonts/flaticon/font/flaticon.css HTTP/1.0" 200 1250 "https://www.richinc.org/RICH/" "Google-Edu"
66.249.92.195 - - [15/Jun/2025:06:46:56 -0400] "GET /RICH/Image4.jpg HTTP/1.0" 200 2910175 "https://www.richinc.org/RICH/" "Google-Edu"
66.249.92.128 - - [15/Jun/2025:06:46:55 -0400] "GET /RICH/fonts/flaticon/font/flaticon.css HTTP/1.0" 200 1250 "https://www.richinc.org/RICH/" "Google-Edu"
66.249.92.195 - - [15/Jun/2025:06:46:56 -0400] "GET /RICH/Image4.jpg HTTP/1.0" 200 2910175 "https://www.richinc.org/RICH/" "Google-Edu"
66.249.92.128 - - [15/Jun/2025:06:46:55 -0400] "GET /RICH/fonts/flaticon/font/flaticon.css HTTP/1.0" 200 1250 "https://www.richinc.org/RICH/" "Google-Edu"
66.249.92.195 - - [15/Jun/2025:06:46:56 -0400] "GET /RICH/Image4.jpg HTTP/1.0" 200 2910175 "https://www.richinc.org/RICH/" "Google-Edu"
66.249.92.160 - - [15/Jun/2025:06:46:58 -0400] "GET /RICH/QueensImage.jpg HTTP/1.0" 200 675817 "https://www.richinc.org/RICH/" "Google-Edu"
66.249.92.128 - - [15/Jun/2025:06:46:55 -0400] "GET /RICH/fonts/flaticon/font/flaticon.css HTTP/1.0" 200 1250 "https://www.richinc.org/RICH/" "Google-Edu"
66.249.92.195 - - [15/Jun/2025:06:46:56 -0400] "GET /RICH/Image4.jpg HTTP/1.0" 200 2910175 "https://www.richinc.org/RICH/" "Google-Edu"
66.249.92.160 - - [15/Jun/2025:06:46:58 -0400] "GET /RICH/QueensImage.jpg HTTP/1.0" 200 675817 "https://www.richinc.org/RICH/" "Google-Edu"
66.249.92.128 - - [15/Jun/2025:06:46:55 -0400] "GET /RICH/fonts/flaticon/font/flaticon.css HTTP/1.0" 200 1250 "https://www.richinc.org/RICH/" "Google-Edu"
66.249.92.195 - - [15/Jun/2025:06:46:56 -0400] "GET /RICH/Image4.jpg HTTP/1.0" 200 2910175 "https://www.richinc.org/RICH/" "Google-Edu"
66.249.92.160 - - [15/Jun/2025:06:46:58 -0400] "GET /RICH/QueensImage.jpg HTTP/1.0" 200 675817 "https://www.richinc.org/RICH/" "Google-Edu"
66.249.92.128 - - [15/Jun/2025:06:46:55 -0400] "GET /RICH/fonts/flaticon/font/flaticon.css HTTP/1.0" 200 1250 "https://www.richinc.org/RICH/" "Google-Edu"
66.249.92.195 - - [15/Jun/2025:06:46:56 -0400] "GET /RICH/Image4.jpg HTTP/1.0" 200 2910175 "https://www.richinc.org/RICH/" "Google-Edu"
66.249.92.160 - - [15/Jun/2025:06:46:58 -0400] "GET /RICH/QueensImage.jpg HTTP/1.0" 200 675817 "https://www.richinc.org/RICH/" "Google-Edu"
66.249.92.128 - - [15/Jun/2025:06:46:55 -0400] "GET /RICH/fonts/flaticon/font/flaticon.css HTTP/1.0" 200 1250 "https://www.richinc.org/RICH/" "Google-Edu"
66.249.92.128 - - [15/Jun/2025:06:46:55 -0400] "GET /RICH/fonts/flaticon/font/flaticon.css HTTP/1.0" 200 1250 "https://www.richinc.org/RICH/" "Google-Edu"
66.249.92.195 - - [15/Jun/2025:06:46:56 -0400] "GET /RICH/Image4.jpg HTTP/1.0" 200 2910175 "https://www.richinc.org/RICH/" "Google-Edu"
66.249.92.160 - - [15/Jun/2025:06:46:58 -0400] "GET /RICH/QueensImage.jpg HTTP/1.0" 200 675817 "https://www.richinc.org/RICH/" "Google-Edu"
66.249.92.128 - - [15/Jun/2025:06:47:11 -0400] "GET /RICH/js/jquery-ui.js HTTP/1.0" 200 45799 "https://www.richinc.org/RICH/" "Google-Edu"
66.249.92.128 - - [15/Jun/2025:06:47:11 -0400] "GET /RICH/js/jquery-ui.js HTTP/1.0" 200 45799 "https://www.richinc.org/RICH/" "Google-Edu"
66.249.92.128 - - [15/Jun/2025:06:47:11 -0400] "GET /RICH/js/jquery-ui.js HTTP/1.0" 200 45799 "https://www.richinc.org/RICH/" "Google-Edu"
66.249.92.128 - - [15/Jun/2025:06:47:11 -0400] "GET /RICH/js/jquery-ui.js HTTP/1.0" 200 45799 "https://www.richinc.org/RICH/" "Google-Edu"
66.249.92.128 - - [15/Jun/2025:06:47:11 -0400] "GET /RICH/js/jquery-ui.js HTTP/1.0" 200 45799 "https://www.richinc.org/RICH/" "Google-Edu"
66.249.92.128 - - [15/Jun/2025:06:47:11 -0400] "GET /RICH/js/jquery-ui.js HTTP/1.0" 200 45799 "https://www.richinc.org/RICH/" "Google-Edu"
66.249.92.128 - - [15/Jun/2025:06:47:11 -0400] "GET /RICH/js/jquery-ui.js HTTP/1.0" 200 45799 "https://www.richinc.org/RICH/" "Google-Edu"
66.249.92.128 - - [15/Jun/2025:06:47:11 -0400] "GET /RICH/js/jquery-ui.js HTTP/1.0" 200 45799 "https://www.richinc.org/RICH/" "Google-Edu"
66.249.92.128 - - [15/Jun/2025:06:47:11 -0400] "GET /RICH/js/jquery-ui.js HTTP/1.0" 200 45799 "https://www.richinc.org/RICH/" "Google-Edu"
66.249.92.128 - - [15/Jun/2025:06:47:11 -0400] "GET /RICH/js/jquery-ui.js HTTP/1.0" 200 45799 "https://www.richinc.org/RICH/" "Google-Edu"
66.249.92.128 - - [15/Jun/2025:06:47:11 -0400] "GET /RICH/js/jquery-ui.js HTTP/1.0" 200 45799 "https://www.richinc.org/RICH/" "Google-Edu"
66.249.92.128 - - [15/Jun/2025:06:47:11 -0400] "GET /RICH/js/jquery-ui.js HTTP/1.0" 200 45799 "https://www.richinc.org/RICH/" "Google-Edu"
66.249.92.128 - - [15/Jun/2025:06:47:11 -0400] "GET /RICH/js/jquery-ui.js HTTP/1.0" 200 45799 "https://www.richinc.org/RICH/" "Google-Edu"
66.249.92.128 - - [15/Jun/2025:06:47:11 -0400] "GET /RICH/js/jquery-ui.js HTTP/1.0" 200 45799 "https://www.richinc.org/RICH/" "Google-Edu"
66.249.92.128 - - [15/Jun/2025:06:47:11 -0400] "GET /RICH/js/jquery-ui.js HTTP/1.0" 200 45799 "https://www.richinc.org/RICH/" "Google-Edu"
66.249.92.128 - - [15/Jun/2025:06:47:11 -0400] "GET /RICH/js/jquery-ui.js HTTP/1.0" 200 45799 "https://www.richinc.org/RICH/" "Google-Edu"
66.249.92.128 - - [15/Jun/2025:06:47:11 -0400] "GET /RICH/js/jquery-ui.js HTTP/1.0" 200 45799 "https://www.richinc.org/RICH/" "Google-Edu"
66.249.92.128 - - [15/Jun/2025:06:47:11 -0400] "GET /RICH/js/jquery-ui.js HTTP/1.0" 200 45799 "https://www.richinc.org/RICH/" "Google-Edu"
66.249.92.128 - - [15/Jun/2025:06:47:11 -0400] "GET /RICH/js/jquery-ui.js HTTP/1.0" 200 45799 "https://www.richinc.org/RICH/" "Google-Edu"
66.249.92.128 - - [15/Jun/2025:06:47:11 -0400] "GET /RICH/js/jquery-ui.js HTTP/1.0" 200 45799 "https://www.richinc.org/RICH/" "Google-Edu"
66.249.92.128 - - [15/Jun/2025:06:47:11 -0400] "GET /RICH/js/jquery-ui.js HTTP/1.0" 200 45799 "https://www.richinc.org/RICH/" "Google-Edu"
66.249.92.128 - - [15/Jun/2025:06:47:11 -0400] "GET /RICH/js/jquery-ui.js HTTP/1.0" 200 45799 "https://www.richinc.org/RICH/" "Google-Edu"
66.249.92.128 - - [15/Jun/2025:06:47:11 -0400] "GET /RICH/js/jquery-ui.js HTTP/1.0" 200 45799 "https://www.richinc.org/RICH/" "Google-Edu"
66.249.92.128 - - [15/Jun/2025:06:47:11 -0400] "GET /RICH/js/jquery-ui.js HTTP/1.0" 200 45799 "https://www.richinc.org/RICH/" "Google-Edu"
66.249.92.128 - - [15/Jun/2025:06:47:11 -0400] "GET /RICH/js/jquery-ui.js HTTP/1.0" 200 45799 "https://www.richinc.org/RICH/" "Google-Edu"
66.249.92.128 - - [15/Jun/2025:06:47:11 -0400] "GET /RICH/js/jquery-ui.js HTTP/1.0" 200 45799 "https://www.richinc.org/RICH/" "Google-Edu"
66.249.92.128 - - [15/Jun/2025:06:47:11 -0400] "GET /RICH/js/jquery-ui.js HTTP/1.0" 200 45799 "https://www.richinc.org/RICH/" "Google-Edu"
66.249.92.128 - - [15/Jun/2025:06:47:11 -0400] "GET /RICH/js/jquery-ui.js HTTP/1.0" 200 45799 "https://www.richinc.org/RICH/" "Google-Edu"
66.249.92.128 - - [15/Jun/2025:06:47:11 -0400] "GET /RICH/js/jquery-ui.js HTTP/1.0" 200 45799 "https://www.richinc.org/RICH/" "Google-Edu"
66.249.92.128 - - [15/Jun/2025:06:47:11 -0400] "GET /RICH/js/jquery-ui.js HTTP/1.0" 200 45799 "https://www.richinc.org/RICH/" "Google-Edu"
66.249.92.128 - - [15/Jun/2025:06:47:11 -0400] "GET /RICH/js/jquery-ui.js HTTP/1.0" 200 45799 "https://www.richinc.org/RICH/" "Google-Edu"
66.249.92.128 - - [15/Jun/2025:06:47:11 -0400] "GET /RICH/js/jquery-ui.js HTTP/1.0" 200 45799 "https://www.richinc.org/RICH/" "Google-Edu"
66.249.92.128 - - [15/Jun/2025:06:47:11 -0400] "GET /RICH/js/jquery-ui.js HTTP/1.0" 200 45799 "https://www.richinc.org/RICH/" "Google-Edu"
66.249.92.128 - - [15/Jun/2025:06:47:11 -0400] "GET /RICH/js/jquery-ui.js HTTP/1.0" 200 45799 "https://www.richinc.org/RICH/" "Google-Edu"
121.229.156.19 - - [19/Jun/2025:03:38:17 -0400] "GET / HTTP/1.0" 302 213 "-" "Sogou web spider/4.0(+http://www.sogou.com/docs/help/webmasters.htm#07)"
51.39.56.8 - - [15/Jun/2025:07:25:11 -0400] "GET /RICH/ HTTP/1.0" 200 64636 "https://www.google.com/" "Mozilla/5.0 (Linux; Android 10; K) AppleWebKit/537.36 (KHTML, like Gecko) Chrome/137.0.0.0 Mobile Safari/537.36"
51.39.56.8 - - [15/Jun/2025:07:25:11 -0400] "GET /RICH/ HTTP/1.0" 200 64636 "https://www.google.com/" "Mozilla/5.0 (Linux; Android 10; K) AppleWebKit/537.36 (KHTML, like Gecko) Chrome/137.0.0.0 Mobile Safari/537.36"
51.39.56.8 - - [15/Jun/2025:07:25:11 -0400] "GET /RICH/ HTTP/1.0" 200 64636 "https://www.google.com/" "Mozilla/5.0 (Linux; Android 10; K) AppleWebKit/537.36 (KHTML, like Gecko) Chrome/137.0.0.0 Mobile Safari/537.36"
51.39.56.8 - - [15/Jun/2025:07:25:11 -0400] "GET /RICH/ HTTP/1.0" 200 64636 "https://www.google.com/" "Mozilla/5.0 (Linux; Android 10; K) AppleWebKit/537.36 (KHTML, like Gecko) Chrome/137.0.0.0 Mobile Safari/537.36"
51.39.56.8 - - [15/Jun/2025:07:25:11 -0400] "GET /RICH/ HTTP/1.0" 200 64636 "https://www.google.com/" "Mozilla/5.0 (Linux; Android 10; K) AppleWebKit/537.36 (KHTML, like Gecko) Chrome/137.0.0.0 Mobile Safari/537.36"
51.39.56.8 - - [15/Jun/2025:07:25:11 -0400] "GET /RICH/ HTTP/1.0" 200 64636 "https://www.google.com/" "Mozilla/5.0 (Linux; Android 10; K) AppleWebKit/537.36 (KHTML, like Gecko) Chrome/137.0.0.0 Mobile Safari/537.36"
51.39.56.8 - - [15/Jun/2025:07:25:11 -0400] "GET /RICH/ HTTP/1.0" 200 64636 "https://www.google.com/" "Mozilla/5.0 (Linux; Android 10; K) AppleWebKit/537.36 (KHTML, like Gecko) Chrome/137.0.0.0 Mobile Safari/537.36"
51.39.56.8 - - [15/Jun/2025:07:25:11 -0400] "GET /RICH/ HTTP/1.0" 200 64636 "https://www.google.com/" "Mozilla/5.0 (Linux; Android 10; K) AppleWebKit/537.36 (KHTML, like Gecko) Chrome/137.0.0.0 Mobile Safari/537.36"
51.39.56.8 - - [15/Jun/2025:07:25:11 -0400] "GET /RICH/ HTTP/1.0" 200 64636 "https://www.google.com/" "Mozilla/5.0 (Linux; Android 10; K) AppleWebKit/537.36 (KHTML, like Gecko) Chrome/137.0.0.0 Mobile Safari/537.36"
51.39.56.8 - - [15/Jun/2025:07:25:11 -0400] "GET /RICH/ HTTP/1.0" 200 64636 "https://www.google.com/" "Mozilla/5.0 (Linux; Android 10; K) AppleWebKit/537.36 (KHTML, like Gecko) Chrome/137.0.0.0 Mobile Safari/537.36"
51.39.56.8 - - [15/Jun/2025:07:25:11 -0400] "GET /RICH/ HTTP/1.0" 200 64636 "https://www.google.com/" "Mozilla/5.0 (Linux; Android 10; K) AppleWebKit/537.36 (KHTML, like Gecko) Chrome/137.0.0.0 Mobile Safari/537.36"
51.39.56.8 - - [15/Jun/2025:07:25:11 -0400] "GET /RICH/ HTTP/1.0" 200 64636 "https://www.google.com/" "Mozilla/5.0 (Linux; Android 10; K) AppleWebKit/537.36 (KHTML, like Gecko) Chrome/137.0.0.0 Mobile Safari/537.36"
51.39.56.8 - - [15/Jun/2025:07:25:11 -0400] "GET /RICH/ HTTP/1.0" 200 64636 "https://www.google.com/" "Mozilla/5.0 (Linux; Android 10; K) AppleWebKit/537.36 (KHTML, like Gecko) Chrome/137.0.0.0 Mobile Safari/537.36"
51.39.56.8 - - [15/Jun/2025:07:25:11 -0400] "GET /RICH/ HTTP/1.0" 200 64636 "https://www.google.com/" "Mozilla/5.0 (Linux; Android 10; K) AppleWebKit/537.36 (KHTML, like Gecko) Chrome/137.0.0.0 Mobile Safari/537.36"
51.39.56.8 - - [15/Jun/2025:07:25:11 -0400] "GET /RICH/css/animate.css HTTP/1.0" 200 77748 "https://www.richinc.org/RICH/" "Mozilla/5.0 (Linux; Android 10; K) AppleWebKit/537.36 (KHTML, like Gecko) Chrome/137.0.0.0 Mobile Safari/537.36"
51.39.56.8 - - [15/Jun/2025:07:25:11 -0400] "GET /RICH/css/style.css HTTP/1.0" 200 52779 "https://www.richinc.org/RICH/" "Mozilla/5.0 (Linux; Android 10; K) AppleWebKit/537.36 (KHTML, like Gecko) Chrome/137.0.0.0 Mobile Safari/537.36"
51.39.56.8 - - [15/Jun/2025:07:25:11 -0400] "GET /RICH/ HTTP/1.0" 200 64636 "https://www.google.com/" "Mozilla/5.0 (Linux; Android 10; K) AppleWebKit/537.36 (KHTML, like Gecko) Chrome/137.0.0.0 Mobile Safari/537.36"
51.39.56.8 - - [15/Jun/2025:07:25:11 -0400] "GET /RICH/css/animate.css HTTP/1.0" 200 77748 "https://www.richinc.org/RICH/" "Mozilla/5.0 (Linux; Android 10; K) AppleWebKit/537.36 (KHTML, like Gecko) Chrome/137.0.0.0 Mobile Safari/537.36"
51.39.56.8 - - [15/Jun/2025:07:25:11 -0400] "GET /RICH/css/style.css HTTP/1.0" 200 52779 "https://www.richinc.org/RICH/" "Mozilla/5.0 (Linux; Android 10; K) AppleWebKit/537.36 (KHTML, like Gecko) Chrome/137.0.0.0 Mobile Safari/537.36"
51.39.56.8 - - [15/Jun/2025:07:25:11 -0400] "GET /RICH/ HTTP/1.0" 200 64636 "https://www.google.com/" "Mozilla/5.0 (Linux; Android 10; K) AppleWebKit/537.36 (KHTML, like Gecko) Chrome/137.0.0.0 Mobile Safari/537.36"
51.39.56.8 - - [15/Jun/2025:07:25:11 -0400] "GET /RICH/css/animate.css HTTP/1.0" 200 77748 "https://www.richinc.org/RICH/" "Mozilla/5.0 (Linux; Android 10; K) AppleWebKit/537.36 (KHTML, like Gecko) Chrome/137.0.0.0 Mobile Safari/537.36"
51.39.56.8 - - [15/Jun/2025:07:25:11 -0400] "GET /RICH/css/style.css HTTP/1.0" 200 52779 "https://www.richinc.org/RICH/" "Mozilla/5.0 (Linux; Android 10; K) AppleWebKit/537.36 (KHTML, like Gecko) Chrome/137.0.0.0 Mobile Safari/537.36"
51.39.56.8 - - [15/Jun/2025:07:25:11 -0400] "GET /RICH/ HTTP/1.0" 200 64636 "https://www.google.com/" "Mozilla/5.0 (Linux; Android 10; K) AppleWebKit/537.36 (KHTML, like Gecko) Chrome/137.0.0.0 Mobile Safari/537.36"
51.39.56.8 - - [15/Jun/2025:07:25:11 -0400] "GET /RICH/css/animate.css HTTP/1.0" 200 77748 "https://www.richinc.org/RICH/" "Mozilla/5.0 (Linux; Android 10; K) AppleWebKit/537.36 (KHTML, like Gecko) Chrome/137.0.0.0 Mobile Safari/537.36"
51.39.56.8 - - [15/Jun/2025:07:25:11 -0400] "GET /RICH/css/style.css HTTP/1.0" 200 52779 "https://www.richinc.org/RICH/" "Mozilla/5.0 (Linux; Android 10; K) AppleWebKit/537.36 (KHTML, like Gecko) Chrome/137.0.0.0 Mobile Safari/537.36"
51.39.56.8 - - [15/Jun/2025:07:25:11 -0400] "GET /RICH/ HTTP/1.0" 200 64636 "https://www.google.com/" "Mozilla/5.0 (Linux; Android 10; K) AppleWebKit/537.36 (KHTML, like Gecko) Chrome/137.0.0.0 Mobile Safari/537.36"
51.39.56.8 - - [15/Jun/2025:07:25:11 -0400] "GET /RICH/css/animate.css HTTP/1.0" 200 77748 "https://www.richinc.org/RICH/" "Mozilla/5.0 (Linux; Android 10; K) AppleWebKit/537.36 (KHTML, like Gecko) Chrome/137.0.0.0 Mobile Safari/537.36"
51.39.56.8 - - [15/Jun/2025:07:25:11 -0400] "GET /RICH/css/style.css HTTP/1.0" 200 52779 "https://www.richinc.org/RICH/" "Mozilla/5.0 (Linux; Android 10; K) AppleWebKit/537.36 (KHTML, like Gecko) Chrome/137.0.0.0 Mobile Safari/537.36"
51.39.56.8 - - [15/Jun/2025:07:25:11 -0400] "GET /RICH/ HTTP/1.0" 200 64636 "https://www.google.com/" "Mozilla/5.0 (Linux; Android 10; K) AppleWebKit/537.36 (KHTML, like Gecko) Chrome/137.0.0.0 Mobile Safari/537.36"
51.39.56.8 - - [15/Jun/2025:07:25:11 -0400] "GET /RICH/css/animate.css HTTP/1.0" 200 77748 "https://www.richinc.org/RICH/" "Mozilla/5.0 (Linux; Android 10; K) AppleWebKit/537.36 (KHTML, like Gecko) Chrome/137.0.0.0 Mobile Safari/537.36"
51.39.56.8 - - [15/Jun/2025:07:25:11 -0400] "GET /RICH/css/style.css HTTP/1.0" 200 52779 "https://www.richinc.org/RICH/" "Mozilla/5.0 (Linux; Android 10; K) AppleWebKit/537.36 (KHTML, like Gecko) Chrome/137.0.0.0 Mobile Safari/537.36"
51.39.56.8 - - [15/Jun/2025:07:25:11 -0400] "GET /RICH/ HTTP/1.0" 200 64636 "https://www.google.com/" "Mozilla/5.0 (Linux; Android 10; K) AppleWebKit/537.36 (KHTML, like Gecko) Chrome/137.0.0.0 Mobile Safari/537.36"
51.39.56.8 - - [15/Jun/2025:07:25:11 -0400] "GET /RICH/css/animate.css HTTP/1.0" 200 77748 "https://www.richinc.org/RICH/" "Mozilla/5.0 (Linux; Android 10; K) AppleWebKit/537.36 (KHTML, like Gecko) Chrome/137.0.0.0 Mobile Safari/537.36"
51.39.56.8 - - [15/Jun/2025:07:25:11 -0400] "GET /RICH/css/style.css HTTP/1.0" 200 52779 "https://www.richinc.org/RICH/" "Mozilla/5.0 (Linux; Android 10; K) AppleWebKit/537.36 (KHTML, like Gecko) Chrome/137.0.0.0 Mobile Safari/537.36"
51.39.56.8 - - [15/Jun/2025:07:25:11 -0400] "GET /RICH/ HTTP/1.0" 200 64636 "https://www.google.com/" "Mozilla/5.0 (Linux; Android 10; K) AppleWebKit/537.36 (KHTML, like Gecko) Chrome/137.0.0.0 Mobile Safari/537.36"
51.39.56.8 - - [15/Jun/2025:07:25:11 -0400] "GET /RICH/css/animate.css HTTP/1.0" 200 77748 "https://www.richinc.org/RICH/" "Mozilla/5.0 (Linux; Android 10; K) AppleWebKit/537.36 (KHTML, like Gecko) Chrome/137.0.0.0 Mobile Safari/537.36"
51.39.56.8 - - [15/Jun/2025:07:25:11 -0400] "GET /RICH/css/style.css HTTP/1.0" 200 52779 "https://www.richinc.org/RICH/" "Mozilla/5.0 (Linux; Android 10; K) AppleWebKit/537.36 (KHTML, like Gecko) Chrome/137.0.0.0 Mobile Safari/537.36"
51.39.56.8 - - [15/Jun/2025:07:25:11 -0400] "GET /RICH/ HTTP/1.0" 200 64636 "https://www.google.com/" "Mozilla/5.0 (Linux; Android 10; K) AppleWebKit/537.36 (KHTML, like Gecko) Chrome/137.0.0.0 Mobile Safari/537.36"
51.39.56.8 - - [15/Jun/2025:07:25:11 -0400] "GET /RICH/css/animate.css HTTP/1.0" 200 77748 "https://www.richinc.org/RICH/" "Mozilla/5.0 (Linux; Android 10; K) AppleWebKit/537.36 (KHTML, like Gecko) Chrome/137.0.0.0 Mobile Safari/537.36"
51.39.56.8 - - [15/Jun/2025:07:25:11 -0400] "GET /RICH/css/style.css HTTP/1.0" 200 52779 "https://www.richinc.org/RICH/" "Mozilla/5.0 (Linux; Android 10; K) AppleWebKit/537.36 (KHTML, like Gecko) Chrome/137.0.0.0 Mobile Safari/537.36"
51.39.56.8 - - [15/Jun/2025:07:25:11 -0400] "GET /RICH/ HTTP/1.0" 200 64636 "https://www.google.com/" "Mozilla/5.0 (Linux; Android 10; K) AppleWebKit/537.36 (KHTML, like Gecko) Chrome/137.0.0.0 Mobile Safari/537.36"
51.39.56.8 - - [15/Jun/2025:07:25:11 -0400] "GET /RICH/css/animate.css HTTP/1.0" 200 77748 "https://www.richinc.org/RICH/" "Mozilla/5.0 (Linux; Android 10; K) AppleWebKit/537.36 (KHTML, like Gecko) Chrome/137.0.0.0 Mobile Safari/537.36"
51.39.56.8 - - [15/Jun/2025:07:25:11 -0400] "GET /RICH/css/style.css HTTP/1.0" 200 52779 "https://www.richinc.org/RICH/" "Mozilla/5.0 (Linux; Android 10; K) AppleWebKit/537.36 (KHTML, like Gecko) Chrome/137.0.0.0 Mobile Safari/537.36"
51.39.56.8 - - [15/Jun/2025:07:25:11 -0400] "GET /RICH/ HTTP/1.0" 200 64636 "https://www.google.com/" "Mozilla/5.0 (Linux; Android 10; K) AppleWebKit/537.36 (KHTML, like Gecko) Chrome/137.0.0.0 Mobile Safari/537.36"
51.39.56.8 - - [15/Jun/2025:07:25:11 -0400] "GET /RICH/css/animate.css HTTP/1.0" 200 77748 "https://www.richinc.org/RICH/" "Mozilla/5.0 (Linux; Android 10; K) AppleWebKit/537.36 (KHTML, like Gecko) Chrome/137.0.0.0 Mobile Safari/537.36"
51.39.56.8 - - [15/Jun/2025:07:25:11 -0400] "GET /RICH/css/style.css HTTP/1.0" 200 52779 "https://www.richinc.org/RICH/" "Mozilla/5.0 (Linux; Android 10; K) AppleWebKit/537.36 (KHTML, like Gecko) Chrome/137.0.0.0 Mobile Safari/537.36"
51.39.56.8 - - [15/Jun/2025:07:25:11 -0400] "GET /RICH/ HTTP/1.0" 200 64636 "https://www.google.com/" "Mozilla/5.0 (Linux; Android 10; K) AppleWebKit/537.36 (KHTML, like Gecko) Chrome/137.0.0.0 Mobile Safari/537.36"
51.39.56.8 - - [15/Jun/2025:07:25:11 -0400] "GET /RICH/css/animate.css HTTP/1.0" 200 77748 "https://www.richinc.org/RICH/" "Mozilla/5.0 (Linux; Android 10; K) AppleWebKit/537.36 (KHTML, like Gecko) Chrome/137.0.0.0 Mobile Safari/537.36"
51.39.56.8 - - [15/Jun/2025:07:25:11 -0400] "GET /RICH/css/style.css HTTP/1.0" 200 52779 "https://www.richinc.org/RICH/" "Mozilla/5.0 (Linux; Android 10; K) AppleWebKit/537.36 (KHTML, like Gecko) Chrome/137.0.0.0 Mobile Safari/537.36"
51.39.56.8 - - [15/Jun/2025:07:25:11 -0400] "GET /RICH/ HTTP/1.0" 200 64636 "https://www.google.com/" "Mozilla/5.0 (Linux; Android 10; K) AppleWebKit/537.36 (KHTML, like Gecko) Chrome/137.0.0.0 Mobile Safari/537.36"
51.39.56.8 - - [15/Jun/2025:07:25:11 -0400] "GET /RICH/css/animate.css HTTP/1.0" 200 77748 "https://www.richinc.org/RICH/" "Mozilla/5.0 (Linux; Android 10; K) AppleWebKit/537.36 (KHTML, like Gecko) Chrome/137.0.0.0 Mobile Safari/537.36"
51.39.56.8 - - [15/Jun/2025:07:25:11 -0400] "GET /RICH/css/style.css HTTP/1.0" 200 52779 "https://www.richinc.org/RICH/" "Mozilla/5.0 (Linux; Android 10; K) AppleWebKit/537.36 (KHTML, like Gecko) Chrome/137.0.0.0 Mobile Safari/537.36"
51.39.56.8 - - [15/Jun/2025:07:25:11 -0400] "GET /RICH/ HTTP/1.0" 200 64636 "https://www.google.com/" "Mozilla/5.0 (Linux; Android 10; K) AppleWebKit/537.36 (KHTML, like Gecko) Chrome/137.0.0.0 Mobile Safari/537.36"
51.39.56.8 - - [15/Jun/2025:07:25:11 -0400] "GET /RICH/css/animate.css HTTP/1.0" 200 77748 "https://www.richinc.org/RICH/" "Mozilla/5.0 (Linux; Android 10; K) AppleWebKit/537.36 (KHTML, like Gecko) Chrome/137.0.0.0 Mobile Safari/537.36"
51.39.56.8 - - [15/Jun/2025:07:25:11 -0400] "GET /RICH/css/style.css HTTP/1.0" 200 52779 "https://www.richinc.org/RICH/" "Mozilla/5.0 (Linux; Android 10; K) AppleWebKit/537.36 (KHTML, like Gecko) Chrome/137.0.0.0 Mobile Safari/537.36"
51.39.56.8 - - [15/Jun/2025:07:25:11 -0400] "GET /RICH/ HTTP/1.0" 200 64636 "https://www.google.com/" "Mozilla/5.0 (Linux; Android 10; K) AppleWebKit/537.36 (KHTML, like Gecko) Chrome/137.0.0.0 Mobile Safari/537.36"
51.39.56.8 - - [15/Jun/2025:07:25:11 -0400] "GET /RICH/css/animate.css HTTP/1.0" 200 77748 "https://www.richinc.org/RICH/" "Mozilla/5.0 (Linux; Android 10; K) AppleWebKit/537.36 (KHTML, like Gecko) Chrome/137.0.0.0 Mobile Safari/537.36"
51.39.56.8 - - [15/Jun/2025:07:25:11 -0400] "GET /RICH/css/style.css HTTP/1.0" 200 52779 "https://www.richinc.org/RICH/" "Mozilla/5.0 (Linux; Android 10; K) AppleWebKit/537.36 (KHTML, like Gecko) Chrome/137.0.0.0 Mobile Safari/537.36"
51.39.56.8 - - [15/Jun/2025:07:25:11 -0400] "GET /RICH/ HTTP/1.0" 200 64636 "https://www.google.com/" "Mozilla/5.0 (Linux; Android 10; K) AppleWebKit/537.36 (KHTML, like Gecko) Chrome/137.0.0.0 Mobile Safari/537.36"
51.39.56.8 - - [15/Jun/2025:07:25:11 -0400] "GET /RICH/css/animate.css HTTP/1.0" 200 77748 "https://www.richinc.org/RICH/" "Mozilla/5.0 (Linux; Android 10; K) AppleWebKit/537.36 (KHTML, like Gecko) Chrome/137.0.0.0 Mobile Safari/537.36"
51.39.56.8 - - [15/Jun/2025:07:25:11 -0400] "GET /RICH/css/style.css HTTP/1.0" 200 52779 "https://www.richinc.org/RICH/" "Mozilla/5.0 (Linux; Android 10; K) AppleWebKit/537.36 (KHTML, like Gecko) Chrome/137.0.0.0 Mobile Safari/537.36"
51.39.56.8 - - [15/Jun/2025:07:25:11 -0400] "GET /RICH/ HTTP/1.0" 200 64636 "https://www.google.com/" "Mozilla/5.0 (Linux; Android 10; K) AppleWebKit/537.36 (KHTML, like Gecko) Chrome/137.0.0.0 Mobile Safari/537.36"
51.39.56.8 - - [15/Jun/2025:07:25:11 -0400] "GET /RICH/css/animate.css HTTP/1.0" 200 77748 "https://www.richinc.org/RICH/" "Mozilla/5.0 (Linux; Android 10; K) AppleWebKit/537.36 (KHTML, like Gecko) Chrome/137.0.0.0 Mobile Safari/537.36"
51.39.56.8 - - [15/Jun/2025:07:25:11 -0400] "GET /RICH/css/style.css HTTP/1.0" 200 52779 "https://www.richinc.org/RICH/" "Mozilla/5.0 (Linux; Android 10; K) AppleWebKit/537.36 (KHTML, like Gecko) Chrome/137.0.0.0 Mobile Safari/537.36"
51.39.56.8 - - [15/Jun/2025:07:25:11 -0400] "GET /RICH/ HTTP/1.0" 200 64636 "https://www.google.com/" "Mozilla/5.0 (Linux; Android 10; K) AppleWebKit/537.36 (KHTML, like Gecko) Chrome/137.0.0.0 Mobile Safari/537.36"
51.39.56.8 - - [15/Jun/2025:07:25:11 -0400] "GET /RICH/css/animate.css HTTP/1.0" 200 77748 "https://www.richinc.org/RICH/" "Mozilla/5.0 (Linux; Android 10; K) AppleWebKit/537.36 (KHTML, like Gecko) Chrome/137.0.0.0 Mobile Safari/537.36"
51.39.56.8 - - [15/Jun/2025:07:25:11 -0400] "GET /RICH/css/style.css HTTP/1.0" 200 52779 "https://www.richinc.org/RICH/" "Mozilla/5.0 (Linux; Android 10; K) AppleWebKit/537.36 (KHTML, like Gecko) Chrome/137.0.0.0 Mobile Safari/537.36"
51.39.56.8 - - [15/Jun/2025:07:25:11 -0400] "GET /RICH/ HTTP/1.0" 200 64636 "https://www.google.com/" "Mozilla/5.0 (Linux; Android 10; K) AppleWebKit/537.36 (KHTML, like Gecko) Chrome/137.0.0.0 Mobile Safari/537.36"
51.39.56.8 - - [15/Jun/2025:07:25:11 -0400] "GET /RICH/css/animate.css HTTP/1.0" 200 77748 "https://www.richinc.org/RICH/" "Mozilla/5.0 (Linux; Android 10; K) AppleWebKit/537.36 (KHTML, like Gecko) Chrome/137.0.0.0 Mobile Safari/537.36"
51.39.56.8 - - [15/Jun/2025:07:25:11 -0400] "GET /RICH/css/style.css HTTP/1.0" 200 52779 "https://www.richinc.org/RICH/" "Mozilla/5.0 (Linux; Android 10; K) AppleWebKit/537.36 (KHTML, like Gecko) Chrome/137.0.0.0 Mobile Safari/537.36"
51.39.56.8 - - [15/Jun/2025:07:25:11 -0400] "GET /RICH/ HTTP/1.0" 200 64636 "https://www.google.com/" "Mozilla/5.0 (Linux; Android 10; K) AppleWebKit/537.36 (KHTML, like Gecko) Chrome/137.0.0.0 Mobile Safari/537.36"
51.39.56.8 - - [15/Jun/2025:07:25:11 -0400] "GET /RICH/css/animate.css HTTP/1.0" 200 77748 "https://www.richinc.org/RICH/" "Mozilla/5.0 (Linux; Android 10; K) AppleWebKit/537.36 (KHTML, like Gecko) Chrome/137.0.0.0 Mobile Safari/537.36"
51.39.56.8 - - [15/Jun/2025:07:25:11 -0400] "GET /RICH/css/style.css HTTP/1.0" 200 52779 "https://www.richinc.org/RICH/" "Mozilla/5.0 (Linux; Android 10; K) AppleWebKit/537.36 (KHTML, like Gecko) Chrome/137.0.0.0 Mobile Safari/537.36"
51.39.56.8 - - [15/Jun/2025:07:25:11 -0400] "GET /RICH/ HTTP/1.0" 200 64636 "https://www.google.com/" "Mozilla/5.0 (Linux; Android 10; K) AppleWebKit/537.36 (KHTML, like Gecko) Chrome/137.0.0.0 Mobile Safari/537.36"
51.39.56.8 - - [15/Jun/2025:07:25:11 -0400] "GET /RICH/css/animate.css HTTP/1.0" 200 77748 "https://www.richinc.org/RICH/" "Mozilla/5.0 (Linux; Android 10; K) AppleWebKit/537.36 (KHTML, like Gecko) Chrome/137.0.0.0 Mobile Safari/537.36"
51.39.56.8 - - [15/Jun/2025:07:25:11 -0400] "GET /RICH/css/style.css HTTP/1.0" 200 52779 "https://www.richinc.org/RICH/" "Mozilla/5.0 (Linux; Android 10; K) AppleWebKit/537.36 (KHTML, like Gecko) Chrome/137.0.0.0 Mobile Safari/537.36"
51.39.56.8 - - [15/Jun/2025:07:25:11 -0400] "GET /RICH/ HTTP/1.0" 200 64636 "https://www.google.com/" "Mozilla/5.0 (Linux; Android 10; K) AppleWebKit/537.36 (KHTML, like Gecko) Chrome/137.0.0.0 Mobile Safari/537.36"
51.39.56.8 - - [15/Jun/2025:07:25:11 -0400] "GET /RICH/css/animate.css HTTP/1.0" 200 77748 "https://www.richinc.org/RICH/" "Mozilla/5.0 (Linux; Android 10; K) AppleWebKit/537.36 (KHTML, like Gecko) Chrome/137.0.0.0 Mobile Safari/537.36"
51.39.56.8 - - [15/Jun/2025:07:25:11 -0400] "GET /RICH/css/style.css HTTP/1.0" 200 52779 "https://www.richinc.org/RICH/" "Mozilla/5.0 (Linux; Android 10; K) AppleWebKit/537.36 (KHTML, like Gecko) Chrome/137.0.0.0 Mobile Safari/537.36"
51.39.56.8 - - [15/Jun/2025:07:25:11 -0400] "GET /RICH/ HTTP/1.0" 200 64636 "https://www.google.com/" "Mozilla/5.0 (Linux; Android 10; K) AppleWebKit/537.36 (KHTML, like Gecko) Chrome/137.0.0.0 Mobile Safari/537.36"
51.39.56.8 - - [15/Jun/2025:07:25:11 -0400] "GET /RICH/css/animate.css HTTP/1.0" 200 77748 "https://www.richinc.org/RICH/" "Mozilla/5.0 (Linux; Android 10; K) AppleWebKit/537.36 (KHTML, like Gecko) Chrome/137.0.0.0 Mobile Safari/537.36"
51.39.56.8 - - [15/Jun/2025:07:25:11 -0400] "GET /RICH/css/style.css HTTP/1.0" 200 52779 "https://www.richinc.org/RICH/" "Mozilla/5.0 (Linux; Android 10; K) AppleWebKit/537.36 (KHTML, like Gecko) Chrome/137.0.0.0 Mobile Safari/537.36"
51.39.56.8 - - [15/Jun/2025:07:25:11 -0400] "GET /RICH/ HTTP/1.0" 200 64636 "https://www.google.com/" "Mozilla/5.0 (Linux; Android 10; K) AppleWebKit/537.36 (KHTML, like Gecko) Chrome/137.0.0.0 Mobile Safari/537.36"
51.39.56.8 - - [15/Jun/2025:07:25:11 -0400] "GET /RICH/css/animate.css HTTP/1.0" 200 77748 "https://www.richinc.org/RICH/" "Mozilla/5.0 (Linux; Android 10; K) AppleWebKit/537.36 (KHTML, like Gecko) Chrome/137.0.0.0 Mobile Safari/537.36"
51.39.56.8 - - [15/Jun/2025:07:25:11 -0400] "GET /RICH/css/style.css HTTP/1.0" 200 52779 "https://www.richinc.org/RICH/" "Mozilla/5.0 (Linux; Android 10; K) AppleWebKit/537.36 (KHTML, like Gecko) Chrome/137.0.0.0 Mobile Safari/537.36"
51.39.56.8 - - [15/Jun/2025:07:25:11 -0400] "GET /RICH/ HTTP/1.0" 200 64636 "https://www.google.com/" "Mozilla/5.0 (Linux; Android 10; K) AppleWebKit/537.36 (KHTML, like Gecko) Chrome/137.0.0.0 Mobile Safari/537.36"
51.39.56.8 - - [15/Jun/2025:07:25:11 -0400] "GET /RICH/css/animate.css HTTP/1.0" 200 77748 "https://www.richinc.org/RICH/" "Mozilla/5.0 (Linux; Android 10; K) AppleWebKit/537.36 (KHTML, like Gecko) Chrome/137.0.0.0 Mobile Safari/537.36"
