45.13.251.0 - - [09/Jul/2025:00:16:36 -0400] "GET /RICH/js/jquery-3.3.1.min.js HTTP/1.0" 200 86926 "https://www.richinc.org/RICH/first-graduates.html" "Mozilla/5.0 (X11; Linux x86_64) AppleWebKit/537.36 (KHTML, like Gecko) HeadlessChrome/106.0.5249.30 Safari/537.36"
45.13.251.0 - - [09/Jul/2025:00:16:36 -0400] "GET /RICH/js/popper.min.js HTTP/1.0" 200 20336 "https://www.richinc.org/RICH/first-graduates.html" "Mozilla/5.0 (X11; Linux x86_64) AppleWebKit/537.36 (KHTML, like Gecko) HeadlessChrome/106.0.5249.30 Safari/537.36"
45.13.251.0 - - [09/Jul/2025:00:16:36 -0400] "GET /RICH/js/jquery.magnific-popup.min.js HTTP/1.0" 200 20216 "https://www.richinc.org/RICH/first-graduates.html" "Mozilla/5.0 (X11; Linux x86_64) AppleWebKit/537.36 (KHTML, like Gecko) HeadlessChrome/106.0.5249.30 Safari/537.36"
188.94.85.70 - - [09/Jul/2025:00:16:36 -0400] "GET /RICH/js/popper.min.js HTTP/1.0" 200 20336 "https://www.richinc.org/RICH/gsuite-classroom.html" "Mozilla/5.0 (X11; Linux x86_64) AppleWebKit/537.36 (KHTML, like Gecko) HeadlessChrome/106.0.5249.30 Safari/537.36"
188.94.85.70 - - [09/Jul/2025:00:16:36 -0400] "GET /RICH/js/bootstrap.min.js HTTP/1.0" 200 51039 "https://www.richinc.org/RICH/gsuite-classroom.html" "Mozilla/5.0 (X11; Linux x86_64) AppleWebKit/537.36 (KHTML, like Gecko) HeadlessChrome/106.0.5249.30 Safari/537.36"
188.94.85.70 - - [09/Jul/2025:00:16:36 -0400] "GET /RICH/js/jquery-ui.js HTTP/1.0" 200 45799 "https://www.richinc.org/RICH/gsuite-classroom.html" "Mozilla/5.0 (X11; Linux x86_64) AppleWebKit/537.36 (KHTML, like Gecko) HeadlessChrome/106.0.5249.30 Safari/537.36"
45.13.251.0 - - [09/Jul/2025:00:16:36 -0400] "GET /RICH/js/jquery-migrate-3.0.1.min.js HTTP/1.0" 200 11421 "https://www.richinc.org/RICH/first-graduates.html" "Mozilla/5.0 (X11; Linux x86_64) AppleWebKit/537.36 (KHTML, like Gecko) HeadlessChrome/106.0.5249.30 Safari/537.36"
188.94.85.70 - - [09/Jul/2025:00:16:36 -0400] "GET /RICH/js/jquery-3.3.1.min.js HTTP/1.0" 200 86926 "https://www.richinc.org/RICH/gsuite-classroom.html" "Mozilla/5.0 (X11; Linux x86_64) AppleWebKit/537.36 (KHTML, like Gecko) HeadlessChrome/106.0.5249.30 Safari/537.36"
45.13.251.0 - - [09/Jul/2025:00:16:36 -0400] "GET /RICH/js/bootstrap-datepicker.min.js HTTP/1.0" 200 34172 "https://www.richinc.org/RICH/first-graduates.html" "Mozilla/5.0 (X11; Linux x86_64) AppleWebKit/537.36 (KHTML, like Gecko) HeadlessChrome/106.0.5249.30 Safari/537.36"
188.94.85.70 - - [09/Jul/2025:00:16:36 -0400] "GET /RICH/js/jquery-migrate-3.0.1.min.js HTTP/1.0" 200 11421 "https://www.richinc.org/RICH/gsuite-classroom.html" "Mozilla/5.0 (X11; Linux x86_64) AppleWebKit/537.36 (KHTML, like Gecko) HeadlessChrome/106.0.5249.30 Safari/537.36"
45.13.251.0 - - [09/Jul/2025:00:16:36 -0400] "GET /RICH/js/owl.carousel.min.js HTTP/1.0" 200 42766 "https://www.richinc.org/RICH/first-graduates.html" "Mozilla/5.0 (X11; Linux x86_64) AppleWebKit/537.36 (KHTML, like Gecko) HeadlessChrome/106.0.5249.30 Safari/537.36"
45.142.95.187 - - [09/Jul/2025:00:16:36 -0400] "GET /RICH/js/aos.js HTTP/1.0" 200 14244 "https://www.richinc.org/RICH/graduate-testimonials.html" "Mozilla/5.0 (X11; Linux x86_64) AppleWebKit/537.36 (KHTML, like Gecko) HeadlessChrome/106.0.5249.30 Safari/537.36"
45.142.95.187 - - [09/Jul/2025:00:16:36 -0400] "GET /RICH/js/main.js HTTP/1.0" 200 7761 "https://www.richinc.org/RICH/graduate-testimonials.html" "Mozilla/5.0 (X11; Linux x86_64) AppleWebKit/537.36 (KHTML, like Gecko) HeadlessChrome/106.0.5249.30 Safari/537.36"
119.13.196.171 - - [09/Jul/2025:00:16:36 -0400] "GET /RICH/js/jquery-3.3.1.min.js HTTP/1.0" 200 86926 "https://www.richinc.org/RICH/contact-us.html" "Mozilla/5.0 (X11; Linux x86_64) AppleWebKit/537.36 (KHTML, like Gecko) HeadlessChrome/106.0.5249.30 Safari/537.36"
119.13.196.171 - - [09/Jul/2025:00:16:36 -0400] "GET /cdn-cgi/scripts/5c5dd728/cloudflare-static/email-decode.min.js HTTP/1.0" 302 275 "https://www.richinc.org/RICH/contact-us.html" "Mozilla/5.0 (X11; Linux x86_64) AppleWebKit/537.36 (KHTML, like Gecko) HeadlessChrome/106.0.5249.30 Safari/537.36"
119.13.196.171 - - [09/Jul/2025:00:16:36 -0400] "GET /RICH/js/jquery-ui.js HTTP/1.0" 200 45799 "https://www.richinc.org/RICH/contact-us.html" "Mozilla/5.0 (X11; Linux x86_64) AppleWebKit/537.36 (KHTML, like Gecko) HeadlessChrome/106.0.5249.30 Safari/537.36"
119.13.196.171 - - [09/Jul/2025:00:16:36 -0400] "GET /RICH/js/jquery-migrate-3.0.1.min.js HTTP/1.0" 200 11421 "https://www.richinc.org/RICH/contact-us.html" "Mozilla/5.0 (X11; Linux x86_64) AppleWebKit/537.36 (KHTML, like Gecko) HeadlessChrome/106.0.5249.30 Safari/537.36"
93.180.195.176 - - [09/Jul/2025:00:16:36 -0400] "GET /RICH/cdn-cgi/scripts/5c5dd728/cloudflare-static/email-decode.min.js HTTP/1.0" 404 575 "https://www.richinc.org/RICH/projectsnack.html" "Mozilla/5.0 (X11; Linux x86_64) AppleWebKit/537.36 (KHTML, like Gecko) HeadlessChrome/106.0.5249.30 Safari/537.36"
180.149.0.16 - - [09/Jul/2025:00:16:36 -0400] "GET /RICH/cdn-cgi/scripts/5c5dd728/cloudflare-static/email-decode.min.js HTTP/1.0" 404 575 "https://www.richinc.org/RICH/podcasts.html" "Mozilla/5.0 (X11; Linux x86_64) AppleWebKit/537.36 (KHTML, like Gecko) HeadlessChrome/106.0.5249.30 Safari/537.36"
188.94.84.147 - - [09/Jul/2025:00:16:36 -0400] "GET /cdn-cgi/scripts/5c5dd728/cloudflare-static/email-decode.min.js HTTP/1.0" 302 275 "https://www.richinc.org/RICH/overview.html" "Mozilla/5.0 (X11; Linux x86_64) AppleWebKit/537.36 (KHTML, like Gecko) HeadlessChrome/106.0.5249.30 Safari/537.36"
188.94.84.147 - - [09/Jul/2025:00:16:36 -0400] "GET /RICH/js/jquery-3.3.1.min.js HTTP/1.0" 200 86926 "https://www.richinc.org/RICH/overview.html" "Mozilla/5.0 (X11; Linux x86_64) AppleWebKit/537.36 (KHTML, like Gecko) HeadlessChrome/106.0.5249.30 Safari/537.36"
119.13.196.171 - - [09/Jul/2025:00:16:36 -0400] "GET /RICH/js/popper.min.js HTTP/1.0" 200 20336 "https://www.richinc.org/RICH/contact-us.html" "Mozilla/5.0 (X11; Linux x86_64) AppleWebKit/537.36 (KHTML, like Gecko) HeadlessChrome/106.0.5249.30 Safari/537.36"
45.13.251.0 - - [09/Jul/2025:00:16:36 -0400] "GET /RICH/js/aos.js HTTP/1.0" 200 14244 "https://www.richinc.org/RICH/first-graduates.html" "Mozilla/5.0 (X11; Linux x86_64) AppleWebKit/537.36 (KHTML, like Gecko) HeadlessChrome/106.0.5249.30 Safari/537.36"
119.13.196.171 - - [09/Jul/2025:00:16:36 -0400] "GET /RICH/js/bootstrap.min.js HTTP/1.0" 200 51039 "https://www.richinc.org/RICH/contact-us.html" "Mozilla/5.0 (X11; Linux x86_64) AppleWebKit/537.36 (KHTML, like Gecko) HeadlessChrome/106.0.5249.30 Safari/537.36"
119.13.196.171 - - [09/Jul/2025:00:16:36 -0400] "GET /RICH/js/owl.carousel.min.js HTTP/1.0" 200 42766 "https://www.richinc.org/RICH/contact-us.html" "Mozilla/5.0 (X11; Linux x86_64) AppleWebKit/537.36 (KHTML, like Gecko) HeadlessChrome/106.0.5249.30 Safari/537.36"
188.94.85.70 - - [09/Jul/2025:00:16:36 -0400] "GET /RICH/js/aos.js HTTP/1.0" 200 14244 "https://www.richinc.org/RICH/gsuite-classroom.html" "Mozilla/5.0 (X11; Linux x86_64) AppleWebKit/537.36 (KHTML, like Gecko) HeadlessChrome/106.0.5249.30 Safari/537.36"
188.94.85.70 - - [09/Jul/2025:00:16:36 -0400] "GET /RICH/js/jquery.stellar.min.js HTTP/1.0" 200 12597 "https://www.richinc.org/RICH/gsuite-classroom.html" "Mozilla/5.0 (X11; Linux x86_64) AppleWebKit/537.36 (KHTML, like Gecko) HeadlessChrome/106.0.5249.30 Safari/537.36"
188.94.85.70 - - [09/Jul/2025:00:16:36 -0400] "GET /RICH/js/owl.carousel.min.js HTTP/1.0" 200 42766 "https://www.richinc.org/RICH/gsuite-classroom.html" "Mozilla/5.0 (X11; Linux x86_64) AppleWebKit/537.36 (KHTML, like Gecko) HeadlessChrome/106.0.5249.30 Safari/537.36"
188.94.85.70 - - [09/Jul/2025:00:16:36 -0400] "GET /RICH/js/jquery.countdown.min.js HTTP/1.0" 200 5339 "https://www.richinc.org/RICH/gsuite-classroom.html" "Mozilla/5.0 (X11; Linux x86_64) AppleWebKit/537.36 (KHTML, like Gecko) HeadlessChrome/106.0.5249.30 Safari/537.36"
188.94.85.70 - - [09/Jul/2025:00:16:36 -0400] "GET /RICH/js/jquery.magnific-popup.min.js HTTP/1.0" 200 20216 "https://www.richinc.org/RICH/gsuite-classroom.html" "Mozilla/5.0 (X11; Linux x86_64) AppleWebKit/537.36 (KHTML, like Gecko) HeadlessChrome/106.0.5249.30 Safari/537.36"
161.123.172.253 - - [09/Jul/2025:00:16:36 -0400] "GET /cdn-cgi/scripts/5c5dd728/cloudflare-static/email-decode.min.js HTTP/1.0" 302 275 "https://www.richinc.org/RICH/rich-learning-system.html" "Mozilla/5.0 (X11; Linux x86_64) AppleWebKit/537.36 (KHTML, like Gecko) HeadlessChrome/106.0.5249.30 Safari/537.36"
180.149.0.16 - - [09/Jul/2025:00:16:36 -0400] "GET /RICH/js/jquery.countdown.min.js HTTP/1.0" 200 5339 "https://www.richinc.org/RICH/podcasts.html" "Mozilla/5.0 (X11; Linux x86_64) AppleWebKit/537.36 (KHTML, like Gecko) HeadlessChrome/106.0.5249.30 Safari/537.36"
188.94.85.70 - - [09/Jul/2025:00:16:36 -0400] "GET /RICH/js/bootstrap-datepicker.min.js HTTP/1.0" 200 34172 "https://www.richinc.org/RICH/gsuite-classroom.html" "Mozilla/5.0 (X11; Linux x86_64) AppleWebKit/537.36 (KHTML, like Gecko) HeadlessChrome/106.0.5249.30 Safari/537.36"
180.149.0.16 - - [09/Jul/2025:00:16:36 -0400] "GET /RICH/js/popper.min.js HTTP/1.0" 200 20336 "https://www.richinc.org/RICH/podcasts.html" "Mozilla/5.0 (X11; Linux x86_64) AppleWebKit/537.36 (KHTML, like Gecko) HeadlessChrome/106.0.5249.30 Safari/537.36"
93.180.195.176 - - [09/Jul/2025:00:16:36 -0400] "GET /RICH/js/popper.min.js HTTP/1.0" 200 20336 "https://www.richinc.org/RICH/projectsnack.html" "Mozilla/5.0 (X11; Linux x86_64) AppleWebKit/537.36 (KHTML, like Gecko) HeadlessChrome/106.0.5249.30 Safari/537.36"
188.94.84.147 - - [09/Jul/2025:00:16:36 -0400] "GET /RICH/js/jquery-migrate-3.0.1.min.js HTTP/1.0" 200 11421 "https://www.richinc.org/RICH/overview.html" "Mozilla/5.0 (X11; Linux x86_64) AppleWebKit/537.36 (KHTML, like Gecko) HeadlessChrome/106.0.5249.30 Safari/537.36"
188.94.85.70 - - [09/Jul/2025:00:16:36 -0400] "GET /RICH/js/mediaelement-and-player.min.js HTTP/1.0" 200 152469 "https://www.richinc.org/RICH/gsuite-classroom.html" "Mozilla/5.0 (X11; Linux x86_64) AppleWebKit/537.36 (KHTML, like Gecko) HeadlessChrome/106.0.5249.30 Safari/537.36"
45.142.95.187 - - [09/Jul/2025:00:16:36 -0400] "GET /RICH/js/mediaelement-and-player.min.js HTTP/1.0" 200 152469 "https://www.richinc.org/RICH/graduate-testimonials.html" "Mozilla/5.0 (X11; Linux x86_64) AppleWebKit/537.36 (KHTML, like Gecko) HeadlessChrome/106.0.5249.30 Safari/537.36"
45.13.251.0 - - [09/Jul/2025:00:16:36 -0400] "GET /RICH/js/mediaelement-and-player.min.js HTTP/1.0" 200 152469 "https://www.richinc.org/RICH/first-graduates.html" "Mozilla/5.0 (X11; Linux x86_64) AppleWebKit/537.36 (KHTML, like Gecko) HeadlessChrome/106.0.5249.30 Safari/537.36"
119.13.196.171 - - [09/Jul/2025:00:16:36 -0400] "GET /RICH/js/jquery.stellar.min.js HTTP/1.0" 200 12597 "https://www.richinc.org/RICH/contact-us.html" "Mozilla/5.0 (X11; Linux x86_64) AppleWebKit/537.36 (KHTML, like Gecko) HeadlessChrome/106.0.5249.30 Safari/537.36"
188.94.84.147 - - [09/Jul/2025:00:16:36 -0400] "GET /RICH/js/jquery-ui.js HTTP/1.0" 200 45799 "https://www.richinc.org/RICH/overview.html" "Mozilla/5.0 (X11; Linux x86_64) AppleWebKit/537.36 (KHTML, like Gecko) HeadlessChrome/106.0.5249.30 Safari/537.36"
119.13.196.171 - - [09/Jul/2025:00:16:36 -0400] "GET /RICH/js/jquery.countdown.min.js HTTP/1.0" 200 5339 "https://www.richinc.org/RICH/contact-us.html" "Mozilla/5.0 (X11; Linux x86_64) AppleWebKit/537.36 (KHTML, like Gecko) HeadlessChrome/106.0.5249.30 Safari/537.36"
161.123.172.253 - - [09/Jul/2025:00:16:36 -0400] "GET /RICH/js/jquery-3.3.1.min.js HTTP/1.0" 200 86926 "https://www.richinc.org/RICH/rich-learning-system.html" "Mozilla/5.0 (X11; Linux x86_64) AppleWebKit/537.36 (KHTML, like Gecko) HeadlessChrome/106.0.5249.30 Safari/537.36"
161.123.172.253 - - [09/Jul/2025:00:16:36 -0400] "GET /RICH/js/jquery-migrate-3.0.1.min.js HTTP/1.0" 200 11421 "https://www.richinc.org/RICH/rich-learning-system.html" "Mozilla/5.0 (X11; Linux x86_64) AppleWebKit/537.36 (KHTML, like Gecko) HeadlessChrome/106.0.5249.30 Safari/537.36"
188.94.84.147 - - [09/Jul/2025:00:16:36 -0400] "GET /RICH/js/bootstrap.min.js HTTP/1.0" 200 51039 "https://www.richinc.org/RICH/overview.html" "Mozilla/5.0 (X11; Linux x86_64) AppleWebKit/537.36 (KHTML, like Gecko) HeadlessChrome/106.0.5249.30 Safari/537.36"
188.94.84.147 - - [09/Jul/2025:00:16:36 -0400] "GET /RICH/js/popper.min.js HTTP/1.0" 200 20336 "https://www.richinc.org/RICH/overview.html" "Mozilla/5.0 (X11; Linux x86_64) AppleWebKit/537.36 (KHTML, like Gecko) HeadlessChrome/106.0.5249.30 Safari/537.36"
188.94.84.147 - - [09/Jul/2025:00:16:36 -0400] "GET /RICH/js/owl.carousel.min.js HTTP/1.0" 200 42766 "https://www.richinc.org/RICH/overview.html" "Mozilla/5.0 (X11; Linux x86_64) AppleWebKit/537.36 (KHTML, like Gecko) HeadlessChrome/106.0.5249.30 Safari/537.36"
161.123.172.253 - - [09/Jul/2025:00:16:36 -0400] "GET /RICH/js/jquery-ui.js HTTP/1.0" 200 45799 "https://www.richinc.org/RICH/rich-learning-system.html" "Mozilla/5.0 (X11; Linux x86_64) AppleWebKit/537.36 (KHTML, like Gecko) HeadlessChrome/106.0.5249.30 Safari/537.36"
188.94.84.147 - - [09/Jul/2025:00:16:36 -0400] "GET /RICH/js/jquery.stellar.min.js HTTP/1.0" 200 12597 "https://www.richinc.org/RICH/overview.html" "Mozilla/5.0 (X11; Linux x86_64) AppleWebKit/537.36 (KHTML, like Gecko) HeadlessChrome/106.0.5249.30 Safari/537.36"
119.13.196.171 - - [09/Jul/2025:00:16:36 -0400] "GET /RICH/js/bootstrap-datepicker.min.js HTTP/1.0" 200 34172 "https://www.richinc.org/RICH/contact-us.html" "Mozilla/5.0 (X11; Linux x86_64) AppleWebKit/537.36 (KHTML, like Gecko) HeadlessChrome/106.0.5249.30 Safari/537.36"
188.94.84.147 - - [09/Jul/2025:00:16:36 -0400] "GET /RICH/js/jquery.countdown.min.js HTTP/1.0" 200 5339 "https://www.richinc.org/RICH/overview.html" "Mozilla/5.0 (X11; Linux x86_64) AppleWebKit/537.36 (KHTML, like Gecko) HeadlessChrome/106.0.5249.30 Safari/537.36"
150.129.92.155 - - [09/Jul/2025:00:16:36 -0400] "GET /cdn-cgi/scripts/5c5dd728/cloudflare-static/email-decode.min.js HTTP/1.0" 302 275 "https://www.richinc.org/RICH/sdlp.html" "Mozilla/5.0 (X11; Linux x86_64) AppleWebKit/537.36 (KHTML, like Gecko) HeadlessChrome/106.0.5249.30 Safari/537.36"
119.13.196.171 - - [09/Jul/2025:00:16:36 -0400] "GET /RICH/js/aos.js HTTP/1.0" 200 14244 "https://www.richinc.org/RICH/contact-us.html" "Mozilla/5.0 (X11; Linux x86_64) AppleWebKit/537.36 (KHTML, like Gecko) HeadlessChrome/106.0.5249.30 Safari/537.36"
119.13.196.171 - - [09/Jul/2025:00:16:36 -0400] "GET /RICH/js/mediaelement-and-player.min.js HTTP/1.0" 200 152469 "https://www.richinc.org/RICH/contact-us.html" "Mozilla/5.0 (X11; Linux x86_64) AppleWebKit/537.36 (KHTML, like Gecko) HeadlessChrome/106.0.5249.30 Safari/537.36"
161.123.172.253 - - [09/Jul/2025:00:16:36 -0400] "GET /RICH/js/popper.min.js HTTP/1.0" 200 20336 "https://www.richinc.org/RICH/rich-learning-system.html" "Mozilla/5.0 (X11; Linux x86_64) AppleWebKit/537.36 (KHTML, like Gecko) HeadlessChrome/106.0.5249.30 Safari/537.36"
119.13.196.171 - - [09/Jul/2025:00:16:36 -0400] "GET /RICH/js/main.js HTTP/1.0" 200 7761 "https://www.richinc.org/RICH/contact-us.html" "Mozilla/5.0 (X11; Linux x86_64) AppleWebKit/537.36 (KHTML, like Gecko) HeadlessChrome/106.0.5249.30 Safari/537.36"
161.123.172.253 - - [09/Jul/2025:00:16:36 -0400] "GET /RICH/js/bootstrap.min.js HTTP/1.0" 200 51039 "https://www.richinc.org/RICH/rich-learning-system.html" "Mozilla/5.0 (X11; Linux x86_64) AppleWebKit/537.36 (KHTML, like Gecko) HeadlessChrome/106.0.5249.30 Safari/537.36"
161.123.172.253 - - [09/Jul/2025:00:16:36 -0400] "GET /RICH/js/owl.carousel.min.js HTTP/1.0" 200 42766 "https://www.richinc.org/RICH/rich-learning-system.html" "Mozilla/5.0 (X11; Linux x86_64) AppleWebKit/537.36 (KHTML, like Gecko) HeadlessChrome/106.0.5249.30 Safari/537.36"
188.94.84.147 - - [09/Jul/2025:00:16:36 -0400] "GET /RICH/js/jquery.magnific-popup.min.js HTTP/1.0" 200 20216 "https://www.richinc.org/RICH/overview.html" "Mozilla/5.0 (X11; Linux x86_64) AppleWebKit/537.36 (KHTML, like Gecko) HeadlessChrome/106.0.5249.30 Safari/537.36"
150.129.92.155 - - [09/Jul/2025:00:16:36 -0400] "GET /RICH/js/jquery-migrate-3.0.1.min.js HTTP/1.0" 200 11421 "https://www.richinc.org/RICH/sdlp.html" "Mozilla/5.0 (X11; Linux x86_64) AppleWebKit/537.36 (KHTML, like Gecko) HeadlessChrome/106.0.5249.30 Safari/537.36"
150.129.92.155 - - [09/Jul/2025:00:16:36 -0400] "GET /RICH/js/jquery-3.3.1.min.js HTTP/1.0" 200 86926 "https://www.richinc.org/RICH/sdlp.html" "Mozilla/5.0 (X11; Linux x86_64) AppleWebKit/537.36 (KHTML, like Gecko) HeadlessChrome/106.0.5249.30 Safari/537.36"
45.142.95.187 - - [09/Jul/2025:00:16:36 -0400] "GET /RICH/cdn-cgi/scripts/5c5dd728/cloudflare-static/email-decode.min.js HTTP/1.0" 404 575 "https://www.richinc.org/RICH/graduate-testimonials.html" "Mozilla/5.0 (X11; Linux x86_64) AppleWebKit/537.36 (KHTML, like Gecko) HeadlessChrome/106.0.5249.30 Safari/537.36"
119.13.196.171 - - [09/Jul/2025:00:16:36 -0400] "GET /RICH/js/jquery.magnific-popup.min.js HTTP/1.0" 200 20216 "https://www.richinc.org/RICH/contact-us.html" "Mozilla/5.0 (X11; Linux x86_64) AppleWebKit/537.36 (KHTML, like Gecko) HeadlessChrome/106.0.5249.30 Safari/537.36"
161.123.172.253 - - [09/Jul/2025:00:16:36 -0400] "GET /RICH/js/jquery.stellar.min.js HTTP/1.0" 200 12597 "https://www.richinc.org/RICH/rich-learning-system.html" "Mozilla/5.0 (X11; Linux x86_64) AppleWebKit/537.36 (KHTML, like Gecko) HeadlessChrome/106.0.5249.30 Safari/537.36"
45.13.251.0 - - [09/Jul/2025:00:16:36 -0400] "GET /RICH/js/main.js HTTP/1.0" 200 7761 "https://www.richinc.org/RICH/first-graduates.html" "Mozilla/5.0 (X11; Linux x86_64) AppleWebKit/537.36 (KHTML, like Gecko) HeadlessChrome/106.0.5249.30 Safari/537.36"
161.123.172.253 - - [09/Jul/2025:00:16:36 -0400] "GET /RICH/js/jquery.magnific-popup.min.js HTTP/1.0" 200 20216 "https://www.richinc.org/RICH/rich-learning-system.html" "Mozilla/5.0 (X11; Linux x86_64) AppleWebKit/537.36 (KHTML, like Gecko) HeadlessChrome/106.0.5249.30 Safari/537.36"
161.123.172.253 - - [09/Jul/2025:00:16:36 -0400] "GET /RICH/js/jquery.countdown.min.js HTTP/1.0" 200 5339 "https://www.richinc.org/RICH/rich-learning-system.html" "Mozilla/5.0 (X11; Linux x86_64) AppleWebKit/537.36 (KHTML, like Gecko) HeadlessChrome/106.0.5249.30 Safari/537.36"
188.94.85.70 - - [09/Jul/2025:00:16:36 -0400] "GET /RICH/js/main.js HTTP/1.0" 200 7761 "https://www.richinc.org/RICH/gsuite-classroom.html" "Mozilla/5.0 (X11; Linux x86_64) AppleWebKit/537.36 (KHTML, like Gecko) HeadlessChrome/106.0.5249.30 Safari/537.36"
161.123.172.253 - - [09/Jul/2025:00:16:36 -0400] "GET /RICH/js/bootstrap-datepicker.min.js HTTP/1.0" 200 34172 "https://www.richinc.org/RICH/rich-learning-system.html" "Mozilla/5.0 (X11; Linux x86_64) AppleWebKit/537.36 (KHTML, like Gecko) HeadlessChrome/106.0.5249.30 Safari/537.36"
150.129.92.155 - - [09/Jul/2025:00:16:36 -0400] "GET /RICH/js/jquery-ui.js HTTP/1.0" 200 45799 "https://www.richinc.org/RICH/sdlp.html" "Mozilla/5.0 (X11; Linux x86_64) AppleWebKit/537.36 (KHTML, like Gecko) HeadlessChrome/106.0.5249.30 Safari/537.36"
150.129.92.155 - - [09/Jul/2025:00:16:36 -0400] "GET /RICH/js/popper.min.js HTTP/1.0" 200 20336 "https://www.richinc.org/RICH/sdlp.html" "Mozilla/5.0 (X11; Linux x86_64) AppleWebKit/537.36 (KHTML, like Gecko) HeadlessChrome/106.0.5249.30 Safari/537.36"
150.129.92.155 - - [09/Jul/2025:00:16:36 -0400] "GET /RICH/js/owl.carousel.min.js HTTP/1.0" 200 42766 "https://www.richinc.org/RICH/sdlp.html" "Mozilla/5.0 (X11; Linux x86_64) AppleWebKit/537.36 (KHTML, like Gecko) HeadlessChrome/106.0.5249.30 Safari/537.36"
150.129.92.155 - - [09/Jul/2025:00:16:36 -0400] "GET /RICH/js/bootstrap.min.js HTTP/1.0" 200 51039 "https://www.richinc.org/RICH/sdlp.html" "Mozilla/5.0 (X11; Linux x86_64) AppleWebKit/537.36 (KHTML, like Gecko) HeadlessChrome/106.0.5249.30 Safari/537.36"
150.129.92.155 - - [09/Jul/2025:00:16:36 -0400] "GET /RICH/js/jquery.stellar.min.js HTTP/1.0" 200 12597 "https://www.richinc.org/RICH/sdlp.html" "Mozilla/5.0 (X11; Linux x86_64) AppleWebKit/537.36 (KHTML, like Gecko) HeadlessChrome/106.0.5249.30 Safari/537.36"
150.129.92.155 - - [09/Jul/2025:00:16:36 -0400] "GET /RICH/js/jquery.magnific-popup.min.js HTTP/1.0" 200 20216 "https://www.richinc.org/RICH/sdlp.html" "Mozilla/5.0 (X11; Linux x86_64) AppleWebKit/537.36 (KHTML, like Gecko) HeadlessChrome/106.0.5249.30 Safari/537.36"
150.129.92.155 - - [09/Jul/2025:00:16:36 -0400] "GET /RICH/js/jquery.countdown.min.js HTTP/1.0" 200 5339 "https://www.richinc.org/RICH/sdlp.html" "Mozilla/5.0 (X11; Linux x86_64) AppleWebKit/537.36 (KHTML, like Gecko) HeadlessChrome/106.0.5249.30 Safari/537.36"
150.129.92.155 - - [09/Jul/2025:00:16:36 -0400] "GET /RICH/js/bootstrap-datepicker.min.js HTTP/1.0" 200 34172 "https://www.richinc.org/RICH/sdlp.html" "Mozilla/5.0 (X11; Linux x86_64) AppleWebKit/537.36 (KHTML, like Gecko) HeadlessChrome/106.0.5249.30 Safari/537.36"
150.129.92.155 - - [09/Jul/2025:00:16:36 -0400] "GET /RICH/js/mediaelement-and-player.min.js HTTP/1.0" 200 152469 "https://www.richinc.org/RICH/sdlp.html" "Mozilla/5.0 (X11; Linux x86_64) AppleWebKit/537.36 (KHTML, like Gecko) HeadlessChrome/106.0.5249.30 Safari/537.36"
150.129.92.155 - - [09/Jul/2025:00:16:36 -0400] "GET /RICH/js/aos.js HTTP/1.0" 200 14244 "https://www.richinc.org/RICH/sdlp.html" "Mozilla/5.0 (X11; Linux x86_64) AppleWebKit/537.36 (KHTML, like Gecko) HeadlessChrome/106.0.5249.30 Safari/537.36"
188.94.84.147 - - [09/Jul/2025:00:16:36 -0400] "GET /RICH/js/aos.js HTTP/1.0" 200 14244 "https://www.richinc.org/RICH/overview.html" "Mozilla/5.0 (X11; Linux x86_64) AppleWebKit/537.36 (KHTML, like Gecko) HeadlessChrome/106.0.5249.30 Safari/537.36"
188.94.84.147 - - [09/Jul/2025:00:16:36 -0400] "GET /RICH/js/main.js HTTP/1.0" 200 7761 "https://www.richinc.org/RICH/overview.html" "Mozilla/5.0 (X11; Linux x86_64) AppleWebKit/537.36 (KHTML, like Gecko) HeadlessChrome/106.0.5249.30 Safari/537.36"
188.94.84.147 - - [09/Jul/2025:00:16:36 -0400] "GET /RICH/js/bootstrap-datepicker.min.js HTTP/1.0" 200 34172 "https://www.richinc.org/RICH/overview.html" "Mozilla/5.0 (X11; Linux x86_64) AppleWebKit/537.36 (KHTML, like Gecko) HeadlessChrome/106.0.5249.30 Safari/537.36"
161.123.172.253 - - [09/Jul/2025:00:16:36 -0400] "GET /RICH/js/main.js HTTP/1.0" 200 7761 "https://www.richinc.org/RICH/rich-learning-system.html" "Mozilla/5.0 (X11; Linux x86_64) AppleWebKit/537.36 (KHTML, like Gecko) HeadlessChrome/106.0.5249.30 Safari/537.36"
161.123.172.253 - - [09/Jul/2025:00:16:36 -0400] "GET /RICH/js/aos.js HTTP/1.0" 200 14244 "https://www.richinc.org/RICH/rich-learning-system.html" "Mozilla/5.0 (X11; Linux x86_64) AppleWebKit/537.36 (KHTML, like Gecko) HeadlessChrome/106.0.5249.30 Safari/537.36"
161.123.172.253 - - [09/Jul/2025:00:16:36 -0400] "GET /RICH/js/mediaelement-and-player.min.js HTTP/1.0" 200 152469 "https://www.richinc.org/RICH/rich-learning-system.html" "Mozilla/5.0 (X11; Linux x86_64) AppleWebKit/537.36 (KHTML, like Gecko) HeadlessChrome/106.0.5249.30 Safari/537.36"
150.129.92.155 - - [09/Jul/2025:00:16:36 -0400] "GET /RICH/js/main.js HTTP/1.0" 200 7761 "https://www.richinc.org/RICH/sdlp.html" "Mozilla/5.0 (X11; Linux x86_64) AppleWebKit/537.36 (KHTML, like Gecko) HeadlessChrome/106.0.5249.30 Safari/537.36"
162.43.249.237 - - [09/Jul/2025:00:16:36 -0400] "GET /RICH/privacy-policy.html HTTP/1.0" 200 17938 "-" "Mozilla/5.0 (X11; Linux x86_64) AppleWebKit/537.36 (KHTML, like Gecko) HeadlessChrome/106.0.5249.30 Safari/537.36"
45.13.251.0 - - [09/Jul/2025:00:16:36 -0400] "GET /RICH/cdn-cgi/scripts/5c5dd728/cloudflare-static/email-decode.min.js HTTP/1.0" 404 575 "https://www.richinc.org/RICH/first-graduates.html" "Mozilla/5.0 (X11; Linux x86_64) AppleWebKit/537.36 (KHTML, like Gecko) HeadlessChrome/106.0.5249.30 Safari/537.36"
203.109.63.142 - - [09/Jul/2025:00:16:36 -0400] "GET /RICH/annual-reports.html HTTP/1.0" 200 17390 "-" "Mozilla/5.0 (X11; Linux x86_64) AppleWebKit/537.36 (KHTML, like Gecko) HeadlessChrome/106.0.5249.30 Safari/537.36"
119.13.196.171 - - [09/Jul/2025:00:16:36 -0400] "GET /RICH/cdn-cgi/scripts/5c5dd728/cloudflare-static/email-decode.min.js HTTP/1.0" 404 575 "https://www.richinc.org/RICH/contact-us.html" "Mozilla/5.0 (X11; Linux x86_64) AppleWebKit/537.36 (KHTML, like Gecko) HeadlessChrome/106.0.5249.30 Safari/537.36"
206.204.34.60 - - [09/Jul/2025:00:16:36 -0400] "GET /RICH/php/UsersRICH.php HTTP/1.0" 200 - "https://www.richinc.org/RICH/interns.html" "Mozilla/5.0 (X11; Linux x86_64) AppleWebKit/537.36 (KHTML, like Gecko) HeadlessChrome/106.0.5249.30 Safari/537.36"
168.151.166.202 - - [09/Jul/2025:00:16:36 -0400] "GET /RICH/index.html HTTP/1.0" 200 64636 "-" "Mozilla/5.0 (X11; Linux x86_64) AppleWebKit/537.36 (KHTML, like Gecko) HeadlessChrome/106.0.5249.30 Safari/537.36"
168.151.185.58 - - [09/Jul/2025:00:16:36 -0400] "GET /RICH/mission.html HTTP/1.0" 200 24725 "-" "Mozilla/5.0 (X11; Linux x86_64) AppleWebKit/537.36 (KHTML, like Gecko) HeadlessChrome/106.0.5249.30 Safari/537.36"
161.123.80.22 - - [09/Jul/2025:00:16:36 -0400] "GET /RICH/nvlpessay1.html HTTP/1.0" 200 76856 "-" "Mozilla/5.0 (X11; Linux x86_64) AppleWebKit/537.36 (KHTML, like Gecko) HeadlessChrome/106.0.5249.30 Safari/537.36"
188.94.84.147 - - [09/Jul/2025:00:16:36 -0400] "GET /RICH/cdn-cgi/scripts/5c5dd728/cloudflare-static/email-decode.min.js HTTP/1.0" 404 575 "https://www.richinc.org/RICH/overview.html" "Mozilla/5.0 (X11; Linux x86_64) AppleWebKit/537.36 (KHTML, like Gecko) HeadlessChrome/106.0.5249.30 Safari/537.36"
188.94.85.70 - - [09/Jul/2025:00:16:36 -0400] "GET /RICH/cdn-cgi/scripts/5c5dd728/cloudflare-static/email-decode.min.js HTTP/1.0" 404 575 "https://www.richinc.org/RICH/gsuite-classroom.html" "Mozilla/5.0 (X11; Linux x86_64) AppleWebKit/537.36 (KHTML, like Gecko) HeadlessChrome/106.0.5249.30 Safari/537.36"
161.123.172.253 - - [09/Jul/2025:00:16:36 -0400] "GET /RICH/cdn-cgi/scripts/5c5dd728/cloudflare-static/email-decode.min.js HTTP/1.0" 404 575 "https://www.richinc.org/RICH/rich-learning-system.html" "Mozilla/5.0 (X11; Linux x86_64) AppleWebKit/537.36 (KHTML, like Gecko) HeadlessChrome/106.0.5249.30 Safari/537.36"
188.94.85.70 - - [09/Jul/2025:00:16:36 -0400] "GET /RICH/parents-investment-alliance.html HTTP/1.0" 200 15701 "-" "Mozilla/5.0 (X11; Linux x86_64) AppleWebKit/537.36 (KHTML, like Gecko) HeadlessChrome/106.0.5249.30 Safari/537.36"
43.252.31.53 - - [09/Jul/2025:00:16:36 -0400] "GET /cdn-cgi/scripts/5c5dd728/cloudflare-static/email-decode.min.js HTTP/1.0" 302 275 "https://www.richinc.org/RICH/campaign1.html" "Mozilla/5.0 (X11; Linux x86_64) AppleWebKit/537.36 (KHTML, like Gecko) HeadlessChrome/106.0.5249.30 Safari/537.36"
150.129.92.155 - - [09/Jul/2025:00:16:36 -0400] "GET /RICH/cdn-cgi/scripts/5c5dd728/cloudflare-static/email-decode.min.js HTTP/1.0" 404 575 "https://www.richinc.org/RICH/sdlp.html" "Mozilla/5.0 (X11; Linux x86_64) AppleWebKit/537.36 (KHTML, like Gecko) HeadlessChrome/106.0.5249.30 Safari/537.36"
43.252.31.53 - - [09/Jul/2025:00:16:36 -0400] "GET /js/jquery-3.3.1.min.js HTTP/1.0" 403 261 "https://www.richinc.org/RICH/campaign1.html" "Mozilla/5.0 (X11; Linux x86_64) AppleWebKit/537.36 (KHTML, like Gecko) HeadlessChrome/106.0.5249.30 Safari/537.36"
43.252.31.53 - - [09/Jul/2025:00:16:36 -0400] "GET /js/jquery-migrate-3.0.1.min.js HTTP/1.0" 403 261 "https://www.richinc.org/RICH/campaign1.html" "Mozilla/5.0 (X11; Linux x86_64) AppleWebKit/537.36 (KHTML, like Gecko) HeadlessChrome/106.0.5249.30 Safari/537.36"
43.252.31.53 - - [09/Jul/2025:00:16:36 -0400] "GET /js/jquery-ui.js HTTP/1.0" 403 261 "https://www.richinc.org/RICH/campaign1.html" "Mozilla/5.0 (X11; Linux x86_64) AppleWebKit/537.36 (KHTML, like Gecko) HeadlessChrome/106.0.5249.30 Safari/537.36"
203.109.52.82 - - [09/Jul/2025:00:16:36 -0400] "GET /RICH/board-directors.html HTTP/1.0" 200 18594 "-" "Mozilla/5.0 (X11; Linux x86_64) AppleWebKit/537.36 (KHTML, like Gecko) HeadlessChrome/106.0.5249.30 Safari/537.36"
43.252.31.53 - - [09/Jul/2025:00:16:36 -0400] "GET /js/popper.min.js HTTP/1.0" 403 261 "https://www.richinc.org/RICH/campaign1.html" "Mozilla/5.0 (X11; Linux x86_64) AppleWebKit/537.36 (KHTML, like Gecko) HeadlessChrome/106.0.5249.30 Safari/537.36"
43.252.31.53 - - [09/Jul/2025:00:16:36 -0400] "GET /js/owl.carousel.min.js HTTP/1.0" 403 261 "https://www.richinc.org/RICH/campaign1.html" "Mozilla/5.0 (X11; Linux x86_64) AppleWebKit/537.36 (KHTML, like Gecko) HeadlessChrome/106.0.5249.30 Safari/537.36"
43.252.31.53 - - [09/Jul/2025:00:16:36 -0400] "GET /js/jquery.stellar.min.js HTTP/1.0" 403 261 "https://www.richinc.org/RICH/campaign1.html" "Mozilla/5.0 (X11; Linux x86_64) AppleWebKit/537.36 (KHTML, like Gecko) HeadlessChrome/106.0.5249.30 Safari/537.36"
43.252.31.53 - - [09/Jul/2025:00:16:36 -0400] "GET /js/jquery.countdown.min.js HTTP/1.0" 403 261 "https://www.richinc.org/RICH/campaign1.html" "Mozilla/5.0 (X11; Linux x86_64) AppleWebKit/537.36 (KHTML, like Gecko) HeadlessChrome/106.0.5249.30 Safari/537.36"
43.252.31.53 - - [09/Jul/2025:00:16:36 -0400] "GET /js/jquery.magnific-popup.min.js HTTP/1.0" 403 261 "https://www.richinc.org/RICH/campaign1.html" "Mozilla/5.0 (X11; Linux x86_64) AppleWebKit/537.36 (KHTML, like Gecko) HeadlessChrome/106.0.5249.30 Safari/537.36"
188.94.84.147 - - [09/Jul/2025:00:16:36 -0400] "GET /RICH/js/mediaelement-and-player.min.js HTTP/1.0" 200 152469 "https://www.richinc.org/RICH/overview.html" "Mozilla/5.0 (X11; Linux x86_64) AppleWebKit/537.36 (KHTML, like Gecko) HeadlessChrome/106.0.5249.30 Safari/537.36"
43.252.31.53 - - [09/Jul/2025:00:16:36 -0400] "GET /js/bootstrap.min.js HTTP/1.0" 403 261 "https://www.richinc.org/RICH/campaign1.html" "Mozilla/5.0 (X11; Linux x86_64) AppleWebKit/537.36 (KHTML, like Gecko) HeadlessChrome/106.0.5249.30 Safari/537.36"
43.252.31.53 - - [09/Jul/2025:00:16:36 -0400] "GET /js/bootstrap-datepicker.min.js HTTP/1.0" 403 261 "https://www.richinc.org/RICH/campaign1.html" "Mozilla/5.0 (X11; Linux x86_64) AppleWebKit/537.36 (KHTML, like Gecko) HeadlessChrome/106.0.5249.30 Safari/537.36"
43.252.31.53 - - [09/Jul/2025:00:16:36 -0400] "GET /js/aos.js HTTP/1.0" 403 261 "https://www.richinc.org/RICH/campaign1.html" "Mozilla/5.0 (X11; Linux x86_64) AppleWebKit/537.36 (KHTML, like Gecko) HeadlessChrome/106.0.5249.30 Safari/537.36"
43.252.31.53 - - [09/Jul/2025:00:16:36 -0400] "GET /js/mediaelement-and-player.min.js HTTP/1.0" 403 261 "https://www.richinc.org/RICH/campaign1.html" "Mozilla/5.0 (X11; Linux x86_64) AppleWebKit/537.36 (KHTML, like Gecko) HeadlessChrome/106.0.5249.30 Safari/537.36"
43.252.31.53 - - [09/Jul/2025:00:16:36 -0400] "GET /js/main.js HTTP/1.0" 403 261 "https://www.richinc.org/RICH/campaign1.html" "Mozilla/5.0 (X11; Linux x86_64) AppleWebKit/537.36 (KHTML, like Gecko) HeadlessChrome/106.0.5249.30 Safari/537.36"
162.43.249.237 - - [09/Jul/2025:00:16:36 -0400] "GET /cdn-cgi/scripts/5c5dd728/cloudflare-static/email-decode.min.js HTTP/1.0" 302 275 "https://www.richinc.org/RICH/privacy-policy.html" "Mozilla/5.0 (X11; Linux x86_64) AppleWebKit/537.36 (KHTML, like Gecko) HeadlessChrome/106.0.5249.30 Safari/537.36"
162.43.249.237 - - [09/Jul/2025:00:16:36 -0400] "GET /RICH/js/jquery-3.3.1.min.js HTTP/1.0" 200 86926 "https://www.richinc.org/RICH/privacy-policy.html" "Mozilla/5.0 (X11; Linux x86_64) AppleWebKit/537.36 (KHTML, like Gecko) HeadlessChrome/106.0.5249.30 Safari/537.36"
162.43.249.237 - - [09/Jul/2025:00:16:36 -0400] "GET /RICH/js/jquery-migrate-3.0.1.min.js HTTP/1.0" 200 11421 "https://www.richinc.org/RICH/privacy-policy.html" "Mozilla/5.0 (X11; Linux x86_64) AppleWebKit/537.36 (KHTML, like Gecko) HeadlessChrome/106.0.5249.30 Safari/537.36"
168.151.99.252 - - [09/Jul/2025:00:16:36 -0400] "GET /RICH/partnership-opportunities.html HTTP/1.0" 200 16929 "-" "Mozilla/5.0 (X11; Linux x86_64) AppleWebKit/537.36 (KHTML, like Gecko) HeadlessChrome/106.0.5249.30 Safari/537.36"
162.43.249.237 - - [09/Jul/2025:00:16:36 -0400] "GET /RICH/js/jquery-ui.js HTTP/1.0" 200 45799 "https://www.richinc.org/RICH/privacy-policy.html" "Mozilla/5.0 (X11; Linux x86_64) AppleWebKit/537.36 (KHTML, like Gecko) HeadlessChrome/106.0.5249.30 Safari/537.36"
162.43.249.237 - - [09/Jul/2025:00:16:36 -0400] "GET /RICH/js/bootstrap.min.js HTTP/1.0" 200 51039 "https://www.richinc.org/RICH/privacy-policy.html" "Mozilla/5.0 (X11; Linux x86_64) AppleWebKit/537.36 (KHTML, like Gecko) HeadlessChrome/106.0.5249.30 Safari/537.36"
162.43.249.237 - - [09/Jul/2025:00:16:36 -0400] "GET /RICH/js/popper.min.js HTTP/1.0" 200 20336 "https://www.richinc.org/RICH/privacy-policy.html" "Mozilla/5.0 (X11; Linux x86_64) AppleWebKit/537.36 (KHTML, like Gecko) HeadlessChrome/106.0.5249.30 Safari/537.36"
162.43.249.237 - - [09/Jul/2025:00:16:36 -0400] "GET /RICH/js/owl.carousel.min.js HTTP/1.0" 200 42766 "https://www.richinc.org/RICH/privacy-policy.html" "Mozilla/5.0 (X11; Linux x86_64) AppleWebKit/537.36 (KHTML, like Gecko) HeadlessChrome/106.0.5249.30 Safari/537.36"
43.252.31.53 - - [09/Jul/2025:00:16:36 -0400] "GET /RICH/cdn-cgi/scripts/5c5dd728/cloudflare-static/email-decode.min.js HTTP/1.0" 404 575 "https://www.richinc.org/RICH/campaign1.html" "Mozilla/5.0 (X11; Linux x86_64) AppleWebKit/537.36 (KHTML, like Gecko) HeadlessChrome/106.0.5249.30 Safari/537.36"
162.43.249.237 - - [09/Jul/2025:00:16:36 -0400] "GET /RICH/js/jquery.stellar.min.js HTTP/1.0" 200 12597 "https://www.richinc.org/RICH/privacy-policy.html" "Mozilla/5.0 (X11; Linux x86_64) AppleWebKit/537.36 (KHTML, like Gecko) HeadlessChrome/106.0.5249.30 Safari/537.36"
162.43.249.237 - - [09/Jul/2025:00:16:36 -0400] "GET /RICH/js/jquery.countdown.min.js HTTP/1.0" 200 5339 "https://www.richinc.org/RICH/privacy-policy.html" "Mozilla/5.0 (X11; Linux x86_64) AppleWebKit/537.36 (KHTML, like Gecko) HeadlessChrome/106.0.5249.30 Safari/537.36"
162.43.249.237 - - [09/Jul/2025:00:16:36 -0400] "GET /RICH/js/jquery.magnific-popup.min.js HTTP/1.0" 200 20216 "https://www.richinc.org/RICH/privacy-policy.html" "Mozilla/5.0 (X11; Linux x86_64) AppleWebKit/537.36 (KHTML, like Gecko) HeadlessChrome/106.0.5249.30 Safari/537.36"
162.43.249.237 - - [09/Jul/2025:00:16:36 -0400] "GET /RICH/js/bootstrap-datepicker.min.js HTTP/1.0" 200 34172 "https://www.richinc.org/RICH/privacy-policy.html" "Mozilla/5.0 (X11; Linux x86_64) AppleWebKit/537.36 (KHTML, like Gecko) HeadlessChrome/106.0.5249.30 Safari/537.36"
162.43.249.237 - - [09/Jul/2025:00:16:36 -0400] "GET /RICH/js/aos.js HTTP/1.0" 200 14244 "https://www.richinc.org/RICH/privacy-policy.html" "Mozilla/5.0 (X11; Linux x86_64) AppleWebKit/537.36 (KHTML, like Gecko) HeadlessChrome/106.0.5249.30 Safari/537.36"
162.43.249.237 - - [09/Jul/2025:00:16:36 -0400] "GET /RICH/js/main.js HTTP/1.0" 200 7761 "https://www.richinc.org/RICH/privacy-policy.html" "Mozilla/5.0 (X11; Linux x86_64) AppleWebKit/537.36 (KHTML, like Gecko) HeadlessChrome/106.0.5249.30 Safari/537.36"
162.43.249.237 - - [09/Jul/2025:00:16:36 -0400] "GET /RICH/js/mediaelement-and-player.min.js HTTP/1.0" 200 152469 "https://www.richinc.org/RICH/privacy-policy.html" "Mozilla/5.0 (X11; Linux x86_64) AppleWebKit/537.36 (KHTML, like Gecko) HeadlessChrome/106.0.5249.30 Safari/537.36"
203.109.63.142 - - [09/Jul/2025:00:16:36 -0400] "GET /cdn-cgi/scripts/5c5dd728/cloudflare-static/email-decode.min.js HTTP/1.0" 302 275 "https://www.richinc.org/RICH/annual-reports.html" "Mozilla/5.0 (X11; Linux x86_64) AppleWebKit/537.36 (KHTML, like Gecko) HeadlessChrome/106.0.5249.30 Safari/537.36"
203.109.63.142 - - [09/Jul/2025:00:16:36 -0400] "GET /RICH/js/jquery-3.3.1.min.js HTTP/1.0" 200 86926 "https://www.richinc.org/RICH/annual-reports.html" "Mozilla/5.0 (X11; Linux x86_64) AppleWebKit/537.36 (KHTML, like Gecko) HeadlessChrome/106.0.5249.30 Safari/537.36"
203.109.63.142 - - [09/Jul/2025:00:16:36 -0400] "GET /RICH/js/bootstrap.min.js HTTP/1.0" 200 51039 "https://www.richinc.org/RICH/annual-reports.html" "Mozilla/5.0 (X11; Linux x86_64) AppleWebKit/537.36 (KHTML, like Gecko) HeadlessChrome/106.0.5249.30 Safari/537.36"
203.109.63.142 - - [09/Jul/2025:00:16:36 -0400] "GET /RICH/js/popper.min.js HTTP/1.0" 200 20336 "https://www.richinc.org/RICH/annual-reports.html" "Mozilla/5.0 (X11; Linux x86_64) AppleWebKit/537.36 (KHTML, like Gecko) HeadlessChrome/106.0.5249.30 Safari/537.36"
203.109.63.142 - - [09/Jul/2025:00:16:36 -0400] "GET /RICH/js/jquery-ui.js HTTP/1.0" 200 45799 "https://www.richinc.org/RICH/annual-reports.html" "Mozilla/5.0 (X11; Linux x86_64) AppleWebKit/537.36 (KHTML, like Gecko) HeadlessChrome/106.0.5249.30 Safari/537.36"
203.109.63.142 - - [09/Jul/2025:00:16:36 -0400] "GET /RICH/js/jquery.countdown.min.js HTTP/1.0" 200 5339 "https://www.richinc.org/RICH/annual-reports.html" "Mozilla/5.0 (X11; Linux x86_64) AppleWebKit/537.36 (KHTML, like Gecko) HeadlessChrome/106.0.5249.30 Safari/537.36"
203.109.63.142 - - [09/Jul/2025:00:16:36 -0400] "GET /RICH/js/bootstrap-datepicker.min.js HTTP/1.0" 200 34172 "https://www.richinc.org/RICH/annual-reports.html" "Mozilla/5.0 (X11; Linux x86_64) AppleWebKit/537.36 (KHTML, like Gecko) HeadlessChrome/106.0.5249.30 Safari/537.36"
203.109.63.142 - - [09/Jul/2025:00:16:36 -0400] "GET /RICH/js/aos.js HTTP/1.0" 200 14244 "https://www.richinc.org/RICH/annual-reports.html" "Mozilla/5.0 (X11; Linux x86_64) AppleWebKit/537.36 (KHTML, like Gecko) HeadlessChrome/106.0.5249.30 Safari/537.36"
203.109.63.142 - - [09/Jul/2025:00:16:36 -0400] "GET /RICH/js/owl.carousel.min.js HTTP/1.0" 200 42766 "https://www.richinc.org/RICH/annual-reports.html" "Mozilla/5.0 (X11; Linux x86_64) AppleWebKit/537.36 (KHTML, like Gecko) HeadlessChrome/106.0.5249.30 Safari/537.36"
203.109.63.142 - - [09/Jul/2025:00:16:36 -0400] "GET /RICH/js/jquery.magnific-popup.min.js HTTP/1.0" 200 20216 "https://www.richinc.org/RICH/annual-reports.html" "Mozilla/5.0 (X11; Linux x86_64) AppleWebKit/537.36 (KHTML, like Gecko) HeadlessChrome/106.0.5249.30 Safari/537.36"
203.109.63.142 - - [09/Jul/2025:00:16:36 -0400] "GET /RICH/js/jquery-migrate-3.0.1.min.js HTTP/1.0" 200 11421 "https://www.richinc.org/RICH/annual-reports.html" "Mozilla/5.0 (X11; Linux x86_64) AppleWebKit/537.36 (KHTML, like Gecko) HeadlessChrome/106.0.5249.30 Safari/537.36"
203.109.63.142 - - [09/Jul/2025:00:16:36 -0400] "GET /RICH/js/jquery.stellar.min.js HTTP/1.0" 200 12597 "https://www.richinc.org/RICH/annual-reports.html" "Mozilla/5.0 (X11; Linux x86_64) AppleWebKit/537.36 (KHTML, like Gecko) HeadlessChrome/106.0.5249.30 Safari/537.36"
168.151.185.58 - - [09/Jul/2025:00:16:36 -0400] "GET /cdn-cgi/scripts/5c5dd728/cloudflare-static/email-decode.min.js HTTP/1.0" 302 275 "https://www.richinc.org/RICH/mission.html" "Mozilla/5.0 (X11; Linux x86_64) AppleWebKit/537.36 (KHTML, like Gecko) HeadlessChrome/106.0.5249.30 Safari/537.36"
203.109.63.142 - - [09/Jul/2025:00:16:36 -0400] "GET /RICH/js/main.js HTTP/1.0" 200 7761 "https://www.richinc.org/RICH/annual-reports.html" "Mozilla/5.0 (X11; Linux x86_64) AppleWebKit/537.36 (KHTML, like Gecko) HeadlessChrome/106.0.5249.30 Safari/537.36"
203.109.63.142 - - [09/Jul/2025:00:16:36 -0400] "GET /RICH/js/mediaelement-and-player.min.js HTTP/1.0" 200 152469 "https://www.richinc.org/RICH/annual-reports.html" "Mozilla/5.0 (X11; Linux x86_64) AppleWebKit/537.36 (KHTML, like Gecko) HeadlessChrome/106.0.5249.30 Safari/537.36"
168.151.185.58 - - [09/Jul/2025:00:16:36 -0400] "GET /RICH/js/jquery-migrate-3.0.1.min.js HTTP/1.0" 200 11421 "https://www.richinc.org/RICH/mission.html" "Mozilla/5.0 (X11; Linux x86_64) AppleWebKit/537.36 (KHTML, like Gecko) HeadlessChrome/106.0.5249.30 Safari/537.36"
168.151.185.58 - - [09/Jul/2025:00:16:36 -0400] "GET /RICH/js/jquery-3.3.1.min.js HTTP/1.0" 200 86926 "https://www.richinc.org/RICH/mission.html" "Mozilla/5.0 (X11; Linux x86_64) AppleWebKit/537.36 (KHTML, like Gecko) HeadlessChrome/106.0.5249.30 Safari/537.36"
168.151.185.58 - - [09/Jul/2025:00:16:36 -0400] "GET /RICH/js/jquery-ui.js HTTP/1.0" 200 45799 "https://www.richinc.org/RICH/mission.html" "Mozilla/5.0 (X11; Linux x86_64) AppleWebKit/537.36 (KHTML, like Gecko) HeadlessChrome/106.0.5249.30 Safari/537.36"
162.43.251.197 - - [09/Jul/2025:00:16:36 -0400] "POST /RICH/php/UsersRICH.php HTTP/1.0" 200 - "https://www.richinc.org/RICH/reach-for-success.html" "Mozilla/5.0 (X11; Linux x86_64) AppleWebKit/537.36 (KHTML, like Gecko) HeadlessChrome/106.0.5249.30 Safari/537.36"
162.43.249.237 - - [09/Jul/2025:00:16:36 -0400] "GET /RICH/cdn-cgi/scripts/5c5dd728/cloudflare-static/email-decode.min.js HTTP/1.0" 404 575 "https://www.richinc.org/RICH/privacy-policy.html" "Mozilla/5.0 (X11; Linux x86_64) AppleWebKit/537.36 (KHTML, like Gecko) HeadlessChrome/106.0.5249.30 Safari/537.36"
188.94.85.70 - - [09/Jul/2025:00:16:36 -0400] "GET /cdn-cgi/scripts/5c5dd728/cloudflare-static/email-decode.min.js HTTP/1.0" 302 275 "https://www.richinc.org/RICH/parents-investment-alliance.html" "Mozilla/5.0 (X11; Linux x86_64) AppleWebKit/537.36 (KHTML, like Gecko) HeadlessChrome/106.0.5249.30 Safari/537.36"
168.151.185.58 - - [09/Jul/2025:00:16:36 -0400] "GET /RICH/js/popper.min.js HTTP/1.0" 200 20336 "https://www.richinc.org/RICH/mission.html" "Mozilla/5.0 (X11; Linux x86_64) AppleWebKit/537.36 (KHTML, like Gecko) HeadlessChrome/106.0.5249.30 Safari/537.36"
168.151.185.58 - - [09/Jul/2025:00:16:36 -0400] "GET /RICH/js/bootstrap.min.js HTTP/1.0" 200 51039 "https://www.richinc.org/RICH/mission.html" "Mozilla/5.0 (X11; Linux x86_64) AppleWebKit/537.36 (KHTML, like Gecko) HeadlessChrome/106.0.5249.30 Safari/537.36"
168.151.185.58 - - [09/Jul/2025:00:16:36 -0400] "GET /RICH/js/owl.carousel.min.js HTTP/1.0" 200 42766 "https://www.richinc.org/RICH/mission.html" "Mozilla/5.0 (X11; Linux x86_64) AppleWebKit/537.36 (KHTML, like Gecko) HeadlessChrome/106.0.5249.30 Safari/537.36"
188.94.85.70 - - [09/Jul/2025:00:16:36 -0400] "GET /RICH/js/jquery-3.3.1.min.js HTTP/1.0" 200 86926 "https://www.richinc.org/RICH/parents-investment-alliance.html" "Mozilla/5.0 (X11; Linux x86_64) AppleWebKit/537.36 (KHTML, like Gecko) HeadlessChrome/106.0.5249.30 Safari/537.36"
168.151.185.58 - - [09/Jul/2025:00:16:36 -0400] "GET /RICH/js/jquery.stellar.min.js HTTP/1.0" 200 12597 "https://www.richinc.org/RICH/mission.html" "Mozilla/5.0 (X11; Linux x86_64) AppleWebKit/537.36 (KHTML, like Gecko) HeadlessChrome/106.0.5249.30 Safari/537.36"
168.151.185.58 - - [09/Jul/2025:00:16:36 -0400] "GET /RICH/js/jquery.countdown.min.js HTTP/1.0" 200 5339 "https://www.richinc.org/RICH/mission.html" "Mozilla/5.0 (X11; Linux x86_64) AppleWebKit/537.36 (KHTML, like Gecko) HeadlessChrome/106.0.5249.30 Safari/537.36"
168.151.185.58 - - [09/Jul/2025:00:16:36 -0400] "GET /RICH/js/jquery.magnific-popup.min.js HTTP/1.0" 200 20216 "https://www.richinc.org/RICH/mission.html" "Mozilla/5.0 (X11; Linux x86_64) AppleWebKit/537.36 (KHTML, like Gecko) HeadlessChrome/106.0.5249.30 Safari/537.36"
188.94.85.70 - - [09/Jul/2025:00:16:36 -0400] "GET /RICH/js/jquery-migrate-3.0.1.min.js HTTP/1.0" 200 11421 "https://www.richinc.org/RICH/parents-investment-alliance.html" "Mozilla/5.0 (X11; Linux x86_64) AppleWebKit/537.36 (KHTML, like Gecko) HeadlessChrome/106.0.5249.30 Safari/537.36"
180.149.0.16 - - [09/Jul/2025:00:16:36 -0400] "POST /RICH/php/UsersRICH.php HTTP/1.0" 200 - "https://www.richinc.org/RICH/podcasts.html" "Mozilla/5.0 (X11; Linux x86_64) AppleWebKit/537.36 (KHTML, like Gecko) HeadlessChrome/106.0.5249.30 Safari/537.36"
168.151.185.58 - - [09/Jul/2025:00:16:36 -0400] "GET /RICH/js/bootstrap-datepicker.min.js HTTP/1.0" 200 34172 "https://www.richinc.org/RICH/mission.html" "Mozilla/5.0 (X11; Linux x86_64) AppleWebKit/537.36 (KHTML, like Gecko) HeadlessChrome/106.0.5249.30 Safari/537.36"
188.94.85.70 - - [09/Jul/2025:00:16:36 -0400] "GET /RICH/js/popper.min.js HTTP/1.0" 200 20336 "https://www.richinc.org/RICH/parents-investment-alliance.html" "Mozilla/5.0 (X11; Linux x86_64) AppleWebKit/537.36 (KHTML, like Gecko) HeadlessChrome/106.0.5249.30 Safari/537.36"
188.94.85.70 - - [09/Jul/2025:00:16:36 -0400] "GET /RICH/js/jquery-ui.js HTTP/1.0" 200 45799 "https://www.richinc.org/RICH/parents-investment-alliance.html" "Mozilla/5.0 (X11; Linux x86_64) AppleWebKit/537.36 (KHTML, like Gecko) HeadlessChrome/106.0.5249.30 Safari/537.36"
188.94.85.70 - - [09/Jul/2025:00:16:36 -0400] "GET /RICH/js/bootstrap.min.js HTTP/1.0" 200 51039 "https://www.richinc.org/RICH/parents-investment-alliance.html" "Mozilla/5.0 (X11; Linux x86_64) AppleWebKit/537.36 (KHTML, like Gecko) HeadlessChrome/106.0.5249.30 Safari/537.36"
168.151.185.58 - - [09/Jul/2025:00:16:36 -0400] "GET /RICH/js/aos.js HTTP/1.0" 200 14244 "https://www.richinc.org/RICH/mission.html" "Mozilla/5.0 (X11; Linux x86_64) AppleWebKit/537.36 (KHTML, like Gecko) HeadlessChrome/106.0.5249.30 Safari/537.36"
188.94.85.70 - - [09/Jul/2025:00:16:36 -0400] "GET /RICH/js/owl.carousel.min.js HTTP/1.0" 200 42766 "https://www.richinc.org/RICH/parents-investment-alliance.html" "Mozilla/5.0 (X11; Linux x86_64) AppleWebKit/537.36 (KHTML, like Gecko) HeadlessChrome/106.0.5249.30 Safari/537.36"
188.94.85.70 - - [09/Jul/2025:00:16:36 -0400] "GET /RICH/js/jquery.stellar.min.js HTTP/1.0" 200 12597 "https://www.richinc.org/RICH/parents-investment-alliance.html" "Mozilla/5.0 (X11; Linux x86_64) AppleWebKit/537.36 (KHTML, like Gecko) HeadlessChrome/106.0.5249.30 Safari/537.36"
188.94.85.70 - - [09/Jul/2025:00:16:36 -0400] "GET /RICH/js/jquery.countdown.min.js HTTP/1.0" 200 5339 "https://www.richinc.org/RICH/parents-investment-alliance.html" "Mozilla/5.0 (X11; Linux x86_64) AppleWebKit/537.36 (KHTML, like Gecko) HeadlessChrome/106.0.5249.30 Safari/537.36"
168.151.185.58 - - [09/Jul/2025:00:16:36 -0400] "GET /RICH/js/main.js HTTP/1.0" 200 7761 "https://www.richinc.org/RICH/mission.html" "Mozilla/5.0 (X11; Linux x86_64) AppleWebKit/537.36 (KHTML, like Gecko) HeadlessChrome/106.0.5249.30 Safari/537.36"
188.94.85.70 - - [09/Jul/2025:00:16:36 -0400] "GET /RICH/js/jquery.magnific-popup.min.js HTTP/1.0" 200 20216 "https://www.richinc.org/RICH/parents-investment-alliance.html" "Mozilla/5.0 (X11; Linux x86_64) AppleWebKit/537.36 (KHTML, like Gecko) HeadlessChrome/106.0.5249.30 Safari/537.36"
168.151.185.58 - - [09/Jul/2025:00:16:36 -0400] "GET /RICH/js/mediaelement-and-player.min.js HTTP/1.0" 200 152469 "https://www.richinc.org/RICH/mission.html" "Mozilla/5.0 (X11; Linux x86_64) AppleWebKit/537.36 (KHTML, like Gecko) HeadlessChrome/106.0.5249.30 Safari/537.36"
43.252.31.53 - - [09/Jul/2025:00:16:36 -0400] "POST /php/UsersRICH.php HTTP/1.0" 302 230 "https://www.richinc.org/RICH/campaign1.html" "Mozilla/5.0 (X11; Linux x86_64) AppleWebKit/537.36 (KHTML, like Gecko) HeadlessChrome/106.0.5249.30 Safari/537.36"
161.123.80.22 - - [09/Jul/2025:00:16:36 -0400] "GET /cdn-cgi/scripts/5c5dd728/cloudflare-static/email-decode.min.js HTTP/1.0" 302 275 "https://www.richinc.org/RICH/nvlpessay1.html" "Mozilla/5.0 (X11; Linux x86_64) AppleWebKit/537.36 (KHTML, like Gecko) HeadlessChrome/106.0.5249.30 Safari/537.36"
161.123.80.22 - - [09/Jul/2025:00:16:36 -0400] "GET /RICH/js/jquery-3.3.1.min.js HTTP/1.0" 200 86926 "https://www.richinc.org/RICH/nvlpessay1.html" "Mozilla/5.0 (X11; Linux x86_64) AppleWebKit/537.36 (KHTML, like Gecko) HeadlessChrome/106.0.5249.30 Safari/537.36"
161.123.80.22 - - [09/Jul/2025:00:16:36 -0400] "GET /RICH/js/jquery-migrate-3.0.1.min.js HTTP/1.0" 200 11421 "https://www.richinc.org/RICH/nvlpessay1.html" "Mozilla/5.0 (X11; Linux x86_64) AppleWebKit/537.36 (KHTML, like Gecko) HeadlessChrome/106.0.5249.30 Safari/537.36"
161.123.80.22 - - [09/Jul/2025:00:16:36 -0400] "GET /RICH/js/jquery-ui.js HTTP/1.0" 200 45799 "https://www.richinc.org/RICH/nvlpessay1.html" "Mozilla/5.0 (X11; Linux x86_64) AppleWebKit/537.36 (KHTML, like Gecko) HeadlessChrome/106.0.5249.30 Safari/537.36"
161.123.80.22 - - [09/Jul/2025:00:16:36 -0400] "GET /RICH/js/popper.min.js HTTP/1.0" 200 20336 "https://www.richinc.org/RICH/nvlpessay1.html" "Mozilla/5.0 (X11; Linux x86_64) AppleWebKit/537.36 (KHTML, like Gecko) HeadlessChrome/106.0.5249.30 Safari/537.36"
188.94.84.147 - - [09/Jul/2025:00:16:36 -0400] "POST /RICH/php/UsersRICH.php HTTP/1.0" 200 - "https://www.richinc.org/RICH/overview.html" "Mozilla/5.0 (X11; Linux x86_64) AppleWebKit/537.36 (KHTML, like Gecko) HeadlessChrome/106.0.5249.30 Safari/537.36"
161.123.80.22 - - [09/Jul/2025:00:16:36 -0400] "GET /RICH/js/bootstrap.min.js HTTP/1.0" 200 51039 "https://www.richinc.org/RICH/nvlpessay1.html" "Mozilla/5.0 (X11; Linux x86_64) AppleWebKit/537.36 (KHTML, like Gecko) HeadlessChrome/106.0.5249.30 Safari/537.36"
161.123.80.22 - - [09/Jul/2025:00:16:36 -0400] "GET /RICH/js/owl.carousel.min.js HTTP/1.0" 200 42766 "https://www.richinc.org/RICH/nvlpessay1.html" "Mozilla/5.0 (X11; Linux x86_64) AppleWebKit/537.36 (KHTML, like Gecko) HeadlessChrome/106.0.5249.30 Safari/537.36"
188.94.85.70 - - [09/Jul/2025:00:16:36 -0400] "GET /RICH/js/bootstrap-datepicker.min.js HTTP/1.0" 200 34172 "https://www.richinc.org/RICH/parents-investment-alliance.html" "Mozilla/5.0 (X11; Linux x86_64) AppleWebKit/537.36 (KHTML, like Gecko) HeadlessChrome/106.0.5249.30 Safari/537.36"
188.94.85.70 - - [09/Jul/2025:00:16:36 -0400] "GET /RICH/js/aos.js HTTP/1.0" 200 14244 "https://www.richinc.org/RICH/parents-investment-alliance.html" "Mozilla/5.0 (X11; Linux x86_64) AppleWebKit/537.36 (KHTML, like Gecko) HeadlessChrome/106.0.5249.30 Safari/537.36"
161.123.80.22 - - [09/Jul/2025:00:16:36 -0400] "GET /RICH/js/jquery.stellar.min.js HTTP/1.0" 200 12597 "https://www.richinc.org/RICH/nvlpessay1.html" "Mozilla/5.0 (X11; Linux x86_64) AppleWebKit/537.36 (KHTML, like Gecko) HeadlessChrome/106.0.5249.30 Safari/537.36"
45.13.251.0 - - [09/Jul/2025:00:16:36 -0400] "POST /RICH/php/UsersRICH.php HTTP/1.0" 200 - "https://www.richinc.org/RICH/first-graduates.html" "Mozilla/5.0 (X11; Linux x86_64) AppleWebKit/537.36 (KHTML, like Gecko) HeadlessChrome/106.0.5249.30 Safari/537.36"
188.94.85.70 - - [09/Jul/2025:00:16:36 -0400] "GET /RICH/js/mediaelement-and-player.min.js HTTP/1.0" 200 152469 "https://www.richinc.org/RICH/parents-investment-alliance.html" "Mozilla/5.0 (X11; Linux x86_64) AppleWebKit/537.36 (KHTML, like Gecko) HeadlessChrome/106.0.5249.30 Safari/537.36"
