119.13.204.14 - - [09/Jul/2025:00:17:05 -0400] "GET /RICH/js/jquery.magnific-popup.min.js HTTP/1.0" 200 20216 "https://www.richinc.org/RICH/rich-learning-system.html" "Mozilla/5.0 (X11; Linux x86_64) AppleWebKit/537.36 (KHTML, like Gecko) HeadlessChrome/106.0.5249.30 Safari/537.36"
119.13.204.14 - - [09/Jul/2025:00:17:05 -0400] "GET /RICH/js/jquery.stellar.min.js HTTP/1.0" 200 12597 "https://www.richinc.org/RICH/rich-learning-system.html" "Mozilla/5.0 (X11; Linux x86_64) AppleWebKit/537.36 (KHTML, like Gecko) HeadlessChrome/106.0.5249.30 Safari/537.36"
119.13.204.14 - - [09/Jul/2025:00:17:05 -0400] "GET /RICH/js/aos.js HTTP/1.0" 200 14244 "https://www.richinc.org/RICH/rich-learning-system.html" "Mozilla/5.0 (X11; Linux x86_64) AppleWebKit/537.36 (KHTML, like Gecko) HeadlessChrome/106.0.5249.30 Safari/537.36"
119.13.204.14 - - [09/Jul/2025:00:17:05 -0400] "GET /RICH/js/bootstrap-datepicker.min.js HTTP/1.0" 200 34172 "https://www.richinc.org/RICH/rich-learning-system.html" "Mozilla/5.0 (X11; Linux x86_64) AppleWebKit/537.36 (KHTML, like Gecko) HeadlessChrome/106.0.5249.30 Safari/537.36"
180.149.18.249 - - [09/Jul/2025:00:17:05 -0400] "GET /RICH/privacy-policy.html HTTP/1.0" 200 17938 "-" "Mozilla/5.0 (X11; Linux x86_64) AppleWebKit/537.36 (KHTML, like Gecko) HeadlessChrome/106.0.5249.30 Safari/537.36"
119.13.204.14 - - [09/Jul/2025:00:17:05 -0400] "GET /RICH/js/mediaelement-and-player.min.js HTTP/1.0" 200 152469 "https://www.richinc.org/RICH/rich-learning-system.html" "Mozilla/5.0 (X11; Linux x86_64) AppleWebKit/537.36 (KHTML, like Gecko) HeadlessChrome/106.0.5249.30 Safari/537.36"
161.123.171.67 - - [09/Jul/2025:00:17:05 -0400] "GET /RICH/annual-reports.html HTTP/1.0" 200 17390 "-" "Mozilla/5.0 (X11; Linux x86_64) AppleWebKit/537.36 (KHTML, like Gecko) HeadlessChrome/106.0.5249.30 Safari/537.36"
119.13.204.14 - - [09/Jul/2025:00:17:05 -0400] "GET /RICH/js/main.js HTTP/1.0" 200 7761 "https://www.richinc.org/RICH/rich-learning-system.html" "Mozilla/5.0 (X11; Linux x86_64) AppleWebKit/537.36 (KHTML, like Gecko) HeadlessChrome/106.0.5249.30 Safari/537.36"
152.39.171.203 - - [09/Jul/2025:00:17:05 -0400] "GET /parents-investment-alliance.html HTTP/1.0" 302 245 "-" "Mozilla/5.0 (X11; Linux x86_64) AppleWebKit/537.36 (KHTML, like Gecko) HeadlessChrome/106.0.5249.30 Safari/537.36"
213.188.77.196 - - [09/Jul/2025:00:17:05 -0400] "GET /sdlp.html HTTP/1.0" 302 222 "-" "Mozilla/5.0 (X11; Linux x86_64) AppleWebKit/537.36 (KHTML, like Gecko) HeadlessChrome/106.0.5249.30 Safari/537.36"
209.95.169.65 - - [09/Jul/2025:00:17:05 -0400] "GET /RICH/mission.html HTTP/1.0" 200 24725 "-" "Mozilla/5.0 (X11; Linux x86_64) AppleWebKit/537.36 (KHTML, like Gecko) HeadlessChrome/106.0.5249.30 Safari/537.36"
206.204.1.46 - - [09/Jul/2025:00:17:05 -0400] "GET /RICH/gsuite-classroom.html HTTP/1.0" 200 12627 "-" "Mozilla/5.0 (X11; Linux x86_64) AppleWebKit/537.36 (KHTML, like Gecko) HeadlessChrome/106.0.5249.30 Safari/537.36"
119.13.204.14 - - [09/Jul/2025:00:17:05 -0400] "GET /RICH/cdn-cgi/scripts/5c5dd728/cloudflare-static/email-decode.min.js HTTP/1.0" 404 575 "https://www.richinc.org/RICH/rich-learning-system.html" "Mozilla/5.0 (X11; Linux x86_64) AppleWebKit/537.36 (KHTML, like Gecko) HeadlessChrome/106.0.5249.30 Safari/537.36"
168.151.104.196 - - [09/Jul/2025:00:17:05 -0400] "GET /RICH/partnership-opportunities.html HTTP/1.0" 200 16929 "-" "Mozilla/5.0 (X11; Linux x86_64) AppleWebKit/537.36 (KHTML, like Gecko) HeadlessChrome/106.0.5249.30 Safari/537.36"
168.151.118.233 - - [09/Jul/2025:00:17:05 -0400] "POST /RICH/php/UsersRICH.php HTTP/1.0" 200 - "https://www.richinc.org/RICH/overview.html" "Mozilla/5.0 (X11; Linux x86_64) AppleWebKit/537.36 (KHTML, like Gecko) HeadlessChrome/106.0.5249.30 Safari/537.36"
168.151.132.71 - - [09/Jul/2025:00:17:05 -0400] "GET /interns.html HTTP/1.0" 302 225 "-" "Mozilla/5.0 (X11; Linux x86_64) AppleWebKit/537.36 (KHTML, like Gecko) HeadlessChrome/106.0.5249.30 Safari/537.36"
162.43.251.85 - - [09/Jul/2025:00:17:05 -0400] "GET /RICH/podcasts.html HTTP/1.0" 200 40530 "-" "Mozilla/5.0 (X11; Linux x86_64) AppleWebKit/537.36 (KHTML, like Gecko) HeadlessChrome/106.0.5249.30 Safari/537.36"
152.39.200.51 - - [09/Jul/2025:00:17:05 -0400] "GET /RICH/index.html HTTP/1.0" 200 64636 "-" "Mozilla/5.0 (X11; Linux x86_64) AppleWebKit/537.36 (KHTML, like Gecko) HeadlessChrome/106.0.5249.30 Safari/537.36"
89.34.79.113 - - [09/Jul/2025:00:17:05 -0400] "GET /reach-for-success.html HTTP/1.0" 302 235 "-" "Mozilla/5.0 (X11; Linux x86_64) AppleWebKit/537.36 (KHTML, like Gecko) HeadlessChrome/106.0.5249.30 Safari/537.36"
180.149.18.249 - - [09/Jul/2025:00:17:05 -0400] "GET /cdn-cgi/scripts/5c5dd728/cloudflare-static/email-decode.min.js HTTP/1.0" 302 275 "https://www.richinc.org/RICH/privacy-policy.html" "Mozilla/5.0 (X11; Linux x86_64) AppleWebKit/537.36 (KHTML, like Gecko) HeadlessChrome/106.0.5249.30 Safari/537.36"
180.149.18.249 - - [09/Jul/2025:00:17:05 -0400] "GET /RICH/js/jquery-migrate-3.0.1.min.js HTTP/1.0" 200 11421 "https://www.richinc.org/RICH/privacy-policy.html" "Mozilla/5.0 (X11; Linux x86_64) AppleWebKit/537.36 (KHTML, like Gecko) HeadlessChrome/106.0.5249.30 Safari/537.36"
180.149.18.249 - - [09/Jul/2025:00:17:05 -0400] "GET /RICH/js/bootstrap.min.js HTTP/1.0" 200 51039 "https://www.richinc.org/RICH/privacy-policy.html" "Mozilla/5.0 (X11; Linux x86_64) AppleWebKit/537.36 (KHTML, like Gecko) HeadlessChrome/106.0.5249.30 Safari/537.36"
180.149.18.249 - - [09/Jul/2025:00:17:05 -0400] "GET /RICH/js/popper.min.js HTTP/1.0" 200 20336 "https://www.richinc.org/RICH/privacy-policy.html" "Mozilla/5.0 (X11; Linux x86_64) AppleWebKit/537.36 (KHTML, like Gecko) HeadlessChrome/106.0.5249.30 Safari/537.36"
180.149.18.249 - - [09/Jul/2025:00:17:05 -0400] "GET /RICH/js/jquery-ui.js HTTP/1.0" 200 45799 "https://www.richinc.org/RICH/privacy-policy.html" "Mozilla/5.0 (X11; Linux x86_64) AppleWebKit/537.36 (KHTML, like Gecko) HeadlessChrome/106.0.5249.30 Safari/537.36"
180.149.18.249 - - [09/Jul/2025:00:17:05 -0400] "GET /RICH/js/jquery-3.3.1.min.js HTTP/1.0" 200 86926 "https://www.richinc.org/RICH/privacy-policy.html" "Mozilla/5.0 (X11; Linux x86_64) AppleWebKit/537.36 (KHTML, like Gecko) HeadlessChrome/106.0.5249.30 Safari/537.36"
180.149.18.249 - - [09/Jul/2025:00:17:05 -0400] "GET /RICH/js/owl.carousel.min.js HTTP/1.0" 200 42766 "https://www.richinc.org/RICH/privacy-policy.html" "Mozilla/5.0 (X11; Linux x86_64) AppleWebKit/537.36 (KHTML, like Gecko) HeadlessChrome/106.0.5249.30 Safari/537.36"
180.149.18.249 - - [09/Jul/2025:00:17:05 -0400] "GET /RICH/js/jquery.stellar.min.js HTTP/1.0" 200 12597 "https://www.richinc.org/RICH/privacy-policy.html" "Mozilla/5.0 (X11; Linux x86_64) AppleWebKit/537.36 (KHTML, like Gecko) HeadlessChrome/106.0.5249.30 Safari/537.36"
180.149.18.249 - - [09/Jul/2025:00:17:05 -0400] "GET /RICH/js/jquery.countdown.min.js HTTP/1.0" 200 5339 "https://www.richinc.org/RICH/privacy-policy.html" "Mozilla/5.0 (X11; Linux x86_64) AppleWebKit/537.36 (KHTML, like Gecko) HeadlessChrome/106.0.5249.30 Safari/537.36"
180.149.18.249 - - [09/Jul/2025:00:17:05 -0400] "GET /RICH/js/jquery.magnific-popup.min.js HTTP/1.0" 200 20216 "https://www.richinc.org/RICH/privacy-policy.html" "Mozilla/5.0 (X11; Linux x86_64) AppleWebKit/537.36 (KHTML, like Gecko) HeadlessChrome/106.0.5249.30 Safari/537.36"
206.204.1.46 - - [09/Jul/2025:00:17:05 -0400] "GET /cdn-cgi/scripts/5c5dd728/cloudflare-static/email-decode.min.js HTTP/1.0" 302 275 "https://www.richinc.org/RICH/gsuite-classroom.html" "Mozilla/5.0 (X11; Linux x86_64) AppleWebKit/537.36 (KHTML, like Gecko) HeadlessChrome/106.0.5249.30 Safari/537.36"
180.149.18.249 - - [09/Jul/2025:00:17:05 -0400] "GET /RICH/js/bootstrap-datepicker.min.js HTTP/1.0" 200 34172 "https://www.richinc.org/RICH/privacy-policy.html" "Mozilla/5.0 (X11; Linux x86_64) AppleWebKit/537.36 (KHTML, like Gecko) HeadlessChrome/106.0.5249.30 Safari/537.36"
209.95.169.65 - - [09/Jul/2025:00:17:05 -0400] "GET /cdn-cgi/scripts/5c5dd728/cloudflare-static/email-decode.min.js HTTP/1.0" 302 275 "https://www.richinc.org/RICH/mission.html" "Mozilla/5.0 (X11; Linux x86_64) AppleWebKit/537.36 (KHTML, like Gecko) HeadlessChrome/106.0.5249.30 Safari/537.36"
180.149.18.249 - - [09/Jul/2025:00:17:05 -0400] "GET /RICH/js/aos.js HTTP/1.0" 200 14244 "https://www.richinc.org/RICH/privacy-policy.html" "Mozilla/5.0 (X11; Linux x86_64) AppleWebKit/537.36 (KHTML, like Gecko) HeadlessChrome/106.0.5249.30 Safari/537.36"
119.12.182.123 - - [09/Jul/2025:00:17:05 -0400] "GET /nvlpessay2.html HTTP/1.0" 302 228 "-" "Mozilla/5.0 (X11; Linux x86_64) AppleWebKit/537.36 (KHTML, like Gecko) HeadlessChrome/106.0.5249.30 Safari/537.36"
180.149.18.249 - - [09/Jul/2025:00:17:05 -0400] "GET /RICH/js/main.js HTTP/1.0" 200 7761 "https://www.richinc.org/RICH/privacy-policy.html" "Mozilla/5.0 (X11; Linux x86_64) AppleWebKit/537.36 (KHTML, like Gecko) HeadlessChrome/106.0.5249.30 Safari/537.36"
206.204.1.46 - - [09/Jul/2025:00:17:05 -0400] "GET /RICH/js/jquery-3.3.1.min.js HTTP/1.0" 200 86926 "https://www.richinc.org/RICH/gsuite-classroom.html" "Mozilla/5.0 (X11; Linux x86_64) AppleWebKit/537.36 (KHTML, like Gecko) HeadlessChrome/106.0.5249.30 Safari/537.36"
209.95.169.65 - - [09/Jul/2025:00:17:05 -0400] "GET /RICH/js/jquery-3.3.1.min.js HTTP/1.0" 200 86926 "https://www.richinc.org/RICH/mission.html" "Mozilla/5.0 (X11; Linux x86_64) AppleWebKit/537.36 (KHTML, like Gecko) HeadlessChrome/106.0.5249.30 Safari/537.36"
180.149.18.249 - - [09/Jul/2025:00:17:05 -0400] "GET /RICH/js/mediaelement-and-player.min.js HTTP/1.0" 200 152469 "https://www.richinc.org/RICH/privacy-policy.html" "Mozilla/5.0 (X11; Linux x86_64) AppleWebKit/537.36 (KHTML, like Gecko) HeadlessChrome/106.0.5249.30 Safari/537.36"
161.123.171.67 - - [09/Jul/2025:00:17:05 -0400] "GET /cdn-cgi/scripts/5c5dd728/cloudflare-static/email-decode.min.js HTTP/1.0" 302 275 "https://www.richinc.org/RICH/annual-reports.html" "Mozilla/5.0 (X11; Linux x86_64) AppleWebKit/537.36 (KHTML, like Gecko) HeadlessChrome/106.0.5249.30 Safari/537.36"
209.95.169.65 - - [09/Jul/2025:00:17:05 -0400] "GET /RICH/js/jquery-migrate-3.0.1.min.js HTTP/1.0" 200 11421 "https://www.richinc.org/RICH/mission.html" "Mozilla/5.0 (X11; Linux x86_64) AppleWebKit/537.36 (KHTML, like Gecko) HeadlessChrome/106.0.5249.30 Safari/537.36"
209.95.169.65 - - [09/Jul/2025:00:17:05 -0400] "GET /RICH/js/jquery-ui.js HTTP/1.0" 200 45799 "https://www.richinc.org/RICH/mission.html" "Mozilla/5.0 (X11; Linux x86_64) AppleWebKit/537.36 (KHTML, like Gecko) HeadlessChrome/106.0.5249.30 Safari/537.36"
161.123.171.67 - - [09/Jul/2025:00:17:05 -0400] "GET /RICH/js/jquery-3.3.1.min.js HTTP/1.0" 200 86926 "https://www.richinc.org/RICH/annual-reports.html" "Mozilla/5.0 (X11; Linux x86_64) AppleWebKit/537.36 (KHTML, like Gecko) HeadlessChrome/106.0.5249.30 Safari/537.36"
206.204.1.46 - - [09/Jul/2025:00:17:05 -0400] "GET /RICH/js/jquery-migrate-3.0.1.min.js HTTP/1.0" 200 11421 "https://www.richinc.org/RICH/gsuite-classroom.html" "Mozilla/5.0 (X11; Linux x86_64) AppleWebKit/537.36 (KHTML, like Gecko) HeadlessChrome/106.0.5249.30 Safari/537.36"
209.95.169.65 - - [09/Jul/2025:00:17:05 -0400] "GET /RICH/js/popper.min.js HTTP/1.0" 200 20336 "https://www.richinc.org/RICH/mission.html" "Mozilla/5.0 (X11; Linux x86_64) AppleWebKit/537.36 (KHTML, like Gecko) HeadlessChrome/106.0.5249.30 Safari/537.36"
168.151.104.196 - - [09/Jul/2025:00:17:05 -0400] "GET /RICH/js/jquery-3.3.1.min.js HTTP/1.0" 200 86926 "https://www.richinc.org/RICH/partnership-opportunities.html" "Mozilla/5.0 (X11; Linux x86_64) AppleWebKit/537.36 (KHTML, like Gecko) HeadlessChrome/106.0.5249.30 Safari/537.36"
209.95.169.65 - - [09/Jul/2025:00:17:05 -0400] "GET /RICH/js/bootstrap.min.js HTTP/1.0" 200 51039 "https://www.richinc.org/RICH/mission.html" "Mozilla/5.0 (X11; Linux x86_64) AppleWebKit/537.36 (KHTML, like Gecko) HeadlessChrome/106.0.5249.30 Safari/537.36"
161.123.171.67 - - [09/Jul/2025:00:17:05 -0400] "GET /RICH/js/jquery-migrate-3.0.1.min.js HTTP/1.0" 200 11421 "https://www.richinc.org/RICH/annual-reports.html" "Mozilla/5.0 (X11; Linux x86_64) AppleWebKit/537.36 (KHTML, like Gecko) HeadlessChrome/106.0.5249.30 Safari/537.36"
168.151.104.196 - - [09/Jul/2025:00:17:05 -0400] "GET /RICH/js/jquery-migrate-3.0.1.min.js HTTP/1.0" 200 11421 "https://www.richinc.org/RICH/partnership-opportunities.html" "Mozilla/5.0 (X11; Linux x86_64) AppleWebKit/537.36 (KHTML, like Gecko) HeadlessChrome/106.0.5249.30 Safari/537.36"
168.151.104.196 - - [09/Jul/2025:00:17:05 -0400] "GET /cdn-cgi/scripts/5c5dd728/cloudflare-static/email-decode.min.js HTTP/1.0" 302 275 "https://www.richinc.org/RICH/partnership-opportunities.html" "Mozilla/5.0 (X11; Linux x86_64) AppleWebKit/537.36 (KHTML, like Gecko) HeadlessChrome/106.0.5249.30 Safari/537.36"
209.95.169.65 - - [09/Jul/2025:00:17:05 -0400] "GET /RICH/js/owl.carousel.min.js HTTP/1.0" 200 42766 "https://www.richinc.org/RICH/mission.html" "Mozilla/5.0 (X11; Linux x86_64) AppleWebKit/537.36 (KHTML, like Gecko) HeadlessChrome/106.0.5249.30 Safari/537.36"
206.204.1.46 - - [09/Jul/2025:00:17:05 -0400] "GET /RICH/js/popper.min.js HTTP/1.0" 200 20336 "https://www.richinc.org/RICH/gsuite-classroom.html" "Mozilla/5.0 (X11; Linux x86_64) AppleWebKit/537.36 (KHTML, like Gecko) HeadlessChrome/106.0.5249.30 Safari/537.36"
209.95.169.65 - - [09/Jul/2025:00:17:05 -0400] "GET /RICH/js/jquery.stellar.min.js HTTP/1.0" 200 12597 "https://www.richinc.org/RICH/mission.html" "Mozilla/5.0 (X11; Linux x86_64) AppleWebKit/537.36 (KHTML, like Gecko) HeadlessChrome/106.0.5249.30 Safari/537.36"
206.204.1.46 - - [09/Jul/2025:00:17:05 -0400] "GET /RICH/js/jquery-ui.js HTTP/1.0" 200 45799 "https://www.richinc.org/RICH/gsuite-classroom.html" "Mozilla/5.0 (X11; Linux x86_64) AppleWebKit/537.36 (KHTML, like Gecko) HeadlessChrome/106.0.5249.30 Safari/537.36"
161.123.171.67 - - [09/Jul/2025:00:17:05 -0400] "GET /RICH/js/jquery-ui.js HTTP/1.0" 200 45799 "https://www.richinc.org/RICH/annual-reports.html" "Mozilla/5.0 (X11; Linux x86_64) AppleWebKit/537.36 (KHTML, like Gecko) HeadlessChrome/106.0.5249.30 Safari/537.36"
209.95.169.65 - - [09/Jul/2025:00:17:05 -0400] "GET /RICH/js/jquery.countdown.min.js HTTP/1.0" 200 5339 "https://www.richinc.org/RICH/mission.html" "Mozilla/5.0 (X11; Linux x86_64) AppleWebKit/537.36 (KHTML, like Gecko) HeadlessChrome/106.0.5249.30 Safari/537.36"
209.95.169.65 - - [09/Jul/2025:00:17:05 -0400] "GET /RICH/js/jquery.magnific-popup.min.js HTTP/1.0" 200 20216 "https://www.richinc.org/RICH/mission.html" "Mozilla/5.0 (X11; Linux x86_64) AppleWebKit/537.36 (KHTML, like Gecko) HeadlessChrome/106.0.5249.30 Safari/537.36"
206.204.1.46 - - [09/Jul/2025:00:17:05 -0400] "GET /RICH/js/bootstrap.min.js HTTP/1.0" 200 51039 "https://www.richinc.org/RICH/gsuite-classroom.html" "Mozilla/5.0 (X11; Linux x86_64) AppleWebKit/537.36 (KHTML, like Gecko) HeadlessChrome/106.0.5249.30 Safari/537.36"
206.204.1.46 - - [09/Jul/2025:00:17:05 -0400] "GET /RICH/js/owl.carousel.min.js HTTP/1.0" 200 42766 "https://www.richinc.org/RICH/gsuite-classroom.html" "Mozilla/5.0 (X11; Linux x86_64) AppleWebKit/537.36 (KHTML, like Gecko) HeadlessChrome/106.0.5249.30 Safari/537.36"
161.123.171.67 - - [09/Jul/2025:00:17:05 -0400] "GET /RICH/js/popper.min.js HTTP/1.0" 200 20336 "https://www.richinc.org/RICH/annual-reports.html" "Mozilla/5.0 (X11; Linux x86_64) AppleWebKit/537.36 (KHTML, like Gecko) HeadlessChrome/106.0.5249.30 Safari/537.36"
168.151.104.196 - - [09/Jul/2025:00:17:05 -0400] "GET /RICH/js/popper.min.js HTTP/1.0" 200 20336 "https://www.richinc.org/RICH/partnership-opportunities.html" "Mozilla/5.0 (X11; Linux x86_64) AppleWebKit/537.36 (KHTML, like Gecko) HeadlessChrome/106.0.5249.30 Safari/537.36"
168.151.104.196 - - [09/Jul/2025:00:17:05 -0400] "GET /RICH/js/jquery-ui.js HTTP/1.0" 200 45799 "https://www.richinc.org/RICH/partnership-opportunities.html" "Mozilla/5.0 (X11; Linux x86_64) AppleWebKit/537.36 (KHTML, like Gecko) HeadlessChrome/106.0.5249.30 Safari/537.36"
168.151.104.196 - - [09/Jul/2025:00:17:05 -0400] "GET /RICH/js/bootstrap.min.js HTTP/1.0" 200 51039 "https://www.richinc.org/RICH/partnership-opportunities.html" "Mozilla/5.0 (X11; Linux x86_64) AppleWebKit/537.36 (KHTML, like Gecko) HeadlessChrome/106.0.5249.30 Safari/537.36"
180.149.18.249 - - [09/Jul/2025:00:17:05 -0400] "GET /RICH/cdn-cgi/scripts/5c5dd728/cloudflare-static/email-decode.min.js HTTP/1.0" 404 575 "https://www.richinc.org/RICH/privacy-policy.html" "Mozilla/5.0 (X11; Linux x86_64) AppleWebKit/537.36 (KHTML, like Gecko) HeadlessChrome/106.0.5249.30 Safari/537.36"
168.151.104.196 - - [09/Jul/2025:00:17:05 -0400] "GET /RICH/js/owl.carousel.min.js HTTP/1.0" 200 42766 "https://www.richinc.org/RICH/partnership-opportunities.html" "Mozilla/5.0 (X11; Linux x86_64) AppleWebKit/537.36 (KHTML, like Gecko) HeadlessChrome/106.0.5249.30 Safari/537.36"
206.204.1.46 - - [09/Jul/2025:00:17:05 -0400] "GET /RICH/js/jquery.stellar.min.js HTTP/1.0" 200 12597 "https://www.richinc.org/RICH/gsuite-classroom.html" "Mozilla/5.0 (X11; Linux x86_64) AppleWebKit/537.36 (KHTML, like Gecko) HeadlessChrome/106.0.5249.30 Safari/537.36"
206.204.1.46 - - [09/Jul/2025:00:17:05 -0400] "GET /RICH/js/jquery.countdown.min.js HTTP/1.0" 200 5339 "https://www.richinc.org/RICH/gsuite-classroom.html" "Mozilla/5.0 (X11; Linux x86_64) AppleWebKit/537.36 (KHTML, like Gecko) HeadlessChrome/106.0.5249.30 Safari/537.36"
206.204.1.46 - - [09/Jul/2025:00:17:05 -0400] "GET /RICH/js/jquery.magnific-popup.min.js HTTP/1.0" 200 20216 "https://www.richinc.org/RICH/gsuite-classroom.html" "Mozilla/5.0 (X11; Linux x86_64) AppleWebKit/537.36 (KHTML, like Gecko) HeadlessChrome/106.0.5249.30 Safari/537.36"
206.204.1.46 - - [09/Jul/2025:00:17:05 -0400] "GET /RICH/js/bootstrap-datepicker.min.js HTTP/1.0" 200 34172 "https://www.richinc.org/RICH/gsuite-classroom.html" "Mozilla/5.0 (X11; Linux x86_64) AppleWebKit/537.36 (KHTML, like Gecko) HeadlessChrome/106.0.5249.30 Safari/537.36"
161.123.171.67 - - [09/Jul/2025:00:17:05 -0400] "GET /RICH/js/bootstrap.min.js HTTP/1.0" 200 51039 "https://www.richinc.org/RICH/annual-reports.html" "Mozilla/5.0 (X11; Linux x86_64) AppleWebKit/537.36 (KHTML, like Gecko) HeadlessChrome/106.0.5249.30 Safari/537.36"
161.123.171.67 - - [09/Jul/2025:00:17:05 -0400] "GET /RICH/js/owl.carousel.min.js HTTP/1.0" 200 42766 "https://www.richinc.org/RICH/annual-reports.html" "Mozilla/5.0 (X11; Linux x86_64) AppleWebKit/537.36 (KHTML, like Gecko) HeadlessChrome/106.0.5249.30 Safari/537.36"
206.204.1.46 - - [09/Jul/2025:00:17:05 -0400] "GET /RICH/js/aos.js HTTP/1.0" 200 14244 "https://www.richinc.org/RICH/gsuite-classroom.html" "Mozilla/5.0 (X11; Linux x86_64) AppleWebKit/537.36 (KHTML, like Gecko) HeadlessChrome/106.0.5249.30 Safari/537.36"
161.123.171.67 - - [09/Jul/2025:00:17:05 -0400] "GET /RICH/js/jquery.stellar.min.js HTTP/1.0" 200 12597 "https://www.richinc.org/RICH/annual-reports.html" "Mozilla/5.0 (X11; Linux x86_64) AppleWebKit/537.36 (KHTML, like Gecko) HeadlessChrome/106.0.5249.30 Safari/537.36"
161.123.171.67 - - [09/Jul/2025:00:17:05 -0400] "GET /RICH/js/jquery.countdown.min.js HTTP/1.0" 200 5339 "https://www.richinc.org/RICH/annual-reports.html" "Mozilla/5.0 (X11; Linux x86_64) AppleWebKit/537.36 (KHTML, like Gecko) HeadlessChrome/106.0.5249.30 Safari/537.36"
161.123.171.67 - - [09/Jul/2025:00:17:05 -0400] "GET /RICH/js/jquery.magnific-popup.min.js HTTP/1.0" 200 20216 "https://www.richinc.org/RICH/annual-reports.html" "Mozilla/5.0 (X11; Linux x86_64) AppleWebKit/537.36 (KHTML, like Gecko) HeadlessChrome/106.0.5249.30 Safari/537.36"
168.151.104.196 - - [09/Jul/2025:00:17:05 -0400] "GET /RICH/js/jquery.countdown.min.js HTTP/1.0" 200 5339 "https://www.richinc.org/RICH/partnership-opportunities.html" "Mozilla/5.0 (X11; Linux x86_64) AppleWebKit/537.36 (KHTML, like Gecko) HeadlessChrome/106.0.5249.30 Safari/537.36"
168.151.104.196 - - [09/Jul/2025:00:17:05 -0400] "GET /RICH/js/jquery.magnific-popup.min.js HTTP/1.0" 200 20216 "https://www.richinc.org/RICH/partnership-opportunities.html" "Mozilla/5.0 (X11; Linux x86_64) AppleWebKit/537.36 (KHTML, like Gecko) HeadlessChrome/106.0.5249.30 Safari/537.36"
168.151.104.196 - - [09/Jul/2025:00:17:05 -0400] "GET /RICH/js/bootstrap-datepicker.min.js HTTP/1.0" 200 34172 "https://www.richinc.org/RICH/partnership-opportunities.html" "Mozilla/5.0 (X11; Linux x86_64) AppleWebKit/537.36 (KHTML, like Gecko) HeadlessChrome/106.0.5249.30 Safari/537.36"
168.151.104.196 - - [09/Jul/2025:00:17:05 -0400] "GET /RICH/js/jquery.stellar.min.js HTTP/1.0" 200 12597 "https://www.richinc.org/RICH/partnership-opportunities.html" "Mozilla/5.0 (X11; Linux x86_64) AppleWebKit/537.36 (KHTML, like Gecko) HeadlessChrome/106.0.5249.30 Safari/537.36"
206.204.1.46 - - [09/Jul/2025:00:17:05 -0400] "GET /RICH/js/mediaelement-and-player.min.js HTTP/1.0" 200 152469 "https://www.richinc.org/RICH/gsuite-classroom.html" "Mozilla/5.0 (X11; Linux x86_64) AppleWebKit/537.36 (KHTML, like Gecko) HeadlessChrome/106.0.5249.30 Safari/537.36"
206.204.1.46 - - [09/Jul/2025:00:17:05 -0400] "GET /RICH/js/main.js HTTP/1.0" 200 7761 "https://www.richinc.org/RICH/gsuite-classroom.html" "Mozilla/5.0 (X11; Linux x86_64) AppleWebKit/537.36 (KHTML, like Gecko) HeadlessChrome/106.0.5249.30 Safari/537.36"
168.151.104.196 - - [09/Jul/2025:00:17:05 -0400] "GET /RICH/js/aos.js HTTP/1.0" 200 14244 "https://www.richinc.org/RICH/partnership-opportunities.html" "Mozilla/5.0 (X11; Linux x86_64) AppleWebKit/537.36 (KHTML, like Gecko) HeadlessChrome/106.0.5249.30 Safari/537.36"
161.123.171.67 - - [09/Jul/2025:00:17:05 -0400] "GET /RICH/js/aos.js HTTP/1.0" 200 14244 "https://www.richinc.org/RICH/annual-reports.html" "Mozilla/5.0 (X11; Linux x86_64) AppleWebKit/537.36 (KHTML, like Gecko) HeadlessChrome/106.0.5249.30 Safari/537.36"
161.123.171.67 - - [09/Jul/2025:00:17:05 -0400] "GET /RICH/js/bootstrap-datepicker.min.js HTTP/1.0" 200 34172 "https://www.richinc.org/RICH/annual-reports.html" "Mozilla/5.0 (X11; Linux x86_64) AppleWebKit/537.36 (KHTML, like Gecko) HeadlessChrome/106.0.5249.30 Safari/537.36"
209.95.169.65 - - [09/Jul/2025:00:17:05 -0400] "GET /RICH/js/bootstrap-datepicker.min.js HTTP/1.0" 200 34172 "https://www.richinc.org/RICH/mission.html" "Mozilla/5.0 (X11; Linux x86_64) AppleWebKit/537.36 (KHTML, like Gecko) HeadlessChrome/106.0.5249.30 Safari/537.36"
209.95.169.65 - - [09/Jul/2025:00:17:05 -0400] "GET /RICH/js/aos.js HTTP/1.0" 200 14244 "https://www.richinc.org/RICH/mission.html" "Mozilla/5.0 (X11; Linux x86_64) AppleWebKit/537.36 (KHTML, like Gecko) HeadlessChrome/106.0.5249.30 Safari/537.36"
209.95.169.65 - - [09/Jul/2025:00:17:05 -0400] "GET /RICH/js/mediaelement-and-player.min.js HTTP/1.0" 200 152469 "https://www.richinc.org/RICH/mission.html" "Mozilla/5.0 (X11; Linux x86_64) AppleWebKit/537.36 (KHTML, like Gecko) HeadlessChrome/106.0.5249.30 Safari/537.36"
161.123.171.67 - - [09/Jul/2025:00:17:05 -0400] "GET /RICH/js/mediaelement-and-player.min.js HTTP/1.0" 200 152469 "https://www.richinc.org/RICH/annual-reports.html" "Mozilla/5.0 (X11; Linux x86_64) AppleWebKit/537.36 (KHTML, like Gecko) HeadlessChrome/106.0.5249.30 Safari/537.36"
209.95.169.65 - - [09/Jul/2025:00:17:05 -0400] "GET /RICH/js/main.js HTTP/1.0" 200 7761 "https://www.richinc.org/RICH/mission.html" "Mozilla/5.0 (X11; Linux x86_64) AppleWebKit/537.36 (KHTML, like Gecko) HeadlessChrome/106.0.5249.30 Safari/537.36"
161.123.171.67 - - [09/Jul/2025:00:17:05 -0400] "GET /RICH/js/main.js HTTP/1.0" 200 7761 "https://www.richinc.org/RICH/annual-reports.html" "Mozilla/5.0 (X11; Linux x86_64) AppleWebKit/537.36 (KHTML, like Gecko) HeadlessChrome/106.0.5249.30 Safari/537.36"
168.151.104.196 - - [09/Jul/2025:00:17:05 -0400] "GET /RICH/js/main.js HTTP/1.0" 200 7761 "https://www.richinc.org/RICH/partnership-opportunities.html" "Mozilla/5.0 (X11; Linux x86_64) AppleWebKit/537.36 (KHTML, like Gecko) HeadlessChrome/106.0.5249.30 Safari/537.36"
206.204.1.46 - - [09/Jul/2025:00:17:05 -0400] "GET /RICH/cdn-cgi/scripts/5c5dd728/cloudflare-static/email-decode.min.js HTTP/1.0" 404 575 "https://www.richinc.org/RICH/gsuite-classroom.html" "Mozilla/5.0 (X11; Linux x86_64) AppleWebKit/537.36 (KHTML, like Gecko) HeadlessChrome/106.0.5249.30 Safari/537.36"
168.151.104.196 - - [09/Jul/2025:00:17:05 -0400] "GET /RICH/js/mediaelement-and-player.min.js HTTP/1.0" 200 152469 "https://www.richinc.org/RICH/partnership-opportunities.html" "Mozilla/5.0 (X11; Linux x86_64) AppleWebKit/537.36 (KHTML, like Gecko) HeadlessChrome/106.0.5249.30 Safari/537.36"
209.95.169.65 - - [09/Jul/2025:00:17:05 -0400] "GET /RICH/cdn-cgi/scripts/5c5dd728/cloudflare-static/email-decode.min.js HTTP/1.0" 404 575 "https://www.richinc.org/RICH/mission.html" "Mozilla/5.0 (X11; Linux x86_64) AppleWebKit/537.36 (KHTML, like Gecko) HeadlessChrome/106.0.5249.30 Safari/537.36"
119.13.204.14 - - [09/Jul/2025:00:17:05 -0400] "POST /RICH/php/UsersRICH.php HTTP/1.0" 200 - "https://www.richinc.org/RICH/rich-learning-system.html" "Mozilla/5.0 (X11; Linux x86_64) AppleWebKit/537.36 (KHTML, like Gecko) HeadlessChrome/106.0.5249.30 Safari/537.36"
152.39.200.51 - - [09/Jul/2025:00:17:05 -0400] "GET /cdn-cgi/scripts/5c5dd728/cloudflare-static/email-decode.min.js HTTP/1.0" 302 275 "https://www.richinc.org/RICH/index.html" "Mozilla/5.0 (X11; Linux x86_64) AppleWebKit/537.36 (KHTML, like Gecko) HeadlessChrome/106.0.5249.30 Safari/537.36"
152.39.140.52 - - [09/Jul/2025:00:17:05 -0400] "GET /RICH/graduate-testimonials.html HTTP/1.0" 200 30995 "-" "Mozilla/5.0 (X11; Linux x86_64) AppleWebKit/537.36 (KHTML, like Gecko) HeadlessChrome/106.0.5249.30 Safari/537.36"
152.39.200.51 - - [09/Jul/2025:00:17:05 -0400] "GET /RICH/js/jquery-migrate-3.0.1.min.js HTTP/1.0" 200 11421 "https://www.richinc.org/RICH/index.html" "Mozilla/5.0 (X11; Linux x86_64) AppleWebKit/537.36 (KHTML, like Gecko) HeadlessChrome/106.0.5249.30 Safari/537.36"
161.123.171.67 - - [09/Jul/2025:00:17:05 -0400] "GET /RICH/cdn-cgi/scripts/5c5dd728/cloudflare-static/email-decode.min.js HTTP/1.0" 404 575 "https://www.richinc.org/RICH/annual-reports.html" "Mozilla/5.0 (X11; Linux x86_64) AppleWebKit/537.36 (KHTML, like Gecko) HeadlessChrome/106.0.5249.30 Safari/537.36"
152.39.200.51 - - [09/Jul/2025:00:17:05 -0400] "GET /RICH/js/jquery-ui.js HTTP/1.0" 200 45799 "https://www.richinc.org/RICH/index.html" "Mozilla/5.0 (X11; Linux x86_64) AppleWebKit/537.36 (KHTML, like Gecko) HeadlessChrome/106.0.5249.30 Safari/537.36"
152.39.200.51 - - [09/Jul/2025:00:17:05 -0400] "GET /RICH/js/jquery-3.3.1.min.js HTTP/1.0" 200 86926 "https://www.richinc.org/RICH/index.html" "Mozilla/5.0 (X11; Linux x86_64) AppleWebKit/537.36 (KHTML, like Gecko) HeadlessChrome/106.0.5249.30 Safari/537.36"
152.39.200.51 - - [09/Jul/2025:00:17:05 -0400] "GET /RICH/js/popper.min.js HTTP/1.0" 200 20336 "https://www.richinc.org/RICH/index.html" "Mozilla/5.0 (X11; Linux x86_64) AppleWebKit/537.36 (KHTML, like Gecko) HeadlessChrome/106.0.5249.30 Safari/537.36"
152.39.200.51 - - [09/Jul/2025:00:17:05 -0400] "GET /RICH/js/bootstrap.min.js HTTP/1.0" 200 51039 "https://www.richinc.org/RICH/index.html" "Mozilla/5.0 (X11; Linux x86_64) AppleWebKit/537.36 (KHTML, like Gecko) HeadlessChrome/106.0.5249.30 Safari/537.36"
152.39.200.51 - - [09/Jul/2025:00:17:05 -0400] "GET /RICH/js/owl.carousel.min.js HTTP/1.0" 200 42766 "https://www.richinc.org/RICH/index.html" "Mozilla/5.0 (X11; Linux x86_64) AppleWebKit/537.36 (KHTML, like Gecko) HeadlessChrome/106.0.5249.30 Safari/537.36"
152.39.200.51 - - [09/Jul/2025:00:17:05 -0400] "GET /RICH/js/jquery.stellar.min.js HTTP/1.0" 200 12597 "https://www.richinc.org/RICH/index.html" "Mozilla/5.0 (X11; Linux x86_64) AppleWebKit/537.36 (KHTML, like Gecko) HeadlessChrome/106.0.5249.30 Safari/537.36"
152.39.200.51 - - [09/Jul/2025:00:17:05 -0400] "GET /RICH/js/jquery.countdown.min.js HTTP/1.0" 200 5339 "https://www.richinc.org/RICH/index.html" "Mozilla/5.0 (X11; Linux x86_64) AppleWebKit/537.36 (KHTML, like Gecko) HeadlessChrome/106.0.5249.30 Safari/537.36"
152.39.200.51 - - [09/Jul/2025:00:17:05 -0400] "GET /RICH/js/bootstrap-datepicker.min.js HTTP/1.0" 200 34172 "https://www.richinc.org/RICH/index.html" "Mozilla/5.0 (X11; Linux x86_64) AppleWebKit/537.36 (KHTML, like Gecko) HeadlessChrome/106.0.5249.30 Safari/537.36"
152.39.200.51 - - [09/Jul/2025:00:17:05 -0400] "GET /RICH/js/jquery.magnific-popup.min.js HTTP/1.0" 200 20216 "https://www.richinc.org/RICH/index.html" "Mozilla/5.0 (X11; Linux x86_64) AppleWebKit/537.36 (KHTML, like Gecko) HeadlessChrome/106.0.5249.30 Safari/537.36"
152.39.200.51 - - [09/Jul/2025:00:17:05 -0400] "GET /RICH/js/aos.js HTTP/1.0" 200 14244 "https://www.richinc.org/RICH/index.html" "Mozilla/5.0 (X11; Linux x86_64) AppleWebKit/537.36 (KHTML, like Gecko) HeadlessChrome/106.0.5249.30 Safari/537.36"
152.39.200.51 - - [09/Jul/2025:00:17:05 -0400] "GET /RICH/js/mediaelement-and-player.min.js HTTP/1.0" 200 152469 "https://www.richinc.org/RICH/index.html" "Mozilla/5.0 (X11; Linux x86_64) AppleWebKit/537.36 (KHTML, like Gecko) HeadlessChrome/106.0.5249.30 Safari/537.36"
152.39.200.51 - - [09/Jul/2025:00:17:05 -0400] "GET /RICH/js/main.js HTTP/1.0" 200 7761 "https://www.richinc.org/RICH/index.html" "Mozilla/5.0 (X11; Linux x86_64) AppleWebKit/537.36 (KHTML, like Gecko) HeadlessChrome/106.0.5249.30 Safari/537.36"
168.151.104.196 - - [09/Jul/2025:00:17:05 -0400] "GET /RICH/cdn-cgi/scripts/5c5dd728/cloudflare-static/email-decode.min.js HTTP/1.0" 404 575 "https://www.richinc.org/RICH/partnership-opportunities.html" "Mozilla/5.0 (X11; Linux x86_64) AppleWebKit/537.36 (KHTML, like Gecko) HeadlessChrome/106.0.5249.30 Safari/537.36"
119.12.185.142 - - [09/Jul/2025:00:17:05 -0400] "GET /RICH/first-graduates.html HTTP/1.0" 200 19656 "-" "Mozilla/5.0 (X11; Linux x86_64) AppleWebKit/537.36 (KHTML, like Gecko) HeadlessChrome/106.0.5249.30 Safari/537.36"
162.43.251.85 - - [09/Jul/2025:00:17:05 -0400] "GET /RICH/js/aos.js HTTP/1.0" 200 14244 "https://www.richinc.org/RICH/podcasts.html" "Mozilla/5.0 (X11; Linux x86_64) AppleWebKit/537.36 (KHTML, like Gecko) HeadlessChrome/106.0.5249.30 Safari/537.36"
162.43.251.85 - - [09/Jul/2025:00:17:05 -0400] "GET /RICH/js/jquery-ui.js HTTP/1.0" 200 45799 "https://www.richinc.org/RICH/podcasts.html" "Mozilla/5.0 (X11; Linux x86_64) AppleWebKit/537.36 (KHTML, like Gecko) HeadlessChrome/106.0.5249.30 Safari/537.36"
162.43.251.85 - - [09/Jul/2025:00:17:05 -0400] "GET /RICH/js/bootstrap.min.js HTTP/1.0" 200 51039 "https://www.richinc.org/RICH/podcasts.html" "Mozilla/5.0 (X11; Linux x86_64) AppleWebKit/537.36 (KHTML, like Gecko) HeadlessChrome/106.0.5249.30 Safari/537.36"
162.43.251.85 - - [09/Jul/2025:00:17:05 -0400] "GET /RICH/js/jquery.countdown.min.js HTTP/1.0" 200 5339 "https://www.richinc.org/RICH/podcasts.html" "Mozilla/5.0 (X11; Linux x86_64) AppleWebKit/537.36 (KHTML, like Gecko) HeadlessChrome/106.0.5249.30 Safari/537.36"
162.43.251.85 - - [09/Jul/2025:00:17:05 -0400] "GET /RICH/js/popper.min.js HTTP/1.0" 200 20336 "https://www.richinc.org/RICH/podcasts.html" "Mozilla/5.0 (X11; Linux x86_64) AppleWebKit/537.36 (KHTML, like Gecko) HeadlessChrome/106.0.5249.30 Safari/537.36"
162.43.251.85 - - [09/Jul/2025:00:17:05 -0400] "GET /RICH/js/mediaelement-and-player.min.js HTTP/1.0" 200 152469 "https://www.richinc.org/RICH/podcasts.html" "Mozilla/5.0 (X11; Linux x86_64) AppleWebKit/537.36 (KHTML, like Gecko) HeadlessChrome/106.0.5249.30 Safari/537.36"
162.43.251.85 - - [09/Jul/2025:00:17:05 -0400] "GET /RICH/js/owl.carousel.min.js HTTP/1.0" 200 42766 "https://www.richinc.org/RICH/podcasts.html" "Mozilla/5.0 (X11; Linux x86_64) AppleWebKit/537.36 (KHTML, like Gecko) HeadlessChrome/106.0.5249.30 Safari/537.36"
162.43.251.85 - - [09/Jul/2025:00:17:05 -0400] "GET /RICH/js/jquery-3.3.1.min.js HTTP/1.0" 200 86926 "https://www.richinc.org/RICH/podcasts.html" "Mozilla/5.0 (X11; Linux x86_64) AppleWebKit/537.36 (KHTML, like Gecko) HeadlessChrome/106.0.5249.30 Safari/537.36"
162.43.251.85 - - [09/Jul/2025:00:17:05 -0400] "GET /RICH/js/main.js HTTP/1.0" 200 7761 "https://www.richinc.org/RICH/podcasts.html" "Mozilla/5.0 (X11; Linux x86_64) AppleWebKit/537.36 (KHTML, like Gecko) HeadlessChrome/106.0.5249.30 Safari/537.36"
162.43.251.85 - - [09/Jul/2025:00:17:05 -0400] "GET /RICH/js/jquery.stellar.min.js HTTP/1.0" 200 12597 "https://www.richinc.org/RICH/podcasts.html" "Mozilla/5.0 (X11; Linux x86_64) AppleWebKit/537.36 (KHTML, like Gecko) HeadlessChrome/106.0.5249.30 Safari/537.36"
162.43.251.85 - - [09/Jul/2025:00:17:05 -0400] "GET /cdn-cgi/scripts/5c5dd728/cloudflare-static/email-decode.min.js HTTP/1.0" 302 275 "https://www.richinc.org/RICH/podcasts.html" "Mozilla/5.0 (X11; Linux x86_64) AppleWebKit/537.36 (KHTML, like Gecko) HeadlessChrome/106.0.5249.30 Safari/537.36"
152.39.200.51 - - [09/Jul/2025:00:17:05 -0400] "GET /RICH/cdn-cgi/scripts/5c5dd728/cloudflare-static/email-decode.min.js HTTP/1.0" 404 575 "https://www.richinc.org/RICH/index.html" "Mozilla/5.0 (X11; Linux x86_64) AppleWebKit/537.36 (KHTML, like Gecko) HeadlessChrome/106.0.5249.30 Safari/537.36"
162.43.251.85 - - [09/Jul/2025:00:17:05 -0400] "GET /RICH/js/bootstrap-datepicker.min.js HTTP/1.0" 200 34172 "https://www.richinc.org/RICH/podcasts.html" "Mozilla/5.0 (X11; Linux x86_64) AppleWebKit/537.36 (KHTML, like Gecko) HeadlessChrome/106.0.5249.30 Safari/537.36"
162.43.251.85 - - [09/Jul/2025:00:17:05 -0400] "GET /RICH/js/jquery-migrate-3.0.1.min.js HTTP/1.0" 200 11421 "https://www.richinc.org/RICH/podcasts.html" "Mozilla/5.0 (X11; Linux x86_64) AppleWebKit/537.36 (KHTML, like Gecko) HeadlessChrome/106.0.5249.30 Safari/537.36"
162.43.251.85 - - [09/Jul/2025:00:17:05 -0400] "GET /RICH/js/jquery.magnific-popup.min.js HTTP/1.0" 200 20216 "https://www.richinc.org/RICH/podcasts.html" "Mozilla/5.0 (X11; Linux x86_64) AppleWebKit/537.36 (KHTML, like Gecko) HeadlessChrome/106.0.5249.30 Safari/537.36"
45.142.94.199 - - [09/Jul/2025:00:17:05 -0400] "GET /RICH/parents-investment-alliance.html HTTP/1.0" 200 15701 "-" "Mozilla/5.0 (X11; Linux x86_64) AppleWebKit/537.36 (KHTML, like Gecko) HeadlessChrome/106.0.5249.30 Safari/537.36"
180.149.18.249 - - [09/Jul/2025:00:17:05 -0400] "POST /RICH/php/UsersRICH.php HTTP/1.0" 200 - "https://www.richinc.org/RICH/privacy-policy.html" "Mozilla/5.0 (X11; Linux x86_64) AppleWebKit/537.36 (KHTML, like Gecko) HeadlessChrome/106.0.5249.30 Safari/537.36"
152.39.140.52 - - [09/Jul/2025:00:17:05 -0400] "GET /RICH/js/jquery-3.3.1.min.js HTTP/1.0" 200 86926 "https://www.richinc.org/RICH/graduate-testimonials.html" "Mozilla/5.0 (X11; Linux x86_64) AppleWebKit/537.36 (KHTML, like Gecko) HeadlessChrome/106.0.5249.30 Safari/537.36"
152.39.140.52 - - [09/Jul/2025:00:17:05 -0400] "GET /cdn-cgi/scripts/5c5dd728/cloudflare-static/email-decode.min.js HTTP/1.0" 302 275 "https://www.richinc.org/RICH/graduate-testimonials.html" "Mozilla/5.0 (X11; Linux x86_64) AppleWebKit/537.36 (KHTML, like Gecko) HeadlessChrome/106.0.5249.30 Safari/537.36"
152.39.140.52 - - [09/Jul/2025:00:17:05 -0400] "GET /RICH/js/jquery-migrate-3.0.1.min.js HTTP/1.0" 200 11421 "https://www.richinc.org/RICH/graduate-testimonials.html" "Mozilla/5.0 (X11; Linux x86_64) AppleWebKit/537.36 (KHTML, like Gecko) HeadlessChrome/106.0.5249.30 Safari/537.36"
152.39.140.52 - - [09/Jul/2025:00:17:05 -0400] "GET /RICH/js/jquery-ui.js HTTP/1.0" 200 45799 "https://www.richinc.org/RICH/graduate-testimonials.html" "Mozilla/5.0 (X11; Linux x86_64) AppleWebKit/537.36 (KHTML, like Gecko) HeadlessChrome/106.0.5249.30 Safari/537.36"
152.39.140.52 - - [09/Jul/2025:00:17:05 -0400] "GET /RICH/js/popper.min.js HTTP/1.0" 200 20336 "https://www.richinc.org/RICH/graduate-testimonials.html" "Mozilla/5.0 (X11; Linux x86_64) AppleWebKit/537.36 (KHTML, like Gecko) HeadlessChrome/106.0.5249.30 Safari/537.36"
152.39.140.52 - - [09/Jul/2025:00:17:05 -0400] "GET /RICH/js/bootstrap.min.js HTTP/1.0" 200 51039 "https://www.richinc.org/RICH/graduate-testimonials.html" "Mozilla/5.0 (X11; Linux x86_64) AppleWebKit/537.36 (KHTML, like Gecko) HeadlessChrome/106.0.5249.30 Safari/537.36"
152.39.140.52 - - [09/Jul/2025:00:17:05 -0400] "GET /RICH/js/owl.carousel.min.js HTTP/1.0" 200 42766 "https://www.richinc.org/RICH/graduate-testimonials.html" "Mozilla/5.0 (X11; Linux x86_64) AppleWebKit/537.36 (KHTML, like Gecko) HeadlessChrome/106.0.5249.30 Safari/537.36"
152.39.140.52 - - [09/Jul/2025:00:17:05 -0400] "GET /RICH/js/jquery.stellar.min.js HTTP/1.0" 200 12597 "https://www.richinc.org/RICH/graduate-testimonials.html" "Mozilla/5.0 (X11; Linux x86_64) AppleWebKit/537.36 (KHTML, like Gecko) HeadlessChrome/106.0.5249.30 Safari/537.36"
152.39.140.52 - - [09/Jul/2025:00:17:05 -0400] "GET /RICH/js/jquery.countdown.min.js HTTP/1.0" 200 5339 "https://www.richinc.org/RICH/graduate-testimonials.html" "Mozilla/5.0 (X11; Linux x86_64) AppleWebKit/537.36 (KHTML, like Gecko) HeadlessChrome/106.0.5249.30 Safari/537.36"
152.39.140.52 - - [09/Jul/2025:00:17:05 -0400] "GET /RICH/js/jquery.magnific-popup.min.js HTTP/1.0" 200 20216 "https://www.richinc.org/RICH/graduate-testimonials.html" "Mozilla/5.0 (X11; Linux x86_64) AppleWebKit/537.36 (KHTML, like Gecko) HeadlessChrome/106.0.5249.30 Safari/537.36"
152.39.140.52 - - [09/Jul/2025:00:17:05 -0400] "GET /RICH/js/bootstrap-datepicker.min.js HTTP/1.0" 200 34172 "https://www.richinc.org/RICH/graduate-testimonials.html" "Mozilla/5.0 (X11; Linux x86_64) AppleWebKit/537.36 (KHTML, like Gecko) HeadlessChrome/106.0.5249.30 Safari/537.36"
152.39.140.52 - - [09/Jul/2025:00:17:05 -0400] "GET /RICH/js/aos.js HTTP/1.0" 200 14244 "https://www.richinc.org/RICH/graduate-testimonials.html" "Mozilla/5.0 (X11; Linux x86_64) AppleWebKit/537.36 (KHTML, like Gecko) HeadlessChrome/106.0.5249.30 Safari/537.36"
152.39.140.52 - - [09/Jul/2025:00:17:05 -0400] "GET /RICH/js/mediaelement-and-player.min.js HTTP/1.0" 200 152469 "https://www.richinc.org/RICH/graduate-testimonials.html" "Mozilla/5.0 (X11; Linux x86_64) AppleWebKit/537.36 (KHTML, like Gecko) HeadlessChrome/106.0.5249.30 Safari/537.36"
152.39.140.52 - - [09/Jul/2025:00:17:05 -0400] "GET /RICH/js/main.js HTTP/1.0" 200 7761 "https://www.richinc.org/RICH/graduate-testimonials.html" "Mozilla/5.0 (X11; Linux x86_64) AppleWebKit/537.36 (KHTML, like Gecko) HeadlessChrome/106.0.5249.30 Safari/537.36"
213.188.71.99 - - [09/Jul/2025:00:17:05 -0400] "GET /RICH/board-directors.html HTTP/1.0" 200 18594 "-" "Mozilla/5.0 (X11; Linux x86_64) AppleWebKit/537.36 (KHTML, like Gecko) HeadlessChrome/106.0.5249.30 Safari/537.36"
119.12.185.142 - - [09/Jul/2025:00:17:05 -0400] "GET /cdn-cgi/scripts/5c5dd728/cloudflare-static/email-decode.min.js HTTP/1.0" 302 275 "https://www.richinc.org/RICH/first-graduates.html" "Mozilla/5.0 (X11; Linux x86_64) AppleWebKit/537.36 (KHTML, like Gecko) HeadlessChrome/106.0.5249.30 Safari/537.36"
94.176.52.82 - - [09/Jul/2025:00:17:05 -0400] "GET /RICH/nvlpessay2.html HTTP/1.0" 200 89135 "-" "Mozilla/5.0 (X11; Linux x86_64) AppleWebKit/537.36 (KHTML, like Gecko) HeadlessChrome/106.0.5249.30 Safari/537.36"
206.204.1.46 - - [09/Jul/2025:00:17:05 -0400] "POST /RICH/php/UsersRICH.php HTTP/1.0" 200 - "https://www.richinc.org/RICH/gsuite-classroom.html" "Mozilla/5.0 (X11; Linux x86_64) AppleWebKit/537.36 (KHTML, like Gecko) HeadlessChrome/106.0.5249.30 Safari/537.36"
119.12.185.142 - - [09/Jul/2025:00:17:05 -0400] "GET /RICH/js/jquery-3.3.1.min.js HTTP/1.0" 200 86926 "https://www.richinc.org/RICH/first-graduates.html" "Mozilla/5.0 (X11; Linux x86_64) AppleWebKit/537.36 (KHTML, like Gecko) HeadlessChrome/106.0.5249.30 Safari/537.36"
209.95.169.65 - - [09/Jul/2025:00:17:05 -0400] "POST /RICH/php/UsersRICH.php HTTP/1.0" 200 - "https://www.richinc.org/RICH/mission.html" "Mozilla/5.0 (X11; Linux x86_64) AppleWebKit/537.36 (KHTML, like Gecko) HeadlessChrome/106.0.5249.30 Safari/537.36"
119.12.185.142 - - [09/Jul/2025:00:17:06 -0400] "GET /RICH/js/jquery-migrate-3.0.1.min.js HTTP/1.0" 200 11421 "https://www.richinc.org/RICH/first-graduates.html" "Mozilla/5.0 (X11; Linux x86_64) AppleWebKit/537.36 (KHTML, like Gecko) HeadlessChrome/106.0.5249.30 Safari/537.36"
152.39.140.52 - - [09/Jul/2025:00:17:06 -0400] "GET /RICH/cdn-cgi/scripts/5c5dd728/cloudflare-static/email-decode.min.js HTTP/1.0" 404 575 "https://www.richinc.org/RICH/graduate-testimonials.html" "Mozilla/5.0 (X11; Linux x86_64) AppleWebKit/537.36 (KHTML, like Gecko) HeadlessChrome/106.0.5249.30 Safari/537.36"
168.151.104.196 - - [09/Jul/2025:00:17:06 -0400] "POST /RICH/php/UsersRICH.php HTTP/1.0" 200 - "https://www.richinc.org/RICH/partnership-opportunities.html" "Mozilla/5.0 (X11; Linux x86_64) AppleWebKit/537.36 (KHTML, like Gecko) HeadlessChrome/106.0.5249.30 Safari/537.36"
119.12.185.142 - - [09/Jul/2025:00:17:06 -0400] "GET /RICH/js/jquery-ui.js HTTP/1.0" 200 45799 "https://www.richinc.org/RICH/first-graduates.html" "Mozilla/5.0 (X11; Linux x86_64) AppleWebKit/537.36 (KHTML, like Gecko) HeadlessChrome/106.0.5249.30 Safari/537.36"
119.12.185.142 - - [09/Jul/2025:00:17:06 -0400] "GET /RICH/js/owl.carousel.min.js HTTP/1.0" 200 42766 "https://www.richinc.org/RICH/first-graduates.html" "Mozilla/5.0 (X11; Linux x86_64) AppleWebKit/537.36 (KHTML, like Gecko) HeadlessChrome/106.0.5249.30 Safari/537.36"
119.12.185.142 - - [09/Jul/2025:00:17:06 -0400] "GET /RICH/js/jquery.stellar.min.js HTTP/1.0" 200 12597 "https://www.richinc.org/RICH/first-graduates.html" "Mozilla/5.0 (X11; Linux x86_64) AppleWebKit/537.36 (KHTML, like Gecko) HeadlessChrome/106.0.5249.30 Safari/537.36"
119.12.185.142 - - [09/Jul/2025:00:17:06 -0400] "GET /RICH/js/popper.min.js HTTP/1.0" 200 20336 "https://www.richinc.org/RICH/first-graduates.html" "Mozilla/5.0 (X11; Linux x86_64) AppleWebKit/537.36 (KHTML, like Gecko) HeadlessChrome/106.0.5249.30 Safari/537.36"
188.119.116.239 - - [09/Jul/2025:00:17:06 -0400] "GET /RICH/contact-us.html HTTP/1.0" 200 19647 "-" "Mozilla/5.0 (X11; Linux x86_64) AppleWebKit/537.36 (KHTML, like Gecko) HeadlessChrome/106.0.5249.30 Safari/537.36"
119.12.185.142 - - [09/Jul/2025:00:17:06 -0400] "GET /RICH/js/bootstrap.min.js HTTP/1.0" 200 51039 "https://www.richinc.org/RICH/first-graduates.html" "Mozilla/5.0 (X11; Linux x86_64) AppleWebKit/537.36 (KHTML, like Gecko) HeadlessChrome/106.0.5249.30 Safari/537.36"
119.12.185.142 - - [09/Jul/2025:00:17:06 -0400] "GET /RICH/js/bootstrap-datepicker.min.js HTTP/1.0" 200 34172 "https://www.richinc.org/RICH/first-graduates.html" "Mozilla/5.0 (X11; Linux x86_64) AppleWebKit/537.36 (KHTML, like Gecko) HeadlessChrome/106.0.5249.30 Safari/537.36"
119.12.185.142 - - [09/Jul/2025:00:17:06 -0400] "GET /RICH/js/jquery.magnific-popup.min.js HTTP/1.0" 200 20216 "https://www.richinc.org/RICH/first-graduates.html" "Mozilla/5.0 (X11; Linux x86_64) AppleWebKit/537.36 (KHTML, like Gecko) HeadlessChrome/106.0.5249.30 Safari/537.36"
119.12.185.142 - - [09/Jul/2025:00:17:06 -0400] "GET /RICH/js/aos.js HTTP/1.0" 200 14244 "https://www.richinc.org/RICH/first-graduates.html" "Mozilla/5.0 (X11; Linux x86_64) AppleWebKit/537.36 (KHTML, like Gecko) HeadlessChrome/106.0.5249.30 Safari/537.36"
119.12.185.142 - - [09/Jul/2025:00:17:06 -0400] "GET /RICH/js/jquery.countdown.min.js HTTP/1.0" 200 5339 "https://www.richinc.org/RICH/first-graduates.html" "Mozilla/5.0 (X11; Linux x86_64) AppleWebKit/537.36 (KHTML, like Gecko) HeadlessChrome/106.0.5249.30 Safari/537.36"
119.12.185.142 - - [09/Jul/2025:00:17:06 -0400] "GET /RICH/js/mediaelement-and-player.min.js HTTP/1.0" 200 152469 "https://www.richinc.org/RICH/first-graduates.html" "Mozilla/5.0 (X11; Linux x86_64) AppleWebKit/537.36 (KHTML, like Gecko) HeadlessChrome/106.0.5249.30 Safari/537.36"
45.142.94.199 - - [09/Jul/2025:00:17:06 -0400] "GET /cdn-cgi/scripts/5c5dd728/cloudflare-static/email-decode.min.js HTTP/1.0" 302 275 "https://www.richinc.org/RICH/parents-investment-alliance.html" "Mozilla/5.0 (X11; Linux x86_64) AppleWebKit/537.36 (KHTML, like Gecko) HeadlessChrome/106.0.5249.30 Safari/537.36"
119.12.185.142 - - [09/Jul/2025:00:17:06 -0400] "GET /RICH/js/main.js HTTP/1.0" 200 7761 "https://www.richinc.org/RICH/first-graduates.html" "Mozilla/5.0 (X11; Linux x86_64) AppleWebKit/537.36 (KHTML, like Gecko) HeadlessChrome/106.0.5249.30 Safari/537.36"
45.142.94.199 - - [09/Jul/2025:00:17:06 -0400] "GET /RICH/js/jquery-3.3.1.min.js HTTP/1.0" 200 86926 "https://www.richinc.org/RICH/parents-investment-alliance.html" "Mozilla/5.0 (X11; Linux x86_64) AppleWebKit/537.36 (KHTML, like Gecko) HeadlessChrome/106.0.5249.30 Safari/537.36"
45.142.94.199 - - [09/Jul/2025:00:17:06 -0400] "GET /RICH/js/jquery-migrate-3.0.1.min.js HTTP/1.0" 200 11421 "https://www.richinc.org/RICH/parents-investment-alliance.html" "Mozilla/5.0 (X11; Linux x86_64) AppleWebKit/537.36 (KHTML, like Gecko) HeadlessChrome/106.0.5249.30 Safari/537.36"
45.142.94.199 - - [09/Jul/2025:00:17:06 -0400] "GET /RICH/js/jquery-ui.js HTTP/1.0" 200 45799 "https://www.richinc.org/RICH/parents-investment-alliance.html" "Mozilla/5.0 (X11; Linux x86_64) AppleWebKit/537.36 (KHTML, like Gecko) HeadlessChrome/106.0.5249.30 Safari/537.36"
45.142.94.199 - - [09/Jul/2025:00:17:06 -0400] "GET /RICH/js/popper.min.js HTTP/1.0" 200 20336 "https://www.richinc.org/RICH/parents-investment-alliance.html" "Mozilla/5.0 (X11; Linux x86_64) AppleWebKit/537.36 (KHTML, like Gecko) HeadlessChrome/106.0.5249.30 Safari/537.36"
45.142.94.199 - - [09/Jul/2025:00:17:06 -0400] "GET /RICH/js/bootstrap.min.js HTTP/1.0" 200 51039 "https://www.richinc.org/RICH/parents-investment-alliance.html" "Mozilla/5.0 (X11; Linux x86_64) AppleWebKit/537.36 (KHTML, like Gecko) HeadlessChrome/106.0.5249.30 Safari/537.36"
45.142.94.199 - - [09/Jul/2025:00:17:06 -0400] "GET /RICH/js/owl.carousel.min.js HTTP/1.0" 200 42766 "https://www.richinc.org/RICH/parents-investment-alliance.html" "Mozilla/5.0 (X11; Linux x86_64) AppleWebKit/537.36 (KHTML, like Gecko) HeadlessChrome/106.0.5249.30 Safari/537.36"
45.142.94.199 - - [09/Jul/2025:00:17:06 -0400] "GET /RICH/js/jquery.stellar.min.js HTTP/1.0" 200 12597 "https://www.richinc.org/RICH/parents-investment-alliance.html" "Mozilla/5.0 (X11; Linux x86_64) AppleWebKit/537.36 (KHTML, like Gecko) HeadlessChrome/106.0.5249.30 Safari/537.36"
45.142.94.199 - - [09/Jul/2025:00:17:06 -0400] "GET /RICH/js/jquery.magnific-popup.min.js HTTP/1.0" 200 20216 "https://www.richinc.org/RICH/parents-investment-alliance.html" "Mozilla/5.0 (X11; Linux x86_64) AppleWebKit/537.36 (KHTML, like Gecko) HeadlessChrome/106.0.5249.30 Safari/537.36"
45.142.94.199 - - [09/Jul/2025:00:17:06 -0400] "GET /RICH/js/jquery.countdown.min.js HTTP/1.0" 200 5339 "https://www.richinc.org/RICH/parents-investment-alliance.html" "Mozilla/5.0 (X11; Linux x86_64) AppleWebKit/537.36 (KHTML, like Gecko) HeadlessChrome/106.0.5249.30 Safari/537.36"
45.142.94.199 - - [09/Jul/2025:00:17:06 -0400] "GET /RICH/js/bootstrap-datepicker.min.js HTTP/1.0" 200 34172 "https://www.richinc.org/RICH/parents-investment-alliance.html" "Mozilla/5.0 (X11; Linux x86_64) AppleWebKit/537.36 (KHTML, like Gecko) HeadlessChrome/106.0.5249.30 Safari/537.36"
45.142.94.199 - - [09/Jul/2025:00:17:06 -0400] "GET /RICH/js/aos.js HTTP/1.0" 200 14244 "https://www.richinc.org/RICH/parents-investment-alliance.html" "Mozilla/5.0 (X11; Linux x86_64) AppleWebKit/537.36 (KHTML, like Gecko) HeadlessChrome/106.0.5249.30 Safari/537.36"
45.142.94.199 - - [09/Jul/2025:00:17:06 -0400] "GET /RICH/js/mediaelement-and-player.min.js HTTP/1.0" 200 152469 "https://www.richinc.org/RICH/parents-investment-alliance.html" "Mozilla/5.0 (X11; Linux x86_64) AppleWebKit/537.36 (KHTML, like Gecko) HeadlessChrome/106.0.5249.30 Safari/537.36"
152.39.171.203 - - [09/Jul/2025:00:17:06 -0400] "GET /RICH/reach-for-success.html HTTP/1.0" 200 16645 "-" "Mozilla/5.0 (X11; Linux x86_64) AppleWebKit/537.36 (KHTML, like Gecko) HeadlessChrome/106.0.5249.30 Safari/537.36"
45.142.94.199 - - [09/Jul/2025:00:17:06 -0400] "GET /RICH/js/main.js HTTP/1.0" 200 7761 "https://www.richinc.org/RICH/parents-investment-alliance.html" "Mozilla/5.0 (X11; Linux x86_64) AppleWebKit/537.36 (KHTML, like Gecko) HeadlessChrome/106.0.5249.30 Safari/537.36"
161.123.89.156 - - [09/Jul/2025:00:17:06 -0400] "GET /RICH/campaign1.html HTTP/1.0" 200 43533 "-" "Mozilla/5.0 (X11; Linux x86_64) AppleWebKit/537.36 (KHTML, like Gecko) HeadlessChrome/106.0.5249.30 Safari/537.36"
119.12.185.142 - - [09/Jul/2025:00:17:06 -0400] "GET /RICH/cdn-cgi/scripts/5c5dd728/cloudflare-static/email-decode.min.js HTTP/1.0" 404 575 "https://www.richinc.org/RICH/first-graduates.html" "Mozilla/5.0 (X11; Linux x86_64) AppleWebKit/537.36 (KHTML, like Gecko) HeadlessChrome/106.0.5249.30 Safari/537.36"
168.151.64.128 - - [09/Jul/2025:00:17:06 -0400] "GET /RICH/interns.html HTTP/1.0" 200 50778 "-" "Mozilla/5.0 (X11; Linux x86_64) AppleWebKit/537.36 (KHTML, like Gecko) HeadlessChrome/106.0.5249.30 Safari/537.36"
45.142.94.199 - - [09/Jul/2025:00:17:06 -0400] "GET /RICH/cdn-cgi/scripts/5c5dd728/cloudflare-static/email-decode.min.js HTTP/1.0" 404 575 "https://www.richinc.org/RICH/parents-investment-alliance.html" "Mozilla/5.0 (X11; Linux x86_64) AppleWebKit/537.36 (KHTML, like Gecko) HeadlessChrome/106.0.5249.30 Safari/537.36"
94.176.52.82 - - [09/Jul/2025:00:17:06 -0400] "GET /cdn-cgi/scripts/5c5dd728/cloudflare-static/email-decode.min.js HTTP/1.0" 302 275 "https://www.richinc.org/RICH/nvlpessay2.html" "Mozilla/5.0 (X11; Linux x86_64) AppleWebKit/537.36 (KHTML, like Gecko) HeadlessChrome/106.0.5249.30 Safari/537.36"
161.123.171.67 - - [09/Jul/2025:00:17:06 -0400] "POST /RICH/php/UsersRICH.php HTTP/1.0" 200 - "https://www.richinc.org/RICH/annual-reports.html" "Mozilla/5.0 (X11; Linux x86_64) AppleWebKit/537.36 (KHTML, like Gecko) HeadlessChrome/106.0.5249.30 Safari/537.36"
94.176.52.82 - - [09/Jul/2025:00:17:06 -0400] "GET /RICH/js/jquery-3.3.1.min.js HTTP/1.0" 200 86926 "https://www.richinc.org/RICH/nvlpessay2.html" "Mozilla/5.0 (X11; Linux x86_64) AppleWebKit/537.36 (KHTML, like Gecko) HeadlessChrome/106.0.5249.30 Safari/537.36"
