94.176.52.82 - - [09/Jul/2025:00:17:06 -0400] "GET /RICH/js/jquery-migrate-3.0.1.min.js HTTP/1.0" 200 11421 "https://www.richinc.org/RICH/nvlpessay2.html" "Mozilla/5.0 (X11; Linux x86_64) AppleWebKit/537.36 (KHTML, like Gecko) HeadlessChrome/106.0.5249.30 Safari/537.36"
94.176.52.82 - - [09/Jul/2025:00:17:06 -0400] "GET /RICH/js/jquery-ui.js HTTP/1.0" 200 45799 "https://www.richinc.org/RICH/nvlpessay2.html" "Mozilla/5.0 (X11; Linux x86_64) AppleWebKit/537.36 (KHTML, like Gecko) HeadlessChrome/106.0.5249.30 Safari/537.36"
94.176.52.82 - - [09/Jul/2025:00:17:06 -0400] "GET /RICH/js/popper.min.js HTTP/1.0" 200 20336 "https://www.richinc.org/RICH/nvlpessay2.html" "Mozilla/5.0 (X11; Linux x86_64) AppleWebKit/537.36 (KHTML, like Gecko) HeadlessChrome/106.0.5249.30 Safari/537.36"
94.176.52.82 - - [09/Jul/2025:00:17:06 -0400] "GET /RICH/js/bootstrap.min.js HTTP/1.0" 200 51039 "https://www.richinc.org/RICH/nvlpessay2.html" "Mozilla/5.0 (X11; Linux x86_64) AppleWebKit/537.36 (KHTML, like Gecko) HeadlessChrome/106.0.5249.30 Safari/537.36"
94.176.52.82 - - [09/Jul/2025:00:17:06 -0400] "GET /RICH/js/owl.carousel.min.js HTTP/1.0" 200 42766 "https://www.richinc.org/RICH/nvlpessay2.html" "Mozilla/5.0 (X11; Linux x86_64) AppleWebKit/537.36 (KHTML, like Gecko) HeadlessChrome/106.0.5249.30 Safari/537.36"
94.176.52.82 - - [09/Jul/2025:00:17:06 -0400] "GET /RICH/js/jquery.stellar.min.js HTTP/1.0" 200 12597 "https://www.richinc.org/RICH/nvlpessay2.html" "Mozilla/5.0 (X11; Linux x86_64) AppleWebKit/537.36 (KHTML, like Gecko) HeadlessChrome/106.0.5249.30 Safari/537.36"
152.39.140.52 - - [09/Jul/2025:00:17:06 -0400] "POST /RICH/php/UsersRICH.php HTTP/1.0" 200 - "https://www.richinc.org/RICH/graduate-testimonials.html" "Mozilla/5.0 (X11; Linux x86_64) AppleWebKit/537.36 (KHTML, like Gecko) HeadlessChrome/106.0.5249.30 Safari/537.36"
94.176.52.82 - - [09/Jul/2025:00:17:06 -0400] "GET /RICH/js/jquery.countdown.min.js HTTP/1.0" 200 5339 "https://www.richinc.org/RICH/nvlpessay2.html" "Mozilla/5.0 (X11; Linux x86_64) AppleWebKit/537.36 (KHTML, like Gecko) HeadlessChrome/106.0.5249.30 Safari/537.36"
162.43.251.85 - - [09/Jul/2025:00:17:06 -0400] "GET /RICH/cdn-cgi/scripts/5c5dd728/cloudflare-static/email-decode.min.js HTTP/1.0" 404 575 "https://www.richinc.org/RICH/podcasts.html" "Mozilla/5.0 (X11; Linux x86_64) AppleWebKit/537.36 (KHTML, like Gecko) HeadlessChrome/106.0.5249.30 Safari/537.36"
94.176.52.82 - - [09/Jul/2025:00:17:06 -0400] "GET /RICH/js/jquery.magnific-popup.min.js HTTP/1.0" 200 20216 "https://www.richinc.org/RICH/nvlpessay2.html" "Mozilla/5.0 (X11; Linux x86_64) AppleWebKit/537.36 (KHTML, like Gecko) HeadlessChrome/106.0.5249.30 Safari/537.36"
94.176.52.82 - - [09/Jul/2025:00:17:06 -0400] "GET /RICH/js/bootstrap-datepicker.min.js HTTP/1.0" 200 34172 "https://www.richinc.org/RICH/nvlpessay2.html" "Mozilla/5.0 (X11; Linux x86_64) AppleWebKit/537.36 (KHTML, like Gecko) HeadlessChrome/106.0.5249.30 Safari/537.36"
213.188.71.99 - - [09/Jul/2025:00:17:06 -0400] "GET /cdn-cgi/scripts/5c5dd728/cloudflare-static/email-decode.min.js HTTP/1.0" 302 275 "https://www.richinc.org/RICH/board-directors.html" "Mozilla/5.0 (X11; Linux x86_64) AppleWebKit/537.36 (KHTML, like Gecko) HeadlessChrome/106.0.5249.30 Safari/537.36"
213.188.71.99 - - [09/Jul/2025:00:17:06 -0400] "GET /RICH/js/jquery-3.3.1.min.js HTTP/1.0" 200 86926 "https://www.richinc.org/RICH/board-directors.html" "Mozilla/5.0 (X11; Linux x86_64) AppleWebKit/537.36 (KHTML, like Gecko) HeadlessChrome/106.0.5249.30 Safari/537.36"
213.188.71.99 - - [09/Jul/2025:00:17:06 -0400] "GET /RICH/js/jquery-migrate-3.0.1.min.js HTTP/1.0" 200 11421 "https://www.richinc.org/RICH/board-directors.html" "Mozilla/5.0 (X11; Linux x86_64) AppleWebKit/537.36 (KHTML, like Gecko) HeadlessChrome/106.0.5249.30 Safari/537.36"
94.176.52.82 - - [09/Jul/2025:00:17:06 -0400] "GET /RICH/js/aos.js HTTP/1.0" 200 14244 "https://www.richinc.org/RICH/nvlpessay2.html" "Mozilla/5.0 (X11; Linux x86_64) AppleWebKit/537.36 (KHTML, like Gecko) HeadlessChrome/106.0.5249.30 Safari/537.36"
213.188.71.99 - - [09/Jul/2025:00:17:06 -0400] "GET /RICH/js/jquery-ui.js HTTP/1.0" 200 45799 "https://www.richinc.org/RICH/board-directors.html" "Mozilla/5.0 (X11; Linux x86_64) AppleWebKit/537.36 (KHTML, like Gecko) HeadlessChrome/106.0.5249.30 Safari/537.36"
94.176.52.82 - - [09/Jul/2025:00:17:06 -0400] "GET /RICH/js/mediaelement-and-player.min.js HTTP/1.0" 200 152469 "https://www.richinc.org/RICH/nvlpessay2.html" "Mozilla/5.0 (X11; Linux x86_64) AppleWebKit/537.36 (KHTML, like Gecko) HeadlessChrome/106.0.5249.30 Safari/537.36"
213.188.71.99 - - [09/Jul/2025:00:17:06 -0400] "GET /RICH/js/bootstrap.min.js HTTP/1.0" 200 51039 "https://www.richinc.org/RICH/board-directors.html" "Mozilla/5.0 (X11; Linux x86_64) AppleWebKit/537.36 (KHTML, like Gecko) HeadlessChrome/106.0.5249.30 Safari/537.36"
213.188.71.99 - - [09/Jul/2025:00:17:06 -0400] "GET /RICH/js/popper.min.js HTTP/1.0" 200 20336 "https://www.richinc.org/RICH/board-directors.html" "Mozilla/5.0 (X11; Linux x86_64) AppleWebKit/537.36 (KHTML, like Gecko) HeadlessChrome/106.0.5249.30 Safari/537.36"
213.188.71.99 - - [09/Jul/2025:00:17:06 -0400] "GET /RICH/js/owl.carousel.min.js HTTP/1.0" 200 42766 "https://www.richinc.org/RICH/board-directors.html" "Mozilla/5.0 (X11; Linux x86_64) AppleWebKit/537.36 (KHTML, like Gecko) HeadlessChrome/106.0.5249.30 Safari/537.36"
94.176.52.82 - - [09/Jul/2025:00:17:06 -0400] "GET /RICH/js/main.js HTTP/1.0" 200 7761 "https://www.richinc.org/RICH/nvlpessay2.html" "Mozilla/5.0 (X11; Linux x86_64) AppleWebKit/537.36 (KHTML, like Gecko) HeadlessChrome/106.0.5249.30 Safari/537.36"
213.188.71.99 - - [09/Jul/2025:00:17:06 -0400] "GET /RICH/js/jquery.stellar.min.js HTTP/1.0" 200 12597 "https://www.richinc.org/RICH/board-directors.html" "Mozilla/5.0 (X11; Linux x86_64) AppleWebKit/537.36 (KHTML, like Gecko) HeadlessChrome/106.0.5249.30 Safari/537.36"
213.188.71.99 - - [09/Jul/2025:00:17:06 -0400] "GET /RICH/js/jquery.countdown.min.js HTTP/1.0" 200 5339 "https://www.richinc.org/RICH/board-directors.html" "Mozilla/5.0 (X11; Linux x86_64) AppleWebKit/537.36 (KHTML, like Gecko) HeadlessChrome/106.0.5249.30 Safari/537.36"
188.119.116.239 - - [09/Jul/2025:00:17:06 -0400] "GET /cdn-cgi/scripts/5c5dd728/cloudflare-static/email-decode.min.js HTTP/1.0" 302 275 "https://www.richinc.org/RICH/contact-us.html" "Mozilla/5.0 (X11; Linux x86_64) AppleWebKit/537.36 (KHTML, like Gecko) HeadlessChrome/106.0.5249.30 Safari/537.36"
168.151.124.186 - - [09/Jul/2025:00:17:06 -0400] "GET /RICH/sdlp.html HTTP/1.0" 200 19699 "-" "Mozilla/5.0 (X11; Linux x86_64) AppleWebKit/537.36 (KHTML, like Gecko) HeadlessChrome/106.0.5249.30 Safari/537.36"
94.176.52.82 - - [09/Jul/2025:00:17:06 -0400] "GET /RICH/cdn-cgi/scripts/5c5dd728/cloudflare-static/email-decode.min.js HTTP/1.0" 404 575 "https://www.richinc.org/RICH/nvlpessay2.html" "Mozilla/5.0 (X11; Linux x86_64) AppleWebKit/537.36 (KHTML, like Gecko) HeadlessChrome/106.0.5249.30 Safari/537.36"
188.119.116.239 - - [09/Jul/2025:00:17:06 -0400] "GET /RICH/js/jquery-migrate-3.0.1.min.js HTTP/1.0" 200 11421 "https://www.richinc.org/RICH/contact-us.html" "Mozilla/5.0 (X11; Linux x86_64) AppleWebKit/537.36 (KHTML, like Gecko) HeadlessChrome/106.0.5249.30 Safari/537.36"
188.119.116.239 - - [09/Jul/2025:00:17:06 -0400] "GET /RICH/js/jquery-3.3.1.min.js HTTP/1.0" 200 86926 "https://www.richinc.org/RICH/contact-us.html" "Mozilla/5.0 (X11; Linux x86_64) AppleWebKit/537.36 (KHTML, like Gecko) HeadlessChrome/106.0.5249.30 Safari/537.36"
213.188.71.99 - - [09/Jul/2025:00:17:06 -0400] "GET /RICH/js/bootstrap-datepicker.min.js HTTP/1.0" 200 34172 "https://www.richinc.org/RICH/board-directors.html" "Mozilla/5.0 (X11; Linux x86_64) AppleWebKit/537.36 (KHTML, like Gecko) HeadlessChrome/106.0.5249.30 Safari/537.36"
213.188.71.99 - - [09/Jul/2025:00:17:06 -0400] "GET /RICH/js/jquery.magnific-popup.min.js HTTP/1.0" 200 20216 "https://www.richinc.org/RICH/board-directors.html" "Mozilla/5.0 (X11; Linux x86_64) AppleWebKit/537.36 (KHTML, like Gecko) HeadlessChrome/106.0.5249.30 Safari/537.36"
213.188.71.99 - - [09/Jul/2025:00:17:06 -0400] "GET /RICH/js/aos.js HTTP/1.0" 200 14244 "https://www.richinc.org/RICH/board-directors.html" "Mozilla/5.0 (X11; Linux x86_64) AppleWebKit/537.36 (KHTML, like Gecko) HeadlessChrome/106.0.5249.30 Safari/537.36"
213.188.71.99 - - [09/Jul/2025:00:17:06 -0400] "GET /RICH/js/main.js HTTP/1.0" 200 7761 "https://www.richinc.org/RICH/board-directors.html" "Mozilla/5.0 (X11; Linux x86_64) AppleWebKit/537.36 (KHTML, like Gecko) HeadlessChrome/106.0.5249.30 Safari/537.36"
213.188.71.99 - - [09/Jul/2025:00:17:06 -0400] "GET /RICH/js/mediaelement-and-player.min.js HTTP/1.0" 200 152469 "https://www.richinc.org/RICH/board-directors.html" "Mozilla/5.0 (X11; Linux x86_64) AppleWebKit/537.36 (KHTML, like Gecko) HeadlessChrome/106.0.5249.30 Safari/537.36"
188.119.116.239 - - [09/Jul/2025:00:17:06 -0400] "GET /RICH/js/popper.min.js HTTP/1.0" 200 20336 "https://www.richinc.org/RICH/contact-us.html" "Mozilla/5.0 (X11; Linux x86_64) AppleWebKit/537.36 (KHTML, like Gecko) HeadlessChrome/106.0.5249.30 Safari/537.36"
188.119.116.239 - - [09/Jul/2025:00:17:06 -0400] "GET /RICH/js/owl.carousel.min.js HTTP/1.0" 200 42766 "https://www.richinc.org/RICH/contact-us.html" "Mozilla/5.0 (X11; Linux x86_64) AppleWebKit/537.36 (KHTML, like Gecko) HeadlessChrome/106.0.5249.30 Safari/537.36"
188.119.116.239 - - [09/Jul/2025:00:17:06 -0400] "GET /RICH/js/jquery-ui.js HTTP/1.0" 200 45799 "https://www.richinc.org/RICH/contact-us.html" "Mozilla/5.0 (X11; Linux x86_64) AppleWebKit/537.36 (KHTML, like Gecko) HeadlessChrome/106.0.5249.30 Safari/537.36"
188.119.116.239 - - [09/Jul/2025:00:17:06 -0400] "GET /RICH/js/bootstrap.min.js HTTP/1.0" 200 51039 "https://www.richinc.org/RICH/contact-us.html" "Mozilla/5.0 (X11; Linux x86_64) AppleWebKit/537.36 (KHTML, like Gecko) HeadlessChrome/106.0.5249.30 Safari/537.36"
188.119.116.239 - - [09/Jul/2025:00:17:06 -0400] "GET /RICH/js/jquery.countdown.min.js HTTP/1.0" 200 5339 "https://www.richinc.org/RICH/contact-us.html" "Mozilla/5.0 (X11; Linux x86_64) AppleWebKit/537.36 (KHTML, like Gecko) HeadlessChrome/106.0.5249.30 Safari/537.36"
188.119.116.239 - - [09/Jul/2025:00:17:06 -0400] "GET /RICH/js/jquery.magnific-popup.min.js HTTP/1.0" 200 20216 "https://www.richinc.org/RICH/contact-us.html" "Mozilla/5.0 (X11; Linux x86_64) AppleWebKit/537.36 (KHTML, like Gecko) HeadlessChrome/106.0.5249.30 Safari/537.36"
152.39.171.203 - - [09/Jul/2025:00:17:06 -0400] "GET /cdn-cgi/scripts/5c5dd728/cloudflare-static/email-decode.min.js HTTP/1.0" 302 275 "https://www.richinc.org/RICH/reach-for-success.html" "Mozilla/5.0 (X11; Linux x86_64) AppleWebKit/537.36 (KHTML, like Gecko) HeadlessChrome/106.0.5249.30 Safari/537.36"
188.119.116.239 - - [09/Jul/2025:00:17:06 -0400] "GET /RICH/js/bootstrap-datepicker.min.js HTTP/1.0" 200 34172 "https://www.richinc.org/RICH/contact-us.html" "Mozilla/5.0 (X11; Linux x86_64) AppleWebKit/537.36 (KHTML, like Gecko) HeadlessChrome/106.0.5249.30 Safari/537.36"
152.39.171.203 - - [09/Jul/2025:00:17:06 -0400] "GET /RICH/js/jquery-3.3.1.min.js HTTP/1.0" 200 86926 "https://www.richinc.org/RICH/reach-for-success.html" "Mozilla/5.0 (X11; Linux x86_64) AppleWebKit/537.36 (KHTML, like Gecko) HeadlessChrome/106.0.5249.30 Safari/537.36"
152.39.171.203 - - [09/Jul/2025:00:17:06 -0400] "GET /RICH/js/jquery-migrate-3.0.1.min.js HTTP/1.0" 200 11421 "https://www.richinc.org/RICH/reach-for-success.html" "Mozilla/5.0 (X11; Linux x86_64) AppleWebKit/537.36 (KHTML, like Gecko) HeadlessChrome/106.0.5249.30 Safari/537.36"
152.39.171.203 - - [09/Jul/2025:00:17:06 -0400] "GET /RICH/js/jquery-ui.js HTTP/1.0" 200 45799 "https://www.richinc.org/RICH/reach-for-success.html" "Mozilla/5.0 (X11; Linux x86_64) AppleWebKit/537.36 (KHTML, like Gecko) HeadlessChrome/106.0.5249.30 Safari/537.36"
152.39.171.203 - - [09/Jul/2025:00:17:06 -0400] "GET /RICH/js/popper.min.js HTTP/1.0" 200 20336 "https://www.richinc.org/RICH/reach-for-success.html" "Mozilla/5.0 (X11; Linux x86_64) AppleWebKit/537.36 (KHTML, like Gecko) HeadlessChrome/106.0.5249.30 Safari/537.36"
188.119.116.239 - - [09/Jul/2025:00:17:06 -0400] "GET /RICH/js/jquery.stellar.min.js HTTP/1.0" 200 12597 "https://www.richinc.org/RICH/contact-us.html" "Mozilla/5.0 (X11; Linux x86_64) AppleWebKit/537.36 (KHTML, like Gecko) HeadlessChrome/106.0.5249.30 Safari/537.36"
188.119.116.239 - - [09/Jul/2025:00:17:06 -0400] "GET /RICH/js/aos.js HTTP/1.0" 200 14244 "https://www.richinc.org/RICH/contact-us.html" "Mozilla/5.0 (X11; Linux x86_64) AppleWebKit/537.36 (KHTML, like Gecko) HeadlessChrome/106.0.5249.30 Safari/537.36"
188.119.116.239 - - [09/Jul/2025:00:17:06 -0400] "GET /RICH/js/mediaelement-and-player.min.js HTTP/1.0" 200 152469 "https://www.richinc.org/RICH/contact-us.html" "Mozilla/5.0 (X11; Linux x86_64) AppleWebKit/537.36 (KHTML, like Gecko) HeadlessChrome/106.0.5249.30 Safari/537.36"
188.119.116.239 - - [09/Jul/2025:00:17:06 -0400] "GET /RICH/js/main.js HTTP/1.0" 200 7761 "https://www.richinc.org/RICH/contact-us.html" "Mozilla/5.0 (X11; Linux x86_64) AppleWebKit/537.36 (KHTML, like Gecko) HeadlessChrome/106.0.5249.30 Safari/537.36"
152.39.171.203 - - [09/Jul/2025:00:17:06 -0400] "GET /RICH/js/bootstrap.min.js HTTP/1.0" 200 51039 "https://www.richinc.org/RICH/reach-for-success.html" "Mozilla/5.0 (X11; Linux x86_64) AppleWebKit/537.36 (KHTML, like Gecko) HeadlessChrome/106.0.5249.30 Safari/537.36"
152.39.171.203 - - [09/Jul/2025:00:17:06 -0400] "GET /RICH/js/owl.carousel.min.js HTTP/1.0" 200 42766 "https://www.richinc.org/RICH/reach-for-success.html" "Mozilla/5.0 (X11; Linux x86_64) AppleWebKit/537.36 (KHTML, like Gecko) HeadlessChrome/106.0.5249.30 Safari/537.36"
152.39.171.203 - - [09/Jul/2025:00:17:06 -0400] "GET /RICH/js/jquery.stellar.min.js HTTP/1.0" 200 12597 "https://www.richinc.org/RICH/reach-for-success.html" "Mozilla/5.0 (X11; Linux x86_64) AppleWebKit/537.36 (KHTML, like Gecko) HeadlessChrome/106.0.5249.30 Safari/537.36"
152.39.171.203 - - [09/Jul/2025:00:17:06 -0400] "GET /RICH/js/jquery.countdown.min.js HTTP/1.0" 200 5339 "https://www.richinc.org/RICH/reach-for-success.html" "Mozilla/5.0 (X11; Linux x86_64) AppleWebKit/537.36 (KHTML, like Gecko) HeadlessChrome/106.0.5249.30 Safari/537.36"
152.39.171.203 - - [09/Jul/2025:00:17:06 -0400] "GET /RICH/js/jquery.magnific-popup.min.js HTTP/1.0" 200 20216 "https://www.richinc.org/RICH/reach-for-success.html" "Mozilla/5.0 (X11; Linux x86_64) AppleWebKit/537.36 (KHTML, like Gecko) HeadlessChrome/106.0.5249.30 Safari/537.36"
152.39.171.203 - - [09/Jul/2025:00:17:06 -0400] "GET /RICH/js/bootstrap-datepicker.min.js HTTP/1.0" 200 34172 "https://www.richinc.org/RICH/reach-for-success.html" "Mozilla/5.0 (X11; Linux x86_64) AppleWebKit/537.36 (KHTML, like Gecko) HeadlessChrome/106.0.5249.30 Safari/537.36"
161.123.89.156 - - [09/Jul/2025:00:17:06 -0400] "GET /cdn-cgi/scripts/5c5dd728/cloudflare-static/email-decode.min.js HTTP/1.0" 302 275 "https://www.richinc.org/RICH/campaign1.html" "Mozilla/5.0 (X11; Linux x86_64) AppleWebKit/537.36 (KHTML, like Gecko) HeadlessChrome/106.0.5249.30 Safari/537.36"
161.123.89.156 - - [09/Jul/2025:00:17:06 -0400] "GET /js/jquery-3.3.1.min.js HTTP/1.0" 403 261 "https://www.richinc.org/RICH/campaign1.html" "Mozilla/5.0 (X11; Linux x86_64) AppleWebKit/537.36 (KHTML, like Gecko) HeadlessChrome/106.0.5249.30 Safari/537.36"
161.123.89.156 - - [09/Jul/2025:00:17:06 -0400] "GET /js/jquery-migrate-3.0.1.min.js HTTP/1.0" 403 261 "https://www.richinc.org/RICH/campaign1.html" "Mozilla/5.0 (X11; Linux x86_64) AppleWebKit/537.36 (KHTML, like Gecko) HeadlessChrome/106.0.5249.30 Safari/537.36"
161.123.89.156 - - [09/Jul/2025:00:17:06 -0400] "GET /js/jquery-ui.js HTTP/1.0" 403 261 "https://www.richinc.org/RICH/campaign1.html" "Mozilla/5.0 (X11; Linux x86_64) AppleWebKit/537.36 (KHTML, like Gecko) HeadlessChrome/106.0.5249.30 Safari/537.36"
152.39.171.203 - - [09/Jul/2025:00:17:06 -0400] "GET /RICH/js/aos.js HTTP/1.0" 200 14244 "https://www.richinc.org/RICH/reach-for-success.html" "Mozilla/5.0 (X11; Linux x86_64) AppleWebKit/537.36 (KHTML, like Gecko) HeadlessChrome/106.0.5249.30 Safari/537.36"
152.39.171.203 - - [09/Jul/2025:00:17:06 -0400] "GET /RICH/js/mediaelement-and-player.min.js HTTP/1.0" 200 152469 "https://www.richinc.org/RICH/reach-for-success.html" "Mozilla/5.0 (X11; Linux x86_64) AppleWebKit/537.36 (KHTML, like Gecko) HeadlessChrome/106.0.5249.30 Safari/537.36"
152.39.171.203 - - [09/Jul/2025:00:17:06 -0400] "GET /RICH/js/main.js HTTP/1.0" 200 7761 "https://www.richinc.org/RICH/reach-for-success.html" "Mozilla/5.0 (X11; Linux x86_64) AppleWebKit/537.36 (KHTML, like Gecko) HeadlessChrome/106.0.5249.30 Safari/537.36"
168.151.64.128 - - [09/Jul/2025:00:17:06 -0400] "GET /cdn-cgi/scripts/5c5dd728/cloudflare-static/email-decode.min.js HTTP/1.0" 302 275 "https://www.richinc.org/RICH/interns.html" "Mozilla/5.0 (X11; Linux x86_64) AppleWebKit/537.36 (KHTML, like Gecko) HeadlessChrome/106.0.5249.30 Safari/537.36"
168.151.64.128 - - [09/Jul/2025:00:17:06 -0400] "GET /js/jquery-3.3.1.min.js HTTP/1.0" 403 261 "https://www.richinc.org/RICH/interns.html" "Mozilla/5.0 (X11; Linux x86_64) AppleWebKit/537.36 (KHTML, like Gecko) HeadlessChrome/106.0.5249.30 Safari/537.36"
168.151.64.128 - - [09/Jul/2025:00:17:06 -0400] "GET /js/jquery-migrate-3.0.1.min.js HTTP/1.0" 403 261 "https://www.richinc.org/RICH/interns.html" "Mozilla/5.0 (X11; Linux x86_64) AppleWebKit/537.36 (KHTML, like Gecko) HeadlessChrome/106.0.5249.30 Safari/537.36"
161.123.89.156 - - [09/Jul/2025:00:17:06 -0400] "GET /js/bootstrap.min.js HTTP/1.0" 403 261 "https://www.richinc.org/RICH/campaign1.html" "Mozilla/5.0 (X11; Linux x86_64) AppleWebKit/537.36 (KHTML, like Gecko) HeadlessChrome/106.0.5249.30 Safari/537.36"
161.123.89.156 - - [09/Jul/2025:00:17:06 -0400] "GET /js/popper.min.js HTTP/1.0" 403 261 "https://www.richinc.org/RICH/campaign1.html" "Mozilla/5.0 (X11; Linux x86_64) AppleWebKit/537.36 (KHTML, like Gecko) HeadlessChrome/106.0.5249.30 Safari/537.36"
161.123.89.156 - - [09/Jul/2025:00:17:06 -0400] "GET /js/owl.carousel.min.js HTTP/1.0" 403 261 "https://www.richinc.org/RICH/campaign1.html" "Mozilla/5.0 (X11; Linux x86_64) AppleWebKit/537.36 (KHTML, like Gecko) HeadlessChrome/106.0.5249.30 Safari/537.36"
168.151.64.128 - - [09/Jul/2025:00:17:06 -0400] "GET /js/jquery-ui.js HTTP/1.0" 403 261 "https://www.richinc.org/RICH/interns.html" "Mozilla/5.0 (X11; Linux x86_64) AppleWebKit/537.36 (KHTML, like Gecko) HeadlessChrome/106.0.5249.30 Safari/537.36"
161.123.89.156 - - [09/Jul/2025:00:17:06 -0400] "GET /js/jquery.stellar.min.js HTTP/1.0" 403 261 "https://www.richinc.org/RICH/campaign1.html" "Mozilla/5.0 (X11; Linux x86_64) AppleWebKit/537.36 (KHTML, like Gecko) HeadlessChrome/106.0.5249.30 Safari/537.36"
161.123.89.156 - - [09/Jul/2025:00:17:06 -0400] "GET /js/jquery.countdown.min.js HTTP/1.0" 403 261 "https://www.richinc.org/RICH/campaign1.html" "Mozilla/5.0 (X11; Linux x86_64) AppleWebKit/537.36 (KHTML, like Gecko) HeadlessChrome/106.0.5249.30 Safari/537.36"
168.151.64.128 - - [09/Jul/2025:00:17:06 -0400] "GET /js/popper.min.js HTTP/1.0" 403 261 "https://www.richinc.org/RICH/interns.html" "Mozilla/5.0 (X11; Linux x86_64) AppleWebKit/537.36 (KHTML, like Gecko) HeadlessChrome/106.0.5249.30 Safari/537.36"
168.151.64.128 - - [09/Jul/2025:00:17:06 -0400] "GET /js/bootstrap.min.js HTTP/1.0" 403 261 "https://www.richinc.org/RICH/interns.html" "Mozilla/5.0 (X11; Linux x86_64) AppleWebKit/537.36 (KHTML, like Gecko) HeadlessChrome/106.0.5249.30 Safari/537.36"
161.123.89.156 - - [09/Jul/2025:00:17:06 -0400] "GET /js/jquery.magnific-popup.min.js HTTP/1.0" 403 261 "https://www.richinc.org/RICH/campaign1.html" "Mozilla/5.0 (X11; Linux x86_64) AppleWebKit/537.36 (KHTML, like Gecko) HeadlessChrome/106.0.5249.30 Safari/537.36"
161.123.89.156 - - [09/Jul/2025:00:17:06 -0400] "GET /js/bootstrap-datepicker.min.js HTTP/1.0" 403 261 "https://www.richinc.org/RICH/campaign1.html" "Mozilla/5.0 (X11; Linux x86_64) AppleWebKit/537.36 (KHTML, like Gecko) HeadlessChrome/106.0.5249.30 Safari/537.36"
161.123.89.156 - - [09/Jul/2025:00:17:06 -0400] "GET /js/mediaelement-and-player.min.js HTTP/1.0" 403 261 "https://www.richinc.org/RICH/campaign1.html" "Mozilla/5.0 (X11; Linux x86_64) AppleWebKit/537.36 (KHTML, like Gecko) HeadlessChrome/106.0.5249.30 Safari/537.36"
161.123.89.156 - - [09/Jul/2025:00:17:06 -0400] "GET /js/aos.js HTTP/1.0" 403 261 "https://www.richinc.org/RICH/campaign1.html" "Mozilla/5.0 (X11; Linux x86_64) AppleWebKit/537.36 (KHTML, like Gecko) HeadlessChrome/106.0.5249.30 Safari/537.36"
213.188.71.99 - - [09/Jul/2025:00:17:06 -0400] "GET /RICH/cdn-cgi/scripts/5c5dd728/cloudflare-static/email-decode.min.js HTTP/1.0" 404 575 "https://www.richinc.org/RICH/board-directors.html" "Mozilla/5.0 (X11; Linux x86_64) AppleWebKit/537.36 (KHTML, like Gecko) HeadlessChrome/106.0.5249.30 Safari/537.36"
152.39.171.203 - - [09/Jul/2025:00:17:06 -0400] "GET /RICH/cdn-cgi/scripts/5c5dd728/cloudflare-static/email-decode.min.js HTTP/1.0" 404 575 "https://www.richinc.org/RICH/reach-for-success.html" "Mozilla/5.0 (X11; Linux x86_64) AppleWebKit/537.36 (KHTML, like Gecko) HeadlessChrome/106.0.5249.30 Safari/537.36"
94.176.52.82 - - [09/Jul/2025:00:17:06 -0400] "POST /RICH/php/UsersRICH.php HTTP/1.0" 200 - "https://www.richinc.org/RICH/nvlpessay2.html" "Mozilla/5.0 (X11; Linux x86_64) AppleWebKit/537.36 (KHTML, like Gecko) HeadlessChrome/106.0.5249.30 Safari/537.36"
119.12.185.142 - - [09/Jul/2025:00:17:06 -0400] "POST /RICH/php/UsersRICH.php HTTP/1.0" 200 - "https://www.richinc.org/RICH/first-graduates.html" "Mozilla/5.0 (X11; Linux x86_64) AppleWebKit/537.36 (KHTML, like Gecko) HeadlessChrome/106.0.5249.30 Safari/537.36"
161.123.89.156 - - [09/Jul/2025:00:17:06 -0400] "GET /js/main.js HTTP/1.0" 403 261 "https://www.richinc.org/RICH/campaign1.html" "Mozilla/5.0 (X11; Linux x86_64) AppleWebKit/537.36 (KHTML, like Gecko) HeadlessChrome/106.0.5249.30 Safari/537.36"
45.142.94.199 - - [09/Jul/2025:00:17:06 -0400] "POST /RICH/php/UsersRICH.php HTTP/1.0" 200 - "https://www.richinc.org/RICH/parents-investment-alliance.html" "Mozilla/5.0 (X11; Linux x86_64) AppleWebKit/537.36 (KHTML, like Gecko) HeadlessChrome/106.0.5249.30 Safari/537.36"
188.119.116.239 - - [09/Jul/2025:00:17:06 -0400] "GET /RICH/cdn-cgi/scripts/5c5dd728/cloudflare-static/email-decode.min.js HTTP/1.0" 404 575 "https://www.richinc.org/RICH/contact-us.html" "Mozilla/5.0 (X11; Linux x86_64) AppleWebKit/537.36 (KHTML, like Gecko) HeadlessChrome/106.0.5249.30 Safari/537.36"
162.43.251.85 - - [09/Jul/2025:00:17:06 -0400] "POST /RICH/php/UsersRICH.php HTTP/1.0" 200 - "https://www.richinc.org/RICH/podcasts.html" "Mozilla/5.0 (X11; Linux x86_64) AppleWebKit/537.36 (KHTML, like Gecko) HeadlessChrome/106.0.5249.30 Safari/537.36"
168.151.64.128 - - [09/Jul/2025:00:17:06 -0400] "GET /js/owl.carousel.min.js HTTP/1.0" 403 261 "https://www.richinc.org/RICH/interns.html" "Mozilla/5.0 (X11; Linux x86_64) AppleWebKit/537.36 (KHTML, like Gecko) HeadlessChrome/106.0.5249.30 Safari/537.36"
168.151.64.128 - - [09/Jul/2025:00:17:06 -0400] "GET /js/jquery.countdown.min.js HTTP/1.0" 403 261 "https://www.richinc.org/RICH/interns.html" "Mozilla/5.0 (X11; Linux x86_64) AppleWebKit/537.36 (KHTML, like Gecko) HeadlessChrome/106.0.5249.30 Safari/537.36"
168.151.64.128 - - [09/Jul/2025:00:17:06 -0400] "GET /js/jquery.stellar.min.js HTTP/1.0" 403 261 "https://www.richinc.org/RICH/interns.html" "Mozilla/5.0 (X11; Linux x86_64) AppleWebKit/537.36 (KHTML, like Gecko) HeadlessChrome/106.0.5249.30 Safari/537.36"
168.151.64.128 - - [09/Jul/2025:00:17:06 -0400] "GET /js/jquery.magnific-popup.min.js HTTP/1.0" 403 261 "https://www.richinc.org/RICH/interns.html" "Mozilla/5.0 (X11; Linux x86_64) AppleWebKit/537.36 (KHTML, like Gecko) HeadlessChrome/106.0.5249.30 Safari/537.36"
168.151.64.128 - - [09/Jul/2025:00:17:06 -0400] "GET /js/bootstrap-datepicker.min.js HTTP/1.0" 403 261 "https://www.richinc.org/RICH/interns.html" "Mozilla/5.0 (X11; Linux x86_64) AppleWebKit/537.36 (KHTML, like Gecko) HeadlessChrome/106.0.5249.30 Safari/537.36"
168.151.64.128 - - [09/Jul/2025:00:17:06 -0400] "GET /js/mediaelement-and-player.min.js HTTP/1.0" 403 261 "https://www.richinc.org/RICH/interns.html" "Mozilla/5.0 (X11; Linux x86_64) AppleWebKit/537.36 (KHTML, like Gecko) HeadlessChrome/106.0.5249.30 Safari/537.36"
168.151.64.128 - - [09/Jul/2025:00:17:06 -0400] "GET /js/main.js HTTP/1.0" 403 261 "https://www.richinc.org/RICH/interns.html" "Mozilla/5.0 (X11; Linux x86_64) AppleWebKit/537.36 (KHTML, like Gecko) HeadlessChrome/106.0.5249.30 Safari/537.36"
168.151.64.128 - - [09/Jul/2025:00:17:06 -0400] "GET /js/aos.js HTTP/1.0" 403 261 "https://www.richinc.org/RICH/interns.html" "Mozilla/5.0 (X11; Linux x86_64) AppleWebKit/537.36 (KHTML, like Gecko) HeadlessChrome/106.0.5249.30 Safari/537.36"
168.151.64.128 - - [09/Jul/2025:00:17:06 -0400] "GET /RICH/cdn-cgi/scripts/5c5dd728/cloudflare-static/email-decode.min.js HTTP/1.0" 404 575 "https://www.richinc.org/RICH/interns.html" "Mozilla/5.0 (X11; Linux x86_64) AppleWebKit/537.36 (KHTML, like Gecko) HeadlessChrome/106.0.5249.30 Safari/537.36"
161.123.89.156 - - [09/Jul/2025:00:17:06 -0400] "GET /RICH/cdn-cgi/scripts/5c5dd728/cloudflare-static/email-decode.min.js HTTP/1.0" 404 575 "https://www.richinc.org/RICH/campaign1.html" "Mozilla/5.0 (X11; Linux x86_64) AppleWebKit/537.36 (KHTML, like Gecko) HeadlessChrome/106.0.5249.30 Safari/537.36"
168.151.124.186 - - [09/Jul/2025:00:17:06 -0400] "GET /cdn-cgi/scripts/5c5dd728/cloudflare-static/email-decode.min.js HTTP/1.0" 302 275 "https://www.richinc.org/RICH/sdlp.html" "Mozilla/5.0 (X11; Linux x86_64) AppleWebKit/537.36 (KHTML, like Gecko) HeadlessChrome/106.0.5249.30 Safari/537.36"
168.151.124.186 - - [09/Jul/2025:00:17:06 -0400] "GET /RICH/js/jquery-ui.js HTTP/1.0" 200 45799 "https://www.richinc.org/RICH/sdlp.html" "Mozilla/5.0 (X11; Linux x86_64) AppleWebKit/537.36 (KHTML, like Gecko) HeadlessChrome/106.0.5249.30 Safari/537.36"
168.151.124.186 - - [09/Jul/2025:00:17:06 -0400] "GET /RICH/js/jquery.magnific-popup.min.js HTTP/1.0" 200 20216 "https://www.richinc.org/RICH/sdlp.html" "Mozilla/5.0 (X11; Linux x86_64) AppleWebKit/537.36 (KHTML, like Gecko) HeadlessChrome/106.0.5249.30 Safari/537.36"
168.151.124.186 - - [09/Jul/2025:00:17:06 -0400] "GET /RICH/js/owl.carousel.min.js HTTP/1.0" 200 42766 "https://www.richinc.org/RICH/sdlp.html" "Mozilla/5.0 (X11; Linux x86_64) AppleWebKit/537.36 (KHTML, like Gecko) HeadlessChrome/106.0.5249.30 Safari/537.36"
168.151.124.186 - - [09/Jul/2025:00:17:06 -0400] "GET /RICH/js/jquery.stellar.min.js HTTP/1.0" 200 12597 "https://www.richinc.org/RICH/sdlp.html" "Mozilla/5.0 (X11; Linux x86_64) AppleWebKit/537.36 (KHTML, like Gecko) HeadlessChrome/106.0.5249.30 Safari/537.36"
168.151.124.186 - - [09/Jul/2025:00:17:06 -0400] "GET /RICH/js/popper.min.js HTTP/1.0" 200 20336 "https://www.richinc.org/RICH/sdlp.html" "Mozilla/5.0 (X11; Linux x86_64) AppleWebKit/537.36 (KHTML, like Gecko) HeadlessChrome/106.0.5249.30 Safari/537.36"
168.151.124.186 - - [09/Jul/2025:00:17:06 -0400] "GET /RICH/js/jquery.countdown.min.js HTTP/1.0" 200 5339 "https://www.richinc.org/RICH/sdlp.html" "Mozilla/5.0 (X11; Linux x86_64) AppleWebKit/537.36 (KHTML, like Gecko) HeadlessChrome/106.0.5249.30 Safari/537.36"
168.151.124.186 - - [09/Jul/2025:00:17:06 -0400] "GET /RICH/js/bootstrap-datepicker.min.js HTTP/1.0" 200 34172 "https://www.richinc.org/RICH/sdlp.html" "Mozilla/5.0 (X11; Linux x86_64) AppleWebKit/537.36 (KHTML, like Gecko) HeadlessChrome/106.0.5249.30 Safari/537.36"
168.151.124.186 - - [09/Jul/2025:00:17:06 -0400] "GET /RICH/js/bootstrap.min.js HTTP/1.0" 200 51039 "https://www.richinc.org/RICH/sdlp.html" "Mozilla/5.0 (X11; Linux x86_64) AppleWebKit/537.36 (KHTML, like Gecko) HeadlessChrome/106.0.5249.30 Safari/537.36"
168.151.124.186 - - [09/Jul/2025:00:17:06 -0400] "GET /RICH/js/jquery-3.3.1.min.js HTTP/1.0" 200 86926 "https://www.richinc.org/RICH/sdlp.html" "Mozilla/5.0 (X11; Linux x86_64) AppleWebKit/537.36 (KHTML, like Gecko) HeadlessChrome/106.0.5249.30 Safari/537.36"
168.151.124.186 - - [09/Jul/2025:00:17:06 -0400] "GET /RICH/js/jquery-migrate-3.0.1.min.js HTTP/1.0" 200 11421 "https://www.richinc.org/RICH/sdlp.html" "Mozilla/5.0 (X11; Linux x86_64) AppleWebKit/537.36 (KHTML, like Gecko) HeadlessChrome/106.0.5249.30 Safari/537.36"
152.39.171.203 - - [09/Jul/2025:00:17:06 -0400] "POST /RICH/php/UsersRICH.php HTTP/1.0" 200 - "https://www.richinc.org/RICH/reach-for-success.html" "Mozilla/5.0 (X11; Linux x86_64) AppleWebKit/537.36 (KHTML, like Gecko) HeadlessChrome/106.0.5249.30 Safari/537.36"
168.151.64.128 - - [09/Jul/2025:00:17:06 -0400] "POST /php/UsersRICH.php HTTP/1.0" 302 230 "https://www.richinc.org/RICH/interns.html" "Mozilla/5.0 (X11; Linux x86_64) AppleWebKit/537.36 (KHTML, like Gecko) HeadlessChrome/106.0.5249.30 Safari/537.36"
168.151.124.186 - - [09/Jul/2025:00:17:07 -0400] "GET /RICH/js/main.js HTTP/1.0" 200 7761 "https://www.richinc.org/RICH/sdlp.html" "Mozilla/5.0 (X11; Linux x86_64) AppleWebKit/537.36 (KHTML, like Gecko) HeadlessChrome/106.0.5249.30 Safari/537.36"
168.151.124.186 - - [09/Jul/2025:00:17:07 -0400] "GET /RICH/js/aos.js HTTP/1.0" 200 14244 "https://www.richinc.org/RICH/sdlp.html" "Mozilla/5.0 (X11; Linux x86_64) AppleWebKit/537.36 (KHTML, like Gecko) HeadlessChrome/106.0.5249.30 Safari/537.36"
168.151.124.186 - - [09/Jul/2025:00:17:07 -0400] "GET /RICH/js/mediaelement-and-player.min.js HTTP/1.0" 200 152469 "https://www.richinc.org/RICH/sdlp.html" "Mozilla/5.0 (X11; Linux x86_64) AppleWebKit/537.36 (KHTML, like Gecko) HeadlessChrome/106.0.5249.30 Safari/537.36"
161.123.89.156 - - [09/Jul/2025:00:17:07 -0400] "POST /php/UsersRICH.php HTTP/1.0" 302 230 "https://www.richinc.org/RICH/campaign1.html" "Mozilla/5.0 (X11; Linux x86_64) AppleWebKit/537.36 (KHTML, like Gecko) HeadlessChrome/106.0.5249.30 Safari/537.36"
152.39.200.51 - - [09/Jul/2025:00:17:06 -0400] "POST /RICH/php/UsersRICH.php HTTP/1.0" 200 - "https://www.richinc.org/RICH/index.html" "Mozilla/5.0 (X11; Linux x86_64) AppleWebKit/537.36 (KHTML, like Gecko) HeadlessChrome/106.0.5249.30 Safari/537.36"
168.151.64.128 - - [09/Jul/2025:00:17:07 -0400] "GET /RICH/php/UsersRICH.php HTTP/1.0" 200 - "https://www.richinc.org/RICH/interns.html" "Mozilla/5.0 (X11; Linux x86_64) AppleWebKit/537.36 (KHTML, like Gecko) HeadlessChrome/106.0.5249.30 Safari/537.36"
168.151.124.186 - - [09/Jul/2025:00:17:07 -0400] "GET /RICH/cdn-cgi/scripts/5c5dd728/cloudflare-static/email-decode.min.js HTTP/1.0" 404 575 "https://www.richinc.org/RICH/sdlp.html" "Mozilla/5.0 (X11; Linux x86_64) AppleWebKit/537.36 (KHTML, like Gecko) HeadlessChrome/106.0.5249.30 Safari/537.36"
213.188.71.99 - - [09/Jul/2025:00:17:07 -0400] "POST /RICH/php/UsersRICH.php HTTP/1.0" 200 - "https://www.richinc.org/RICH/board-directors.html" "Mozilla/5.0 (X11; Linux x86_64) AppleWebKit/537.36 (KHTML, like Gecko) HeadlessChrome/106.0.5249.30 Safari/537.36"
188.119.116.239 - - [09/Jul/2025:00:17:07 -0400] "POST /RICH/php/UsersRICH.php HTTP/1.0" 200 - "https://www.richinc.org/RICH/contact-us.html" "Mozilla/5.0 (X11; Linux x86_64) AppleWebKit/537.36 (KHTML, like Gecko) HeadlessChrome/106.0.5249.30 Safari/537.36"
161.123.89.156 - - [09/Jul/2025:00:17:07 -0400] "GET /RICH/php/UsersRICH.php HTTP/1.0" 200 - "https://www.richinc.org/RICH/campaign1.html" "Mozilla/5.0 (X11; Linux x86_64) AppleWebKit/537.36 (KHTML, like Gecko) HeadlessChrome/106.0.5249.30 Safari/537.36"
168.151.124.186 - - [09/Jul/2025:00:17:07 -0400] "POST /RICH/php/UsersRICH.php HTTP/1.0" 200 - "https://www.richinc.org/RICH/sdlp.html" "Mozilla/5.0 (X11; Linux x86_64) AppleWebKit/537.36 (KHTML, like Gecko) HeadlessChrome/106.0.5249.30 Safari/537.36"
152.39.193.128 - - [09/Jul/2025:00:17:23 -0400] "GET /www.richinc.org HTTP/1.0" 302 228 "-" "Mozilla/5.0 (X11; Linux x86_64) AppleWebKit/537.36 (KHTML, like Gecko) HeadlessChrome/106.0.5249.30 Safari/537.36"
119.13.207.223 - - [09/Jul/2025:00:17:23 -0400] "GET /RICH/www.richinc.org HTTP/1.0" 404 575 "-" "Mozilla/5.0 (X11; Linux x86_64) AppleWebKit/537.36 (KHTML, like Gecko) HeadlessChrome/106.0.5249.30 Safari/537.36"
213.188.94.119 - - [09/Jul/2025:00:17:25 -0400] "GET /HELPING.html HTTP/1.0" 302 225 "-" "Mozilla/5.0 (X11; Linux x86_64) AppleWebKit/537.36 (KHTML, like Gecko) HeadlessChrome/106.0.5249.30 Safari/537.36"
152.39.137.85 - - [09/Jul/2025:00:17:25 -0400] "GET /rich-spaceship-game.html HTTP/1.0" 302 237 "-" "Mozilla/5.0 (X11; Linux x86_64) AppleWebKit/537.36 (KHTML, like Gecko) HeadlessChrome/106.0.5249.30 Safari/537.36"
180.149.26.233 - - [09/Jul/2025:00:17:25 -0400] "GET /RICH/HELPING.html HTTP/1.0" 200 8735 "-" "Mozilla/5.0 (X11; Linux x86_64) AppleWebKit/537.36 (KHTML, like Gecko) HeadlessChrome/106.0.5249.30 Safari/537.36"
180.149.26.233 - - [09/Jul/2025:00:17:25 -0400] "GET /RICH/js/jquery-2.1.4.min.js HTTP/1.0" 404 575 "https://www.richinc.org/RICH/HELPING.html" "Mozilla/5.0 (X11; Linux x86_64) AppleWebKit/537.36 (KHTML, like Gecko) HeadlessChrome/106.0.5249.30 Safari/537.36"
180.149.26.233 - - [09/Jul/2025:00:17:25 -0400] "GET /RICH/js/jquery.chocolat.js HTTP/1.0" 404 575 "https://www.richinc.org/RICH/HELPING.html" "Mozilla/5.0 (X11; Linux x86_64) AppleWebKit/537.36 (KHTML, like Gecko) HeadlessChrome/106.0.5249.30 Safari/537.36"
180.149.26.233 - - [09/Jul/2025:00:17:25 -0400] "GET /RICH/js/responsiveslides.min.js HTTP/1.0" 404 575 "https://www.richinc.org/RICH/HELPING.html" "Mozilla/5.0 (X11; Linux x86_64) AppleWebKit/537.36 (KHTML, like Gecko) HeadlessChrome/106.0.5249.30 Safari/537.36"
180.149.26.233 - - [09/Jul/2025:00:17:25 -0400] "GET /RICH/js/owl.carousel.js HTTP/1.0" 404 575 "https://www.richinc.org/RICH/HELPING.html" "Mozilla/5.0 (X11; Linux x86_64) AppleWebKit/537.36 (KHTML, like Gecko) HeadlessChrome/106.0.5249.30 Safari/537.36"
180.149.26.233 - - [09/Jul/2025:00:17:25 -0400] "GET /RICH/js/move-top.js HTTP/1.0" 404 575 "https://www.richinc.org/RICH/HELPING.html" "Mozilla/5.0 (X11; Linux x86_64) AppleWebKit/537.36 (KHTML, like Gecko) HeadlessChrome/106.0.5249.30 Safari/537.36"
180.149.26.233 - - [09/Jul/2025:00:17:25 -0400] "GET /RICH/js/easing.js HTTP/1.0" 404 575 "https://www.richinc.org/RICH/HELPING.html" "Mozilla/5.0 (X11; Linux x86_64) AppleWebKit/537.36 (KHTML, like Gecko) HeadlessChrome/106.0.5249.30 Safari/537.36"
180.149.26.233 - - [09/Jul/2025:00:17:25 -0400] "GET /RICH/js/bootstrap-3.1.1.min.js HTTP/1.0" 404 575 "https://www.richinc.org/RICH/HELPING.html" "Mozilla/5.0 (X11; Linux x86_64) AppleWebKit/537.36 (KHTML, like Gecko) HeadlessChrome/106.0.5249.30 Safari/537.36"
188.119.116.119 - - [09/Jul/2025:00:17:26 -0400] "GET /peace-run.html HTTP/1.0" 302 227 "-" "Mozilla/5.0 (X11; Linux x86_64) AppleWebKit/537.36 (KHTML, like Gecko) HeadlessChrome/106.0.5249.30 Safari/537.36"
152.39.230.113 - - [09/Jul/2025:00:17:26 -0400] "GET /RICH/peace-run.html HTTP/1.0" 200 16489 "-" "Mozilla/5.0 (X11; Linux x86_64) AppleWebKit/537.36 (KHTML, like Gecko) HeadlessChrome/106.0.5249.30 Safari/537.36"
152.39.230.113 - - [09/Jul/2025:00:17:26 -0400] "GET /cdn-cgi/scripts/5c5dd728/cloudflare-static/email-decode.min.js HTTP/1.0" 302 275 "https://www.richinc.org/RICH/peace-run.html" "Mozilla/5.0 (X11; Linux x86_64) AppleWebKit/537.36 (KHTML, like Gecko) HeadlessChrome/106.0.5249.30 Safari/537.36"
152.39.230.113 - - [09/Jul/2025:00:17:26 -0400] "GET /RICH/js/jquery-3.3.1.min.js HTTP/1.0" 200 86926 "https://www.richinc.org/RICH/peace-run.html" "Mozilla/5.0 (X11; Linux x86_64) AppleWebKit/537.36 (KHTML, like Gecko) HeadlessChrome/106.0.5249.30 Safari/537.36"
152.39.230.113 - - [09/Jul/2025:00:17:26 -0400] "GET /RICH/js/jquery-ui.js HTTP/1.0" 200 45799 "https://www.richinc.org/RICH/peace-run.html" "Mozilla/5.0 (X11; Linux x86_64) AppleWebKit/537.36 (KHTML, like Gecko) HeadlessChrome/106.0.5249.30 Safari/537.36"
152.39.230.113 - - [09/Jul/2025:00:17:26 -0400] "GET /RICH/js/owl.carousel.min.js HTTP/1.0" 200 42766 "https://www.richinc.org/RICH/peace-run.html" "Mozilla/5.0 (X11; Linux x86_64) AppleWebKit/537.36 (KHTML, like Gecko) HeadlessChrome/106.0.5249.30 Safari/537.36"
152.39.230.113 - - [09/Jul/2025:00:17:26 -0400] "GET /RICH/js/bootstrap.min.js HTTP/1.0" 200 51039 "https://www.richinc.org/RICH/peace-run.html" "Mozilla/5.0 (X11; Linux x86_64) AppleWebKit/537.36 (KHTML, like Gecko) HeadlessChrome/106.0.5249.30 Safari/537.36"
152.39.230.113 - - [09/Jul/2025:00:17:26 -0400] "GET /RICH/js/popper.min.js HTTP/1.0" 200 20336 "https://www.richinc.org/RICH/peace-run.html" "Mozilla/5.0 (X11; Linux x86_64) AppleWebKit/537.36 (KHTML, like Gecko) HeadlessChrome/106.0.5249.30 Safari/537.36"
152.39.230.113 - - [09/Jul/2025:00:17:26 -0400] "GET /RICH/js/jquery.stellar.min.js HTTP/1.0" 200 12597 "https://www.richinc.org/RICH/peace-run.html" "Mozilla/5.0 (X11; Linux x86_64) AppleWebKit/537.36 (KHTML, like Gecko) HeadlessChrome/106.0.5249.30 Safari/537.36"
152.39.230.113 - - [09/Jul/2025:00:17:26 -0400] "GET /RICH/js/jquery-migrate-3.0.1.min.js HTTP/1.0" 200 11421 "https://www.richinc.org/RICH/peace-run.html" "Mozilla/5.0 (X11; Linux x86_64) AppleWebKit/537.36 (KHTML, like Gecko) HeadlessChrome/106.0.5249.30 Safari/537.36"
152.39.230.113 - - [09/Jul/2025:00:17:26 -0400] "GET /RICH/js/jquery.countdown.min.js HTTP/1.0" 200 5339 "https://www.richinc.org/RICH/peace-run.html" "Mozilla/5.0 (X11; Linux x86_64) AppleWebKit/537.36 (KHTML, like Gecko) HeadlessChrome/106.0.5249.30 Safari/537.36"
152.39.230.113 - - [09/Jul/2025:00:17:26 -0400] "GET /RICH/js/jquery.magnific-popup.min.js HTTP/1.0" 200 20216 "https://www.richinc.org/RICH/peace-run.html" "Mozilla/5.0 (X11; Linux x86_64) AppleWebKit/537.36 (KHTML, like Gecko) HeadlessChrome/106.0.5249.30 Safari/537.36"
152.39.230.113 - - [09/Jul/2025:00:17:27 -0400] "GET /RICH/js/bootstrap-datepicker.min.js HTTP/1.0" 200 34172 "https://www.richinc.org/RICH/peace-run.html" "Mozilla/5.0 (X11; Linux x86_64) AppleWebKit/537.36 (KHTML, like Gecko) HeadlessChrome/106.0.5249.30 Safari/537.36"
152.39.230.113 - - [09/Jul/2025:00:17:27 -0400] "GET /RICH/js/main.js HTTP/1.0" 200 7761 "https://www.richinc.org/RICH/peace-run.html" "Mozilla/5.0 (X11; Linux x86_64) AppleWebKit/537.36 (KHTML, like Gecko) HeadlessChrome/106.0.5249.30 Safari/537.36"
152.39.230.113 - - [09/Jul/2025:00:17:27 -0400] "GET /RICH/js/aos.js HTTP/1.0" 200 14244 "https://www.richinc.org/RICH/peace-run.html" "Mozilla/5.0 (X11; Linux x86_64) AppleWebKit/537.36 (KHTML, like Gecko) HeadlessChrome/106.0.5249.30 Safari/537.36"
152.39.230.113 - - [09/Jul/2025:00:17:27 -0400] "GET /RICH/js/mediaelement-and-player.min.js HTTP/1.0" 200 152469 "https://www.richinc.org/RICH/peace-run.html" "Mozilla/5.0 (X11; Linux x86_64) AppleWebKit/537.36 (KHTML, like Gecko) HeadlessChrome/106.0.5249.30 Safari/537.36"
152.39.230.113 - - [09/Jul/2025:00:17:27 -0400] "GET /RICH/cdn-cgi/scripts/5c5dd728/cloudflare-static/email-decode.min.js HTTP/1.0" 404 575 "https://www.richinc.org/RICH/peace-run.html" "Mozilla/5.0 (X11; Linux x86_64) AppleWebKit/537.36 (KHTML, like Gecko) HeadlessChrome/106.0.5249.30 Safari/537.36"
152.39.230.113 - - [09/Jul/2025:00:17:27 -0400] "POST /RICH/php/UsersRICH.php HTTP/1.0" 200 - "https://www.richinc.org/RICH/peace-run.html" "Mozilla/5.0 (X11; Linux x86_64) AppleWebKit/537.36 (KHTML, like Gecko) HeadlessChrome/106.0.5249.30 Safari/537.36"
154.36.71.106 - - [09/Jul/2025:00:17:25 -0400] "GET /RICH/rich-spaceship-game.html HTTP/1.0" 200 30631931 "-" "Mozilla/5.0 (X11; Linux x86_64) AppleWebKit/537.36 (KHTML, like Gecko) HeadlessChrome/106.0.5249.30 Safari/537.36"
17.241.219.173 - - [09/Jul/2025:00:19:26 -0400] "GET /RICH/intern_images/joel2.JPG HTTP/1.0" 200 4071486 "-" "Mozilla/5.0 (Macintosh; Intel Mac OS X 10_15_7) AppleWebKit/605.1.15 (KHTML, like Gecko) Version/17.4 Safari/605.1.15 (Applebot/0.1; +http://www.apple.com/go/applebot)"
182.42.105.144 - - [09/Jul/2025:00:29:46 -0400] "GET / HTTP/1.0" 302 213 "-" "Mozilla/5.0 (iPhone; CPU iPhone OS 13_2_3 like Mac OS X) AppleWebKit/605.1.15 (KHTML, like Gecko) Version/13.0.3 Mobile/15E148 Safari/604.1"
17.241.219.132 - - [09/Jul/2025:00:39:00 -0400] "GET /RICH/intern_images/prasamsha.jpg HTTP/1.0" 200 1092103 "-" "Mozilla/5.0 (Macintosh; Intel Mac OS X 10_15_7) AppleWebKit/605.1.15 (KHTML, like Gecko) Version/17.4 Safari/605.1.15 (Applebot/0.1; +http://www.apple.com/go/applebot)"
66.249.73.3 - - [09/Jul/2025:00:39:16 -0400] "GET /RICH/intern_images/janeen.png HTTP/1.0" 200 619326 "-" "Googlebot-Image/1.0"
3.234.69.41 - - [09/Jul/2025:00:48:02 -0400] "GET /RICH/images/favicon.ico HTTP/1.0" 200 4312 "-" "Mozilla/5.0 (Macintosh; Intel Mac OS X 10.15; rv:140.0) Gecko/20100101 Firefox/140.0"
104.210.140.128 - - [09/Jul/2025:01:22:48 -0400] "GET /robots.txt HTTP/1.0" 302 223 "-" "Mozilla/5.0 (Macintosh; Intel Mac OS X 10_15_7) AppleWebKit/537.36 (KHTML, like Gecko) Chrome/131.0.0.0 Safari/537.36; compatible; OAI-SearchBot/1.0; +https://openai.com/searchbot"
104.210.140.135 - - [09/Jul/2025:01:22:51 -0400] "GET /RICH/robots.txt HTTP/1.0" 404 575 "-" "Mozilla/5.0 (Macintosh; Intel Mac OS X 10_15_7) AppleWebKit/537.36 (KHTML, like Gecko) Chrome/131.0.0.0 Safari/537.36; compatible; OAI-SearchBot/1.0; +https://openai.com/searchbot"
104.210.140.141 - - [09/Jul/2025:01:22:51 -0400] "GET /RICH/robots.txt HTTP/1.0" 404 575 "-" "Mozilla/5.0 (Macintosh; Intel Mac OS X 10_15_7) AppleWebKit/537.36 (KHTML, like Gecko) Chrome/131.0.0.0 Safari/537.36; compatible; OAI-SearchBot/1.0; +https://openai.com/searchbot"
66.249.73.2 - - [09/Jul/2025:01:23:16 -0400] "GET /RICH/intern_images/image4.jpg HTTP/1.0" 200 265789 "-" "Googlebot-Image/1.0"
17.241.219.240 - - [09/Jul/2025:01:45:17 -0400] "GET /RICH/intern_images/image0.jpeg HTTP/1.0" 200 2115829 "-" "Mozilla/5.0 (Macintosh; Intel Mac OS X 10_15_7) AppleWebKit/605.1.15 (KHTML, like Gecko) Version/17.4 Safari/605.1.15 (Applebot/0.1; +http://www.apple.com/go/applebot)"
17.241.75.149 - - [09/Jul/2025:01:46:11 -0400] "GET /RICH/intern_images/hashir.jpg HTTP/1.0" 200 90195 "-" "Mozilla/5.0 (Macintosh; Intel Mac OS X 10_15_7) AppleWebKit/605.1.15 (KHTML, like Gecko) Version/17.4 Safari/605.1.15 (Applebot/0.1; +http://www.apple.com/go/applebot)"
104.210.140.142 - - [09/Jul/2025:01:57:49 -0400] "GET /robots.txt HTTP/1.0" 302 223 "-" "Mozilla/5.0 (Macintosh; Intel Mac OS X 10_15_7) AppleWebKit/537.36 (KHTML, like Gecko) Chrome/131.0.0.0 Safari/537.36; compatible; OAI-SearchBot/1.0; +https://openai.com/searchbot"
104.210.140.142 - - [09/Jul/2025:01:57:50 -0400] "GET /RICH/robots.txt HTTP/1.0" 404 575 "-" "Mozilla/5.0 (Macintosh; Intel Mac OS X 10_15_7) AppleWebKit/537.36 (KHTML, like Gecko) Chrome/131.0.0.0 Safari/537.36; compatible; OAI-SearchBot/1.0; +https://openai.com/searchbot"
104.210.140.132 - - [09/Jul/2025:01:57:51 -0400] "GET /RICH/robots.txt HTTP/1.0" 404 575 "-" "Mozilla/5.0 (Macintosh; Intel Mac OS X 10_15_7) AppleWebKit/537.36 (KHTML, like Gecko) Chrome/131.0.0.0 Safari/537.36; compatible; OAI-SearchBot/1.0; +https://openai.com/searchbot"
43.130.40.120 - - [09/Jul/2025:02:07:51 -0400] "GET / HTTP/1.0" 302 213 "-" "Mozilla/5.0 (iPhone; CPU iPhone OS 13_2_3 like Mac OS X) AppleWebKit/605.1.15 (KHTML, like Gecko) Version/13.0.3 Mobile/15E148 Safari/604.1"
43.130.40.120 - - [09/Jul/2025:02:07:52 -0400] "GET /RICH/ HTTP/1.0" 200 64636 "http://richinc.org" "Mozilla/5.0 (iPhone; CPU iPhone OS 13_2_3 like Mac OS X) AppleWebKit/605.1.15 (KHTML, like Gecko) Version/13.0.3 Mobile/15E148 Safari/604.1"
124.243.151.66 - - [09/Jul/2025:02:08:43 -0400] "GET /RICH/images/strategies.png HTTP/1.0" 200 22315 "https://www.richinc.org/RICH/mission.html" "Mozilla/5.0 (Windows NT 10.0; Win64; x64) AppleWebKit/537.36 (KHTML, like Gecko) Chrome/101.0.4951.64 Safari/537.36 Edg/101.0.1210.47"
66.249.73.1 - - [09/Jul/2025:02:09:38 -0400] "GET /robots.txt HTTP/1.0" 302 223 "-" "Mozilla/5.0 (compatible; Googlebot/2.1; +http://www.google.com/bot.html)"
66.249.73.1 - - [09/Jul/2025:02:09:38 -0400] "GET /RICH/robots.txt HTTP/1.0" 404 575 "-" "Mozilla/5.0 (compatible; Googlebot/2.1; +http://www.google.com/bot.html)"
66.249.73.3 - - [09/Jul/2025:02:09:38 -0400] "GET /RICH/intern_images/guangqing.jpeg HTTP/1.0" 200 69024 "-" "Googlebot-Image/1.0"
38.79.218.55 - - [09/Jul/2025:02:12:57 -0400] "GET /RICH/intern_images/image4.jpg HTTP/1.0" 200 265789 "https://www.google.com/" "Mozilla/5.0 (Macintosh; Intel Mac OS X 10_15_7) AppleWebKit/605.1.15 (KHTML, like Gecko) Version/14.0.3 Safari/605.1.15"
47.15.91.114 - - [09/Jul/2025:02:14:42 -0400] "GET / HTTP/1.0" 302 213 "https://www.google.com/" "Mozilla/5.0 (Linux; Android 10; K) AppleWebKit/537.36 (KHTML, like Gecko) Chrome/137.0.0.0 Mobile Safari/537.36"
47.15.91.114 - - [09/Jul/2025:02:14:42 -0400] "GET /css/magnific-popup.css HTTP/1.0" 403 261 "-" "Mozilla/5.0 (Linux; Android 10; K) AppleWebKit/537.36 (KHTML, like Gecko) Chrome/137.0.0.0 Mobile Safari/537.36"
47.15.91.114 - - [09/Jul/2025:02:14:42 -0400] "GET /fonts/icomoon/style.css HTTP/1.0" 302 236 "-" "Mozilla/5.0 (Linux; Android 10; K) AppleWebKit/537.36 (KHTML, like Gecko) Chrome/137.0.0.0 Mobile Safari/537.36"
47.15.91.114 - - [09/Jul/2025:02:14:42 -0400] "GET /css/bootstrap.min.css HTTP/1.0" 403 261 "-" "Mozilla/5.0 (Linux; Android 10; K) AppleWebKit/537.36 (KHTML, like Gecko) Chrome/137.0.0.0 Mobile Safari/537.36"
47.15.91.114 - - [09/Jul/2025:02:14:42 -0400] "GET /css/owl.carousel.min.css HTTP/1.0" 403 261 "-" "Mozilla/5.0 (Linux; Android 10; K) AppleWebKit/537.36 (KHTML, like Gecko) Chrome/137.0.0.0 Mobile Safari/537.36"
47.15.91.114 - - [09/Jul/2025:02:14:42 -0400] "GET /css/jquery-ui.css HTTP/1.0" 403 261 "-" "Mozilla/5.0 (Linux; Android 10; K) AppleWebKit/537.36 (KHTML, like Gecko) Chrome/137.0.0.0 Mobile Safari/537.36"
47.15.91.114 - - [09/Jul/2025:02:14:43 -0400] "GET /css/owl.theme.default.min.css HTTP/1.0" 403 261 "-" "Mozilla/5.0 (Linux; Android 10; K) AppleWebKit/537.36 (KHTML, like Gecko) Chrome/137.0.0.0 Mobile Safari/537.36"
47.15.91.114 - - [09/Jul/2025:02:14:43 -0400] "GET /css/bootstrap-datepicker.css HTTP/1.0" 403 261 "-" "Mozilla/5.0 (Linux; Android 10; K) AppleWebKit/537.36 (KHTML, like Gecko) Chrome/137.0.0.0 Mobile Safari/537.36"
47.15.91.114 - - [09/Jul/2025:02:14:43 -0400] "GET /css/animate.css HTTP/1.0" 403 261 "-" "Mozilla/5.0 (Linux; Android 10; K) AppleWebKit/537.36 (KHTML, like Gecko) Chrome/137.0.0.0 Mobile Safari/537.36"
47.15.91.114 - - [09/Jul/2025:02:14:43 -0400] "GET /css/bot.css HTTP/1.0" 403 261 "-" "Mozilla/5.0 (Linux; Android 10; K) AppleWebKit/537.36 (KHTML, like Gecko) Chrome/137.0.0.0 Mobile Safari/537.36"
47.15.91.114 - - [09/Jul/2025:02:14:44 -0400] "GET /RICH/ HTTP/1.0" 200 64636 "https://www.google.com/" "Mozilla/5.0 (Linux; Android 10; K) AppleWebKit/537.36 (KHTML, like Gecko) Chrome/137.0.0.0 Mobile Safari/537.36"
47.15.91.114 - - [09/Jul/2025:02:14:44 -0400] "GET /RICH/css/bootstrap-datepicker.css HTTP/1.0" 200 17144 "https://www.richinc.org/RICH/" "Mozilla/5.0 (Linux; Android 10; K) AppleWebKit/537.36 (KHTML, like Gecko) Chrome/137.0.0.0 Mobile Safari/537.36"
47.15.91.114 - - [09/Jul/2025:02:14:45 -0400] "GET /RICH/css/owl.theme.default.min.css HTTP/1.0" 200 965 "https://www.richinc.org/RICH/" "Mozilla/5.0 (Linux; Android 10; K) AppleWebKit/537.36 (KHTML, like Gecko) Chrome/137.0.0.0 Mobile Safari/537.36"
47.15.91.114 - - [09/Jul/2025:02:14:44 -0400] "GET /RICH/css/owl.carousel.min.css HTTP/1.0" 200 2936 "https://www.richinc.org/RICH/" "Mozilla/5.0 (Linux; Android 10; K) AppleWebKit/537.36 (KHTML, like Gecko) Chrome/137.0.0.0 Mobile Safari/537.36"
47.15.91.114 - - [09/Jul/2025:02:14:44 -0400] "GET /RICH/css/animate.css HTTP/1.0" 200 77748 "https://www.richinc.org/RICH/" "Mozilla/5.0 (Linux; Android 10; K) AppleWebKit/537.36 (KHTML, like Gecko) Chrome/137.0.0.0 Mobile Safari/537.36"
47.15.91.114 - - [09/Jul/2025:02:14:44 -0400] "GET /RICH/css/bootstrap.min.css HTTP/1.0" 200 159826 "https://www.richinc.org/RICH/" "Mozilla/5.0 (Linux; Android 10; K) AppleWebKit/537.36 (KHTML, like Gecko) Chrome/137.0.0.0 Mobile Safari/537.36"
47.15.91.114 - - [09/Jul/2025:02:14:44 -0400] "GET /RICH/fonts/icomoon/style.css HTTP/1.0" 200 79820 "https://www.richinc.org/RICH/" "Mozilla/5.0 (Linux; Android 10; K) AppleWebKit/537.36 (KHTML, like Gecko) Chrome/137.0.0.0 Mobile Safari/537.36"
47.15.91.114 - - [09/Jul/2025:02:14:44 -0400] "GET /RICH/css/magnific-popup.css HTTP/1.0" 200 6950 "https://www.richinc.org/RICH/" "Mozilla/5.0 (Linux; Android 10; K) AppleWebKit/537.36 (KHTML, like Gecko) Chrome/137.0.0.0 Mobile Safari/537.36"
47.15.91.114 - - [09/Jul/2025:02:14:45 -0400] "GET /RICH/css/jquery-ui.css HTTP/1.0" 200 21738 "https://www.richinc.org/RICH/" "Mozilla/5.0 (Linux; Android 10; K) AppleWebKit/537.36 (KHTML, like Gecko) Chrome/137.0.0.0 Mobile Safari/537.36"
47.15.91.114 - - [09/Jul/2025:02:14:45 -0400] "GET /RICH/css/aos.css HTTP/1.0" 200 25983 "https://www.richinc.org/RICH/" "Mozilla/5.0 (Linux; Android 10; K) AppleWebKit/537.36 (KHTML, like Gecko) Chrome/137.0.0.0 Mobile Safari/537.36"
47.15.91.114 - - [09/Jul/2025:02:14:45 -0400] "GET /RICH/css/bot.css HTTP/1.0" 200 1399 "https://www.richinc.org/RICH/" "Mozilla/5.0 (Linux; Android 10; K) AppleWebKit/537.36 (KHTML, like Gecko) Chrome/137.0.0.0 Mobile Safari/537.36"
47.15.91.114 - - [09/Jul/2025:02:14:45 -0400] "GET /RICH/fonts/flaticon/font/flaticon.css HTTP/1.0" 200 1250 "https://www.richinc.org/RICH/" "Mozilla/5.0 (Linux; Android 10; K) AppleWebKit/537.36 (KHTML, like Gecko) Chrome/137.0.0.0 Mobile Safari/537.36"
47.15.91.114 - - [09/Jul/2025:02:14:45 -0400] "GET /RICH/css/style.css HTTP/1.0" 200 52779 "https://www.richinc.org/RICH/" "Mozilla/5.0 (Linux; Android 10; K) AppleWebKit/537.36 (KHTML, like Gecko) Chrome/137.0.0.0 Mobile Safari/537.36"
47.15.91.114 - - [09/Jul/2025:02:14:45 -0400] "GET /RICH/3decade.png HTTP/1.0" 200 27730 "https://www.richinc.org/RICH/" "Mozilla/5.0 (Linux; Android 10; K) AppleWebKit/537.36 (KHTML, like Gecko) Chrome/137.0.0.0 Mobile Safari/537.36"
