66.249.73.3 - - [09/Jul/2025:00:00:50 -0400] "GET /RICH/rich_new_vision/rich_new_vision.html HTTP/1.0" 200 13663 "-" "Mozilla/5.0 (Linux; Android 6.0.1; Nexus 5X Build/MMB29P) AppleWebKit/537.36 (KHTML, like Gecko) Chrome/137.0.7151.103 Mobile Safari/537.36 (compatible; Googlebot/2.1; +http://www.google.com/bot.html)"
66.249.73.1 - - [09/Jul/2025:00:00:53 -0400] "GET /RICH/rich_new_vision/minimal_rich.css HTTP/1.0" 200 4942 "https://www.richinc.org/RICH/rich_new_vision/rich_new_vision.html" "Mozilla/5.0 (Linux; Android 6.0.1; Nexus 5X Build/MMB29P) AppleWebKit/537.36 (KHTML, like Gecko) Chrome/137.0.7151.119 Mobile Safari/537.36 (compatible; Googlebot/2.1; +http://www.google.com/bot.html)"
47.31.91.41 - - [09/Jul/2025:00:04:40 -0400] "GET / HTTP/1.0" 302 213 "https://www.google.com/" "Mozilla/5.0 (Linux; Android 10; K) AppleWebKit/537.36 (KHTML, like Gecko) Chrome/137.0.0.0 Mobile Safari/537.36"
47.31.91.41 - - [09/Jul/2025:00:04:40 -0400] "GET /RICH/ HTTP/1.0" 200 64636 "https://www.google.com/" "Mozilla/5.0 (Linux; Android 10; K) AppleWebKit/537.36 (KHTML, like Gecko) Chrome/137.0.0.0 Mobile Safari/537.36"
47.31.91.41 - - [09/Jul/2025:00:04:41 -0400] "GET /RICH/css/jquery-ui.css HTTP/1.0" 200 21738 "https://www.richinc.org/RICH/" "Mozilla/5.0 (Linux; Android 10; K) AppleWebKit/537.36 (KHTML, like Gecko) Chrome/137.0.0.0 Mobile Safari/537.36"
47.31.91.41 - - [09/Jul/2025:00:04:41 -0400] "GET /RICH/css/bot.css HTTP/1.0" 200 1399 "https://www.richinc.org/RICH/" "Mozilla/5.0 (Linux; Android 10; K) AppleWebKit/537.36 (KHTML, like Gecko) Chrome/137.0.0.0 Mobile Safari/537.36"
47.31.91.41 - - [09/Jul/2025:00:04:41 -0400] "GET /RICH/css/owl.theme.default.min.css HTTP/1.0" 200 965 "https://www.richinc.org/RICH/" "Mozilla/5.0 (Linux; Android 10; K) AppleWebKit/537.36 (KHTML, like Gecko) Chrome/137.0.0.0 Mobile Safari/537.36"
47.31.91.41 - - [09/Jul/2025:00:04:41 -0400] "GET /RICH/css/animate.css HTTP/1.0" 200 77748 "https://www.richinc.org/RICH/" "Mozilla/5.0 (Linux; Android 10; K) AppleWebKit/537.36 (KHTML, like Gecko) Chrome/137.0.0.0 Mobile Safari/537.36"
47.31.91.41 - - [09/Jul/2025:00:04:41 -0400] "GET /RICH/css/owl.carousel.min.css HTTP/1.0" 200 2936 "https://www.richinc.org/RICH/" "Mozilla/5.0 (Linux; Android 10; K) AppleWebKit/537.36 (KHTML, like Gecko) Chrome/137.0.0.0 Mobile Safari/537.36"
47.31.91.41 - - [09/Jul/2025:00:04:41 -0400] "GET /RICH/css/magnific-popup.css HTTP/1.0" 200 6950 "https://www.richinc.org/RICH/" "Mozilla/5.0 (Linux; Android 10; K) AppleWebKit/537.36 (KHTML, like Gecko) Chrome/137.0.0.0 Mobile Safari/537.36"
47.31.91.41 - - [09/Jul/2025:00:04:41 -0400] "GET /RICH/css/bootstrap-datepicker.css HTTP/1.0" 200 17144 "https://www.richinc.org/RICH/" "Mozilla/5.0 (Linux; Android 10; K) AppleWebKit/537.36 (KHTML, like Gecko) Chrome/137.0.0.0 Mobile Safari/537.36"
47.31.91.41 - - [09/Jul/2025:00:04:41 -0400] "GET /RICH/fonts/icomoon/style.css HTTP/1.0" 200 79820 "https://www.richinc.org/RICH/" "Mozilla/5.0 (Linux; Android 10; K) AppleWebKit/537.36 (KHTML, like Gecko) Chrome/137.0.0.0 Mobile Safari/537.36"
47.31.91.41 - - [09/Jul/2025:00:04:41 -0400] "GET /RICH/fonts/flaticon/font/flaticon.css HTTP/1.0" 200 1250 "https://www.richinc.org/RICH/" "Mozilla/5.0 (Linux; Android 10; K) AppleWebKit/537.36 (KHTML, like Gecko) Chrome/137.0.0.0 Mobile Safari/537.36"
47.31.91.41 - - [09/Jul/2025:00:04:41 -0400] "GET /RICH/css/aos.css HTTP/1.0" 200 25983 "https://www.richinc.org/RICH/" "Mozilla/5.0 (Linux; Android 10; K) AppleWebKit/537.36 (KHTML, like Gecko) Chrome/137.0.0.0 Mobile Safari/537.36"
47.31.91.41 - - [09/Jul/2025:00:04:41 -0400] "GET /RICH/js/jquery-migrate-3.0.1.min.js HTTP/1.0" 200 11421 "https://www.richinc.org/RICH/" "Mozilla/5.0 (Linux; Android 10; K) AppleWebKit/537.36 (KHTML, like Gecko) Chrome/137.0.0.0 Mobile Safari/537.36"
47.31.91.41 - - [09/Jul/2025:00:04:41 -0400] "GET /RICH/3decade.png HTTP/1.0" 200 27730 "https://www.richinc.org/RICH/" "Mozilla/5.0 (Linux; Android 10; K) AppleWebKit/537.36 (KHTML, like Gecko) Chrome/137.0.0.0 Mobile Safari/537.36"
47.31.91.41 - - [09/Jul/2025:00:04:41 -0400] "GET /RICH/nvl.png HTTP/1.0" 200 24822 "https://www.richinc.org/RICH/" "Mozilla/5.0 (Linux; Android 10; K) AppleWebKit/537.36 (KHTML, like Gecko) Chrome/137.0.0.0 Mobile Safari/537.36"
47.31.91.41 - - [09/Jul/2025:00:04:41 -0400] "GET /RICH/images/right-arrow.png HTTP/1.0" 200 2601 "https://www.richinc.org/RICH/" "Mozilla/5.0 (Linux; Android 10; K) AppleWebKit/537.36 (KHTML, like Gecko) Chrome/137.0.0.0 Mobile Safari/537.36"
47.31.91.41 - - [09/Jul/2025:00:04:41 -0400] "GET /RICH/js/popper.min.js HTTP/1.0" 200 20336 "https://www.richinc.org/RICH/" "Mozilla/5.0 (Linux; Android 10; K) AppleWebKit/537.36 (KHTML, like Gecko) Chrome/137.0.0.0 Mobile Safari/537.36"
47.31.91.41 - - [09/Jul/2025:00:04:41 -0400] "GET /RICH/images/LOGO.png HTTP/1.0" 200 48308 "https://www.richinc.org/RICH/" "Mozilla/5.0 (Linux; Android 10; K) AppleWebKit/537.36 (KHTML, like Gecko) Chrome/137.0.0.0 Mobile Safari/537.36"
47.31.91.41 - - [09/Jul/2025:00:04:41 -0400] "GET /RICH/js/jquery-ui.js HTTP/1.0" 200 45799 "https://www.richinc.org/RICH/" "Mozilla/5.0 (Linux; Android 10; K) AppleWebKit/537.36 (KHTML, like Gecko) Chrome/137.0.0.0 Mobile Safari/537.36"
47.31.91.41 - - [09/Jul/2025:00:04:41 -0400] "GET /cdn-cgi/scripts/5c5dd728/cloudflare-static/email-decode.min.js HTTP/1.0" 302 275 "https://www.richinc.org/RICH/" "Mozilla/5.0 (Linux; Android 10; K) AppleWebKit/537.36 (KHTML, like Gecko) Chrome/137.0.0.0 Mobile Safari/537.36"
47.31.91.41 - - [09/Jul/2025:00:04:41 -0400] "GET /RICH/js/jquery-3.3.1.min.js HTTP/1.0" 200 86926 "https://www.richinc.org/RICH/" "Mozilla/5.0 (Linux; Android 10; K) AppleWebKit/537.36 (KHTML, like Gecko) Chrome/137.0.0.0 Mobile Safari/537.36"
47.31.91.41 - - [09/Jul/2025:00:04:41 -0400] "GET /RICH/css/style.css HTTP/1.0" 200 52779 "https://www.richinc.org/RICH/" "Mozilla/5.0 (Linux; Android 10; K) AppleWebKit/537.36 (KHTML, like Gecko) Chrome/137.0.0.0 Mobile Safari/537.36"
47.31.91.41 - - [09/Jul/2025:00:04:41 -0400] "GET /RICH/css/bootstrap.min.css HTTP/1.0" 200 159826 "https://www.richinc.org/RICH/" "Mozilla/5.0 (Linux; Android 10; K) AppleWebKit/537.36 (KHTML, like Gecko) Chrome/137.0.0.0 Mobile Safari/537.36"
47.31.91.41 - - [09/Jul/2025:00:04:41 -0400] "GET /RICH/js/jquery.countdown.min.js HTTP/1.0" 200 5339 "https://www.richinc.org/RICH/" "Mozilla/5.0 (Linux; Android 10; K) AppleWebKit/537.36 (KHTML, like Gecko) Chrome/137.0.0.0 Mobile Safari/537.36"
47.31.91.41 - - [09/Jul/2025:00:04:41 -0400] "GET /RICH/js/jquery.magnific-popup.min.js HTTP/1.0" 200 20216 "https://www.richinc.org/RICH/" "Mozilla/5.0 (Linux; Android 10; K) AppleWebKit/537.36 (KHTML, like Gecko) Chrome/137.0.0.0 Mobile Safari/537.36"
47.31.91.41 - - [09/Jul/2025:00:04:41 -0400] "GET /RICH/js/owl.carousel.min.js HTTP/1.0" 200 42766 "https://www.richinc.org/RICH/" "Mozilla/5.0 (Linux; Android 10; K) AppleWebKit/537.36 (KHTML, like Gecko) Chrome/137.0.0.0 Mobile Safari/537.36"
47.31.91.41 - - [09/Jul/2025:00:04:41 -0400] "GET /RICH/js/bootstrap.min.js HTTP/1.0" 200 51039 "https://www.richinc.org/RICH/" "Mozilla/5.0 (Linux; Android 10; K) AppleWebKit/537.36 (KHTML, like Gecko) Chrome/137.0.0.0 Mobile Safari/537.36"
47.31.91.41 - - [09/Jul/2025:00:04:41 -0400] "GET /RICH/js/main.js HTTP/1.0" 200 7761 "https://www.richinc.org/RICH/" "Mozilla/5.0 (Linux; Android 10; K) AppleWebKit/537.36 (KHTML, like Gecko) Chrome/137.0.0.0 Mobile Safari/537.36"
47.31.91.41 - - [09/Jul/2025:00:04:41 -0400] "GET /RICH/images/botbutton-crop.png HTTP/1.0" 200 7864 "https://www.richinc.org/RICH/" "Mozilla/5.0 (Linux; Android 10; K) AppleWebKit/537.36 (KHTML, like Gecko) Chrome/137.0.0.0 Mobile Safari/537.36"
47.31.91.41 - - [09/Jul/2025:00:04:41 -0400] "GET /RICH/images/botimage.png HTTP/1.0" 200 3914 "https://www.richinc.org/RICH/" "Mozilla/5.0 (Linux; Android 10; K) AppleWebKit/537.36 (KHTML, like Gecko) Chrome/137.0.0.0 Mobile Safari/537.36"
47.31.91.41 - - [09/Jul/2025:00:04:41 -0400] "GET /RICH/images/richbot2.png HTTP/1.0" 200 11045 "https://www.richinc.org/RICH/" "Mozilla/5.0 (Linux; Android 10; K) AppleWebKit/537.36 (KHTML, like Gecko) Chrome/137.0.0.0 Mobile Safari/537.36"
47.31.91.41 - - [09/Jul/2025:00:04:41 -0400] "GET /RICH/images/strategies.png HTTP/1.0" 200 22315 "https://www.richinc.org/RICH/" "Mozilla/5.0 (Linux; Android 10; K) AppleWebKit/537.36 (KHTML, like Gecko) Chrome/137.0.0.0 Mobile Safari/537.36"
47.31.91.41 - - [09/Jul/2025:00:04:41 -0400] "GET /RICH/images/joseph-barclay.jpeg HTTP/1.0" 200 9717 "https://www.richinc.org/RICH/" "Mozilla/5.0 (Linux; Android 10; K) AppleWebKit/537.36 (KHTML, like Gecko) Chrome/137.0.0.0 Mobile Safari/537.36"
47.31.91.41 - - [09/Jul/2025:00:04:41 -0400] "GET /RICH/js/bootstrap-datepicker.min.js HTTP/1.0" 200 34172 "https://www.richinc.org/RICH/" "Mozilla/5.0 (Linux; Android 10; K) AppleWebKit/537.36 (KHTML, like Gecko) Chrome/137.0.0.0 Mobile Safari/537.36"
47.31.91.41 - - [09/Jul/2025:00:04:41 -0400] "GET /RICH/images/rich-image1.jpg HTTP/1.0" 200 99047 "https://www.richinc.org/RICH/" "Mozilla/5.0 (Linux; Android 10; K) AppleWebKit/537.36 (KHTML, like Gecko) Chrome/137.0.0.0 Mobile Safari/537.36"
47.31.91.41 - - [09/Jul/2025:00:04:41 -0400] "GET /RICH/js/aos.js HTTP/1.0" 200 14244 "https://www.richinc.org/RICH/" "Mozilla/5.0 (Linux; Android 10; K) AppleWebKit/537.36 (KHTML, like Gecko) Chrome/137.0.0.0 Mobile Safari/537.36"
47.31.91.41 - - [09/Jul/2025:00:04:41 -0400] "GET /RICH/images/considerate.png HTTP/1.0" 200 22730 "https://www.richinc.org/RICH/" "Mozilla/5.0 (Linux; Android 10; K) AppleWebKit/537.36 (KHTML, like Gecko) Chrome/137.0.0.0 Mobile Safari/537.36"
47.31.91.41 - - [09/Jul/2025:00:04:41 -0400] "GET /RICH/images/Metanoya.jpg HTTP/1.0" 200 13516 "https://www.richinc.org/RICH/" "Mozilla/5.0 (Linux; Android 10; K) AppleWebKit/537.36 (KHTML, like Gecko) Chrome/137.0.0.0 Mobile Safari/537.36"
47.31.91.41 - - [09/Jul/2025:00:04:41 -0400] "GET /RICH/js/jquery.stellar.min.js HTTP/1.0" 200 12597 "https://www.richinc.org/RICH/" "Mozilla/5.0 (Linux; Android 10; K) AppleWebKit/537.36 (KHTML, like Gecko) Chrome/137.0.0.0 Mobile Safari/537.36"
47.31.91.41 - - [09/Jul/2025:00:04:41 -0400] "GET /RICH/images/responsibility.png HTTP/1.0" 200 22581 "https://www.richinc.org/RICH/" "Mozilla/5.0 (Linux; Android 10; K) AppleWebKit/537.36 (KHTML, like Gecko) Chrome/137.0.0.0 Mobile Safari/537.36"
47.31.91.41 - - [09/Jul/2025:00:04:41 -0400] "GET /RICH/images/playButton.png HTTP/1.0" 200 327681 "https://www.richinc.org/RICH/" "Mozilla/5.0 (Linux; Android 10; K) AppleWebKit/537.36 (KHTML, like Gecko) Chrome/137.0.0.0 Mobile Safari/537.36"
47.31.91.41 - - [09/Jul/2025:00:04:41 -0400] "GET /RICH/js/mediaelement-and-player.min.js HTTP/1.0" 200 152469 "https://www.richinc.org/RICH/" "Mozilla/5.0 (Linux; Android 10; K) AppleWebKit/537.36 (KHTML, like Gecko) Chrome/137.0.0.0 Mobile Safari/537.36"
47.31.91.41 - - [09/Jul/2025:00:04:41 -0400] "GET /RICH/images/gameLogo.png HTTP/1.0" 200 42587 "https://www.richinc.org/RICH/" "Mozilla/5.0 (Linux; Android 10; K) AppleWebKit/537.36 (KHTML, like Gecko) Chrome/137.0.0.0 Mobile Safari/537.36"
47.31.91.41 - - [09/Jul/2025:00:04:41 -0400] "GET /RICH/images/matter.png HTTP/1.0" 200 20184 "https://www.richinc.org/RICH/" "Mozilla/5.0 (Linux; Android 10; K) AppleWebKit/537.36 (KHTML, like Gecko) Chrome/137.0.0.0 Mobile Safari/537.36"
47.31.91.41 - - [09/Jul/2025:00:04:41 -0400] "GET /RICH/QueensImage.jpg HTTP/1.0" 200 675817 "https://www.richinc.org/RICH/" "Mozilla/5.0 (Linux; Android 10; K) AppleWebKit/537.36 (KHTML, like Gecko) Chrome/137.0.0.0 Mobile Safari/537.36"
47.31.91.41 - - [09/Jul/2025:00:04:41 -0400] "GET /RICH/images/sherman.PNG HTTP/1.0" 200 323344 "https://www.richinc.org/RICH/" "Mozilla/5.0 (Linux; Android 10; K) AppleWebKit/537.36 (KHTML, like Gecko) Chrome/137.0.0.0 Mobile Safari/537.36"
47.31.91.41 - - [09/Jul/2025:00:04:41 -0400] "GET /RICH/images/Chrisann.jpg HTTP/1.0" 200 386140 "https://www.richinc.org/RICH/" "Mozilla/5.0 (Linux; Android 10; K) AppleWebKit/537.36 (KHTML, like Gecko) Chrome/137.0.0.0 Mobile Safari/537.36"
47.31.91.41 - - [09/Jul/2025:00:04:41 -0400] "GET /RICH/image7.jpg HTTP/1.0" 200 568744 "https://www.richinc.org/RICH/" "Mozilla/5.0 (Linux; Android 10; K) AppleWebKit/537.36 (KHTML, like Gecko) Chrome/137.0.0.0 Mobile Safari/537.36"
47.31.91.41 - - [09/Jul/2025:00:04:42 -0400] "GET /RICH/cdn-cgi/scripts/5c5dd728/cloudflare-static/email-decode.min.js HTTP/1.0" 404 575 "https://www.richinc.org/RICH/" "Mozilla/5.0 (Linux; Android 10; K) AppleWebKit/537.36 (KHTML, like Gecko) Chrome/137.0.0.0 Mobile Safari/537.36"
47.31.91.41 - - [09/Jul/2025:00:04:47 -0400] "GET /RICH/fonts/icomoon/fonts/icomoon.ttf?10si43 HTTP/1.0" 200 307168 "https://www.richinc.org/RICH/fonts/icomoon/style.css" "Mozilla/5.0 (Linux; Android 10; K) AppleWebKit/537.36 (KHTML, like Gecko) Chrome/137.0.0.0 Mobile Safari/537.36"
17.241.75.92 - - [09/Jul/2025:00:05:00 -0400] "GET /RICH/intern_images/zarif.png HTTP/1.0" 200 3203753 "-" "Mozilla/5.0 (Macintosh; Intel Mac OS X 10_15_7) AppleWebKit/605.1.15 (KHTML, like Gecko) Version/17.4 Safari/605.1.15 (Applebot/0.1; +http://www.apple.com/go/applebot)"
47.31.91.41 - - [09/Jul/2025:00:04:41 -0400] "GET /RICH/Image1.jpg HTTP/1.0" 200 1421241 "https://www.richinc.org/RICH/" "Mozilla/5.0 (Linux; Android 10; K) AppleWebKit/537.36 (KHTML, like Gecko) Chrome/137.0.0.0 Mobile Safari/537.36"
47.31.91.41 - - [09/Jul/2025:00:04:41 -0400] "GET /RICH/Image4.jpg HTTP/1.0" 200 2910175 "https://www.richinc.org/RICH/" "Mozilla/5.0 (Linux; Android 10; K) AppleWebKit/537.36 (KHTML, like Gecko) Chrome/137.0.0.0 Mobile Safari/537.36"
47.31.91.41 - - [09/Jul/2025:00:04:41 -0400] "GET /RICH/Image5.jpg HTTP/1.0" 200 2409299 "https://www.richinc.org/RICH/" "Mozilla/5.0 (Linux; Android 10; K) AppleWebKit/537.36 (KHTML, like Gecko) Chrome/137.0.0.0 Mobile Safari/537.36"
166.108.206.43 - - [09/Jul/2025:00:05:44 -0400] "GET /RICH/images/Metanoya.jpg HTTP/1.0" 200 13516 "https://www.richinc.org/RICH/" "Mozilla/5.0 (Windows NT 10.0; Win64; x64) AppleWebKit/537.36 (KHTML, like Gecko) Chrome/116.0.0.0 Safari/537.36"
119.13.211.76 - - [09/Jul/2025:00:16:06 -0400] "GET / HTTP/1.0" 302 213 "b'https://richinc.org/'" "b'Mozilla/5.0 (X11; Ubuntu; Linux x86_64; rv:140.0) Gecko/20100101 Firefox/140.0'"
119.13.211.76 - - [09/Jul/2025:00:16:06 -0400] "GET /RICH/ HTTP/1.0" 200 64636 "b'https://richinc.org/'" "b'Mozilla/5.0 (X11; Ubuntu; Linux x86_64; rv:140.0) Gecko/20100101 Firefox/140.0'"
180.149.22.232 - - [09/Jul/2025:00:16:16 -0400] "GET /RICH/ HTTP/1.0" 200 64636 "-" "Mozilla/5.0 (X11; Linux x86_64) AppleWebKit/537.36 (KHTML, like Gecko) HeadlessChrome/106.0.5249.30 Safari/537.36"
180.149.22.232 - - [09/Jul/2025:00:16:17 -0400] "GET /RICH/fonts/icomoon/style.css HTTP/1.0" 200 79820 "https://www.richinc.org/RICH/" "Mozilla/5.0 (X11; Linux x86_64) AppleWebKit/537.36 (KHTML, like Gecko) HeadlessChrome/106.0.5249.30 Safari/537.36"
180.149.22.232 - - [09/Jul/2025:00:16:17 -0400] "GET /RICH/css/jquery-ui.css HTTP/1.0" 200 21738 "https://www.richinc.org/RICH/" "Mozilla/5.0 (X11; Linux x86_64) AppleWebKit/537.36 (KHTML, like Gecko) HeadlessChrome/106.0.5249.30 Safari/537.36"
180.149.22.232 - - [09/Jul/2025:00:16:17 -0400] "GET /RICH/css/magnific-popup.css HTTP/1.0" 200 6950 "https://www.richinc.org/RICH/" "Mozilla/5.0 (X11; Linux x86_64) AppleWebKit/537.36 (KHTML, like Gecko) HeadlessChrome/106.0.5249.30 Safari/537.36"
180.149.22.232 - - [09/Jul/2025:00:16:17 -0400] "GET /RICH/css/bootstrap.min.css HTTP/1.0" 200 159826 "https://www.richinc.org/RICH/" "Mozilla/5.0 (X11; Linux x86_64) AppleWebKit/537.36 (KHTML, like Gecko) HeadlessChrome/106.0.5249.30 Safari/537.36"
180.149.22.232 - - [09/Jul/2025:00:16:17 -0400] "GET /RICH/css/bootstrap-datepicker.css HTTP/1.0" 200 17144 "https://www.richinc.org/RICH/" "Mozilla/5.0 (X11; Linux x86_64) AppleWebKit/537.36 (KHTML, like Gecko) HeadlessChrome/106.0.5249.30 Safari/537.36"
180.149.22.232 - - [09/Jul/2025:00:16:17 -0400] "GET /RICH/css/owl.carousel.min.css HTTP/1.0" 200 2936 "https://www.richinc.org/RICH/" "Mozilla/5.0 (X11; Linux x86_64) AppleWebKit/537.36 (KHTML, like Gecko) HeadlessChrome/106.0.5249.30 Safari/537.36"
180.149.22.232 - - [09/Jul/2025:00:16:17 -0400] "GET /RICH/css/owl.theme.default.min.css HTTP/1.0" 200 965 "https://www.richinc.org/RICH/" "Mozilla/5.0 (X11; Linux x86_64) AppleWebKit/537.36 (KHTML, like Gecko) HeadlessChrome/106.0.5249.30 Safari/537.36"
180.149.22.232 - - [09/Jul/2025:00:16:17 -0400] "GET /RICH/css/bot.css HTTP/1.0" 200 1399 "https://www.richinc.org/RICH/" "Mozilla/5.0 (X11; Linux x86_64) AppleWebKit/537.36 (KHTML, like Gecko) HeadlessChrome/106.0.5249.30 Safari/537.36"
180.149.22.232 - - [09/Jul/2025:00:16:17 -0400] "GET /RICH/css/animate.css HTTP/1.0" 200 77748 "https://www.richinc.org/RICH/" "Mozilla/5.0 (X11; Linux x86_64) AppleWebKit/537.36 (KHTML, like Gecko) HeadlessChrome/106.0.5249.30 Safari/537.36"
180.149.22.232 - - [09/Jul/2025:00:16:17 -0400] "GET /RICH/fonts/flaticon/font/flaticon.css HTTP/1.0" 200 1250 "https://www.richinc.org/RICH/" "Mozilla/5.0 (X11; Linux x86_64) AppleWebKit/537.36 (KHTML, like Gecko) HeadlessChrome/106.0.5249.30 Safari/537.36"
180.149.22.232 - - [09/Jul/2025:00:16:17 -0400] "GET /RICH/css/aos.css HTTP/1.0" 200 25983 "https://www.richinc.org/RICH/" "Mozilla/5.0 (X11; Linux x86_64) AppleWebKit/537.36 (KHTML, like Gecko) HeadlessChrome/106.0.5249.30 Safari/537.36"
180.149.22.232 - - [09/Jul/2025:00:16:17 -0400] "GET /RICH/js/jquery-ui.js HTTP/1.0" 200 45799 "https://www.richinc.org/RICH/" "Mozilla/5.0 (X11; Linux x86_64) AppleWebKit/537.36 (KHTML, like Gecko) HeadlessChrome/106.0.5249.30 Safari/537.36"
180.149.22.232 - - [09/Jul/2025:00:16:17 -0400] "GET /RICH/js/jquery.magnific-popup.min.js HTTP/1.0" 200 20216 "https://www.richinc.org/RICH/" "Mozilla/5.0 (X11; Linux x86_64) AppleWebKit/537.36 (KHTML, like Gecko) HeadlessChrome/106.0.5249.30 Safari/537.36"
180.149.22.232 - - [09/Jul/2025:00:16:17 -0400] "GET /RICH/js/bootstrap.min.js HTTP/1.0" 200 51039 "https://www.richinc.org/RICH/" "Mozilla/5.0 (X11; Linux x86_64) AppleWebKit/537.36 (KHTML, like Gecko) HeadlessChrome/106.0.5249.30 Safari/537.36"
180.149.22.232 - - [09/Jul/2025:00:16:17 -0400] "GET /RICH/js/owl.carousel.min.js HTTP/1.0" 200 42766 "https://www.richinc.org/RICH/" "Mozilla/5.0 (X11; Linux x86_64) AppleWebKit/537.36 (KHTML, like Gecko) HeadlessChrome/106.0.5249.30 Safari/537.36"
180.149.22.232 - - [09/Jul/2025:00:16:17 -0400] "GET /RICH/js/jquery-migrate-3.0.1.min.js HTTP/1.0" 200 11421 "https://www.richinc.org/RICH/" "Mozilla/5.0 (X11; Linux x86_64) AppleWebKit/537.36 (KHTML, like Gecko) HeadlessChrome/106.0.5249.30 Safari/537.36"
180.149.22.232 - - [09/Jul/2025:00:16:17 -0400] "GET /RICH/js/jquery.countdown.min.js HTTP/1.0" 200 5339 "https://www.richinc.org/RICH/" "Mozilla/5.0 (X11; Linux x86_64) AppleWebKit/537.36 (KHTML, like Gecko) HeadlessChrome/106.0.5249.30 Safari/537.36"
180.149.22.232 - - [09/Jul/2025:00:16:17 -0400] "GET /RICH/js/jquery.stellar.min.js HTTP/1.0" 200 12597 "https://www.richinc.org/RICH/" "Mozilla/5.0 (X11; Linux x86_64) AppleWebKit/537.36 (KHTML, like Gecko) HeadlessChrome/106.0.5249.30 Safari/537.36"
180.149.22.232 - - [09/Jul/2025:00:16:17 -0400] "GET /cdn-cgi/scripts/5c5dd728/cloudflare-static/email-decode.min.js HTTP/1.0" 302 275 "https://www.richinc.org/RICH/" "Mozilla/5.0 (X11; Linux x86_64) AppleWebKit/537.36 (KHTML, like Gecko) HeadlessChrome/106.0.5249.30 Safari/537.36"
180.149.22.232 - - [09/Jul/2025:00:16:17 -0400] "GET /RICH/css/style.css HTTP/1.0" 200 52779 "https://www.richinc.org/RICH/" "Mozilla/5.0 (X11; Linux x86_64) AppleWebKit/537.36 (KHTML, like Gecko) HeadlessChrome/106.0.5249.30 Safari/537.36"
180.149.22.232 - - [09/Jul/2025:00:16:17 -0400] "GET /RICH/js/popper.min.js HTTP/1.0" 200 20336 "https://www.richinc.org/RICH/" "Mozilla/5.0 (X11; Linux x86_64) AppleWebKit/537.36 (KHTML, like Gecko) HeadlessChrome/106.0.5249.30 Safari/537.36"
180.149.22.232 - - [09/Jul/2025:00:16:17 -0400] "GET /RICH/js/jquery-3.3.1.min.js HTTP/1.0" 200 86926 "https://www.richinc.org/RICH/" "Mozilla/5.0 (X11; Linux x86_64) AppleWebKit/537.36 (KHTML, like Gecko) HeadlessChrome/106.0.5249.30 Safari/537.36"
180.149.22.232 - - [09/Jul/2025:00:16:17 -0400] "GET /RICH/js/bootstrap-datepicker.min.js HTTP/1.0" 200 34172 "https://www.richinc.org/RICH/" "Mozilla/5.0 (X11; Linux x86_64) AppleWebKit/537.36 (KHTML, like Gecko) HeadlessChrome/106.0.5249.30 Safari/537.36"
180.149.22.232 - - [09/Jul/2025:00:16:17 -0400] "GET /RICH/js/aos.js HTTP/1.0" 200 14244 "https://www.richinc.org/RICH/" "Mozilla/5.0 (X11; Linux x86_64) AppleWebKit/537.36 (KHTML, like Gecko) HeadlessChrome/106.0.5249.30 Safari/537.36"
180.149.22.232 - - [09/Jul/2025:00:16:17 -0400] "GET /RICH/3decade.png HTTP/1.0" 200 27730 "https://www.richinc.org/RICH/" "Mozilla/5.0 (X11; Linux x86_64) AppleWebKit/537.36 (KHTML, like Gecko) HeadlessChrome/106.0.5249.30 Safari/537.36"
180.149.22.232 - - [09/Jul/2025:00:16:17 -0400] "GET /RICH/js/main.js HTTP/1.0" 200 7761 "https://www.richinc.org/RICH/" "Mozilla/5.0 (X11; Linux x86_64) AppleWebKit/537.36 (KHTML, like Gecko) HeadlessChrome/106.0.5249.30 Safari/537.36"
180.149.22.232 - - [09/Jul/2025:00:16:17 -0400] "GET /RICH/nvl.png HTTP/1.0" 200 24822 "https://www.richinc.org/RICH/" "Mozilla/5.0 (X11; Linux x86_64) AppleWebKit/537.36 (KHTML, like Gecko) HeadlessChrome/106.0.5249.30 Safari/537.36"
180.149.22.232 - - [09/Jul/2025:00:16:17 -0400] "GET /RICH/images/right-arrow.png HTTP/1.0" 200 2601 "https://www.richinc.org/RICH/" "Mozilla/5.0 (X11; Linux x86_64) AppleWebKit/537.36 (KHTML, like Gecko) HeadlessChrome/106.0.5249.30 Safari/537.36"
180.149.22.232 - - [09/Jul/2025:00:16:17 -0400] "GET /RICH/images/rich-image1.jpg HTTP/1.0" 200 99047 "https://www.richinc.org/RICH/" "Mozilla/5.0 (X11; Linux x86_64) AppleWebKit/537.36 (KHTML, like Gecko) HeadlessChrome/106.0.5249.30 Safari/537.36"
180.149.22.232 - - [09/Jul/2025:00:16:17 -0400] "GET /RICH/images/botbutton-crop.png HTTP/1.0" 200 7864 "https://www.richinc.org/RICH/" "Mozilla/5.0 (X11; Linux x86_64) AppleWebKit/537.36 (KHTML, like Gecko) HeadlessChrome/106.0.5249.30 Safari/537.36"
180.149.22.232 - - [09/Jul/2025:00:16:17 -0400] "GET /RICH/images/richbot2.png HTTP/1.0" 200 11045 "https://www.richinc.org/RICH/" "Mozilla/5.0 (X11; Linux x86_64) AppleWebKit/537.36 (KHTML, like Gecko) HeadlessChrome/106.0.5249.30 Safari/537.36"
180.149.22.232 - - [09/Jul/2025:00:16:17 -0400] "GET /RICH/images/botimage.png HTTP/1.0" 200 3914 "https://www.richinc.org/RICH/" "Mozilla/5.0 (X11; Linux x86_64) AppleWebKit/537.36 (KHTML, like Gecko) HeadlessChrome/106.0.5249.30 Safari/537.36"
180.149.22.232 - - [09/Jul/2025:00:16:17 -0400] "GET /RICH/image7.jpg HTTP/1.0" 200 568744 "https://www.richinc.org/RICH/" "Mozilla/5.0 (X11; Linux x86_64) AppleWebKit/537.36 (KHTML, like Gecko) HeadlessChrome/106.0.5249.30 Safari/537.36"
180.149.22.232 - - [09/Jul/2025:00:16:17 -0400] "GET /RICH/js/mediaelement-and-player.min.js HTTP/1.0" 200 152469 "https://www.richinc.org/RICH/" "Mozilla/5.0 (X11; Linux x86_64) AppleWebKit/537.36 (KHTML, like Gecko) HeadlessChrome/106.0.5249.30 Safari/537.36"
180.149.22.232 - - [09/Jul/2025:00:16:17 -0400] "GET /RICH/images/matter.png HTTP/1.0" 200 20184 "https://www.richinc.org/RICH/" "Mozilla/5.0 (X11; Linux x86_64) AppleWebKit/537.36 (KHTML, like Gecko) HeadlessChrome/106.0.5249.30 Safari/537.36"
180.149.22.232 - - [09/Jul/2025:00:16:17 -0400] "GET /RICH/images/responsibility.png HTTP/1.0" 200 22581 "https://www.richinc.org/RICH/" "Mozilla/5.0 (X11; Linux x86_64) AppleWebKit/537.36 (KHTML, like Gecko) HeadlessChrome/106.0.5249.30 Safari/537.36"
180.149.22.232 - - [09/Jul/2025:00:16:17 -0400] "GET /RICH/images/LOGO.png HTTP/1.0" 200 48308 "https://www.richinc.org/RICH/" "Mozilla/5.0 (X11; Linux x86_64) AppleWebKit/537.36 (KHTML, like Gecko) HeadlessChrome/106.0.5249.30 Safari/537.36"
180.149.22.232 - - [09/Jul/2025:00:16:17 -0400] "GET /RICH/QueensImage.jpg HTTP/1.0" 200 675817 "https://www.richinc.org/RICH/" "Mozilla/5.0 (X11; Linux x86_64) AppleWebKit/537.36 (KHTML, like Gecko) HeadlessChrome/106.0.5249.30 Safari/537.36"
180.149.22.232 - - [09/Jul/2025:00:16:17 -0400] "GET /RICH/images/considerate.png HTTP/1.0" 200 22730 "https://www.richinc.org/RICH/" "Mozilla/5.0 (X11; Linux x86_64) AppleWebKit/537.36 (KHTML, like Gecko) HeadlessChrome/106.0.5249.30 Safari/537.36"
180.149.22.232 - - [09/Jul/2025:00:16:17 -0400] "GET /RICH/images/strategies.png HTTP/1.0" 200 22315 "https://www.richinc.org/RICH/" "Mozilla/5.0 (X11; Linux x86_64) AppleWebKit/537.36 (KHTML, like Gecko) HeadlessChrome/106.0.5249.30 Safari/537.36"
180.149.22.232 - - [09/Jul/2025:00:16:17 -0400] "GET /RICH/images/gameLogo.png HTTP/1.0" 200 42587 "https://www.richinc.org/RICH/" "Mozilla/5.0 (X11; Linux x86_64) AppleWebKit/537.36 (KHTML, like Gecko) HeadlessChrome/106.0.5249.30 Safari/537.36"
180.149.22.232 - - [09/Jul/2025:00:16:17 -0400] "GET /RICH/images/Metanoya.jpg HTTP/1.0" 200 13516 "https://www.richinc.org/RICH/" "Mozilla/5.0 (X11; Linux x86_64) AppleWebKit/537.36 (KHTML, like Gecko) HeadlessChrome/106.0.5249.30 Safari/537.36"
180.149.22.232 - - [09/Jul/2025:00:16:17 -0400] "GET /RICH/images/sherman.PNG HTTP/1.0" 200 323344 "https://www.richinc.org/RICH/" "Mozilla/5.0 (X11; Linux x86_64) AppleWebKit/537.36 (KHTML, like Gecko) HeadlessChrome/106.0.5249.30 Safari/537.36"
180.149.22.232 - - [09/Jul/2025:00:16:17 -0400] "GET /RICH/images/joseph-barclay.jpeg HTTP/1.0" 200 9717 "https://www.richinc.org/RICH/" "Mozilla/5.0 (X11; Linux x86_64) AppleWebKit/537.36 (KHTML, like Gecko) HeadlessChrome/106.0.5249.30 Safari/537.36"
180.149.22.232 - - [09/Jul/2025:00:16:17 -0400] "GET /RICH/images/Chrisann.jpg HTTP/1.0" 200 386140 "https://www.richinc.org/RICH/" "Mozilla/5.0 (X11; Linux x86_64) AppleWebKit/537.36 (KHTML, like Gecko) HeadlessChrome/106.0.5249.30 Safari/537.36"
180.149.22.232 - - [09/Jul/2025:00:16:17 -0400] "GET /RICH/cdn-cgi/scripts/5c5dd728/cloudflare-static/email-decode.min.js HTTP/1.0" 404 575 "https://www.richinc.org/RICH/" "Mozilla/5.0 (X11; Linux x86_64) AppleWebKit/537.36 (KHTML, like Gecko) HeadlessChrome/106.0.5249.30 Safari/537.36"
180.149.22.232 - - [09/Jul/2025:00:16:17 -0400] "GET /RICH/fonts/icomoon/fonts/icomoon.ttf?10si43 HTTP/1.0" 200 307168 "https://www.richinc.org/RICH/fonts/icomoon/style.css" "Mozilla/5.0 (X11; Linux x86_64) AppleWebKit/537.36 (KHTML, like Gecko) HeadlessChrome/106.0.5249.30 Safari/537.36"
180.149.22.232 - - [09/Jul/2025:00:16:17 -0400] "GET /RICH/images/playButton.png HTTP/1.0" 200 327681 "https://www.richinc.org/RICH/" "Mozilla/5.0 (X11; Linux x86_64) AppleWebKit/537.36 (KHTML, like Gecko) HeadlessChrome/106.0.5249.30 Safari/537.36"
180.149.22.232 - - [09/Jul/2025:00:16:17 -0400] "GET /RICH/Image1.jpg HTTP/1.0" 200 1421241 "https://www.richinc.org/RICH/" "Mozilla/5.0 (X11; Linux x86_64) AppleWebKit/537.36 (KHTML, like Gecko) HeadlessChrome/106.0.5249.30 Safari/537.36"
180.149.22.232 - - [09/Jul/2025:00:16:17 -0400] "POST /RICH/php/UsersRICH.php HTTP/1.0" 200 - "https://www.richinc.org/RICH/" "Mozilla/5.0 (X11; Linux x86_64) AppleWebKit/537.36 (KHTML, like Gecko) HeadlessChrome/106.0.5249.30 Safari/537.36"
180.149.22.232 - - [09/Jul/2025:00:16:17 -0400] "GET /RICH/Image5.jpg HTTP/1.0" 200 2409299 "https://www.richinc.org/RICH/" "Mozilla/5.0 (X11; Linux x86_64) AppleWebKit/537.36 (KHTML, like Gecko) HeadlessChrome/106.0.5249.30 Safari/537.36"
180.149.22.232 - - [09/Jul/2025:00:16:17 -0400] "GET /RICH/Image4.jpg HTTP/1.0" 200 2910175 "https://www.richinc.org/RICH/" "Mozilla/5.0 (X11; Linux x86_64) AppleWebKit/537.36 (KHTML, like Gecko) HeadlessChrome/106.0.5249.30 Safari/537.36"
162.43.251.197 - - [09/Jul/2025:00:16:35 -0400] "GET /RICH/reach-for-success.html HTTP/1.0" 200 16645 "-" "Mozilla/5.0 (X11; Linux x86_64) AppleWebKit/537.36 (KHTML, like Gecko) HeadlessChrome/106.0.5249.30 Safari/537.36"
206.204.34.60 - - [09/Jul/2025:00:16:35 -0400] "GET /RICH/interns.html HTTP/1.0" 200 50778 "-" "Mozilla/5.0 (X11; Linux x86_64) AppleWebKit/537.36 (KHTML, like Gecko) HeadlessChrome/106.0.5249.30 Safari/537.36"
162.43.251.197 - - [09/Jul/2025:00:16:35 -0400] "GET /cdn-cgi/scripts/5c5dd728/cloudflare-static/email-decode.min.js HTTP/1.0" 302 275 "https://www.richinc.org/RICH/reach-for-success.html" "Mozilla/5.0 (X11; Linux x86_64) AppleWebKit/537.36 (KHTML, like Gecko) HeadlessChrome/106.0.5249.30 Safari/537.36"
162.43.251.197 - - [09/Jul/2025:00:16:35 -0400] "GET /RICH/js/jquery-3.3.1.min.js HTTP/1.0" 200 86926 "https://www.richinc.org/RICH/reach-for-success.html" "Mozilla/5.0 (X11; Linux x86_64) AppleWebKit/537.36 (KHTML, like Gecko) HeadlessChrome/106.0.5249.30 Safari/537.36"
162.43.251.197 - - [09/Jul/2025:00:16:35 -0400] "GET /RICH/js/jquery-migrate-3.0.1.min.js HTTP/1.0" 200 11421 "https://www.richinc.org/RICH/reach-for-success.html" "Mozilla/5.0 (X11; Linux x86_64) AppleWebKit/537.36 (KHTML, like Gecko) HeadlessChrome/106.0.5249.30 Safari/537.36"
162.43.251.197 - - [09/Jul/2025:00:16:35 -0400] "GET /RICH/js/jquery-ui.js HTTP/1.0" 200 45799 "https://www.richinc.org/RICH/reach-for-success.html" "Mozilla/5.0 (X11; Linux x86_64) AppleWebKit/537.36 (KHTML, like Gecko) HeadlessChrome/106.0.5249.30 Safari/537.36"
162.43.251.197 - - [09/Jul/2025:00:16:35 -0400] "GET /RICH/js/popper.min.js HTTP/1.0" 200 20336 "https://www.richinc.org/RICH/reach-for-success.html" "Mozilla/5.0 (X11; Linux x86_64) AppleWebKit/537.36 (KHTML, like Gecko) HeadlessChrome/106.0.5249.30 Safari/537.36"
206.204.34.60 - - [09/Jul/2025:00:16:35 -0400] "GET /js/jquery-3.3.1.min.js HTTP/1.0" 403 261 "https://www.richinc.org/RICH/interns.html" "Mozilla/5.0 (X11; Linux x86_64) AppleWebKit/537.36 (KHTML, like Gecko) HeadlessChrome/106.0.5249.30 Safari/537.36"
206.204.34.60 - - [09/Jul/2025:00:16:35 -0400] "GET /cdn-cgi/scripts/5c5dd728/cloudflare-static/email-decode.min.js HTTP/1.0" 302 275 "https://www.richinc.org/RICH/interns.html" "Mozilla/5.0 (X11; Linux x86_64) AppleWebKit/537.36 (KHTML, like Gecko) HeadlessChrome/106.0.5249.30 Safari/537.36"
206.204.34.60 - - [09/Jul/2025:00:16:35 -0400] "GET /js/jquery-migrate-3.0.1.min.js HTTP/1.0" 403 261 "https://www.richinc.org/RICH/interns.html" "Mozilla/5.0 (X11; Linux x86_64) AppleWebKit/537.36 (KHTML, like Gecko) HeadlessChrome/106.0.5249.30 Safari/537.36"
206.204.34.60 - - [09/Jul/2025:00:16:35 -0400] "GET /js/jquery-ui.js HTTP/1.0" 403 261 "https://www.richinc.org/RICH/interns.html" "Mozilla/5.0 (X11; Linux x86_64) AppleWebKit/537.36 (KHTML, like Gecko) HeadlessChrome/106.0.5249.30 Safari/537.36"
206.204.34.60 - - [09/Jul/2025:00:16:35 -0400] "GET /js/popper.min.js HTTP/1.0" 403 261 "https://www.richinc.org/RICH/interns.html" "Mozilla/5.0 (X11; Linux x86_64) AppleWebKit/537.36 (KHTML, like Gecko) HeadlessChrome/106.0.5249.30 Safari/537.36"
162.43.251.197 - - [09/Jul/2025:00:16:35 -0400] "GET /RICH/js/owl.carousel.min.js HTTP/1.0" 200 42766 "https://www.richinc.org/RICH/reach-for-success.html" "Mozilla/5.0 (X11; Linux x86_64) AppleWebKit/537.36 (KHTML, like Gecko) HeadlessChrome/106.0.5249.30 Safari/537.36"
162.43.251.197 - - [09/Jul/2025:00:16:35 -0400] "GET /RICH/js/jquery.stellar.min.js HTTP/1.0" 200 12597 "https://www.richinc.org/RICH/reach-for-success.html" "Mozilla/5.0 (X11; Linux x86_64) AppleWebKit/537.36 (KHTML, like Gecko) HeadlessChrome/106.0.5249.30 Safari/537.36"
162.43.251.197 - - [09/Jul/2025:00:16:35 -0400] "GET /RICH/js/bootstrap.min.js HTTP/1.0" 200 51039 "https://www.richinc.org/RICH/reach-for-success.html" "Mozilla/5.0 (X11; Linux x86_64) AppleWebKit/537.36 (KHTML, like Gecko) HeadlessChrome/106.0.5249.30 Safari/537.36"
162.43.251.197 - - [09/Jul/2025:00:16:35 -0400] "GET /RICH/js/jquery.countdown.min.js HTTP/1.0" 200 5339 "https://www.richinc.org/RICH/reach-for-success.html" "Mozilla/5.0 (X11; Linux x86_64) AppleWebKit/537.36 (KHTML, like Gecko) HeadlessChrome/106.0.5249.30 Safari/537.36"
206.204.34.60 - - [09/Jul/2025:00:16:35 -0400] "GET /js/bootstrap.min.js HTTP/1.0" 403 261 "https://www.richinc.org/RICH/interns.html" "Mozilla/5.0 (X11; Linux x86_64) AppleWebKit/537.36 (KHTML, like Gecko) HeadlessChrome/106.0.5249.30 Safari/537.36"
93.180.195.176 - - [09/Jul/2025:00:16:35 -0400] "GET /RICH/projectsnack.html HTTP/1.0" 200 21626 "-" "Mozilla/5.0 (X11; Linux x86_64) AppleWebKit/537.36 (KHTML, like Gecko) HeadlessChrome/106.0.5249.30 Safari/537.36"
162.43.251.197 - - [09/Jul/2025:00:16:35 -0400] "GET /RICH/js/jquery.magnific-popup.min.js HTTP/1.0" 200 20216 "https://www.richinc.org/RICH/reach-for-success.html" "Mozilla/5.0 (X11; Linux x86_64) AppleWebKit/537.36 (KHTML, like Gecko) HeadlessChrome/106.0.5249.30 Safari/537.36"
162.43.251.197 - - [09/Jul/2025:00:16:35 -0400] "GET /RICH/js/bootstrap-datepicker.min.js HTTP/1.0" 200 34172 "https://www.richinc.org/RICH/reach-for-success.html" "Mozilla/5.0 (X11; Linux x86_64) AppleWebKit/537.36 (KHTML, like Gecko) HeadlessChrome/106.0.5249.30 Safari/537.36"
162.43.251.197 - - [09/Jul/2025:00:16:35 -0400] "GET /RICH/js/aos.js HTTP/1.0" 200 14244 "https://www.richinc.org/RICH/reach-for-success.html" "Mozilla/5.0 (X11; Linux x86_64) AppleWebKit/537.36 (KHTML, like Gecko) HeadlessChrome/106.0.5249.30 Safari/537.36"
188.94.85.70 - - [09/Jul/2025:00:16:35 -0400] "GET /RICH/gsuite-classroom.html HTTP/1.0" 200 12627 "-" "Mozilla/5.0 (X11; Linux x86_64) AppleWebKit/537.36 (KHTML, like Gecko) HeadlessChrome/106.0.5249.30 Safari/537.36"
206.204.34.60 - - [09/Jul/2025:00:16:35 -0400] "GET /js/jquery.countdown.min.js HTTP/1.0" 403 261 "https://www.richinc.org/RICH/interns.html" "Mozilla/5.0 (X11; Linux x86_64) AppleWebKit/537.36 (KHTML, like Gecko) HeadlessChrome/106.0.5249.30 Safari/537.36"
206.204.34.60 - - [09/Jul/2025:00:16:35 -0400] "GET /js/jquery.magnific-popup.min.js HTTP/1.0" 403 261 "https://www.richinc.org/RICH/interns.html" "Mozilla/5.0 (X11; Linux x86_64) AppleWebKit/537.36 (KHTML, like Gecko) HeadlessChrome/106.0.5249.30 Safari/537.36"
206.204.34.60 - - [09/Jul/2025:00:16:35 -0400] "GET /js/jquery.stellar.min.js HTTP/1.0" 403 261 "https://www.richinc.org/RICH/interns.html" "Mozilla/5.0 (X11; Linux x86_64) AppleWebKit/537.36 (KHTML, like Gecko) HeadlessChrome/106.0.5249.30 Safari/537.36"
45.142.95.187 - - [09/Jul/2025:00:16:35 -0400] "GET /RICH/graduate-testimonials.html HTTP/1.0" 200 30995 "-" "Mozilla/5.0 (X11; Linux x86_64) AppleWebKit/537.36 (KHTML, like Gecko) HeadlessChrome/106.0.5249.30 Safari/537.36"
162.43.251.197 - - [09/Jul/2025:00:16:35 -0400] "GET /RICH/js/main.js HTTP/1.0" 200 7761 "https://www.richinc.org/RICH/reach-for-success.html" "Mozilla/5.0 (X11; Linux x86_64) AppleWebKit/537.36 (KHTML, like Gecko) HeadlessChrome/106.0.5249.30 Safari/537.36"
206.204.34.60 - - [09/Jul/2025:00:16:35 -0400] "GET /js/owl.carousel.min.js HTTP/1.0" 403 261 "https://www.richinc.org/RICH/interns.html" "Mozilla/5.0 (X11; Linux x86_64) AppleWebKit/537.36 (KHTML, like Gecko) HeadlessChrome/106.0.5249.30 Safari/537.36"
180.149.0.16 - - [09/Jul/2025:00:16:35 -0400] "GET /RICH/podcasts.html HTTP/1.0" 200 40530 "-" "Mozilla/5.0 (X11; Linux x86_64) AppleWebKit/537.36 (KHTML, like Gecko) HeadlessChrome/106.0.5249.30 Safari/537.36"
161.123.172.253 - - [09/Jul/2025:00:16:35 -0400] "GET /RICH/rich-learning-system.html HTTP/1.0" 200 16095 "-" "Mozilla/5.0 (X11; Linux x86_64) AppleWebKit/537.36 (KHTML, like Gecko) HeadlessChrome/106.0.5249.30 Safari/537.36"
206.204.34.60 - - [09/Jul/2025:00:16:35 -0400] "GET /js/mediaelement-and-player.min.js HTTP/1.0" 403 261 "https://www.richinc.org/RICH/interns.html" "Mozilla/5.0 (X11; Linux x86_64) AppleWebKit/537.36 (KHTML, like Gecko) HeadlessChrome/106.0.5249.30 Safari/537.36"
206.204.34.60 - - [09/Jul/2025:00:16:35 -0400] "GET /js/main.js HTTP/1.0" 403 261 "https://www.richinc.org/RICH/interns.html" "Mozilla/5.0 (X11; Linux x86_64) AppleWebKit/537.36 (KHTML, like Gecko) HeadlessChrome/106.0.5249.30 Safari/537.36"
206.204.34.60 - - [09/Jul/2025:00:16:35 -0400] "GET /js/aos.js HTTP/1.0" 403 261 "https://www.richinc.org/RICH/interns.html" "Mozilla/5.0 (X11; Linux x86_64) AppleWebKit/537.36 (KHTML, like Gecko) HeadlessChrome/106.0.5249.30 Safari/537.36"
206.204.34.60 - - [09/Jul/2025:00:16:35 -0400] "GET /js/bootstrap-datepicker.min.js HTTP/1.0" 403 261 "https://www.richinc.org/RICH/interns.html" "Mozilla/5.0 (X11; Linux x86_64) AppleWebKit/537.36 (KHTML, like Gecko) HeadlessChrome/106.0.5249.30 Safari/537.36"
45.13.251.0 - - [09/Jul/2025:00:16:35 -0400] "GET /RICH/first-graduates.html HTTP/1.0" 200 19656 "-" "Mozilla/5.0 (X11; Linux x86_64) AppleWebKit/537.36 (KHTML, like Gecko) HeadlessChrome/106.0.5249.30 Safari/537.36"
206.204.34.60 - - [09/Jul/2025:00:16:35 -0400] "GET /RICH/cdn-cgi/scripts/5c5dd728/cloudflare-static/email-decode.min.js HTTP/1.0" 404 575 "https://www.richinc.org/RICH/interns.html" "Mozilla/5.0 (X11; Linux x86_64) AppleWebKit/537.36 (KHTML, like Gecko) HeadlessChrome/106.0.5249.30 Safari/537.36"
150.129.92.155 - - [09/Jul/2025:00:16:35 -0400] "GET /RICH/sdlp.html HTTP/1.0" 200 19699 "-" "Mozilla/5.0 (X11; Linux x86_64) AppleWebKit/537.36 (KHTML, like Gecko) HeadlessChrome/106.0.5249.30 Safari/537.36"
188.94.84.147 - - [09/Jul/2025:00:16:35 -0400] "GET /RICH/overview.html HTTP/1.0" 200 14245 "-" "Mozilla/5.0 (X11; Linux x86_64) AppleWebKit/537.36 (KHTML, like Gecko) HeadlessChrome/106.0.5249.30 Safari/537.36"
162.43.251.197 - - [09/Jul/2025:00:16:35 -0400] "GET /RICH/cdn-cgi/scripts/5c5dd728/cloudflare-static/email-decode.min.js HTTP/1.0" 404 575 "https://www.richinc.org/RICH/reach-for-success.html" "Mozilla/5.0 (X11; Linux x86_64) AppleWebKit/537.36 (KHTML, like Gecko) HeadlessChrome/106.0.5249.30 Safari/537.36"
119.13.196.171 - - [09/Jul/2025:00:16:35 -0400] "GET /RICH/contact-us.html HTTP/1.0" 200 19647 "-" "Mozilla/5.0 (X11; Linux x86_64) AppleWebKit/537.36 (KHTML, like Gecko) HeadlessChrome/106.0.5249.30 Safari/537.36"
206.204.34.60 - - [09/Jul/2025:00:16:36 -0400] "POST /php/UsersRICH.php HTTP/1.0" 302 230 "https://www.richinc.org/RICH/interns.html" "Mozilla/5.0 (X11; Linux x86_64) AppleWebKit/537.36 (KHTML, like Gecko) HeadlessChrome/106.0.5249.30 Safari/537.36"
180.149.0.16 - - [09/Jul/2025:00:16:36 -0400] "GET /cdn-cgi/scripts/5c5dd728/cloudflare-static/email-decode.min.js HTTP/1.0" 302 275 "https://www.richinc.org/RICH/podcasts.html" "Mozilla/5.0 (X11; Linux x86_64) AppleWebKit/537.36 (KHTML, like Gecko) HeadlessChrome/106.0.5249.30 Safari/537.36"
93.180.195.176 - - [09/Jul/2025:00:16:36 -0400] "GET /cdn-cgi/scripts/5c5dd728/cloudflare-static/email-decode.min.js HTTP/1.0" 302 275 "https://www.richinc.org/RICH/projectsnack.html" "Mozilla/5.0 (X11; Linux x86_64) AppleWebKit/537.36 (KHTML, like Gecko) HeadlessChrome/106.0.5249.30 Safari/537.36"
93.180.195.176 - - [09/Jul/2025:00:16:36 -0400] "GET /RICH/js/jquery-migrate-3.0.1.min.js HTTP/1.0" 200 11421 "https://www.richinc.org/RICH/projectsnack.html" "Mozilla/5.0 (X11; Linux x86_64) AppleWebKit/537.36 (KHTML, like Gecko) HeadlessChrome/106.0.5249.30 Safari/537.36"
93.180.195.176 - - [09/Jul/2025:00:16:36 -0400] "GET /RICH/js/jquery-3.3.1.min.js HTTP/1.0" 200 86926 "https://www.richinc.org/RICH/projectsnack.html" "Mozilla/5.0 (X11; Linux x86_64) AppleWebKit/537.36 (KHTML, like Gecko) HeadlessChrome/106.0.5249.30 Safari/537.36"
180.149.0.16 - - [09/Jul/2025:00:16:36 -0400] "GET /RICH/js/jquery-3.3.1.min.js HTTP/1.0" 200 86926 "https://www.richinc.org/RICH/podcasts.html" "Mozilla/5.0 (X11; Linux x86_64) AppleWebKit/537.36 (KHTML, like Gecko) HeadlessChrome/106.0.5249.30 Safari/537.36"
180.149.0.16 - - [09/Jul/2025:00:16:36 -0400] "GET /RICH/js/jquery-migrate-3.0.1.min.js HTTP/1.0" 200 11421 "https://www.richinc.org/RICH/podcasts.html" "Mozilla/5.0 (X11; Linux x86_64) AppleWebKit/537.36 (KHTML, like Gecko) HeadlessChrome/106.0.5249.30 Safari/537.36"
180.149.0.16 - - [09/Jul/2025:00:16:36 -0400] "GET /RICH/js/jquery-ui.js HTTP/1.0" 200 45799 "https://www.richinc.org/RICH/podcasts.html" "Mozilla/5.0 (X11; Linux x86_64) AppleWebKit/537.36 (KHTML, like Gecko) HeadlessChrome/106.0.5249.30 Safari/537.36"
93.180.195.176 - - [09/Jul/2025:00:16:36 -0400] "GET /RICH/js/jquery-ui.js HTTP/1.0" 200 45799 "https://www.richinc.org/RICH/projectsnack.html" "Mozilla/5.0 (X11; Linux x86_64) AppleWebKit/537.36 (KHTML, like Gecko) HeadlessChrome/106.0.5249.30 Safari/537.36"
93.180.195.176 - - [09/Jul/2025:00:16:36 -0400] "GET /RICH/js/jquery.stellar.min.js HTTP/1.0" 200 12597 "https://www.richinc.org/RICH/projectsnack.html" "Mozilla/5.0 (X11; Linux x86_64) AppleWebKit/537.36 (KHTML, like Gecko) HeadlessChrome/106.0.5249.30 Safari/537.36"
45.142.95.187 - - [09/Jul/2025:00:16:36 -0400] "GET /cdn-cgi/scripts/5c5dd728/cloudflare-static/email-decode.min.js HTTP/1.0" 302 275 "https://www.richinc.org/RICH/graduate-testimonials.html" "Mozilla/5.0 (X11; Linux x86_64) AppleWebKit/537.36 (KHTML, like Gecko) HeadlessChrome/106.0.5249.30 Safari/537.36"
93.180.195.176 - - [09/Jul/2025:00:16:36 -0400] "GET /RICH/js/jquery.countdown.min.js HTTP/1.0" 200 5339 "https://www.richinc.org/RICH/projectsnack.html" "Mozilla/5.0 (X11; Linux x86_64) AppleWebKit/537.36 (KHTML, like Gecko) HeadlessChrome/106.0.5249.30 Safari/537.36"
180.149.0.16 - - [09/Jul/2025:00:16:36 -0400] "GET /RICH/js/bootstrap.min.js HTTP/1.0" 200 51039 "https://www.richinc.org/RICH/podcasts.html" "Mozilla/5.0 (X11; Linux x86_64) AppleWebKit/537.36 (KHTML, like Gecko) HeadlessChrome/106.0.5249.30 Safari/537.36"
180.149.0.16 - - [09/Jul/2025:00:16:36 -0400] "GET /RICH/js/owl.carousel.min.js HTTP/1.0" 200 42766 "https://www.richinc.org/RICH/podcasts.html" "Mozilla/5.0 (X11; Linux x86_64) AppleWebKit/537.36 (KHTML, like Gecko) HeadlessChrome/106.0.5249.30 Safari/537.36"
93.180.195.176 - - [09/Jul/2025:00:16:36 -0400] "GET /RICH/js/bootstrap.min.js HTTP/1.0" 200 51039 "https://www.richinc.org/RICH/projectsnack.html" "Mozilla/5.0 (X11; Linux x86_64) AppleWebKit/537.36 (KHTML, like Gecko) HeadlessChrome/106.0.5249.30 Safari/537.36"
93.180.195.176 - - [09/Jul/2025:00:16:36 -0400] "GET /RICH/js/bootstrap-datepicker.min.js HTTP/1.0" 200 34172 "https://www.richinc.org/RICH/projectsnack.html" "Mozilla/5.0 (X11; Linux x86_64) AppleWebKit/537.36 (KHTML, like Gecko) HeadlessChrome/106.0.5249.30 Safari/537.36"
180.149.0.16 - - [09/Jul/2025:00:16:36 -0400] "GET /RICH/js/jquery.stellar.min.js HTTP/1.0" 200 12597 "https://www.richinc.org/RICH/podcasts.html" "Mozilla/5.0 (X11; Linux x86_64) AppleWebKit/537.36 (KHTML, like Gecko) HeadlessChrome/106.0.5249.30 Safari/537.36"
45.142.95.187 - - [09/Jul/2025:00:16:36 -0400] "GET /RICH/js/jquery-migrate-3.0.1.min.js HTTP/1.0" 200 11421 "https://www.richinc.org/RICH/graduate-testimonials.html" "Mozilla/5.0 (X11; Linux x86_64) AppleWebKit/537.36 (KHTML, like Gecko) HeadlessChrome/106.0.5249.30 Safari/537.36"
45.142.95.187 - - [09/Jul/2025:00:16:36 -0400] "GET /RICH/js/jquery-3.3.1.min.js HTTP/1.0" 200 86926 "https://www.richinc.org/RICH/graduate-testimonials.html" "Mozilla/5.0 (X11; Linux x86_64) AppleWebKit/537.36 (KHTML, like Gecko) HeadlessChrome/106.0.5249.30 Safari/537.36"
162.43.251.197 - - [09/Jul/2025:00:16:35 -0400] "GET /RICH/js/mediaelement-and-player.min.js HTTP/1.0" 200 152469 "https://www.richinc.org/RICH/reach-for-success.html" "Mozilla/5.0 (X11; Linux x86_64) AppleWebKit/537.36 (KHTML, like Gecko) HeadlessChrome/106.0.5249.30 Safari/537.36"
93.180.195.176 - - [09/Jul/2025:00:16:36 -0400] "GET /RICH/js/jquery.magnific-popup.min.js HTTP/1.0" 200 20216 "https://www.richinc.org/RICH/projectsnack.html" "Mozilla/5.0 (X11; Linux x86_64) AppleWebKit/537.36 (KHTML, like Gecko) HeadlessChrome/106.0.5249.30 Safari/537.36"
93.180.195.176 - - [09/Jul/2025:00:16:36 -0400] "GET /RICH/js/owl.carousel.min.js HTTP/1.0" 200 42766 "https://www.richinc.org/RICH/projectsnack.html" "Mozilla/5.0 (X11; Linux x86_64) AppleWebKit/537.36 (KHTML, like Gecko) HeadlessChrome/106.0.5249.30 Safari/537.36"
45.142.95.187 - - [09/Jul/2025:00:16:36 -0400] "GET /RICH/js/jquery-ui.js HTTP/1.0" 200 45799 "https://www.richinc.org/RICH/graduate-testimonials.html" "Mozilla/5.0 (X11; Linux x86_64) AppleWebKit/537.36 (KHTML, like Gecko) HeadlessChrome/106.0.5249.30 Safari/537.36"
180.149.0.16 - - [09/Jul/2025:00:16:36 -0400] "GET /RICH/js/jquery.magnific-popup.min.js HTTP/1.0" 200 20216 "https://www.richinc.org/RICH/podcasts.html" "Mozilla/5.0 (X11; Linux x86_64) AppleWebKit/537.36 (KHTML, like Gecko) HeadlessChrome/106.0.5249.30 Safari/537.36"
180.149.0.16 - - [09/Jul/2025:00:16:36 -0400] "GET /RICH/js/aos.js HTTP/1.0" 200 14244 "https://www.richinc.org/RICH/podcasts.html" "Mozilla/5.0 (X11; Linux x86_64) AppleWebKit/537.36 (KHTML, like Gecko) HeadlessChrome/106.0.5249.30 Safari/537.36"
180.149.0.16 - - [09/Jul/2025:00:16:36 -0400] "GET /RICH/js/bootstrap-datepicker.min.js HTTP/1.0" 200 34172 "https://www.richinc.org/RICH/podcasts.html" "Mozilla/5.0 (X11; Linux x86_64) AppleWebKit/537.36 (KHTML, like Gecko) HeadlessChrome/106.0.5249.30 Safari/537.36"
45.142.95.187 - - [09/Jul/2025:00:16:36 -0400] "GET /RICH/js/bootstrap.min.js HTTP/1.0" 200 51039 "https://www.richinc.org/RICH/graduate-testimonials.html" "Mozilla/5.0 (X11; Linux x86_64) AppleWebKit/537.36 (KHTML, like Gecko) HeadlessChrome/106.0.5249.30 Safari/537.36"
45.142.95.187 - - [09/Jul/2025:00:16:36 -0400] "GET /RICH/js/popper.min.js HTTP/1.0" 200 20336 "https://www.richinc.org/RICH/graduate-testimonials.html" "Mozilla/5.0 (X11; Linux x86_64) AppleWebKit/537.36 (KHTML, like Gecko) HeadlessChrome/106.0.5249.30 Safari/537.36"
43.252.31.53 - - [09/Jul/2025:00:16:36 -0400] "GET /RICH/campaign1.html HTTP/1.0" 200 43533 "-" "Mozilla/5.0 (X11; Linux x86_64) AppleWebKit/537.36 (KHTML, like Gecko) HeadlessChrome/106.0.5249.30 Safari/537.36"
45.142.95.187 - - [09/Jul/2025:00:16:36 -0400] "GET /RICH/js/owl.carousel.min.js HTTP/1.0" 200 42766 "https://www.richinc.org/RICH/graduate-testimonials.html" "Mozilla/5.0 (X11; Linux x86_64) AppleWebKit/537.36 (KHTML, like Gecko) HeadlessChrome/106.0.5249.30 Safari/537.36"
93.180.195.176 - - [09/Jul/2025:00:16:36 -0400] "GET /RICH/js/mediaelement-and-player.min.js HTTP/1.0" 200 152469 "https://www.richinc.org/RICH/projectsnack.html" "Mozilla/5.0 (X11; Linux x86_64) AppleWebKit/537.36 (KHTML, like Gecko) HeadlessChrome/106.0.5249.30 Safari/537.36"
93.180.195.176 - - [09/Jul/2025:00:16:36 -0400] "GET /RICH/js/aos.js HTTP/1.0" 200 14244 "https://www.richinc.org/RICH/projectsnack.html" "Mozilla/5.0 (X11; Linux x86_64) AppleWebKit/537.36 (KHTML, like Gecko) HeadlessChrome/106.0.5249.30 Safari/537.36"
45.142.95.187 - - [09/Jul/2025:00:16:36 -0400] "GET /RICH/js/jquery.stellar.min.js HTTP/1.0" 200 12597 "https://www.richinc.org/RICH/graduate-testimonials.html" "Mozilla/5.0 (X11; Linux x86_64) AppleWebKit/537.36 (KHTML, like Gecko) HeadlessChrome/106.0.5249.30 Safari/537.36"
45.142.95.187 - - [09/Jul/2025:00:16:36 -0400] "GET /RICH/js/jquery.magnific-popup.min.js HTTP/1.0" 200 20216 "https://www.richinc.org/RICH/graduate-testimonials.html" "Mozilla/5.0 (X11; Linux x86_64) AppleWebKit/537.36 (KHTML, like Gecko) HeadlessChrome/106.0.5249.30 Safari/537.36"
93.180.195.176 - - [09/Jul/2025:00:16:36 -0400] "GET /RICH/js/main.js HTTP/1.0" 200 7761 "https://www.richinc.org/RICH/projectsnack.html" "Mozilla/5.0 (X11; Linux x86_64) AppleWebKit/537.36 (KHTML, like Gecko) HeadlessChrome/106.0.5249.30 Safari/537.36"
180.149.0.16 - - [09/Jul/2025:00:16:36 -0400] "GET /RICH/js/main.js HTTP/1.0" 200 7761 "https://www.richinc.org/RICH/podcasts.html" "Mozilla/5.0 (X11; Linux x86_64) AppleWebKit/537.36 (KHTML, like Gecko) HeadlessChrome/106.0.5249.30 Safari/537.36"
45.142.95.187 - - [09/Jul/2025:00:16:36 -0400] "GET /RICH/js/jquery.countdown.min.js HTTP/1.0" 200 5339 "https://www.richinc.org/RICH/graduate-testimonials.html" "Mozilla/5.0 (X11; Linux x86_64) AppleWebKit/537.36 (KHTML, like Gecko) HeadlessChrome/106.0.5249.30 Safari/537.36"
45.142.95.187 - - [09/Jul/2025:00:16:36 -0400] "GET /RICH/js/bootstrap-datepicker.min.js HTTP/1.0" 200 34172 "https://www.richinc.org/RICH/graduate-testimonials.html" "Mozilla/5.0 (X11; Linux x86_64) AppleWebKit/537.36 (KHTML, like Gecko) HeadlessChrome/106.0.5249.30 Safari/537.36"
45.13.251.0 - - [09/Jul/2025:00:16:36 -0400] "GET /cdn-cgi/scripts/5c5dd728/cloudflare-static/email-decode.min.js HTTP/1.0" 302 275 "https://www.richinc.org/RICH/first-graduates.html" "Mozilla/5.0 (X11; Linux x86_64) AppleWebKit/537.36 (KHTML, like Gecko) HeadlessChrome/106.0.5249.30 Safari/537.36"
180.149.0.16 - - [09/Jul/2025:00:16:36 -0400] "GET /RICH/js/mediaelement-and-player.min.js HTTP/1.0" 200 152469 "https://www.richinc.org/RICH/podcasts.html" "Mozilla/5.0 (X11; Linux x86_64) AppleWebKit/537.36 (KHTML, like Gecko) HeadlessChrome/106.0.5249.30 Safari/537.36"
45.13.251.0 - - [09/Jul/2025:00:16:36 -0400] "GET /RICH/js/jquery-ui.js HTTP/1.0" 200 45799 "https://www.richinc.org/RICH/first-graduates.html" "Mozilla/5.0 (X11; Linux x86_64) AppleWebKit/537.36 (KHTML, like Gecko) HeadlessChrome/106.0.5249.30 Safari/537.36"
188.94.85.70 - - [09/Jul/2025:00:16:36 -0400] "GET /cdn-cgi/scripts/5c5dd728/cloudflare-static/email-decode.min.js HTTP/1.0" 302 275 "https://www.richinc.org/RICH/gsuite-classroom.html" "Mozilla/5.0 (X11; Linux x86_64) AppleWebKit/537.36 (KHTML, like Gecko) HeadlessChrome/106.0.5249.30 Safari/537.36"
45.13.251.0 - - [09/Jul/2025:00:16:36 -0400] "GET /RICH/js/jquery.countdown.min.js HTTP/1.0" 200 5339 "https://www.richinc.org/RICH/first-graduates.html" "Mozilla/5.0 (X11; Linux x86_64) AppleWebKit/537.36 (KHTML, like Gecko) HeadlessChrome/106.0.5249.30 Safari/537.36"
45.13.251.0 - - [09/Jul/2025:00:16:36 -0400] "GET /RICH/js/jquery.stellar.min.js HTTP/1.0" 200 12597 "https://www.richinc.org/RICH/first-graduates.html" "Mozilla/5.0 (X11; Linux x86_64) AppleWebKit/537.36 (KHTML, like Gecko) HeadlessChrome/106.0.5249.30 Safari/537.36"
45.13.251.0 - - [09/Jul/2025:00:16:36 -0400] "GET /RICH/js/bootstrap.min.js HTTP/1.0" 200 51039 "https://www.richinc.org/RICH/first-graduates.html" "Mozilla/5.0 (X11; Linux x86_64) AppleWebKit/537.36 (KHTML, like Gecko) HeadlessChrome/106.0.5249.30 Safari/537.36"
