5.9.120.135 - - [29/Jun/2025:00:46:42 -0400] "GET /robots.txt HTTP/1.0" 302 223 "-" "Mozilla/5.0 (compatible; BLEXBot/1.0; +https://help.seranking.com/en/blex-crawler)"
5.9.120.135 - - [29/Jun/2025:00:46:42 -0400] "GET /RICH/robots.txt HTTP/1.0" 404 575 "-" "Mozilla/5.0 (compatible; BLEXBot/1.0; +https://help.seranking.com/en/blex-crawler)"
5.9.120.135 - - [29/Jun/2025:00:47:13 -0400] "GET /robots.txt HTTP/1.0" 302 223 "-" "Mozilla/5.0 (compatible; BLEXBot/1.0; +https://help.seranking.com/en/blex-crawler)"
5.9.120.135 - - [29/Jun/2025:00:47:13 -0400] "GET /RICH/robots.txt HTTP/1.0" 404 575 "-" "Mozilla/5.0 (compatible; BLEXBot/1.0; +https://help.seranking.com/en/blex-crawler)"
5.9.120.135 - - [29/Jun/2025:00:47:14 -0400] "GET /RICH/sdlp.html HTTP/1.0" 200 19699 "-" "Mozilla/5.0 (compatible; BLEXBot/1.0; +https://help.seranking.com/en/blex-crawler)"
5.9.120.135 - - [29/Jun/2025:00:47:24 -0400] "GET /robots.txt HTTP/1.0" 302 223 "-" "Mozilla/5.0 (compatible; BLEXBot/1.0; +https://help.seranking.com/en/blex-crawler)"
5.9.120.135 - - [29/Jun/2025:00:47:24 -0400] "GET /RICH/robots.txt HTTP/1.0" 404 575 "-" "Mozilla/5.0 (compatible; BLEXBot/1.0; +https://help.seranking.com/en/blex-crawler)"
5.9.120.135 - - [29/Jun/2025:00:47:50 -0400] "GET /robots.txt HTTP/1.0" 302 223 "-" "Mozilla/5.0 (compatible; BLEXBot/1.0; +https://help.seranking.com/en/blex-crawler)"
5.9.120.135 - - [29/Jun/2025:00:47:50 -0400] "GET /RICH/robots.txt HTTP/1.0" 404 575 "-" "Mozilla/5.0 (compatible; BLEXBot/1.0; +https://help.seranking.com/en/blex-crawler)"
5.9.120.135 - - [29/Jun/2025:00:48:50 -0400] "GET /robots.txt HTTP/1.0" 302 223 "-" "Mozilla/5.0 (compatible; BLEXBot/1.0; +https://help.seranking.com/en/blex-crawler)"
5.9.120.135 - - [29/Jun/2025:00:48:50 -0400] "GET /RICH/robots.txt HTTP/1.0" 404 575 "-" "Mozilla/5.0 (compatible; BLEXBot/1.0; +https://help.seranking.com/en/blex-crawler)"
121.229.156.110 - - [29/Jun/2025:00:59:47 -0400] "GET /RICH/first-graduates.html HTTP/1.0" 200 19656 "-" "Sogou web spider/4.0(+http://www.sogou.com/docs/help/webmasters.htm#07)"
5.9.120.135 - - [29/Jun/2025:01:05:19 -0400] "GET /RICH/campaign1.html HTTP/1.0" 200 43533 "-" "Mozilla/5.0 (compatible; BLEXBot/1.0; +https://help.seranking.com/en/blex-crawler)"
5.9.120.135 - - [29/Jun/2025:01:07:33 -0400] "GET /RICH/nvlpessay1.html HTTP/1.0" 200 76856 "-" "Mozilla/5.0 (compatible; BLEXBot/1.0; +https://help.seranking.com/en/blex-crawler)"
5.9.120.135 - - [29/Jun/2025:01:07:55 -0400] "GET /RICH/board-directors.html HTTP/1.0" 200 18594 "-" "Mozilla/5.0 (compatible; BLEXBot/1.0; +https://help.seranking.com/en/blex-crawler)"
5.9.120.135 - - [29/Jun/2025:01:08:00 -0400] "GET /RICH/gsuite-classroom.html HTTP/1.0" 200 12627 "-" "Mozilla/5.0 (compatible; BLEXBot/1.0; +https://help.seranking.com/en/blex-crawler)"
5.9.120.135 - - [29/Jun/2025:01:08:06 -0400] "GET /RICH/reach-for-success.html HTTP/1.0" 200 16645 "-" "Mozilla/5.0 (compatible; BLEXBot/1.0; +https://help.seranking.com/en/blex-crawler)"
5.9.120.135 - - [29/Jun/2025:01:08:13 -0400] "GET /RICH/rich-learning-system.html HTTP/1.0" 200 16095 "-" "Mozilla/5.0 (compatible; BLEXBot/1.0; +https://help.seranking.com/en/blex-crawler)"
5.9.120.135 - - [29/Jun/2025:01:08:21 -0400] "GET /RICH/parents-investment-alliance.html HTTP/1.0" 200 15701 "-" "Mozilla/5.0 (compatible; BLEXBot/1.0; +https://help.seranking.com/en/blex-crawler)"
5.9.120.135 - - [29/Jun/2025:01:08:29 -0400] "GET /RICH/rich_new_vision/rich_new_vision.html HTTP/1.0" 200 13663 "-" "Mozilla/5.0 (compatible; BLEXBot/1.0; +https://help.seranking.com/en/blex-crawler)"
66.249.64.173 - - [29/Jun/2025:01:36:38 -0400] "GET /robots.txt HTTP/1.0" 302 223 "-" "Mozilla/5.0 (compatible; Googlebot/2.1; +http://www.google.com/bot.html)"
66.249.70.160 - - [29/Jun/2025:01:36:39 -0400] "GET /RICH/robots.txt HTTP/1.0" 404 575 "-" "Mozilla/5.0 (compatible; Googlebot/2.1; +http://www.google.com/bot.html)"
66.249.64.173 - - [29/Jun/2025:01:36:39 -0400] "GET /index.html HTTP/1.0" 302 223 "-" "Mozilla/5.0 (Linux; Android 6.0.1; Nexus 5X Build/MMB29P) AppleWebKit/537.36 (KHTML, like Gecko) Chrome/137.0.7151.103 Mobile Safari/537.36 (compatible; Googlebot/2.1; +http://www.google.com/bot.html)"
66.249.70.162 - - [29/Jun/2025:01:36:39 -0400] "GET /RICH/index.html HTTP/1.0" 200 64636 "-" "Mozilla/5.0 (Linux; Android 6.0.1; Nexus 5X Build/MMB29P) AppleWebKit/537.36 (KHTML, like Gecko) Chrome/137.0.7151.103 Mobile Safari/537.36 (compatible; Googlebot/2.1; +http://www.google.com/bot.html)"
66.249.70.160 - - [29/Jun/2025:01:36:49 -0400] "GET /RICH/css/aos.css HTTP/1.0" 200 25983 "https://www.richinc.org/RICH/index.html" "Mozilla/5.0 (Linux; Android 6.0.1; Nexus 5X Build/MMB29P) AppleWebKit/537.36 (KHTML, like Gecko) Chrome/137.0.7151.68 Mobile Safari/537.36 (compatible; Googlebot/2.1; +http://www.google.com/bot.html)"
66.249.70.160 - - [29/Jun/2025:01:36:49 -0400] "GET /cdn-cgi/scripts/5c5dd728/cloudflare-static/email-decode.min.js HTTP/1.0" 302 275 "https://www.richinc.org/RICH/index.html" "Mozilla/5.0 (Linux; Android 6.0.1; Nexus 5X Build/MMB29P) AppleWebKit/537.36 (KHTML, like Gecko) Chrome/137.0.7151.68 Mobile Safari/537.36 (compatible; Googlebot/2.1; +http://www.google.com/bot.html)"
66.249.70.160 - - [29/Jun/2025:01:36:49 -0400] "GET /RICH/cdn-cgi/scripts/5c5dd728/cloudflare-static/email-decode.min.js HTTP/1.0" 404 575 "https://www.richinc.org/RICH/index.html" "Mozilla/5.0 (Linux; Android 6.0.1; Nexus 5X Build/MMB29P) AppleWebKit/537.36 (KHTML, like Gecko) Chrome/137.0.7151.68 Mobile Safari/537.36 (compatible; Googlebot/2.1; +http://www.google.com/bot.html)"
66.249.70.161 - - [29/Jun/2025:01:36:49 -0400] "GET /RICH/css/magnific-popup.css HTTP/1.0" 200 6950 "https://www.richinc.org/RICH/index.html" "Mozilla/5.0 (Linux; Android 6.0.1; Nexus 5X Build/MMB29P) AppleWebKit/537.36 (KHTML, like Gecko) Chrome/137.0.7151.68 Mobile Safari/537.36 (compatible; Googlebot/2.1; +http://www.google.com/bot.html)"
66.249.70.160 - - [29/Jun/2025:01:36:50 -0400] "POST /RICH/php/UsersRICH.php HTTP/1.0" 200 - "https://www.richinc.org/RICH/index.html" "Mozilla/5.0 (Linux; Android 6.0.1; Nexus 5X Build/MMB29P) AppleWebKit/537.36 (KHTML, like Gecko) Chrome/137.0.7151.68 Mobile Safari/537.36 (compatible; Googlebot/2.1; +http://www.google.com/bot.html)"
222.79.103.59 - - [29/Jun/2025:02:03:03 -0400] "GET / HTTP/1.0" 302 213 "-" "Mozilla/5.0 (iPhone; CPU iPhone OS 13_2_3 like Mac OS X) AppleWebKit/605.1.15 (KHTML, like Gecko) Version/13.0.3 Mobile/15E148 Safari/604.1"
222.79.103.59 - - [29/Jun/2025:02:03:06 -0400] "GET /RICH/ HTTP/1.0" 200 64636 "http://www.richinc.org" "Mozilla/5.0 (iPhone; CPU iPhone OS 13_2_3 like Mac OS X) AppleWebKit/605.1.15 (KHTML, like Gecko) Version/13.0.3 Mobile/15E148 Safari/604.1"
223.109.252.154 - - [29/Jun/2025:02:53:55 -0400] "GET / HTTP/1.0" 302 213 "-" "Sogou web spider/4.0(+http://www.sogou.com/docs/help/webmasters.htm#07)"
223.109.252.154 - - [29/Jun/2025:02:53:57 -0400] "GET /RICH/ HTTP/1.0" 200 64636 "-" "Sogou web spider/4.0(+http://www.sogou.com/docs/help/webmasters.htm#07)"
223.109.252.235 - - [29/Jun/2025:03:04:17 -0400] "GET / HTTP/1.0" 302 213 "-" "Sogou web spider/4.0(+http://www.sogou.com/docs/help/webmasters.htm#07)"
223.109.252.235 - - [29/Jun/2025:03:04:18 -0400] "GET /RICH/ HTTP/1.0" 200 64636 "-" "Sogou web spider/4.0(+http://www.sogou.com/docs/help/webmasters.htm#07)"
111.225.148.207 - - [29/Jun/2025:03:24:44 -0400] "GET /robots.txt HTTP/1.0" 302 223 "-" "Mozilla/5.0 (Linux; Android 5.0) AppleWebKit/537.36 (KHTML, like Gecko) Mobile Safari/537.36 (compatible; Bytespider; https://zhanzhang.toutiao.com/)"
111.225.148.192 - - [29/Jun/2025:03:24:45 -0400] "GET /RICH/robots.txt HTTP/1.0" 404 575 "-" "Mozilla/5.0 (Linux; Android 5.0) AppleWebKit/537.36 (KHTML, like Gecko) Mobile Safari/537.36 (compatible; Bytespider; https://zhanzhang.toutiao.com/)"
35.217.51.198 - - [29/Jun/2025:03:35:16 -0400] "GET / HTTP/1.0" 302 213 "-" "Mozilla/5.0 (Windows NT 10.0; Win64; x64) AppleWebKit/537.36 (KHTML, like Gecko; compatible; BW/1.3; rb.gy/qyzae5) Chrome/124.0.0.0 Safari/537.36"
35.217.51.198 - - [29/Jun/2025:03:35:18 -0400] "GET /RICH/ HTTP/1.0" 200 64636 "-" "Mozilla/5.0 (Windows NT 10.0; Win64; x64) AppleWebKit/537.36 (KHTML, like Gecko; compatible; BW/1.3; rb.gy/qyzae5) Chrome/124.0.0.0 Safari/537.36"
35.217.51.198 - - [29/Jun/2025:03:35:20 -0400] "GET /robots.txt HTTP/1.0" 302 223 "-" "Mozilla/5.0 (Windows NT 10.0; Win64; x64) AppleWebKit/537.36 (KHTML, like Gecko; compatible; BW/1.3; rb.gy/qyzae5) Chrome/124.0.0.0 Safari/537.36"
35.217.51.198 - - [29/Jun/2025:03:35:21 -0400] "GET /RICH/robots.txt HTTP/1.0" 404 575 "-" "Mozilla/5.0 (Windows NT 10.0; Win64; x64) AppleWebKit/537.36 (KHTML, like Gecko; compatible; BW/1.3; rb.gy/qyzae5) Chrome/124.0.0.0 Safari/537.36"
35.217.51.198 - - [29/Jun/2025:03:35:22 -0400] "GET /projectsnack.html HTTP/1.0" 302 230 "-" "Mozilla/5.0 (Windows NT 10.0; Win64; x64) AppleWebKit/537.36 (KHTML, like Gecko; compatible; BW/1.3; rb.gy/qyzae5) Chrome/124.0.0.0 Safari/537.36"
35.217.51.198 - - [29/Jun/2025:03:35:22 -0400] "GET /RICH/rich_new_vision/rich_new_vision.html HTTP/1.0" 200 13663 "-" "Mozilla/5.0 (Windows NT 10.0; Win64; x64) AppleWebKit/537.36 (KHTML, like Gecko; compatible; BW/1.3; rb.gy/qyzae5) Chrome/124.0.0.0 Safari/537.36"
35.217.51.198 - - [29/Jun/2025:03:35:23 -0400] "GET /RICH/projectsnack.html HTTP/1.0" 200 21626 "-" "Mozilla/5.0 (Windows NT 10.0; Win64; x64) AppleWebKit/537.36 (KHTML, like Gecko; compatible; BW/1.3; rb.gy/qyzae5) Chrome/124.0.0.0 Safari/537.36"
35.217.51.198 - - [29/Jun/2025:03:35:23 -0400] "GET /js/jquery-3.3.1.min.js HTTP/1.0" 403 261 "-" "Mozilla/5.0 (Windows NT 10.0; Win64; x64) AppleWebKit/537.36 (KHTML, like Gecko; compatible; BW/1.3; rb.gy/qyzae5) Chrome/124.0.0.0 Safari/537.36"
35.217.51.198 - - [29/Jun/2025:03:35:23 -0400] "GET /cdn-cgi/scripts/5c5dd728/cloudflare-static/email-decode.min.js HTTP/1.0" 302 275 "-" "Mozilla/5.0 (Windows NT 10.0; Win64; x64) AppleWebKit/537.36 (KHTML, like Gecko; compatible; BW/1.3; rb.gy/qyzae5) Chrome/124.0.0.0 Safari/537.36"
35.217.51.198 - - [29/Jun/2025:03:35:23 -0400] "GET /js/jquery-migrate-3.0.1.min.js HTTP/1.0" 403 261 "-" "Mozilla/5.0 (Windows NT 10.0; Win64; x64) AppleWebKit/537.36 (KHTML, like Gecko; compatible; BW/1.3; rb.gy/qyzae5) Chrome/124.0.0.0 Safari/537.36"
35.217.51.198 - - [29/Jun/2025:03:35:24 -0400] "GET /RICH/cdn-cgi/scripts/5c5dd728/cloudflare-static/email-decode.min.js HTTP/1.0" 404 575 "-" "Mozilla/5.0 (Windows NT 10.0; Win64; x64) AppleWebKit/537.36 (KHTML, like Gecko; compatible; BW/1.3; rb.gy/qyzae5) Chrome/124.0.0.0 Safari/537.36"
35.217.51.198 - - [29/Jun/2025:03:35:24 -0400] "GET /js/jquery.countdown.min.js HTTP/1.0" 403 261 "-" "Mozilla/5.0 (Windows NT 10.0; Win64; x64) AppleWebKit/537.36 (KHTML, like Gecko; compatible; BW/1.3; rb.gy/qyzae5) Chrome/124.0.0.0 Safari/537.36"
35.217.51.198 - - [29/Jun/2025:03:35:24 -0400] "GET /js/jquery.stellar.min.js HTTP/1.0" 403 261 "-" "Mozilla/5.0 (Windows NT 10.0; Win64; x64) AppleWebKit/537.36 (KHTML, like Gecko; compatible; BW/1.3; rb.gy/qyzae5) Chrome/124.0.0.0 Safari/537.36"
35.217.51.198 - - [29/Jun/2025:03:35:24 -0400] "GET /js/owl.carousel.min.js HTTP/1.0" 403 261 "-" "Mozilla/5.0 (Windows NT 10.0; Win64; x64) AppleWebKit/537.36 (KHTML, like Gecko; compatible; BW/1.3; rb.gy/qyzae5) Chrome/124.0.0.0 Safari/537.36"
35.217.51.198 - - [29/Jun/2025:03:35:25 -0400] "GET /ads.txt HTTP/1.0" 302 220 "-" "Mozilla/5.0 (Windows NT 10.0; Win64; x64) AppleWebKit/537.36 (KHTML, like Gecko; compatible; BW/1.3; rb.gy/qyzae5) Chrome/124.0.0.0 Safari/537.36"
35.217.51.198 - - [29/Jun/2025:03:35:25 -0400] "GET /RICH/ads.txt HTTP/1.0" 404 575 "-" "Mozilla/5.0 (Windows NT 10.0; Win64; x64) AppleWebKit/537.36 (KHTML, like Gecko; compatible; BW/1.3; rb.gy/qyzae5) Chrome/124.0.0.0 Safari/537.36"
35.217.51.198 - - [29/Jun/2025:03:35:26 -0400] "GET /llms.txt HTTP/1.0" 302 221 "-" "Mozilla/5.0 (Windows NT 10.0; Win64; x64) AppleWebKit/537.36 (KHTML, like Gecko; compatible; BW/1.3; rb.gy/qyzae5) Chrome/124.0.0.0 Safari/537.36"
23.105.151.159 - - [29/Jun/2025:03:41:08 -0400] "GET / HTTP/1.0" 302 213 "-" "Mozilla/5.0 (Macintosh; Intel Mac OS X 10_15_7) AppleWebKit/537.36 (KHTML, like Gecko) Chrome/131.0.0.0 Safari/537.36"
23.105.151.159 - - [29/Jun/2025:03:41:09 -0400] "GET /RICH/ HTTP/1.0" 200 64636 "https://richinc.org" "Mozilla/5.0 (Macintosh; Intel Mac OS X 10_15_7) AppleWebKit/537.36 (KHTML, like Gecko) Chrome/131.0.0.0 Safari/537.36"
77.75.76.164 - - [29/Jun/2025:04:13:44 -0400] "GET /robots.txt HTTP/1.0" 302 223 "-" "Mozilla/5.0 (compatible; SeznamBot/4.0; +https://o-seznam.cz/napoveda/vyhledavani/en/seznambot-crawler/)"
77.75.76.164 - - [29/Jun/2025:04:13:45 -0400] "GET /RICH/snackimages/4.jpeg HTTP/1.0" 200 22483 "-" "Mozilla/5.0 (compatible; SeznamBot/4.0; +https://o-seznam.cz/napoveda/vyhledavani/en/seznambot-crawler/)"
203.33.203.148 - - [29/Jun/2025:05:11:19 -0400] "GET / HTTP/1.0" 302 213 "-" "Mozilla/5.0 (iPhone; CPU iPhone OS 13_2_3 like Mac OS X) AppleWebKit/605.1.15 (KHTML, like Gecko) Version/13.0.3 Mobile/15E148 Safari/604.1"
203.33.203.148 - - [29/Jun/2025:05:11:20 -0400] "GET /RICH/ HTTP/1.0" 200 64636 "http://richinc.org" "Mozilla/5.0 (iPhone; CPU iPhone OS 13_2_3 like Mac OS X) AppleWebKit/605.1.15 (KHTML, like Gecko) Version/13.0.3 Mobile/15E148 Safari/604.1"
40.116.73.216 - - [29/Jun/2025:05:19:26 -0400] "GET /RICH/board-directors.html HTTP/1.0" 200 18594 "-" "Mozilla/5.0 AppleWebKit/537.36 (KHTML, like Gecko); compatible; ChatGPT-User/1.0; +https://openai.com/bot"
104.210.140.134 - - [29/Jun/2025:05:20:48 -0400] "GET /robots.txt HTTP/1.0" 302 223 "-" "Mozilla/5.0 (Macintosh; Intel Mac OS X 10_15_7) AppleWebKit/537.36 (KHTML, like Gecko) Chrome/131.0.0.0 Safari/537.36; compatible; OAI-SearchBot/1.0; +https://openai.com/searchbot"
104.210.140.134 - - [29/Jun/2025:05:20:48 -0400] "GET /RICH/robots.txt HTTP/1.0" 404 575 "-" "Mozilla/5.0 (Macintosh; Intel Mac OS X 10_15_7) AppleWebKit/537.36 (KHTML, like Gecko) Chrome/131.0.0.0 Safari/537.36; compatible; OAI-SearchBot/1.0; +https://openai.com/searchbot"
4.227.36.33 - - [29/Jun/2025:05:20:49 -0400] "GET /robots.txt HTTP/1.0" 302 223 "-" "Mozilla/5.0 AppleWebKit/537.36 (KHTML, like Gecko; compatible; GPTBot/1.2; +https://openai.com/gptbot)"
4.227.36.33 - - [29/Jun/2025:05:20:49 -0400] "GET /RICH/robots.txt HTTP/1.0" 404 575 "https://www.richinc.org/robots.txt" "Mozilla/5.0 AppleWebKit/537.36 (KHTML, like Gecko; compatible; GPTBot/1.2; +https://openai.com/gptbot)"
172.182.213.201 - - [29/Jun/2025:05:20:50 -0400] "GET /RICH/board-directors.html HTTP/1.0" 200 18594 "-" "Mozilla/5.0 (Macintosh; Intel Mac OS X 10_15_7) AppleWebKit/537.36 (KHTML, like Gecko) Chrome/131.0.0.0 Safari/537.36; compatible; OAI-SearchBot/1.0; +https://openai.com/searchbot"
20.171.207.55 - - [29/Jun/2025:05:20:51 -0400] "GET /RICH/HELPING.html HTTP/1.0" 200 8735 "-" "Mozilla/5.0 AppleWebKit/537.36 (KHTML, like Gecko; compatible; GPTBot/1.2; +https://openai.com/gptbot)"
20.171.207.55 - - [29/Jun/2025:05:20:54 -0400] "GET /RICH/HelpingUrbanKidsOnline/css/bootstrap.min.css HTTP/1.0" 200 121200 "-" "Mozilla/5.0 AppleWebKit/537.36 (KHTML, like Gecko; compatible; GPTBot/1.2; +https://openai.com/gptbot)"
20.171.207.55 - - [29/Jun/2025:05:20:57 -0400] "GET /RICH/HelpingUrbanKidsOnline/css/style.css HTTP/1.0" 200 55590 "-" "Mozilla/5.0 AppleWebKit/537.36 (KHTML, like Gecko; compatible; GPTBot/1.2; +https://openai.com/gptbot)"
20.171.207.55 - - [29/Jun/2025:05:20:59 -0400] "GET /RICH/HelpingUrbanKidsOnline/css/font-awesome.min.css HTTP/1.0" 200 29062 "-" "Mozilla/5.0 AppleWebKit/537.36 (KHTML, like Gecko; compatible; GPTBot/1.2; +https://openai.com/gptbot)"
20.171.207.55 - - [29/Jun/2025:05:21:01 -0400] "GET /RICH/HelpingUrbanKidsOnline/fonts/glyphicons-halflings-regular.eot HTTP/1.0" 200 20127 "-" "Mozilla/5.0 AppleWebKit/537.36 (KHTML, like Gecko; compatible; GPTBot/1.2; +https://openai.com/gptbot)"
20.171.207.55 - - [29/Jun/2025:05:21:03 -0400] "GET /RICH/HelpingUrbanKidsOnline/fonts/glyphicons-halflings-regular.ttf HTTP/1.0" 200 45404 "-" "Mozilla/5.0 AppleWebKit/537.36 (KHTML, like Gecko; compatible; GPTBot/1.2; +https://openai.com/gptbot)"
20.171.207.55 - - [29/Jun/2025:05:21:05 -0400] "GET /RICH/HelpingUrbanKidsOnline/fonts/glyphicons-halflings-regular.woff HTTP/1.0" 200 23424 "-" "Mozilla/5.0 AppleWebKit/537.36 (KHTML, like Gecko; compatible; GPTBot/1.2; +https://openai.com/gptbot)"
20.171.207.55 - - [29/Jun/2025:05:21:07 -0400] "GET /RICH/HelpingUrbanKidsOnline/fonts/glyphicons-halflings-regular.woff2 HTTP/1.0" 200 18028 "-" "Mozilla/5.0 AppleWebKit/537.36 (KHTML, like Gecko; compatible; GPTBot/1.2; +https://openai.com/gptbot)"
20.171.207.55 - - [29/Jun/2025:05:21:08 -0400] "GET /RICH/HelpingUrbanKidsOnline/fonts/glyphicons-halflings-regular.svg HTTP/1.0" 200 108738 "-" "Mozilla/5.0 AppleWebKit/537.36 (KHTML, like Gecko; compatible; GPTBot/1.2; +https://openai.com/gptbot)"
20.171.207.55 - - [29/Jun/2025:05:21:10 -0400] "GET /RICH/HelpingUrbanKidsOnline/fonts/fontawesome-webfont.eot?v=4.6.3 HTTP/1.0" 200 76518 "-" "Mozilla/5.0 AppleWebKit/537.36 (KHTML, like Gecko; compatible; GPTBot/1.2; +https://openai.com/gptbot)"
104.210.140.139 - - [29/Jun/2025:05:21:10 -0400] "GET /RICH/robots.txt HTTP/1.0" 404 575 "-" "Mozilla/5.0 (Macintosh; Intel Mac OS X 10_15_7) AppleWebKit/537.36 (KHTML, like Gecko) Chrome/131.0.0.0 Safari/537.36; compatible; OAI-SearchBot/1.0; +https://openai.com/searchbot"
20.171.207.55 - - [29/Jun/2025:05:21:11 -0400] "GET /RICH/HelpingUrbanKidsOnline/fonts/fontawesome-webfont.woff?v=4.6.3 HTTP/1.0" 200 90412 "-" "Mozilla/5.0 AppleWebKit/537.36 (KHTML, like Gecko; compatible; GPTBot/1.2; +https://openai.com/gptbot)"
20.171.207.55 - - [29/Jun/2025:05:21:12 -0400] "GET /RICH/HelpingUrbanKidsOnline/fonts/fontawesome-webfont.svg?v=4.6.3 HTTP/1.0" 200 391622 "-" "Mozilla/5.0 AppleWebKit/537.36 (KHTML, like Gecko; compatible; GPTBot/1.2; +https://openai.com/gptbot)"
20.171.207.55 - - [29/Jun/2025:05:21:13 -0400] "GET /RICH/HelpingUrbanKidsOnline/fonts/fontawesome-webfont.eot HTTP/1.0" 200 76518 "-" "Mozilla/5.0 AppleWebKit/537.36 (KHTML, like Gecko; compatible; GPTBot/1.2; +https://openai.com/gptbot)"
20.171.207.55 - - [29/Jun/2025:05:21:14 -0400] "GET /RICH/HelpingUrbanKidsOnline/fonts/fontawesome-webfont.woff2?v=4.6.3 HTTP/1.0" 200 71896 "-" "Mozilla/5.0 AppleWebKit/537.36 (KHTML, like Gecko; compatible; GPTBot/1.2; +https://openai.com/gptbot)"
20.171.207.55 - - [29/Jun/2025:05:21:16 -0400] "GET /RICH/HelpingUrbanKidsOnline/fonts/fontawesome-webfont.ttf?v=4.6.3 HTTP/1.0" 200 152796 "-" "Mozilla/5.0 AppleWebKit/537.36 (KHTML, like Gecko; compatible; GPTBot/1.2; +https://openai.com/gptbot)"
182.253.50.22 - - [29/Jun/2025:05:46:54 -0400] "GET /staging/wp-login.php HTTP/1.0" 403 261 "-" "Mozilla/5.0 (X11; Linux x86_64; rv:121.0) Gecko/20100101 Firefox/121.0"
182.253.50.22 - - [29/Jun/2025:05:46:54 -0400] "POST /staging/wp-login.php HTTP/1.0" 403 199 "-" "Mozilla/5.0 (X11; Linux x86_64; rv:121.0) Gecko/20100101 Firefox/121.0"
182.253.50.22 - - [29/Jun/2025:05:46:55 -0400] "POST /staging/wp-login.php HTTP/1.0" 403 199 "-" "Mozilla/5.0 (X11; Linux x86_64; rv:121.0) Gecko/20100101 Firefox/121.0"
77.75.76.164 - - [29/Jun/2025:05:49:11 -0400] "GET /robots.txt HTTP/1.0" 302 223 "-" "Mozilla/5.0 (compatible; SeznamBot/4.0; +https://o-seznam.cz/napoveda/vyhledavani/en/seznambot-crawler/)"
77.75.76.164 - - [29/Jun/2025:05:49:11 -0400] "GET /snackimages/24.jpg HTTP/1.0" 302 231 "-" "Mozilla/5.0 (compatible; SeznamBot/4.0; +https://o-seznam.cz/napoveda/vyhledavani/en/seznambot-crawler/)"
178.162.242.200 - - [29/Jun/2025:05:57:43 -0400] "POST / HTTP/1.0" 302 213 "-" "Mozilla/5.0 (Windows NT 10.0; Win64; x64) AppleWebKit/537.36 (KHTML, like Gecko) Chrome/104.0.0.0 Safari/537.36"
5.133.192.135 - - [29/Jun/2025:06:03:04 -0400] "GET / HTTP/1.0" 302 213 "-" "Mozilla/5.0 (Windows NT 10.0; Win64; x64) AppleWebKit/537.36 (KHTML, like Gecko) Chrome/105.0.0.0 Safari/537.36"
5.133.192.135 - - [29/Jun/2025:06:03:06 -0400] "GET /RICH/ HTTP/1.0" 200 64636 "-" "Mozilla/5.0 (Windows NT 10.0; Win64; x64) AppleWebKit/537.36 (KHTML, like Gecko) Chrome/105.0.0.0 Safari/537.36"
5.133.192.135 - - [29/Jun/2025:06:03:07 -0400] "GET /images/favicon.ico HTTP/1.0" 403 261 "-" "Mozilla/5.0 (Windows NT 10.0; Win64; x64) AppleWebKit/537.36 (KHTML, like Gecko) Chrome/105.0.0.0 Safari/537.36"
223.109.252.141 - - [29/Jun/2025:06:19:11 -0400] "GET / HTTP/1.0" 302 213 "-" "Sogou web spider/4.0(+http://www.sogou.com/docs/help/webmasters.htm#07)"
223.109.252.141 - - [29/Jun/2025:06:19:13 -0400] "GET /RICH/ HTTP/1.0" 200 64636 "-" "Sogou web spider/4.0(+http://www.sogou.com/docs/help/webmasters.htm#07)"
223.109.252.218 - - [29/Jun/2025:06:43:41 -0400] "GET / HTTP/1.0" 302 213 "-" "Sogou web spider/4.0(+http://www.sogou.com/docs/help/webmasters.htm#07)"
223.109.252.218 - - [29/Jun/2025:06:43:42 -0400] "GET /RICH/ HTTP/1.0" 200 64636 "-" "Sogou web spider/4.0(+http://www.sogou.com/docs/help/webmasters.htm#07)"
40.77.167.77 - - [29/Jun/2025:07:13:52 -0400] "GET /graduate-testimonials.html HTTP/1.0" 302 239 "-" "Mozilla/5.0 AppleWebKit/537.36 (KHTML, like Gecko; compatible; bingbot/2.0; +http://www.bing.com/bingbot.htm) Chrome/116.0.1938.76 Safari/537.36"
40.77.167.77 - - [29/Jun/2025:07:13:53 -0400] "GET /RICH/graduate-testimonials.html HTTP/1.0" 200 30995 "-" "Mozilla/5.0 AppleWebKit/537.36 (KHTML, like Gecko; compatible; bingbot/2.0; +http://www.bing.com/bingbot.htm) Chrome/116.0.1938.76 Safari/537.36"
66.249.64.170 - - [29/Jun/2025:07:14:56 -0400] "GET /robots.txt HTTP/1.0" 302 223 "-" "Mozilla/5.0 (compatible; Googlebot/2.1; +http://www.google.com/bot.html)"
66.249.70.161 - - [29/Jun/2025:07:14:56 -0400] "GET /RICH/robots.txt HTTP/1.0" 404 575 "-" "Mozilla/5.0 (compatible; Googlebot/2.1; +http://www.google.com/bot.html)"
66.249.70.161 - - [29/Jun/2025:07:15:17 -0400] "GET /ads.txt HTTP/1.0" 302 220 "-" "Mozilla/5.0 (compatible; Googlebot/2.1; +http://www.google.com/bot.html)"
66.249.64.170 - - [29/Jun/2025:07:15:32 -0400] "GET /ads.txt HTTP/1.0" 302 220 "-" "Mozilla/5.0 (compatible; Googlebot/2.1; +http://www.google.com/bot.html)"
66.249.70.160 - - [29/Jun/2025:07:15:35 -0400] "GET /RICH/ads.txt HTTP/1.0" 404 575 "-" "Mozilla/5.0 (compatible; Googlebot/2.1; +http://www.google.com/bot.html)"
66.249.70.161 - - [29/Jun/2025:07:15:36 -0400] "GET /RICH/ads.txt HTTP/1.0" 404 575 "-" "Mozilla/5.0 (compatible; Googlebot/2.1; +http://www.google.com/bot.html)"
111.225.148.7 - - [29/Jun/2025:07:43:40 -0400] "GET /robots.txt HTTP/1.0" 302 223 "-" "Mozilla/5.0 (Linux; Android 5.0) AppleWebKit/537.36 (KHTML, like Gecko) Mobile Safari/537.36 (compatible; Bytespider; https://zhanzhang.toutiao.com/)"
111.225.148.2 - - [29/Jun/2025:07:43:42 -0400] "GET /RICH/robots.txt HTTP/1.0" 404 575 "-" "Mozilla/5.0 (Linux; Android 5.0) AppleWebKit/537.36 (KHTML, like Gecko) Mobile Safari/537.36 (compatible; Bytespider; https://zhanzhang.toutiao.com/)"
110.249.201.142 - - [29/Jun/2025:07:43:43 -0400] "GET /robots.txt HTTP/1.0" 302 223 "-" "Mozilla/5.0 (Linux; Android 5.0) AppleWebKit/537.36 (KHTML, like Gecko) Mobile Safari/537.36 (compatible; Bytespider; https://zhanzhang.toutiao.com/)"
110.249.201.139 - - [29/Jun/2025:07:43:50 -0400] "GET /RICH/robots.txt HTTP/1.0" 404 575 "-" "Mozilla/5.0 (Linux; Android 5.0) AppleWebKit/537.36 (KHTML, like Gecko) Mobile Safari/537.36 (compatible; Bytespider; https://zhanzhang.toutiao.com/)"
162.14.210.15 - - [29/Jun/2025:08:12:30 -0400] "GET / HTTP/1.0" 302 213 "-" "Mozilla/5.0 (iPhone; CPU iPhone OS 13_2_3 like Mac OS X) AppleWebKit/605.1.15 (KHTML, like Gecko) Version/13.0.3 Mobile/15E148 Safari/604.1"
162.14.210.15 - - [29/Jun/2025:08:12:31 -0400] "GET /RICH/ HTTP/1.0" 200 64636 "http://www.richinc.org" "Mozilla/5.0 (iPhone; CPU iPhone OS 13_2_3 like Mac OS X) AppleWebKit/605.1.15 (KHTML, like Gecko) Version/13.0.3 Mobile/15E148 Safari/604.1"
43.159.135.203 - - [29/Jun/2025:08:12:45 -0400] "GET / HTTP/1.0" 302 213 "-" "Mozilla/5.0 (iPhone; CPU iPhone OS 13_2_3 like Mac OS X) AppleWebKit/605.1.15 (KHTML, like Gecko) Version/13.0.3 Mobile/15E148 Safari/604.1"
43.159.135.203 - - [29/Jun/2025:08:12:47 -0400] "GET /RICH/ HTTP/1.0" 200 64636 "http://richinc.org" "Mozilla/5.0 (iPhone; CPU iPhone OS 13_2_3 like Mac OS X) AppleWebKit/605.1.15 (KHTML, like Gecko) Version/13.0.3 Mobile/15E148 Safari/604.1"
34.73.83.5 - - [29/Jun/2025:08:25:42 -0400] "GET /robots.txt HTTP/1.0" 302 223 "-" "ZoominfoBot (zoominfobot at zoominfo dot com)"
34.73.83.5 - - [29/Jun/2025:08:25:42 -0400] "GET /RICH/robots.txt HTTP/1.0" 404 575 "-" "ZoominfoBot (zoominfobot at zoominfo dot com)"
34.73.83.5 - - [29/Jun/2025:08:25:42 -0400] "GET /RICH/parents-investment-alliance.html HTTP/1.0" 200 15701 "-" "ZoominfoBot (zoominfobot at zoominfo dot com)"
43.159.132.207 - - [29/Jun/2025:08:36:50 -0400] "GET /RICH/privacy-policy.html HTTP/1.0" 200 17938 "-" "Mozilla/5.0 (iPhone; CPU iPhone OS 13_2_3 like Mac OS X) AppleWebKit/605.1.15 (KHTML, like Gecko) Version/13.0.3 Mobile/15E148 Safari/604.1"
34.73.83.5 - - [29/Jun/2025:08:41:53 -0400] "GET /RICH/mission.html HTTP/1.0" 200 24725 "-" "ZoominfoBot (zoominfobot at zoominfo dot com)"
34.73.83.5 - - [29/Jun/2025:08:48:02 -0400] "GET /RICH/interns.html HTTP/1.0" 200 50778 "-" "ZoominfoBot (zoominfobot at zoominfo dot com)"
77.75.76.164 - - [29/Jun/2025:09:00:02 -0400] "GET /robots.txt HTTP/1.0" 302 223 "-" "Mozilla/5.0 (compatible; SeznamBot/4.0; +https://o-seznam.cz/napoveda/vyhledavani/en/seznambot-crawler/)"
77.75.76.164 - - [29/Jun/2025:09:00:02 -0400] "GET /snackimages/37.jpg HTTP/1.0" 302 231 "-" "Mozilla/5.0 (compatible; SeznamBot/4.0; +https://o-seznam.cz/napoveda/vyhledavani/en/seznambot-crawler/)"
34.73.83.5 - - [29/Jun/2025:09:13:36 -0400] "GET /RICH/index.html HTTP/1.0" 200 64636 "-" "ZoominfoBot (zoominfobot at zoominfo dot com)"
66.249.64.174 - - [29/Jun/2025:09:15:20 -0400] "GET /ads.txt HTTP/1.0" 302 220 "-" "Mozilla/5.0 (compatible; Googlebot/2.1; +http://www.google.com/bot.html)"
34.73.83.5 - - [29/Jun/2025:09:16:03 -0400] "GET /RICH/campaign1.html HTTP/1.0" 200 43533 "-" "ZoominfoBot (zoominfobot at zoominfo dot com)"
34.73.83.5 - - [29/Jun/2025:09:21:08 -0400] "GET /RICH/reach-for-success.html HTTP/1.0" 200 16645 "-" "ZoominfoBot (zoominfobot at zoominfo dot com)"
34.73.83.5 - - [29/Jun/2025:09:25:50 -0400] "GET /RICH/privacy-policy.html HTTP/1.0" 200 17938 "-" "ZoominfoBot (zoominfobot at zoominfo dot com)"
66.249.70.163 - - [29/Jun/2025:09:46:03 -0400] "GET /robots.txt HTTP/1.0" 302 223 "-" "Mozilla/5.0 (compatible; Googlebot/2.1; +http://www.google.com/bot.html)"
66.249.70.161 - - [29/Jun/2025:09:46:04 -0400] "GET /RICH/robots.txt HTTP/1.0" 404 575 "-" "Mozilla/5.0 (compatible; Googlebot/2.1; +http://www.google.com/bot.html)"
66.249.70.163 - - [29/Jun/2025:09:46:16 -0400] "GET /ads.txt HTTP/1.0" 302 220 "-" "Mozilla/5.0 (compatible; Googlebot/2.1; +http://www.google.com/bot.html)"
66.249.70.160 - - [29/Jun/2025:09:46:17 -0400] "GET /robots.txt HTTP/1.0" 302 223 "-" "Mozilla/5.0 (compatible; Googlebot/2.1; +http://www.google.com/bot.html)"
34.73.83.5 - - [29/Jun/2025:09:56:20 -0400] "GET /RICH/gsuite-classroom.html HTTP/1.0" 200 12627 "-" "ZoominfoBot (zoominfobot at zoominfo dot com)"
34.73.83.5 - - [29/Jun/2025:09:58:47 -0400] "GET /RICH/sdlp.html HTTP/1.0" 200 19699 "-" "ZoominfoBot (zoominfobot at zoominfo dot com)"
52.167.144.216 - - [29/Jun/2025:10:00:56 -0400] "GET /RICH/images/playButton.png HTTP/1.0" 200 327681 "-" "Mozilla/5.0 AppleWebKit/537.36 (KHTML, like Gecko; compatible; bingbot/2.0; +http://www.bing.com/bingbot.htm) Chrome/116.0.1938.76 Safari/537.36"
104.210.140.133 - - [29/Jun/2025:10:05:30 -0400] "GET /robots.txt HTTP/1.0" 302 223 "-" "Mozilla/5.0 (Macintosh; Intel Mac OS X 10_15_7) AppleWebKit/537.36 (KHTML, like Gecko) Chrome/131.0.0.0 Safari/537.36; compatible; OAI-SearchBot/1.0; +https://openai.com/searchbot"
104.210.140.141 - - [29/Jun/2025:10:05:32 -0400] "GET /RICH/robots.txt HTTP/1.0" 404 575 "-" "Mozilla/5.0 (Macintosh; Intel Mac OS X 10_15_7) AppleWebKit/537.36 (KHTML, like Gecko) Chrome/131.0.0.0 Safari/537.36; compatible; OAI-SearchBot/1.0; +https://openai.com/searchbot"
104.210.140.128 - - [29/Jun/2025:10:05:32 -0400] "GET /RICH/robots.txt HTTP/1.0" 404 575 "-" "Mozilla/5.0 (Macintosh; Intel Mac OS X 10_15_7) AppleWebKit/537.36 (KHTML, like Gecko) Chrome/131.0.0.0 Safari/537.36; compatible; OAI-SearchBot/1.0; +https://openai.com/searchbot"
34.73.83.5 - - [29/Jun/2025:10:08:40 -0400] "GET /RICH/overview.html HTTP/1.0" 200 14245 "-" "ZoominfoBot (zoominfobot at zoominfo dot com)"
34.73.83.5 - - [29/Jun/2025:10:14:21 -0400] "GET /RICH/podcasts.html HTTP/1.0" 200 40530 "-" "ZoominfoBot (zoominfobot at zoominfo dot com)"
34.73.83.5 - - [29/Jun/2025:10:14:31 -0400] "GET /RICH/graduate-testimonials.html HTTP/1.0" 200 30995 "-" "ZoominfoBot (zoominfobot at zoominfo dot com)"
149.102.254.20 - - [29/Jun/2025:10:20:17 -0400] "GET /RICH/contact-us.html HTTP/1.0" 200 19647 "-" "Mozilla/5.0 (Macintosh; Intel Mac OS X 12_5) AppleWebKit/605.1.15 (KHTML, like Gecko) Version/15.4 Safari/605.1.15"
34.73.83.5 - - [29/Jun/2025:10:23:15 -0400] "GET /RICH/board-directors.html HTTP/1.0" 200 18594 "-" "ZoominfoBot (zoominfobot at zoominfo dot com)"
34.73.83.5 - - [29/Jun/2025:10:27:45 -0400] "GET /RICH/rich-spaceship-game.html HTTP/1.0" 200 30631931 "-" "ZoominfoBot (zoominfobot at zoominfo dot com)"
34.73.83.5 - - [29/Jun/2025:10:34:41 -0400] "GET /RICH/first-graduates.html HTTP/1.0" 200 19656 "-" "ZoominfoBot (zoominfobot at zoominfo dot com)"
95.168.190.197 - - [29/Jun/2025:10:40:08 -0400] "GET /robots.txt HTTP/1.0" 302 223 "-" "Mozilla/5.0 (compatible; ORT/v1.0.0; visit ORTc.me )"
34.138.54.118 - - [29/Jun/2025:10:47:52 -0400] "GET /robots.txt HTTP/1.0" 302 223 "-" "ZoominfoBot (zoominfobot at zoominfo dot com)"
34.138.54.118 - - [29/Jun/2025:10:47:52 -0400] "GET /RICH/robots.txt HTTP/1.0" 404 575 "-" "ZoominfoBot (zoominfobot at zoominfo dot com)"
34.138.54.118 - - [29/Jun/2025:10:47:52 -0400] "GET /RICH/parents-investment-alliance.html HTTP/1.0" 200 15701 "-" "ZoominfoBot (zoominfobot at zoominfo dot com)"
34.138.54.118 - - [29/Jun/2025:11:06:46 -0400] "GET /RICH/mission.html HTTP/1.0" 200 24725 "-" "ZoominfoBot (zoominfobot at zoominfo dot com)"
66.249.64.172 - - [29/Jun/2025:11:12:12 -0400] "GET / HTTP/1.0" 302 213 "-" "Mozilla/5.0 (compatible; Googlebot/2.1; +http://www.google.com/bot.html)"
66.249.70.160 - - [29/Jun/2025:11:12:14 -0400] "GET /RICH/ HTTP/1.0" 200 64636 "-" "Mozilla/5.0 (compatible; Googlebot/2.1; +http://www.google.com/bot.html)"
34.138.54.118 - - [29/Jun/2025:11:13:53 -0400] "GET /RICH/interns.html HTTP/1.0" 200 50778 "-" "ZoominfoBot (zoominfobot at zoominfo dot com)"
66.249.64.174 - - [29/Jun/2025:11:26:29 -0400] "GET / HTTP/1.0" 302 213 "-" "Mozilla/5.0 (compatible; Googlebot/2.1; +http://www.google.com/bot.html)"
66.249.70.161 - - [29/Jun/2025:11:26:29 -0400] "GET /RICH/ HTTP/1.0" 200 64636 "-" "Mozilla/5.0 (compatible; Googlebot/2.1; +http://www.google.com/bot.html)"
77.75.76.164 - - [29/Jun/2025:11:30:46 -0400] "GET /robots.txt HTTP/1.0" 302 223 "-" "Mozilla/5.0 (compatible; SeznamBot/4.0; +https://o-seznam.cz/napoveda/vyhledavani/en/seznambot-crawler/)"
77.75.76.164 - - [29/Jun/2025:11:30:46 -0400] "GET /RICH/snackimages/4.jpeg HTTP/1.0" 200 22483 "-" "Mozilla/5.0 (compatible; SeznamBot/4.0; +https://o-seznam.cz/napoveda/vyhledavani/en/seznambot-crawler/)"
34.138.54.118 - - [29/Jun/2025:11:44:26 -0400] "GET /RICH/index.html HTTP/1.0" 200 64636 "-" "ZoominfoBot (zoominfobot at zoominfo dot com)"
34.138.54.118 - - [29/Jun/2025:11:47:22 -0400] "GET /RICH/campaign1.html HTTP/1.0" 200 43533 "-" "ZoominfoBot (zoominfobot at zoominfo dot com)"
77.75.76.164 - - [29/Jun/2025:11:48:01 -0400] "GET /robots.txt HTTP/1.0" 302 223 "-" "Mozilla/5.0 (compatible; SeznamBot/4.0; +https://o-seznam.cz/napoveda/vyhledavani/en/seznambot-crawler/)"
77.75.76.164 - - [29/Jun/2025:11:48:01 -0400] "GET /RICH/Account/redirect.html HTTP/1.0" 200 2264 "-" "Mozilla/5.0 (compatible; SeznamBot/4.0; +https://o-seznam.cz/napoveda/vyhledavani/en/seznambot-crawler/)"
35.243.196.66 - - [29/Jun/2025:11:51:01 -0400] "GET /robots.txt HTTP/1.0" 302 223 "-" "ZoominfoBot (zoominfobot at zoominfo dot com)"
35.243.196.66 - - [29/Jun/2025:11:51:01 -0400] "GET /RICH/robots.txt HTTP/1.0" 404 575 "-" "ZoominfoBot (zoominfobot at zoominfo dot com)"
35.243.196.66 - - [29/Jun/2025:11:51:01 -0400] "GET /RICH/parents-investment-alliance.html HTTP/1.0" 200 15701 "-" "ZoominfoBot (zoominfobot at zoominfo dot com)"
35.243.196.66 - - [29/Jun/2025:12:06:11 -0400] "GET /RICH/mission.html HTTP/1.0" 200 24725 "-" "ZoominfoBot (zoominfobot at zoominfo dot com)"
77.75.76.164 - - [29/Jun/2025:12:10:46 -0400] "GET /robots.txt HTTP/1.0" 302 223 "-" "Mozilla/5.0 (compatible; SeznamBot/4.0; +https://o-seznam.cz/napoveda/vyhledavani/en/seznambot-crawler/)"
77.75.76.164 - - [29/Jun/2025:12:10:46 -0400] "GET /RICH/images/rich-image4.jpg HTTP/1.0" 200 112205 "-" "Mozilla/5.0 (compatible; SeznamBot/4.0; +https://o-seznam.cz/napoveda/vyhledavani/en/seznambot-crawler/)"
35.243.196.66 - - [29/Jun/2025:12:11:51 -0400] "GET /RICH/interns.html HTTP/1.0" 200 50778 "-" "ZoominfoBot (zoominfobot at zoominfo dot com)"
66.249.88.2 - - [29/Jun/2025:12:17:23 -0400] "GET /.well-known/traffic-advice HTTP/1.0" 302 239 "-" "Chrome Privacy Preserving Prefetch Proxy"
162.120.186.114 - - [29/Jun/2025:12:17:24 -0400] "GET /RICH/board-directors.html HTTP/1.0" 200 18594 "https://www.google.com/" "Mozilla/5.0 (Windows NT 10.0; Win64; x64) AppleWebKit/537.36 (KHTML, like Gecko) Chrome/137.0.0.0 Safari/537.36"
52.205.141.124 - - [29/Jun/2025:12:24:18 -0400] "GET / HTTP/1.0" 302 213 "-" "Mozilla/5.0 AppleWebKit/537.36 (KHTML, like Gecko; compatible; Amazonbot/0.1; +https://developer.amazon.com/support/amazonbot) Chrome/119.0.6045.214 Safari/537.36"
44.221.37.41 - - [29/Jun/2025:12:24:19 -0400] "GET /robots.txt HTTP/1.0" 302 223 "-" "Mozilla/5.0 AppleWebKit/537.36 (KHTML, like Gecko; compatible; Amazonbot/0.1; +https://developer.amazon.com/support/amazonbot) Chrome/119.0.6045.214 Safari/537.36"
52.205.141.124 - - [29/Jun/2025:12:24:19 -0400] "GET /RICH/robots.txt HTTP/1.0" 404 575 "-" "Mozilla/5.0 AppleWebKit/537.36 (KHTML, like Gecko; compatible; Amazonbot/0.1; +https://developer.amazon.com/support/amazonbot) Chrome/119.0.6045.214 Safari/537.36"
35.243.196.66 - - [29/Jun/2025:12:35:51 -0400] "GET /RICH/index.html HTTP/1.0" 200 64636 "-" "ZoominfoBot (zoominfobot at zoominfo dot com)"
35.243.196.66 - - [29/Jun/2025:12:38:10 -0400] "GET /RICH/campaign1.html HTTP/1.0" 200 43533 "-" "ZoominfoBot (zoominfobot at zoominfo dot com)"
35.243.196.66 - - [29/Jun/2025:12:42:59 -0400] "GET /RICH/reach-for-success.html HTTP/1.0" 200 16645 "-" "ZoominfoBot (zoominfobot at zoominfo dot com)"
87.251.78.138 - - [29/Jun/2025:12:43:15 -0400] "GET / HTTP/1.0" 302 213 "-" "Mozilla/5.0 (Windows NT 10.0; Win64; x64) AppleWebKit/537.36 Chrome/114.0.5735.110 Safari/537.36"
87.251.78.138 - - [29/Jun/2025:12:43:15 -0400] "GET /RICH/ HTTP/1.0" 200 64636 "http://richinc.org" "Mozilla/5.0 (Windows NT 10.0; Win64; x64) AppleWebKit/537.36 Chrome/114.0.5735.110 Safari/537.36"
87.251.78.138 - - [29/Jun/2025:12:43:16 -0400] "GET /js/popper.min.js HTTP/1.0" 403 261 "-" "Mozilla/5.0 (Windows NT 10.0; Win64; x64) AppleWebKit/537.36 Chrome/114.0.5735.110 Safari/537.36"
87.251.78.138 - - [29/Jun/2025:12:43:16 -0400] "GET /js/jquery.stellar.min.js HTTP/1.0" 403 261 "-" "Mozilla/5.0 (Windows NT 10.0; Win64; x64) AppleWebKit/537.36 Chrome/114.0.5735.110 Safari/537.36"
87.251.78.138 - - [29/Jun/2025:12:43:17 -0400] "GET /js/jquery.magnific-popup.min.js HTTP/1.0" 403 261 "-" "Mozilla/5.0 (X11; Linux x86_64) AppleWebKit/537.36 Chrome/113.0.0.0 Safari/537.36"
87.251.78.138 - - [29/Jun/2025:12:43:18 -0400] "GET /js/bootstrap-datepicker.min.js HTTP/1.0" 403 261 "-" "Mozilla/5.0 (Windows NT 10.0; Win64; x64) AppleWebKit/537.36 Chrome/114.0.5735.110 Safari/537.36"
87.251.78.138 - - [29/Jun/2025:12:43:18 -0400] "GET /js/jquery-3.3.1.min.js HTTP/1.0" 403 261 "-" "Mozilla/5.0 (X11; Linux x86_64) AppleWebKit/537.36 Chrome/113.0.0.0 Safari/537.36"
87.251.78.138 - - [29/Jun/2025:12:43:19 -0400] "GET /js/jquery-ui.js HTTP/1.0" 403 261 "-" "Mozilla/5.0 (X11; Linux x86_64) AppleWebKit/537.36 Chrome/113.0.0.0 Safari/537.36"
87.251.78.138 - - [29/Jun/2025:12:43:19 -0400] "GET /js/bootstrap.min.js HTTP/1.0" 403 261 "-" "Mozilla/5.0 (Windows NT 10.0; Win64; x64) AppleWebKit/537.36 Chrome/114.0.5735.110 Safari/537.36"
87.251.78.138 - - [29/Jun/2025:12:43:19 -0400] "GET /cdn-cgi/scripts/5c5dd728/cloudflare-static/email-decode.min.js HTTP/1.0" 302 275 "-" "Mozilla/5.0 (X11; Linux x86_64) AppleWebKit/537.36 Chrome/113.0.0.0 Safari/537.36"
87.251.78.138 - - [29/Jun/2025:12:43:20 -0400] "GET /RICH/cdn-cgi/scripts/5c5dd728/cloudflare-static/email-decode.min.js HTTP/1.0" 404 575 "http://richinc.org/cdn-cgi/scripts/5c5dd728/cloudflare-static/email-decode.min.js" "Mozilla/5.0 (X11; Linux x86_64) AppleWebKit/537.36 Chrome/113.0.0.0 Safari/537.36"
87.251.78.138 - - [29/Jun/2025:12:43:20 -0400] "GET /js/jquery-migrate-3.0.1.min.js HTTP/1.0" 403 261 "-" "Mozilla/5.0 (Macintosh; Intel Mac OS X 10_15_7) AppleWebKit/605.1.15 (KHTML, like Gecko) Version/15.1 Safari/605.1.15"
87.251.78.138 - - [29/Jun/2025:12:43:20 -0400] "GET /js/owl.carousel.min.js HTTP/1.0" 403 261 "-" "Mozilla/5.0 (Macintosh; Intel Mac OS X 10_15_7) AppleWebKit/605.1.15 (KHTML, like Gecko) Version/15.1 Safari/605.1.15"
87.251.78.138 - - [29/Jun/2025:12:43:20 -0400] "GET /js/aos.js HTTP/1.0" 403 261 "-" "Mozilla/5.0 (X11; Linux x86_64) AppleWebKit/537.36 Chrome/113.0.0.0 Safari/537.36"
87.251.78.138 - - [29/Jun/2025:12:43:20 -0400] "GET /js/mediaelement-and-player.min.js HTTP/1.0" 403 261 "-" "Mozilla/5.0 (Windows NT 10.0; Win64; x64) AppleWebKit/537.36 Chrome/114.0.5735.110 Safari/537.36"
87.251.78.138 - - [29/Jun/2025:12:43:21 -0400] "GET /js/main.js HTTP/1.0" 403 261 "-" "Mozilla/5.0 (Macintosh; Intel Mac OS X 10_15_7) AppleWebKit/605.1.15 (KHTML, like Gecko) Version/15.1 Safari/605.1.15"
87.251.78.138 - - [29/Jun/2025:12:43:21 -0400] "GET /js/jquery.countdown.min.js HTTP/1.0" 403 261 "-" "Mozilla/5.0 (Windows NT 10.0; Win64; x64) AppleWebKit/537.36 Chrome/114.0.5735.110 Safari/537.36"
35.243.196.66 - - [29/Jun/2025:12:47:33 -0400] "GET /RICH/privacy-policy.html HTTP/1.0" 200 17938 "-" "ZoominfoBot (zoominfobot at zoominfo dot com)"
66.249.89.234 - - [29/Jun/2025:12:51:11 -0400] "GET / HTTP/1.0" 302 213 "-" "Google-Edu"
74.125.151.161 - - [29/Jun/2025:12:51:14 -0400] "GET /RICH/ HTTP/1.0" 200 64636 "-" "Google-Edu"
74.125.151.162 - - [29/Jun/2025:12:51:18 -0400] "GET /RICH/css/magnific-popup.css HTTP/1.0" 200 6950 "https://www.richinc.org/RICH/" "Google-Edu"
74.125.151.161 - - [29/Jun/2025:12:51:20 -0400] "GET /RICH/3decade.png HTTP/1.0" 200 27730 "https://www.richinc.org/RICH/" "Google-Edu"
74.125.151.161 - - [29/Jun/2025:12:51:23 -0400] "GET /RICH/image7.jpg HTTP/1.0" 200 568744 "https://www.richinc.org/RICH/" "Google-Edu"
74.125.151.160 - - [29/Jun/2025:12:51:27 -0400] "GET /RICH/css/aos.css HTTP/1.0" 200 25983 "https://www.richinc.org/RICH/" "Google-Edu"
74.125.151.160 - - [29/Jun/2025:12:51:28 -0400] "GET /RICH/images/strategies.png HTTP/1.0" 200 22315 "https://www.richinc.org/RICH/" "Google-Edu"
74.125.151.160 - - [29/Jun/2025:12:51:30 -0400] "GET /RICH/images/playButton.png HTTP/1.0" 200 327681 "https://www.richinc.org/RICH/" "Google-Edu"
74.125.151.160 - - [29/Jun/2025:12:51:31 -0400] "GET /RICH/images/considerate.png HTTP/1.0" 200 22730 "https://www.richinc.org/RICH/" "Google-Edu"
74.125.151.160 - - [29/Jun/2025:12:51:32 -0400] "GET /RICH/js/mediaelement-and-player.min.js HTTP/1.0" 200 152469 "https://www.richinc.org/RICH/" "Google-Edu"
74.125.151.160 - - [29/Jun/2025:12:51:34 -0400] "GET /RICH/css/animate.css HTTP/1.0" 200 77748 "https://www.richinc.org/RICH/" "Google-Edu"
74.125.151.160 - - [29/Jun/2025:12:51:36 -0400] "GET /RICH/js/jquery-3.3.1.min.js HTTP/1.0" 200 86926 "https://www.richinc.org/RICH/" "Google-Edu"
74.125.151.160 - - [29/Jun/2025:12:51:45 -0400] "GET /RICH/js/bootstrap-datepicker.min.js HTTP/1.0" 200 34172 "https://www.richinc.org/RICH/" "Google-Edu"
74.125.151.160 - - [29/Jun/2025:12:51:46 -0400] "GET /RICH/images/right-arrow.png HTTP/1.0" 200 2601 "https://www.richinc.org/RICH/" "Google-Edu"
74.125.151.160 - - [29/Jun/2025:12:51:50 -0400] "POST /RICH/php/UsersRICH.php HTTP/1.0" 200 - "https://www.richinc.org/RICH/" "Google-Edu"
66.249.64.173 - - [29/Jun/2025:13:00:32 -0400] "GET / HTTP/1.0" 302 213 "-" "Mozilla/5.0 (compatible; Googlebot/2.1; +http://www.google.com/bot.html)"
66.249.70.162 - - [29/Jun/2025:13:00:38 -0400] "GET /RICH/ HTTP/1.0" 200 64636 "-" "Mozilla/5.0 (compatible; Googlebot/2.1; +http://www.google.com/bot.html)"
17.241.227.236 - - [29/Jun/2025:13:06:00 -0400] "GET /robots.txt HTTP/1.0" 302 223 "-" "Mozilla/5.0 (Macintosh; Intel Mac OS X 10_15_7) AppleWebKit/605.1.15 (KHTML, like Gecko) Version/17.4 Safari/605.1.15 (Applebot/0.1; +http://www.apple.com/go/applebot)"
17.241.227.236 - - [29/Jun/2025:13:06:00 -0400] "GET /RICH/rich_new_vision.html HTTP/1.0" 404 575 "-" "Mozilla/5.0 (Macintosh; Intel Mac OS X 10_15_7) AppleWebKit/605.1.15 (KHTML, like Gecko) Version/17.4 Safari/605.1.15 (Applebot/0.1; +http://www.apple.com/go/applebot)"
35.243.196.66 - - [29/Jun/2025:13:16:26 -0400] "GET /RICH/gsuite-classroom.html HTTP/1.0" 200 12627 "-" "ZoominfoBot (zoominfobot at zoominfo dot com)"
66.249.64.172 - - [29/Jun/2025:13:17:48 -0400] "GET / HTTP/1.0" 302 213 "-" "Mozilla/5.0 (compatible; Googlebot/2.1; +http://www.google.com/bot.html)"
66.249.70.162 - - [29/Jun/2025:13:17:48 -0400] "GET /RICH/ HTTP/1.0" 200 64636 "-" "Mozilla/5.0 (compatible; Googlebot/2.1; +http://www.google.com/bot.html)"
35.243.196.66 - - [29/Jun/2025:13:18:44 -0400] "GET /RICH/sdlp.html HTTP/1.0" 200 19699 "-" "ZoominfoBot (zoominfobot at zoominfo dot com)"
35.243.196.66 - - [29/Jun/2025:13:28:02 -0400] "GET /RICH/overview.html HTTP/1.0" 200 14245 "-" "ZoominfoBot (zoominfobot at zoominfo dot com)"
35.243.196.66 - - [29/Jun/2025:13:33:28 -0400] "GET /RICH/podcasts.html HTTP/1.0" 200 40530 "-" "ZoominfoBot (zoominfobot at zoominfo dot com)"
35.243.196.66 - - [29/Jun/2025:13:33:36 -0400] "GET /RICH/graduate-testimonials.html HTTP/1.0" 200 30995 "-" "ZoominfoBot (zoominfobot at zoominfo dot com)"
35.243.196.66 - - [29/Jun/2025:13:41:49 -0400] "GET /RICH/board-directors.html HTTP/1.0" 200 18594 "-" "ZoominfoBot (zoominfobot at zoominfo dot com)"
35.243.196.66 - - [29/Jun/2025:13:46:06 -0400] "GET /RICH/rich-spaceship-game.html HTTP/1.0" 200 30631931 "-" "ZoominfoBot (zoominfobot at zoominfo dot com)"
3.208.156.9 - - [29/Jun/2025:13:49:11 -0400] "GET /robots.txt HTTP/1.0" 302 223 "-" "Mozilla/5.0 AppleWebKit/537.36 (KHTML, like Gecko; compatible; Amazonbot/0.1; +https://developer.amazon.com/support/amazonbot) Chrome/119.0.6045.214 Safari/537.36"
3.223.134.5 - - [29/Jun/2025:13:49:12 -0400] "GET /RICH/robots.txt HTTP/1.0" 404 575 "-" "Mozilla/5.0 AppleWebKit/537.36 (KHTML, like Gecko; compatible; Amazonbot/0.1; +https://developer.amazon.com/support/amazonbot) Chrome/119.0.6045.214 Safari/537.36"
3.208.156.9 - - [29/Jun/2025:13:49:12 -0400] "GET / HTTP/1.0" 302 213 "-" "Mozilla/5.0 AppleWebKit/537.36 (KHTML, like Gecko; compatible; Amazonbot/0.1; +https://developer.amazon.com/support/amazonbot) Chrome/119.0.6045.214 Safari/537.36"
35.243.196.66 - - [29/Jun/2025:13:52:44 -0400] "GET /RICH/first-graduates.html HTTP/1.0" 200 19656 "-" "ZoominfoBot (zoominfobot at zoominfo dot com)"
35.243.196.66 - - [29/Jun/2025:14:17:04 -0400] "GET /RICH/rich-learning-system.html HTTP/1.0" 200 16095 "-" "ZoominfoBot (zoominfobot at zoominfo dot com)"
110.166.71.39 - - [29/Jun/2025:14:29:40 -0400] "GET / HTTP/1.0" 302 213 "-" "Mozilla/5.0 (iPhone; CPU iPhone OS 13_2_3 like Mac OS X) AppleWebKit/605.1.15 (KHTML, like Gecko) Version/13.0.3 Mobile/15E148 Safari/604.1"
110.166.71.39 - - [29/Jun/2025:14:29:41 -0400] "GET /RICH/ HTTP/1.0" 200 64636 "http://www.richinc.org" "Mozilla/5.0 (iPhone; CPU iPhone OS 13_2_3 like Mac OS X) AppleWebKit/605.1.15 (KHTML, like Gecko) Version/13.0.3 Mobile/15E148 Safari/604.1"
35.243.196.66 - - [29/Jun/2025:14:30:00 -0400] "GET /RICH/projectsnack.html HTTP/1.0" 200 21626 "-" "ZoominfoBot (zoominfobot at zoominfo dot com)"
35.243.196.66 - - [29/Jun/2025:14:30:33 -0400] "GET /RICH/nvlpessay1.html HTTP/1.0" 200 76856 "-" "ZoominfoBot (zoominfobot at zoominfo dot com)"
35.243.196.66 - - [29/Jun/2025:14:48:01 -0400] "GET /RICH/contact-us.html HTTP/1.0" 200 19647 "-" "ZoominfoBot (zoominfobot at zoominfo dot com)"
35.243.196.66 - - [29/Jun/2025:15:00:46 -0400] "GET /RICH/rich_new_vision/rich_new_vision.html HTTP/1.0" 200 13663 "-" "ZoominfoBot (zoominfobot at zoominfo dot com)"
156.146.36.97 - - [29/Jun/2025:15:07:51 -0400] "GET / HTTP/1.0" 302 213 "-" "Mozilla/5.0 (Macintosh; Intel Mac OS X 12_5) AppleWebKit/605.1.15 (KHTML, like Gecko) Version/15.4 Safari/605.1.15"
156.146.36.97 - - [29/Jun/2025:15:07:51 -0400] "GET /RICH/ HTTP/1.0" 200 64636 "https://www.richinc.org" "Mozilla/5.0 (Macintosh; Intel Mac OS X 12_5) AppleWebKit/605.1.15 (KHTML, like Gecko) Version/15.4 Safari/605.1.15"
156.146.36.97 - - [29/Jun/2025:15:07:52 -0400] "GET /RICH/contact-us.html HTTP/1.0" 200 19647 "https://www.richinc.org" "Mozilla/5.0 (Macintosh; Intel Mac OS X 12_5) AppleWebKit/605.1.15 (KHTML, like Gecko) Version/15.4 Safari/605.1.15"
77.75.76.164 - - [29/Jun/2025:15:12:17 -0400] "GET /robots.txt HTTP/1.0" 302 223 "-" "Mozilla/5.0 (compatible; SeznamBot/4.0; +https://o-seznam.cz/napoveda/vyhledavani/en/seznambot-crawler/)"
77.75.76.164 - - [29/Jun/2025:15:12:17 -0400] "GET /RICH/image7.jpg HTTP/1.0" 200 568744 "-" "Mozilla/5.0 (compatible; SeznamBot/4.0; +https://o-seznam.cz/napoveda/vyhledavani/en/seznambot-crawler/)"
49.51.33.159 - - [29/Jun/2025:15:22:16 -0400] "GET / HTTP/1.0" 302 213 "-" "Mozilla/5.0 (iPhone; CPU iPhone OS 13_2_3 like Mac OS X) AppleWebKit/605.1.15 (KHTML, like Gecko) Version/13.0.3 Mobile/15E148 Safari/604.1"
49.51.33.159 - - [29/Jun/2025:15:22:17 -0400] "GET /RICH/ HTTP/1.0" 200 64636 "http://richinc.org" "Mozilla/5.0 (iPhone; CPU iPhone OS 13_2_3 like Mac OS X) AppleWebKit/605.1.15 (KHTML, like Gecko) Version/13.0.3 Mobile/15E148 Safari/604.1"
35.243.196.66 - - [29/Jun/2025:15:23:23 -0400] "GET /RICH/partnership-opportunities.html HTTP/1.0" 200 16929 "-" "ZoominfoBot (zoominfobot at zoominfo dot com)"
35.243.196.66 - - [29/Jun/2025:15:24:22 -0400] "GET /RICH/annual-reports.html HTTP/1.0" 200 17390 "-" "ZoominfoBot (zoominfobot at zoominfo dot com)"
35.229.83.27 - - [29/Jun/2025:15:49:48 -0400] "GET /robots.txt HTTP/1.0" 302 223 "-" "ZoominfoBot (zoominfobot at zoominfo dot com)"
35.229.83.27 - - [29/Jun/2025:15:49:48 -0400] "GET /RICH/robots.txt HTTP/1.0" 404 575 "-" "ZoominfoBot (zoominfobot at zoominfo dot com)"
35.229.83.27 - - [29/Jun/2025:15:49:48 -0400] "GET /RICH/parents-investment-alliance.html HTTP/1.0" 200 15701 "-" "ZoominfoBot (zoominfobot at zoominfo dot com)"
43.128.156.124 - - [29/Jun/2025:16:08:25 -0400] "GET /RICH/rich_new_vision/rich_new_vision.html HTTP/1.0" 200 13663 "-" "Mozilla/5.0 (iPhone; CPU iPhone OS 13_2_3 like Mac OS X) AppleWebKit/605.1.15 (KHTML, like Gecko) Version/13.0.3 Mobile/15E148 Safari/604.1"
35.229.83.27 - - [29/Jun/2025:16:19:04 -0400] "GET /RICH/mission.html HTTP/1.0" 200 24725 "-" "ZoominfoBot (zoominfobot at zoominfo dot com)"
35.229.83.27 - - [29/Jun/2025:16:30:06 -0400] "GET /RICH/interns.html HTTP/1.0" 200 50778 "-" "ZoominfoBot (zoominfobot at zoominfo dot com)"
43.130.139.136 - - [29/Jun/2025:16:36:48 -0400] "GET /RICH/index.html HTTP/1.0" 200 64636 "-" "Mozilla/5.0 (iPhone; CPU iPhone OS 13_2_3 like Mac OS X) AppleWebKit/605.1.15 (KHTML, like Gecko) Version/13.0.3 Mobile/15E148 Safari/604.1"
52.167.144.18 - - [29/Jun/2025:16:46:25 -0400] "GET /Image5.jpg HTTP/1.0" 302 223 "-" "Mozilla/5.0 AppleWebKit/537.36 (KHTML, like Gecko; compatible; bingbot/2.0; +http://www.bing.com/bingbot.htm) Chrome/116.0.1938.76 Safari/537.36"
52.167.144.18 - - [29/Jun/2025:16:46:26 -0400] "GET /RICH/Image5.jpg HTTP/1.0" 200 2409299 "-" "Mozilla/5.0 AppleWebKit/537.36 (KHTML, like Gecko; compatible; bingbot/2.0; +http://www.bing.com/bingbot.htm) Chrome/116.0.1938.76 Safari/537.36"
69.171.231.4 - - [29/Jun/2025:16:55:58 -0400] "GET /robots.txt HTTP/1.0" 302 223 "-" "facebookexternalhit/1.1 (+http://www.facebook.com/externalhit_uatext.php)"
69.171.231.4 - - [29/Jun/2025:16:55:58 -0400] "GET /RICH/robots.txt HTTP/1.0" 404 575 "-" "facebookexternalhit/1.1 (+http://www.facebook.com/externalhit_uatext.php)"
173.252.83.24 - - [29/Jun/2025:16:56:23 -0400] "GET /robots.txt HTTP/1.0" 302 223 "-" "facebookexternalhit/1.1 (+http://www.facebook.com/externalhit_uatext.php)"
173.252.83.24 - - [29/Jun/2025:16:56:24 -0400] "GET /RICH/robots.txt HTTP/1.0" 404 575 "-" "facebookexternalhit/1.1 (+http://www.facebook.com/externalhit_uatext.php)"
34.23.248.8 - - [29/Jun/2025:16:57:26 -0400] "GET /robots.txt HTTP/1.0" 302 223 "-" "ZoominfoBot (zoominfobot at zoominfo dot com)"
34.23.248.8 - - [29/Jun/2025:16:57:26 -0400] "GET /RICH/robots.txt HTTP/1.0" 404 575 "-" "ZoominfoBot (zoominfobot at zoominfo dot com)"
34.23.248.8 - - [29/Jun/2025:16:57:26 -0400] "GET /RICH/parents-investment-alliance.html HTTP/1.0" 200 15701 "-" "ZoominfoBot (zoominfobot at zoominfo dot com)"
77.75.76.164 - - [29/Jun/2025:17:04:00 -0400] "GET /robots.txt HTTP/1.0" 302 223 "-" "Mozilla/5.0 (compatible; SeznamBot/4.0; +https://o-seznam.cz/napoveda/vyhledavani/en/seznambot-crawler/)"
77.75.76.164 - - [29/Jun/2025:17:04:00 -0400] "GET /RICH/snackimages/23.png HTTP/1.0" 200 427470 "-" "Mozilla/5.0 (compatible; SeznamBot/4.0; +https://o-seznam.cz/napoveda/vyhledavani/en/seznambot-crawler/)"
145.40.144.12 - - [29/Jun/2025:17:10:15 -0400] "GET / HTTP/1.0" 302 213 "-" "Mozilla/5.0 (Macintosh; Intel Mac OS X 10_15_7) AppleWebKit/537.36 (KHTML, like Gecko) Chrome/137.0.0.0 Safari/537.36"
