66.249.92.40 - - [14/Jun/2025:05:43:31 -0400] "GET /RICH/nvl.png HTTP/1.0" 200 24822 "https://www.richinc.org/RICH/" "Google-Edu"
66.249.92.1 - - [14/Jun/2025:05:43:32 -0400] "GET /RICH/css/jquery-ui.css HTTP/1.0" 200 21738 "https://www.richinc.org/RICH/" "Google-Edu"
66.249.92.40 - - [14/Jun/2025:05:43:31 -0400] "GET /RICH/nvl.png HTTP/1.0" 200 24822 "https://www.richinc.org/RICH/" "Google-Edu"
66.249.92.1 - - [14/Jun/2025:05:43:32 -0400] "GET /RICH/css/jquery-ui.css HTTP/1.0" 200 21738 "https://www.richinc.org/RICH/" "Google-Edu"
66.249.92.40 - - [14/Jun/2025:05:43:31 -0400] "GET /RICH/nvl.png HTTP/1.0" 200 24822 "https://www.richinc.org/RICH/" "Google-Edu"
66.249.92.1 - - [14/Jun/2025:05:43:32 -0400] "GET /RICH/css/jquery-ui.css HTTP/1.0" 200 21738 "https://www.richinc.org/RICH/" "Google-Edu"
66.249.92.40 - - [14/Jun/2025:05:43:31 -0400] "GET /RICH/nvl.png HTTP/1.0" 200 24822 "https://www.richinc.org/RICH/" "Google-Edu"
66.249.92.1 - - [14/Jun/2025:05:43:32 -0400] "GET /RICH/css/jquery-ui.css HTTP/1.0" 200 21738 "https://www.richinc.org/RICH/" "Google-Edu"
66.249.92.40 - - [14/Jun/2025:05:43:31 -0400] "GET /RICH/nvl.png HTTP/1.0" 200 24822 "https://www.richinc.org/RICH/" "Google-Edu"
66.249.92.1 - - [14/Jun/2025:05:43:32 -0400] "GET /RICH/css/jquery-ui.css HTTP/1.0" 200 21738 "https://www.richinc.org/RICH/" "Google-Edu"
66.249.92.40 - - [14/Jun/2025:05:43:31 -0400] "GET /RICH/nvl.png HTTP/1.0" 200 24822 "https://www.richinc.org/RICH/" "Google-Edu"
66.249.92.1 - - [14/Jun/2025:05:43:32 -0400] "GET /RICH/css/jquery-ui.css HTTP/1.0" 200 21738 "https://www.richinc.org/RICH/" "Google-Edu"
66.249.92.40 - - [14/Jun/2025:05:43:31 -0400] "GET /RICH/nvl.png HTTP/1.0" 200 24822 "https://www.richinc.org/RICH/" "Google-Edu"
66.249.92.1 - - [14/Jun/2025:05:43:32 -0400] "GET /RICH/css/jquery-ui.css HTTP/1.0" 200 21738 "https://www.richinc.org/RICH/" "Google-Edu"
66.249.92.40 - - [14/Jun/2025:05:43:31 -0400] "GET /RICH/nvl.png HTTP/1.0" 200 24822 "https://www.richinc.org/RICH/" "Google-Edu"
66.249.92.1 - - [14/Jun/2025:05:43:32 -0400] "GET /RICH/css/jquery-ui.css HTTP/1.0" 200 21738 "https://www.richinc.org/RICH/" "Google-Edu"
66.249.92.40 - - [14/Jun/2025:05:43:31 -0400] "GET /RICH/nvl.png HTTP/1.0" 200 24822 "https://www.richinc.org/RICH/" "Google-Edu"
66.249.92.1 - - [14/Jun/2025:05:43:32 -0400] "GET /RICH/css/jquery-ui.css HTTP/1.0" 200 21738 "https://www.richinc.org/RICH/" "Google-Edu"
66.249.92.40 - - [14/Jun/2025:05:43:31 -0400] "GET /RICH/nvl.png HTTP/1.0" 200 24822 "https://www.richinc.org/RICH/" "Google-Edu"
66.249.92.1 - - [14/Jun/2025:05:43:32 -0400] "GET /RICH/css/jquery-ui.css HTTP/1.0" 200 21738 "https://www.richinc.org/RICH/" "Google-Edu"
66.249.92.1 - - [14/Jun/2025:05:43:32 -0400] "GET /RICH/css/jquery-ui.css HTTP/1.0" 200 21738 "https://www.richinc.org/RICH/" "Google-Edu"
66.249.92.1 - - [14/Jun/2025:05:43:32 -0400] "GET /RICH/css/jquery-ui.css HTTP/1.0" 200 21738 "https://www.richinc.org/RICH/" "Google-Edu"
66.249.92.1 - - [14/Jun/2025:05:43:32 -0400] "GET /RICH/css/jquery-ui.css HTTP/1.0" 200 21738 "https://www.richinc.org/RICH/" "Google-Edu"
66.249.92.1 - - [14/Jun/2025:05:43:32 -0400] "GET /RICH/css/jquery-ui.css HTTP/1.0" 200 21738 "https://www.richinc.org/RICH/" "Google-Edu"
66.249.92.160 - - [14/Jun/2025:05:43:36 -0400] "GET /RICH/Image1.jpg HTTP/1.0" 200 1421241 "https://www.richinc.org/RICH/" "Google-Edu"
66.249.92.160 - - [14/Jun/2025:05:43:36 -0400] "GET /RICH/Image1.jpg HTTP/1.0" 200 1421241 "https://www.richinc.org/RICH/" "Google-Edu"
66.249.92.160 - - [14/Jun/2025:05:43:36 -0400] "GET /RICH/Image1.jpg HTTP/1.0" 200 1421241 "https://www.richinc.org/RICH/" "Google-Edu"
66.249.92.160 - - [14/Jun/2025:05:43:36 -0400] "GET /RICH/Image1.jpg HTTP/1.0" 200 1421241 "https://www.richinc.org/RICH/" "Google-Edu"
66.249.92.160 - - [14/Jun/2025:05:43:36 -0400] "GET /RICH/Image1.jpg HTTP/1.0" 200 1421241 "https://www.richinc.org/RICH/" "Google-Edu"
66.249.92.160 - - [14/Jun/2025:05:43:36 -0400] "GET /RICH/Image1.jpg HTTP/1.0" 200 1421241 "https://www.richinc.org/RICH/" "Google-Edu"
66.249.92.160 - - [14/Jun/2025:05:43:36 -0400] "GET /RICH/Image1.jpg HTTP/1.0" 200 1421241 "https://www.richinc.org/RICH/" "Google-Edu"
66.249.92.160 - - [14/Jun/2025:05:43:36 -0400] "GET /RICH/Image1.jpg HTTP/1.0" 200 1421241 "https://www.richinc.org/RICH/" "Google-Edu"
66.249.92.160 - - [14/Jun/2025:05:43:36 -0400] "GET /RICH/Image1.jpg HTTP/1.0" 200 1421241 "https://www.richinc.org/RICH/" "Google-Edu"
66.249.92.160 - - [14/Jun/2025:05:43:36 -0400] "GET /RICH/Image1.jpg HTTP/1.0" 200 1421241 "https://www.richinc.org/RICH/" "Google-Edu"
66.249.92.160 - - [14/Jun/2025:05:43:36 -0400] "GET /RICH/Image1.jpg HTTP/1.0" 200 1421241 "https://www.richinc.org/RICH/" "Google-Edu"
66.249.92.160 - - [14/Jun/2025:05:43:36 -0400] "GET /RICH/Image1.jpg HTTP/1.0" 200 1421241 "https://www.richinc.org/RICH/" "Google-Edu"
66.249.92.160 - - [14/Jun/2025:05:43:36 -0400] "GET /RICH/Image1.jpg HTTP/1.0" 200 1421241 "https://www.richinc.org/RICH/" "Google-Edu"
66.249.92.160 - - [14/Jun/2025:05:43:36 -0400] "GET /RICH/Image1.jpg HTTP/1.0" 200 1421241 "https://www.richinc.org/RICH/" "Google-Edu"
66.249.92.195 - - [14/Jun/2025:05:43:40 -0400] "GET /RICH/css/owl.carousel.min.css HTTP/1.0" 200 2936 "https://www.richinc.org/RICH/" "Google-Edu"
66.249.92.160 - - [14/Jun/2025:05:43:36 -0400] "GET /RICH/Image1.jpg HTTP/1.0" 200 1421241 "https://www.richinc.org/RICH/" "Google-Edu"
66.249.92.195 - - [14/Jun/2025:05:43:40 -0400] "GET /RICH/css/owl.carousel.min.css HTTP/1.0" 200 2936 "https://www.richinc.org/RICH/" "Google-Edu"
66.249.92.160 - - [14/Jun/2025:05:43:36 -0400] "GET /RICH/Image1.jpg HTTP/1.0" 200 1421241 "https://www.richinc.org/RICH/" "Google-Edu"
66.249.92.195 - - [14/Jun/2025:05:43:40 -0400] "GET /RICH/css/owl.carousel.min.css HTTP/1.0" 200 2936 "https://www.richinc.org/RICH/" "Google-Edu"
66.249.92.160 - - [14/Jun/2025:05:43:36 -0400] "GET /RICH/Image1.jpg HTTP/1.0" 200 1421241 "https://www.richinc.org/RICH/" "Google-Edu"
66.249.92.195 - - [14/Jun/2025:05:43:40 -0400] "GET /RICH/css/owl.carousel.min.css HTTP/1.0" 200 2936 "https://www.richinc.org/RICH/" "Google-Edu"
66.249.92.160 - - [14/Jun/2025:05:43:36 -0400] "GET /RICH/Image1.jpg HTTP/1.0" 200 1421241 "https://www.richinc.org/RICH/" "Google-Edu"
66.249.92.195 - - [14/Jun/2025:05:43:40 -0400] "GET /RICH/css/owl.carousel.min.css HTTP/1.0" 200 2936 "https://www.richinc.org/RICH/" "Google-Edu"
66.249.92.160 - - [14/Jun/2025:05:43:36 -0400] "GET /RICH/Image1.jpg HTTP/1.0" 200 1421241 "https://www.richinc.org/RICH/" "Google-Edu"
66.249.92.195 - - [14/Jun/2025:05:43:40 -0400] "GET /RICH/css/owl.carousel.min.css HTTP/1.0" 200 2936 "https://www.richinc.org/RICH/" "Google-Edu"
66.249.92.160 - - [14/Jun/2025:05:43:36 -0400] "GET /RICH/Image1.jpg HTTP/1.0" 200 1421241 "https://www.richinc.org/RICH/" "Google-Edu"
66.249.92.195 - - [14/Jun/2025:05:43:40 -0400] "GET /RICH/css/owl.carousel.min.css HTTP/1.0" 200 2936 "https://www.richinc.org/RICH/" "Google-Edu"
66.249.92.160 - - [14/Jun/2025:05:43:36 -0400] "GET /RICH/Image1.jpg HTTP/1.0" 200 1421241 "https://www.richinc.org/RICH/" "Google-Edu"
66.249.92.195 - - [14/Jun/2025:05:43:40 -0400] "GET /RICH/css/owl.carousel.min.css HTTP/1.0" 200 2936 "https://www.richinc.org/RICH/" "Google-Edu"
66.249.92.160 - - [14/Jun/2025:05:43:36 -0400] "GET /RICH/Image1.jpg HTTP/1.0" 200 1421241 "https://www.richinc.org/RICH/" "Google-Edu"
66.249.92.195 - - [14/Jun/2025:05:43:40 -0400] "GET /RICH/css/owl.carousel.min.css HTTP/1.0" 200 2936 "https://www.richinc.org/RICH/" "Google-Edu"
66.249.92.160 - - [14/Jun/2025:05:43:36 -0400] "GET /RICH/Image1.jpg HTTP/1.0" 200 1421241 "https://www.richinc.org/RICH/" "Google-Edu"
66.249.92.195 - - [14/Jun/2025:05:43:40 -0400] "GET /RICH/css/owl.carousel.min.css HTTP/1.0" 200 2936 "https://www.richinc.org/RICH/" "Google-Edu"
66.249.92.160 - - [14/Jun/2025:05:43:36 -0400] "GET /RICH/Image1.jpg HTTP/1.0" 200 1421241 "https://www.richinc.org/RICH/" "Google-Edu"
66.249.92.195 - - [14/Jun/2025:05:43:40 -0400] "GET /RICH/css/owl.carousel.min.css HTTP/1.0" 200 2936 "https://www.richinc.org/RICH/" "Google-Edu"
66.249.92.160 - - [14/Jun/2025:05:43:36 -0400] "GET /RICH/Image1.jpg HTTP/1.0" 200 1421241 "https://www.richinc.org/RICH/" "Google-Edu"
66.249.92.195 - - [14/Jun/2025:05:43:40 -0400] "GET /RICH/css/owl.carousel.min.css HTTP/1.0" 200 2936 "https://www.richinc.org/RICH/" "Google-Edu"
66.249.92.160 - - [14/Jun/2025:05:43:36 -0400] "GET /RICH/Image1.jpg HTTP/1.0" 200 1421241 "https://www.richinc.org/RICH/" "Google-Edu"
66.249.92.195 - - [14/Jun/2025:05:43:40 -0400] "GET /RICH/css/owl.carousel.min.css HTTP/1.0" 200 2936 "https://www.richinc.org/RICH/" "Google-Edu"
66.249.92.160 - - [14/Jun/2025:05:43:36 -0400] "GET /RICH/Image1.jpg HTTP/1.0" 200 1421241 "https://www.richinc.org/RICH/" "Google-Edu"
66.249.92.195 - - [14/Jun/2025:05:43:40 -0400] "GET /RICH/css/owl.carousel.min.css HTTP/1.0" 200 2936 "https://www.richinc.org/RICH/" "Google-Edu"
66.249.92.160 - - [14/Jun/2025:05:43:36 -0400] "GET /RICH/Image1.jpg HTTP/1.0" 200 1421241 "https://www.richinc.org/RICH/" "Google-Edu"
66.249.92.195 - - [14/Jun/2025:05:43:40 -0400] "GET /RICH/css/owl.carousel.min.css HTTP/1.0" 200 2936 "https://www.richinc.org/RICH/" "Google-Edu"
66.249.92.160 - - [14/Jun/2025:05:43:36 -0400] "GET /RICH/Image1.jpg HTTP/1.0" 200 1421241 "https://www.richinc.org/RICH/" "Google-Edu"
66.249.92.195 - - [14/Jun/2025:05:43:40 -0400] "GET /RICH/css/owl.carousel.min.css HTTP/1.0" 200 2936 "https://www.richinc.org/RICH/" "Google-Edu"
66.249.92.160 - - [14/Jun/2025:05:43:36 -0400] "GET /RICH/Image1.jpg HTTP/1.0" 200 1421241 "https://www.richinc.org/RICH/" "Google-Edu"
66.249.92.195 - - [14/Jun/2025:05:43:40 -0400] "GET /RICH/css/owl.carousel.min.css HTTP/1.0" 200 2936 "https://www.richinc.org/RICH/" "Google-Edu"
66.249.92.160 - - [14/Jun/2025:05:43:36 -0400] "GET /RICH/Image1.jpg HTTP/1.0" 200 1421241 "https://www.richinc.org/RICH/" "Google-Edu"
66.249.92.195 - - [14/Jun/2025:05:43:40 -0400] "GET /RICH/css/owl.carousel.min.css HTTP/1.0" 200 2936 "https://www.richinc.org/RICH/" "Google-Edu"
66.249.92.1 - - [14/Jun/2025:05:43:41 -0400] "GET /RICH/css/owl.theme.default.min.css HTTP/1.0" 200 965 "https://www.richinc.org/RICH/" "Google-Edu"
66.249.92.160 - - [14/Jun/2025:05:43:36 -0400] "GET /RICH/Image1.jpg HTTP/1.0" 200 1421241 "https://www.richinc.org/RICH/" "Google-Edu"
66.249.92.195 - - [14/Jun/2025:05:43:40 -0400] "GET /RICH/css/owl.carousel.min.css HTTP/1.0" 200 2936 "https://www.richinc.org/RICH/" "Google-Edu"
66.249.92.195 - - [14/Jun/2025:05:43:40 -0400] "GET /RICH/css/owl.carousel.min.css HTTP/1.0" 200 2936 "https://www.richinc.org/RICH/" "Google-Edu"
66.249.92.1 - - [14/Jun/2025:05:43:41 -0400] "GET /RICH/css/owl.theme.default.min.css HTTP/1.0" 200 965 "https://www.richinc.org/RICH/" "Google-Edu"
66.249.92.195 - - [14/Jun/2025:05:43:40 -0400] "GET /RICH/css/owl.carousel.min.css HTTP/1.0" 200 2936 "https://www.richinc.org/RICH/" "Google-Edu"
66.249.92.1 - - [14/Jun/2025:05:43:41 -0400] "GET /RICH/css/owl.theme.default.min.css HTTP/1.0" 200 965 "https://www.richinc.org/RICH/" "Google-Edu"
66.249.92.40 - - [14/Jun/2025:05:43:45 -0400] "GET /cdn-cgi/scripts/5c5dd728/cloudflare-static/email-decode.min.js HTTP/1.0" 302 275 "https://www.richinc.org/RICH/" "Google-Edu"
66.249.92.195 - - [14/Jun/2025:05:43:40 -0400] "GET /RICH/css/owl.carousel.min.css HTTP/1.0" 200 2936 "https://www.richinc.org/RICH/" "Google-Edu"
66.249.92.1 - - [14/Jun/2025:05:43:41 -0400] "GET /RICH/css/owl.theme.default.min.css HTTP/1.0" 200 965 "https://www.richinc.org/RICH/" "Google-Edu"
66.249.92.40 - - [14/Jun/2025:05:43:45 -0400] "GET /cdn-cgi/scripts/5c5dd728/cloudflare-static/email-decode.min.js HTTP/1.0" 302 275 "https://www.richinc.org/RICH/" "Google-Edu"
66.249.92.195 - - [14/Jun/2025:05:43:40 -0400] "GET /RICH/css/owl.carousel.min.css HTTP/1.0" 200 2936 "https://www.richinc.org/RICH/" "Google-Edu"
66.249.92.1 - - [14/Jun/2025:05:43:41 -0400] "GET /RICH/css/owl.theme.default.min.css HTTP/1.0" 200 965 "https://www.richinc.org/RICH/" "Google-Edu"
66.249.92.40 - - [14/Jun/2025:05:43:45 -0400] "GET /cdn-cgi/scripts/5c5dd728/cloudflare-static/email-decode.min.js HTTP/1.0" 302 275 "https://www.richinc.org/RICH/" "Google-Edu"
66.249.92.195 - - [14/Jun/2025:05:43:40 -0400] "GET /RICH/css/owl.carousel.min.css HTTP/1.0" 200 2936 "https://www.richinc.org/RICH/" "Google-Edu"
66.249.92.1 - - [14/Jun/2025:05:43:41 -0400] "GET /RICH/css/owl.theme.default.min.css HTTP/1.0" 200 965 "https://www.richinc.org/RICH/" "Google-Edu"
66.249.92.40 - - [14/Jun/2025:05:43:45 -0400] "GET /cdn-cgi/scripts/5c5dd728/cloudflare-static/email-decode.min.js HTTP/1.0" 302 275 "https://www.richinc.org/RICH/" "Google-Edu"
66.249.92.195 - - [14/Jun/2025:05:43:40 -0400] "GET /RICH/css/owl.carousel.min.css HTTP/1.0" 200 2936 "https://www.richinc.org/RICH/" "Google-Edu"
66.249.92.1 - - [14/Jun/2025:05:43:41 -0400] "GET /RICH/css/owl.theme.default.min.css HTTP/1.0" 200 965 "https://www.richinc.org/RICH/" "Google-Edu"
66.249.92.40 - - [14/Jun/2025:05:43:45 -0400] "GET /cdn-cgi/scripts/5c5dd728/cloudflare-static/email-decode.min.js HTTP/1.0" 302 275 "https://www.richinc.org/RICH/" "Google-Edu"
66.249.92.195 - - [14/Jun/2025:05:43:40 -0400] "GET /RICH/css/owl.carousel.min.css HTTP/1.0" 200 2936 "https://www.richinc.org/RICH/" "Google-Edu"
66.249.92.1 - - [14/Jun/2025:05:43:41 -0400] "GET /RICH/css/owl.theme.default.min.css HTTP/1.0" 200 965 "https://www.richinc.org/RICH/" "Google-Edu"
66.249.92.40 - - [14/Jun/2025:05:43:45 -0400] "GET /cdn-cgi/scripts/5c5dd728/cloudflare-static/email-decode.min.js HTTP/1.0" 302 275 "https://www.richinc.org/RICH/" "Google-Edu"
66.249.92.195 - - [14/Jun/2025:05:43:40 -0400] "GET /RICH/css/owl.carousel.min.css HTTP/1.0" 200 2936 "https://www.richinc.org/RICH/" "Google-Edu"
66.249.92.1 - - [14/Jun/2025:05:43:41 -0400] "GET /RICH/css/owl.theme.default.min.css HTTP/1.0" 200 965 "https://www.richinc.org/RICH/" "Google-Edu"
66.249.92.40 - - [14/Jun/2025:05:43:45 -0400] "GET /cdn-cgi/scripts/5c5dd728/cloudflare-static/email-decode.min.js HTTP/1.0" 302 275 "https://www.richinc.org/RICH/" "Google-Edu"
66.249.92.195 - - [14/Jun/2025:05:43:40 -0400] "GET /RICH/css/owl.carousel.min.css HTTP/1.0" 200 2936 "https://www.richinc.org/RICH/" "Google-Edu"
66.249.92.1 - - [14/Jun/2025:05:43:41 -0400] "GET /RICH/css/owl.theme.default.min.css HTTP/1.0" 200 965 "https://www.richinc.org/RICH/" "Google-Edu"
66.249.92.40 - - [14/Jun/2025:05:43:45 -0400] "GET /cdn-cgi/scripts/5c5dd728/cloudflare-static/email-decode.min.js HTTP/1.0" 302 275 "https://www.richinc.org/RICH/" "Google-Edu"
66.249.92.195 - - [14/Jun/2025:05:43:40 -0400] "GET /RICH/css/owl.carousel.min.css HTTP/1.0" 200 2936 "https://www.richinc.org/RICH/" "Google-Edu"
66.249.92.1 - - [14/Jun/2025:05:43:41 -0400] "GET /RICH/css/owl.theme.default.min.css HTTP/1.0" 200 965 "https://www.richinc.org/RICH/" "Google-Edu"
66.249.92.40 - - [14/Jun/2025:05:43:45 -0400] "GET /cdn-cgi/scripts/5c5dd728/cloudflare-static/email-decode.min.js HTTP/1.0" 302 275 "https://www.richinc.org/RICH/" "Google-Edu"
66.249.92.160 - - [14/Jun/2025:05:43:48 -0400] "GET /RICH/js/jquery.magnific-popup.min.js HTTP/1.0" 200 20216 "https://www.richinc.org/RICH/" "Google-Edu"
66.249.92.40 - - [14/Jun/2025:05:43:50 -0400] "GET /RICH/Image4.jpg HTTP/1.0" 200 2910175 "https://www.richinc.org/RICH/" "Google-Edu"
66.249.92.129 - - [14/Jun/2025:05:43:55 -0400] "GET /RICH/js/bootstrap.min.js HTTP/1.0" 200 51039 "https://www.richinc.org/RICH/" "Google-Edu"
66.249.92.129 - - [14/Jun/2025:05:43:55 -0400] "GET /RICH/js/bootstrap.min.js HTTP/1.0" 200 51039 "https://www.richinc.org/RICH/" "Google-Edu"
66.249.92.129 - - [14/Jun/2025:05:43:55 -0400] "GET /RICH/js/bootstrap.min.js HTTP/1.0" 200 51039 "https://www.richinc.org/RICH/" "Google-Edu"
66.249.92.129 - - [14/Jun/2025:05:43:55 -0400] "GET /RICH/js/bootstrap.min.js HTTP/1.0" 200 51039 "https://www.richinc.org/RICH/" "Google-Edu"
66.249.92.129 - - [14/Jun/2025:05:43:55 -0400] "GET /RICH/js/bootstrap.min.js HTTP/1.0" 200 51039 "https://www.richinc.org/RICH/" "Google-Edu"
66.249.92.129 - - [14/Jun/2025:05:43:55 -0400] "GET /RICH/js/bootstrap.min.js HTTP/1.0" 200 51039 "https://www.richinc.org/RICH/" "Google-Edu"
66.249.92.129 - - [14/Jun/2025:05:43:55 -0400] "GET /RICH/js/bootstrap.min.js HTTP/1.0" 200 51039 "https://www.richinc.org/RICH/" "Google-Edu"
66.249.92.129 - - [14/Jun/2025:05:43:55 -0400] "GET /RICH/js/bootstrap.min.js HTTP/1.0" 200 51039 "https://www.richinc.org/RICH/" "Google-Edu"
66.249.92.129 - - [14/Jun/2025:05:43:55 -0400] "GET /RICH/js/bootstrap.min.js HTTP/1.0" 200 51039 "https://www.richinc.org/RICH/" "Google-Edu"
66.249.92.129 - - [14/Jun/2025:05:43:55 -0400] "GET /RICH/js/bootstrap.min.js HTTP/1.0" 200 51039 "https://www.richinc.org/RICH/" "Google-Edu"
66.249.92.129 - - [14/Jun/2025:05:43:55 -0400] "GET /RICH/js/bootstrap.min.js HTTP/1.0" 200 51039 "https://www.richinc.org/RICH/" "Google-Edu"
66.249.92.129 - - [14/Jun/2025:05:43:55 -0400] "GET /RICH/js/bootstrap.min.js HTTP/1.0" 200 51039 "https://www.richinc.org/RICH/" "Google-Edu"
66.249.92.129 - - [14/Jun/2025:05:43:55 -0400] "GET /RICH/js/bootstrap.min.js HTTP/1.0" 200 51039 "https://www.richinc.org/RICH/" "Google-Edu"
66.249.92.129 - - [14/Jun/2025:05:43:55 -0400] "GET /RICH/js/bootstrap.min.js HTTP/1.0" 200 51039 "https://www.richinc.org/RICH/" "Google-Edu"
66.249.92.129 - - [14/Jun/2025:05:43:55 -0400] "GET /RICH/js/bootstrap.min.js HTTP/1.0" 200 51039 "https://www.richinc.org/RICH/" "Google-Edu"
66.249.92.129 - - [14/Jun/2025:05:43:55 -0400] "GET /RICH/js/bootstrap.min.js HTTP/1.0" 200 51039 "https://www.richinc.org/RICH/" "Google-Edu"
66.249.92.129 - - [14/Jun/2025:05:43:55 -0400] "GET /RICH/js/bootstrap.min.js HTTP/1.0" 200 51039 "https://www.richinc.org/RICH/" "Google-Edu"
66.249.92.129 - - [14/Jun/2025:05:43:55 -0400] "GET /RICH/js/bootstrap.min.js HTTP/1.0" 200 51039 "https://www.richinc.org/RICH/" "Google-Edu"
66.249.92.129 - - [14/Jun/2025:05:43:55 -0400] "GET /RICH/js/bootstrap.min.js HTTP/1.0" 200 51039 "https://www.richinc.org/RICH/" "Google-Edu"
66.249.92.129 - - [14/Jun/2025:05:43:55 -0400] "GET /RICH/js/bootstrap.min.js HTTP/1.0" 200 51039 "https://www.richinc.org/RICH/" "Google-Edu"
101.42.117.179 - - [13/Jun/2025:17:31:06 -0400] "GET /RICH/ HTTP/1.0" 200 64636 "http://richinc.org" "Mozilla/5.0 (iPhone; CPU iPhone OS 13_2_3 like Mac OS X) AppleWebKit/605.1.15 (KHTML, like Gecko) Version/13.0.3 Mobile/15E148 Safari/604.1"
101.42.117.179 - - [13/Jun/2025:17:31:06 -0400] "GET /RICH/ HTTP/1.0" 200 64636 "http://richinc.org" "Mozilla/5.0 (iPhone; CPU iPhone OS 13_2_3 like Mac OS X) AppleWebKit/605.1.15 (KHTML, like Gecko) Version/13.0.3 Mobile/15E148 Safari/604.1"
101.42.117.179 - - [13/Jun/2025:17:31:06 -0400] "GET /RICH/ HTTP/1.0" 200 64636 "http://richinc.org" "Mozilla/5.0 (iPhone; CPU iPhone OS 13_2_3 like Mac OS X) AppleWebKit/605.1.15 (KHTML, like Gecko) Version/13.0.3 Mobile/15E148 Safari/604.1"
101.42.117.179 - - [13/Jun/2025:17:31:06 -0400] "GET /RICH/ HTTP/1.0" 200 64636 "http://richinc.org" "Mozilla/5.0 (iPhone; CPU iPhone OS 13_2_3 like Mac OS X) AppleWebKit/605.1.15 (KHTML, like Gecko) Version/13.0.3 Mobile/15E148 Safari/604.1"
101.42.117.179 - - [13/Jun/2025:17:31:06 -0400] "GET /RICH/ HTTP/1.0" 200 64636 "http://richinc.org" "Mozilla/5.0 (iPhone; CPU iPhone OS 13_2_3 like Mac OS X) AppleWebKit/605.1.15 (KHTML, like Gecko) Version/13.0.3 Mobile/15E148 Safari/604.1"
101.42.117.179 - - [13/Jun/2025:17:31:06 -0400] "GET /RICH/ HTTP/1.0" 200 64636 "http://richinc.org" "Mozilla/5.0 (iPhone; CPU iPhone OS 13_2_3 like Mac OS X) AppleWebKit/605.1.15 (KHTML, like Gecko) Version/13.0.3 Mobile/15E148 Safari/604.1"
101.42.117.179 - - [13/Jun/2025:17:31:06 -0400] "GET /RICH/ HTTP/1.0" 200 64636 "http://richinc.org" "Mozilla/5.0 (iPhone; CPU iPhone OS 13_2_3 like Mac OS X) AppleWebKit/605.1.15 (KHTML, like Gecko) Version/13.0.3 Mobile/15E148 Safari/604.1"
101.42.117.179 - - [13/Jun/2025:17:31:06 -0400] "GET /RICH/ HTTP/1.0" 200 64636 "http://richinc.org" "Mozilla/5.0 (iPhone; CPU iPhone OS 13_2_3 like Mac OS X) AppleWebKit/605.1.15 (KHTML, like Gecko) Version/13.0.3 Mobile/15E148 Safari/604.1"
101.42.117.179 - - [13/Jun/2025:17:31:06 -0400] "GET /RICH/ HTTP/1.0" 200 64636 "http://richinc.org" "Mozilla/5.0 (iPhone; CPU iPhone OS 13_2_3 like Mac OS X) AppleWebKit/605.1.15 (KHTML, like Gecko) Version/13.0.3 Mobile/15E148 Safari/604.1"
101.42.117.179 - - [13/Jun/2025:17:31:06 -0400] "GET /RICH/ HTTP/1.0" 200 64636 "http://richinc.org" "Mozilla/5.0 (iPhone; CPU iPhone OS 13_2_3 like Mac OS X) AppleWebKit/605.1.15 (KHTML, like Gecko) Version/13.0.3 Mobile/15E148 Safari/604.1"
101.42.117.179 - - [13/Jun/2025:17:31:06 -0400] "GET /RICH/ HTTP/1.0" 200 64636 "http://richinc.org" "Mozilla/5.0 (iPhone; CPU iPhone OS 13_2_3 like Mac OS X) AppleWebKit/605.1.15 (KHTML, like Gecko) Version/13.0.3 Mobile/15E148 Safari/604.1"
101.42.117.179 - - [13/Jun/2025:17:31:06 -0400] "GET /RICH/ HTTP/1.0" 200 64636 "http://richinc.org" "Mozilla/5.0 (iPhone; CPU iPhone OS 13_2_3 like Mac OS X) AppleWebKit/605.1.15 (KHTML, like Gecko) Version/13.0.3 Mobile/15E148 Safari/604.1"
101.42.117.179 - - [13/Jun/2025:17:31:06 -0400] "GET /RICH/ HTTP/1.0" 200 64636 "http://richinc.org" "Mozilla/5.0 (iPhone; CPU iPhone OS 13_2_3 like Mac OS X) AppleWebKit/605.1.15 (KHTML, like Gecko) Version/13.0.3 Mobile/15E148 Safari/604.1"
101.42.117.179 - - [13/Jun/2025:17:31:06 -0400] "GET /RICH/ HTTP/1.0" 200 64636 "http://richinc.org" "Mozilla/5.0 (iPhone; CPU iPhone OS 13_2_3 like Mac OS X) AppleWebKit/605.1.15 (KHTML, like Gecko) Version/13.0.3 Mobile/15E148 Safari/604.1"
101.42.117.179 - - [13/Jun/2025:17:31:06 -0400] "GET /RICH/ HTTP/1.0" 200 64636 "http://richinc.org" "Mozilla/5.0 (iPhone; CPU iPhone OS 13_2_3 like Mac OS X) AppleWebKit/605.1.15 (KHTML, like Gecko) Version/13.0.3 Mobile/15E148 Safari/604.1"
101.42.117.179 - - [13/Jun/2025:17:31:06 -0400] "GET /RICH/ HTTP/1.0" 200 64636 "http://richinc.org" "Mozilla/5.0 (iPhone; CPU iPhone OS 13_2_3 like Mac OS X) AppleWebKit/605.1.15 (KHTML, like Gecko) Version/13.0.3 Mobile/15E148 Safari/604.1"
101.42.117.179 - - [13/Jun/2025:17:31:06 -0400] "GET /RICH/ HTTP/1.0" 200 64636 "http://richinc.org" "Mozilla/5.0 (iPhone; CPU iPhone OS 13_2_3 like Mac OS X) AppleWebKit/605.1.15 (KHTML, like Gecko) Version/13.0.3 Mobile/15E148 Safari/604.1"
101.42.117.179 - - [13/Jun/2025:17:31:06 -0400] "GET /RICH/ HTTP/1.0" 200 64636 "http://richinc.org" "Mozilla/5.0 (iPhone; CPU iPhone OS 13_2_3 like Mac OS X) AppleWebKit/605.1.15 (KHTML, like Gecko) Version/13.0.3 Mobile/15E148 Safari/604.1"
101.42.117.179 - - [13/Jun/2025:17:31:06 -0400] "GET /RICH/ HTTP/1.0" 200 64636 "http://richinc.org" "Mozilla/5.0 (iPhone; CPU iPhone OS 13_2_3 like Mac OS X) AppleWebKit/605.1.15 (KHTML, like Gecko) Version/13.0.3 Mobile/15E148 Safari/604.1"
101.42.117.179 - - [13/Jun/2025:17:31:06 -0400] "GET /RICH/ HTTP/1.0" 200 64636 "http://richinc.org" "Mozilla/5.0 (iPhone; CPU iPhone OS 13_2_3 like Mac OS X) AppleWebKit/605.1.15 (KHTML, like Gecko) Version/13.0.3 Mobile/15E148 Safari/604.1"
101.42.117.179 - - [13/Jun/2025:17:31:06 -0400] "GET /RICH/ HTTP/1.0" 200 64636 "http://richinc.org" "Mozilla/5.0 (iPhone; CPU iPhone OS 13_2_3 like Mac OS X) AppleWebKit/605.1.15 (KHTML, like Gecko) Version/13.0.3 Mobile/15E148 Safari/604.1"
101.42.117.179 - - [13/Jun/2025:17:31:06 -0400] "GET /RICH/ HTTP/1.0" 200 64636 "http://richinc.org" "Mozilla/5.0 (iPhone; CPU iPhone OS 13_2_3 like Mac OS X) AppleWebKit/605.1.15 (KHTML, like Gecko) Version/13.0.3 Mobile/15E148 Safari/604.1"
101.42.117.179 - - [13/Jun/2025:17:31:06 -0400] "GET /RICH/ HTTP/1.0" 200 64636 "http://richinc.org" "Mozilla/5.0 (iPhone; CPU iPhone OS 13_2_3 like Mac OS X) AppleWebKit/605.1.15 (KHTML, like Gecko) Version/13.0.3 Mobile/15E148 Safari/604.1"
101.42.117.179 - - [13/Jun/2025:17:31:06 -0400] "GET /RICH/ HTTP/1.0" 200 64636 "http://richinc.org" "Mozilla/5.0 (iPhone; CPU iPhone OS 13_2_3 like Mac OS X) AppleWebKit/605.1.15 (KHTML, like Gecko) Version/13.0.3 Mobile/15E148 Safari/604.1"
101.42.117.179 - - [13/Jun/2025:17:31:06 -0400] "GET /RICH/ HTTP/1.0" 200 64636 "http://richinc.org" "Mozilla/5.0 (iPhone; CPU iPhone OS 13_2_3 like Mac OS X) AppleWebKit/605.1.15 (KHTML, like Gecko) Version/13.0.3 Mobile/15E148 Safari/604.1"
101.42.117.179 - - [13/Jun/2025:17:31:06 -0400] "GET /RICH/ HTTP/1.0" 200 64636 "http://richinc.org" "Mozilla/5.0 (iPhone; CPU iPhone OS 13_2_3 like Mac OS X) AppleWebKit/605.1.15 (KHTML, like Gecko) Version/13.0.3 Mobile/15E148 Safari/604.1"
65.108.72.212 - - [18/Jun/2025:06:34:03 -0400] "GET /robots.txt HTTP/1.0" 302 223 "-" "Mozilla/5.0 (compatible; SEOkicks; +https://www.seokicks.de/robot.html)"
65.108.72.212 - - [18/Jun/2025:06:34:04 -0400] "GET / HTTP/1.0" 302 213 "-" "Mozilla/5.0 (compatible; SEOkicks; +https://www.seokicks.de/robot.html)"
111.225.149.112 - - [13/Jun/2025:21:56:37 -0400] "GET /RICH/ HTTP/1.0" 200 64636 "-" "Mozilla/5.0 (Linux; Android 5.0) AppleWebKit/537.36 (KHTML, like Gecko) Mobile Safari/537.36 (compatible; Bytespider; https://zhanzhang.toutiao.com/)"
111.225.149.112 - - [13/Jun/2025:21:56:37 -0400] "GET /RICH/css/owl.carousel.min.css HTTP/1.0" 200 2936 "https://www.richinc.org/RICH/" "Mozilla/5.0 (Linux; Android 5.0) AppleWebKit/537.36 (KHTML, like Gecko) Mobile Safari/537.36 (compatible; Bytespider; https://zhanzhang.toutiao.com/)"
111.225.149.112 - - [13/Jun/2025:21:56:37 -0400] "GET /RICH/js/jquery.countdown.min.js HTTP/1.0" 200 5339 "https://www.richinc.org/RICH/" "Mozilla/5.0 (Linux; Android 5.0) AppleWebKit/537.36 (KHTML, like Gecko) Mobile Safari/537.36 (compatible; Bytespider; https://zhanzhang.toutiao.com/)"
111.225.149.112 - - [13/Jun/2025:21:56:37 -0400] "GET /RICH/js/jquery-migrate-3.0.1.min.js HTTP/1.0" 200 11421 "https://www.richinc.org/RICH/" "Mozilla/5.0 (Linux; Android 5.0) AppleWebKit/537.36 (KHTML, like Gecko) Mobile Safari/537.36 (compatible; Bytespider; https://zhanzhang.toutiao.com/)"
111.225.149.112 - - [13/Jun/2025:21:56:37 -0400] "GET /RICH/images/LOGO.png HTTP/1.0" 200 48308 "https://www.richinc.org/RICH/" "Mozilla/5.0 (Linux; Android 5.0) AppleWebKit/537.36 (KHTML, like Gecko) Mobile Safari/537.36 (compatible; Bytespider; https://zhanzhang.toutiao.com/)"
111.225.149.112 - - [13/Jun/2025:21:56:38 -0400] "GET /RICH/images/right-arrow.png HTTP/1.0" 200 2601 "https://www.richinc.org/RICH/" "Mozilla/5.0 (Linux; Android 5.0) AppleWebKit/537.36 (KHTML, like Gecko) Mobile Safari/537.36 (compatible; Bytespider; https://zhanzhang.toutiao.com/)"
111.225.149.112 - - [13/Jun/2025:21:56:38 -0400] "GET /RICH/image7.jpg HTTP/1.0" 200 568744 "https://www.richinc.org/RICH/" "Mozilla/5.0 (Linux; Android 5.0) AppleWebKit/537.36 (KHTML, like Gecko) Mobile Safari/537.36 (compatible; Bytespider; https://zhanzhang.toutiao.com/)"
111.225.149.112 - - [13/Jun/2025:21:56:38 -0400] "GET /RICH/Image1.jpg HTTP/1.0" 200 1421241 "https://www.richinc.org/RICH/" "Mozilla/5.0 (Linux; Android 5.0) AppleWebKit/537.36 (KHTML, like Gecko) Mobile Safari/537.36 (compatible; Bytespider; https://zhanzhang.toutiao.com/)"
111.225.149.112 - - [13/Jun/2025:21:56:39 -0400] "POST /RICH/php/UsersRICH.php HTTP/1.0" 200 - "https://www.richinc.org/RICH/" "Mozilla/5.0 (Linux; Android 5.0) AppleWebKit/537.36 (KHTML, like Gecko) Mobile Safari/537.36 (compatible; Bytespider; https://zhanzhang.toutiao.com/)"
111.225.149.100 - - [13/Jun/2025:21:56:48 -0400] "GET /robots.txt HTTP/1.0" 302 223 "-" "Mozilla/5.0 (Linux; Android 5.0) AppleWebKit/537.36 (KHTML, like Gecko) Mobile Safari/537.36 (compatible; Bytespider; https://zhanzhang.toutiao.com/)"
111.225.149.100 - - [13/Jun/2025:21:56:48 -0400] "GET /robots.txt HTTP/1.0" 302 223 "-" "Mozilla/5.0 (Linux; Android 5.0) AppleWebKit/537.36 (KHTML, like Gecko) Mobile Safari/537.36 (compatible; Bytespider; https://zhanzhang.toutiao.com/)"
111.225.149.100 - - [13/Jun/2025:21:56:48 -0400] "GET /robots.txt HTTP/1.0" 302 223 "-" "Mozilla/5.0 (Linux; Android 5.0) AppleWebKit/537.36 (KHTML, like Gecko) Mobile Safari/537.36 (compatible; Bytespider; https://zhanzhang.toutiao.com/)"
111.225.149.100 - - [13/Jun/2025:21:56:48 -0400] "GET /robots.txt HTTP/1.0" 302 223 "-" "Mozilla/5.0 (Linux; Android 5.0) AppleWebKit/537.36 (KHTML, like Gecko) Mobile Safari/537.36 (compatible; Bytespider; https://zhanzhang.toutiao.com/)"
111.225.149.100 - - [13/Jun/2025:21:56:48 -0400] "GET /robots.txt HTTP/1.0" 302 223 "-" "Mozilla/5.0 (Linux; Android 5.0) AppleWebKit/537.36 (KHTML, like Gecko) Mobile Safari/537.36 (compatible; Bytespider; https://zhanzhang.toutiao.com/)"
111.225.149.100 - - [13/Jun/2025:21:56:48 -0400] "GET /robots.txt HTTP/1.0" 302 223 "-" "Mozilla/5.0 (Linux; Android 5.0) AppleWebKit/537.36 (KHTML, like Gecko) Mobile Safari/537.36 (compatible; Bytespider; https://zhanzhang.toutiao.com/)"
111.225.149.100 - - [13/Jun/2025:21:56:48 -0400] "GET /robots.txt HTTP/1.0" 302 223 "-" "Mozilla/5.0 (Linux; Android 5.0) AppleWebKit/537.36 (KHTML, like Gecko) Mobile Safari/537.36 (compatible; Bytespider; https://zhanzhang.toutiao.com/)"
111.225.149.100 - - [13/Jun/2025:21:56:48 -0400] "GET /robots.txt HTTP/1.0" 302 223 "-" "Mozilla/5.0 (Linux; Android 5.0) AppleWebKit/537.36 (KHTML, like Gecko) Mobile Safari/537.36 (compatible; Bytespider; https://zhanzhang.toutiao.com/)"
111.225.149.100 - - [13/Jun/2025:21:56:48 -0400] "GET /robots.txt HTTP/1.0" 302 223 "-" "Mozilla/5.0 (Linux; Android 5.0) AppleWebKit/537.36 (KHTML, like Gecko) Mobile Safari/537.36 (compatible; Bytespider; https://zhanzhang.toutiao.com/)"
111.225.149.100 - - [13/Jun/2025:21:56:48 -0400] "GET /robots.txt HTTP/1.0" 302 223 "-" "Mozilla/5.0 (Linux; Android 5.0) AppleWebKit/537.36 (KHTML, like Gecko) Mobile Safari/537.36 (compatible; Bytespider; https://zhanzhang.toutiao.com/)"
111.225.149.100 - - [13/Jun/2025:21:56:48 -0400] "GET /robots.txt HTTP/1.0" 302 223 "-" "Mozilla/5.0 (Linux; Android 5.0) AppleWebKit/537.36 (KHTML, like Gecko) Mobile Safari/537.36 (compatible; Bytespider; https://zhanzhang.toutiao.com/)"
111.225.149.100 - - [13/Jun/2025:21:56:48 -0400] "GET /robots.txt HTTP/1.0" 302 223 "-" "Mozilla/5.0 (Linux; Android 5.0) AppleWebKit/537.36 (KHTML, like Gecko) Mobile Safari/537.36 (compatible; Bytespider; https://zhanzhang.toutiao.com/)"
111.225.149.100 - - [13/Jun/2025:21:56:48 -0400] "GET /robots.txt HTTP/1.0" 302 223 "-" "Mozilla/5.0 (Linux; Android 5.0) AppleWebKit/537.36 (KHTML, like Gecko) Mobile Safari/537.36 (compatible; Bytespider; https://zhanzhang.toutiao.com/)"
111.225.149.95 - - [13/Jun/2025:21:56:49 -0400] "GET /RICH/robots.txt HTTP/1.0" 404 575 "-" "Mozilla/5.0 (Linux; Android 5.0) AppleWebKit/537.36 (KHTML, like Gecko) Mobile Safari/537.36 (compatible; Bytespider; https://zhanzhang.toutiao.com/)"
111.225.149.100 - - [13/Jun/2025:21:56:48 -0400] "GET /robots.txt HTTP/1.0" 302 223 "-" "Mozilla/5.0 (Linux; Android 5.0) AppleWebKit/537.36 (KHTML, like Gecko) Mobile Safari/537.36 (compatible; Bytespider; https://zhanzhang.toutiao.com/)"
111.225.149.95 - - [13/Jun/2025:21:56:49 -0400] "GET /RICH/robots.txt HTTP/1.0" 404 575 "-" "Mozilla/5.0 (Linux; Android 5.0) AppleWebKit/537.36 (KHTML, like Gecko) Mobile Safari/537.36 (compatible; Bytespider; https://zhanzhang.toutiao.com/)"
111.225.149.100 - - [13/Jun/2025:21:56:48 -0400] "GET /robots.txt HTTP/1.0" 302 223 "-" "Mozilla/5.0 (Linux; Android 5.0) AppleWebKit/537.36 (KHTML, like Gecko) Mobile Safari/537.36 (compatible; Bytespider; https://zhanzhang.toutiao.com/)"
111.225.149.95 - - [13/Jun/2025:21:56:49 -0400] "GET /RICH/robots.txt HTTP/1.0" 404 575 "-" "Mozilla/5.0 (Linux; Android 5.0) AppleWebKit/537.36 (KHTML, like Gecko) Mobile Safari/537.36 (compatible; Bytespider; https://zhanzhang.toutiao.com/)"
111.225.149.100 - - [13/Jun/2025:21:56:48 -0400] "GET /robots.txt HTTP/1.0" 302 223 "-" "Mozilla/5.0 (Linux; Android 5.0) AppleWebKit/537.36 (KHTML, like Gecko) Mobile Safari/537.36 (compatible; Bytespider; https://zhanzhang.toutiao.com/)"
111.225.149.95 - - [13/Jun/2025:21:56:49 -0400] "GET /RICH/robots.txt HTTP/1.0" 404 575 "-" "Mozilla/5.0 (Linux; Android 5.0) AppleWebKit/537.36 (KHTML, like Gecko) Mobile Safari/537.36 (compatible; Bytespider; https://zhanzhang.toutiao.com/)"
111.225.149.100 - - [13/Jun/2025:21:56:48 -0400] "GET /robots.txt HTTP/1.0" 302 223 "-" "Mozilla/5.0 (Linux; Android 5.0) AppleWebKit/537.36 (KHTML, like Gecko) Mobile Safari/537.36 (compatible; Bytespider; https://zhanzhang.toutiao.com/)"
111.225.149.95 - - [13/Jun/2025:21:56:49 -0400] "GET /RICH/robots.txt HTTP/1.0" 404 575 "-" "Mozilla/5.0 (Linux; Android 5.0) AppleWebKit/537.36 (KHTML, like Gecko) Mobile Safari/537.36 (compatible; Bytespider; https://zhanzhang.toutiao.com/)"
111.225.149.100 - - [13/Jun/2025:21:56:48 -0400] "GET /robots.txt HTTP/1.0" 302 223 "-" "Mozilla/5.0 (Linux; Android 5.0) AppleWebKit/537.36 (KHTML, like Gecko) Mobile Safari/537.36 (compatible; Bytespider; https://zhanzhang.toutiao.com/)"
111.225.149.95 - - [13/Jun/2025:21:56:49 -0400] "GET /RICH/robots.txt HTTP/1.0" 404 575 "-" "Mozilla/5.0 (Linux; Android 5.0) AppleWebKit/537.36 (KHTML, like Gecko) Mobile Safari/537.36 (compatible; Bytespider; https://zhanzhang.toutiao.com/)"
111.225.149.100 - - [13/Jun/2025:21:56:48 -0400] "GET /robots.txt HTTP/1.0" 302 223 "-" "Mozilla/5.0 (Linux; Android 5.0) AppleWebKit/537.36 (KHTML, like Gecko) Mobile Safari/537.36 (compatible; Bytespider; https://zhanzhang.toutiao.com/)"
111.225.149.95 - - [13/Jun/2025:21:56:49 -0400] "GET /RICH/robots.txt HTTP/1.0" 404 575 "-" "Mozilla/5.0 (Linux; Android 5.0) AppleWebKit/537.36 (KHTML, like Gecko) Mobile Safari/537.36 (compatible; Bytespider; https://zhanzhang.toutiao.com/)"
111.225.149.100 - - [13/Jun/2025:21:56:48 -0400] "GET /robots.txt HTTP/1.0" 302 223 "-" "Mozilla/5.0 (Linux; Android 5.0) AppleWebKit/537.36 (KHTML, like Gecko) Mobile Safari/537.36 (compatible; Bytespider; https://zhanzhang.toutiao.com/)"
111.225.149.95 - - [13/Jun/2025:21:56:49 -0400] "GET /RICH/robots.txt HTTP/1.0" 404 575 "-" "Mozilla/5.0 (Linux; Android 5.0) AppleWebKit/537.36 (KHTML, like Gecko) Mobile Safari/537.36 (compatible; Bytespider; https://zhanzhang.toutiao.com/)"
111.225.149.100 - - [13/Jun/2025:21:56:48 -0400] "GET /robots.txt HTTP/1.0" 302 223 "-" "Mozilla/5.0 (Linux; Android 5.0) AppleWebKit/537.36 (KHTML, like Gecko) Mobile Safari/537.36 (compatible; Bytespider; https://zhanzhang.toutiao.com/)"
111.225.149.95 - - [13/Jun/2025:21:56:49 -0400] "GET /RICH/robots.txt HTTP/1.0" 404 575 "-" "Mozilla/5.0 (Linux; Android 5.0) AppleWebKit/537.36 (KHTML, like Gecko) Mobile Safari/537.36 (compatible; Bytespider; https://zhanzhang.toutiao.com/)"
111.225.149.100 - - [13/Jun/2025:21:56:48 -0400] "GET /robots.txt HTTP/1.0" 302 223 "-" "Mozilla/5.0 (Linux; Android 5.0) AppleWebKit/537.36 (KHTML, like Gecko) Mobile Safari/537.36 (compatible; Bytespider; https://zhanzhang.toutiao.com/)"
111.225.149.95 - - [13/Jun/2025:21:56:49 -0400] "GET /RICH/robots.txt HTTP/1.0" 404 575 "-" "Mozilla/5.0 (Linux; Android 5.0) AppleWebKit/537.36 (KHTML, like Gecko) Mobile Safari/537.36 (compatible; Bytespider; https://zhanzhang.toutiao.com/)"
111.225.149.100 - - [13/Jun/2025:21:56:48 -0400] "GET /robots.txt HTTP/1.0" 302 223 "-" "Mozilla/5.0 (Linux; Android 5.0) AppleWebKit/537.36 (KHTML, like Gecko) Mobile Safari/537.36 (compatible; Bytespider; https://zhanzhang.toutiao.com/)"
111.225.149.95 - - [13/Jun/2025:21:56:49 -0400] "GET /RICH/robots.txt HTTP/1.0" 404 575 "-" "Mozilla/5.0 (Linux; Android 5.0) AppleWebKit/537.36 (KHTML, like Gecko) Mobile Safari/537.36 (compatible; Bytespider; https://zhanzhang.toutiao.com/)"
111.225.149.100 - - [13/Jun/2025:21:56:48 -0400] "GET /robots.txt HTTP/1.0" 302 223 "-" "Mozilla/5.0 (Linux; Android 5.0) AppleWebKit/537.36 (KHTML, like Gecko) Mobile Safari/537.36 (compatible; Bytespider; https://zhanzhang.toutiao.com/)"
111.225.149.95 - - [13/Jun/2025:21:56:49 -0400] "GET /RICH/robots.txt HTTP/1.0" 404 575 "-" "Mozilla/5.0 (Linux; Android 5.0) AppleWebKit/537.36 (KHTML, like Gecko) Mobile Safari/537.36 (compatible; Bytespider; https://zhanzhang.toutiao.com/)"
111.225.149.100 - - [13/Jun/2025:21:56:48 -0400] "GET /robots.txt HTTP/1.0" 302 223 "-" "Mozilla/5.0 (Linux; Android 5.0) AppleWebKit/537.36 (KHTML, like Gecko) Mobile Safari/537.36 (compatible; Bytespider; https://zhanzhang.toutiao.com/)"
111.225.149.95 - - [13/Jun/2025:21:56:49 -0400] "GET /RICH/robots.txt HTTP/1.0" 404 575 "-" "Mozilla/5.0 (Linux; Android 5.0) AppleWebKit/537.36 (KHTML, like Gecko) Mobile Safari/537.36 (compatible; Bytespider; https://zhanzhang.toutiao.com/)"
111.225.149.100 - - [13/Jun/2025:21:56:48 -0400] "GET /robots.txt HTTP/1.0" 302 223 "-" "Mozilla/5.0 (Linux; Android 5.0) AppleWebKit/537.36 (KHTML, like Gecko) Mobile Safari/537.36 (compatible; Bytespider; https://zhanzhang.toutiao.com/)"
111.225.149.95 - - [13/Jun/2025:21:56:49 -0400] "GET /RICH/robots.txt HTTP/1.0" 404 575 "-" "Mozilla/5.0 (Linux; Android 5.0) AppleWebKit/537.36 (KHTML, like Gecko) Mobile Safari/537.36 (compatible; Bytespider; https://zhanzhang.toutiao.com/)"
111.225.149.100 - - [13/Jun/2025:21:56:48 -0400] "GET /robots.txt HTTP/1.0" 302 223 "-" "Mozilla/5.0 (Linux; Android 5.0) AppleWebKit/537.36 (KHTML, like Gecko) Mobile Safari/537.36 (compatible; Bytespider; https://zhanzhang.toutiao.com/)"
111.225.149.95 - - [13/Jun/2025:21:56:49 -0400] "GET /RICH/robots.txt HTTP/1.0" 404 575 "-" "Mozilla/5.0 (Linux; Android 5.0) AppleWebKit/537.36 (KHTML, like Gecko) Mobile Safari/537.36 (compatible; Bytespider; https://zhanzhang.toutiao.com/)"
111.225.149.100 - - [13/Jun/2025:21:56:48 -0400] "GET /robots.txt HTTP/1.0" 302 223 "-" "Mozilla/5.0 (Linux; Android 5.0) AppleWebKit/537.36 (KHTML, like Gecko) Mobile Safari/537.36 (compatible; Bytespider; https://zhanzhang.toutiao.com/)"
111.225.149.95 - - [13/Jun/2025:21:56:49 -0400] "GET /RICH/robots.txt HTTP/1.0" 404 575 "-" "Mozilla/5.0 (Linux; Android 5.0) AppleWebKit/537.36 (KHTML, like Gecko) Mobile Safari/537.36 (compatible; Bytespider; https://zhanzhang.toutiao.com/)"
111.225.149.100 - - [13/Jun/2025:21:56:48 -0400] "GET /robots.txt HTTP/1.0" 302 223 "-" "Mozilla/5.0 (Linux; Android 5.0) AppleWebKit/537.36 (KHTML, like Gecko) Mobile Safari/537.36 (compatible; Bytespider; https://zhanzhang.toutiao.com/)"
111.225.149.95 - - [13/Jun/2025:21:56:49 -0400] "GET /RICH/robots.txt HTTP/1.0" 404 575 "-" "Mozilla/5.0 (Linux; Android 5.0) AppleWebKit/537.36 (KHTML, like Gecko) Mobile Safari/537.36 (compatible; Bytespider; https://zhanzhang.toutiao.com/)"
111.225.149.100 - - [13/Jun/2025:21:56:48 -0400] "GET /robots.txt HTTP/1.0" 302 223 "-" "Mozilla/5.0 (Linux; Android 5.0) AppleWebKit/537.36 (KHTML, like Gecko) Mobile Safari/537.36 (compatible; Bytespider; https://zhanzhang.toutiao.com/)"
111.225.149.95 - - [13/Jun/2025:21:56:49 -0400] "GET /RICH/robots.txt HTTP/1.0" 404 575 "-" "Mozilla/5.0 (Linux; Android 5.0) AppleWebKit/537.36 (KHTML, like Gecko) Mobile Safari/537.36 (compatible; Bytespider; https://zhanzhang.toutiao.com/)"
111.225.149.100 - - [13/Jun/2025:21:56:48 -0400] "GET /robots.txt HTTP/1.0" 302 223 "-" "Mozilla/5.0 (Linux; Android 5.0) AppleWebKit/537.36 (KHTML, like Gecko) Mobile Safari/537.36 (compatible; Bytespider; https://zhanzhang.toutiao.com/)"
111.225.149.95 - - [13/Jun/2025:21:56:49 -0400] "GET /RICH/robots.txt HTTP/1.0" 404 575 "-" "Mozilla/5.0 (Linux; Android 5.0) AppleWebKit/537.36 (KHTML, like Gecko) Mobile Safari/537.36 (compatible; Bytespider; https://zhanzhang.toutiao.com/)"
111.225.149.100 - - [13/Jun/2025:21:56:48 -0400] "GET /robots.txt HTTP/1.0" 302 223 "-" "Mozilla/5.0 (Linux; Android 5.0) AppleWebKit/537.36 (KHTML, like Gecko) Mobile Safari/537.36 (compatible; Bytespider; https://zhanzhang.toutiao.com/)"
111.225.149.95 - - [13/Jun/2025:21:56:49 -0400] "GET /RICH/robots.txt HTTP/1.0" 404 575 "-" "Mozilla/5.0 (Linux; Android 5.0) AppleWebKit/537.36 (KHTML, like Gecko) Mobile Safari/537.36 (compatible; Bytespider; https://zhanzhang.toutiao.com/)"
111.225.149.100 - - [13/Jun/2025:21:56:48 -0400] "GET /robots.txt HTTP/1.0" 302 223 "-" "Mozilla/5.0 (Linux; Android 5.0) AppleWebKit/537.36 (KHTML, like Gecko) Mobile Safari/537.36 (compatible; Bytespider; https://zhanzhang.toutiao.com/)"
111.225.149.95 - - [13/Jun/2025:21:56:49 -0400] "GET /RICH/robots.txt HTTP/1.0" 404 575 "-" "Mozilla/5.0 (Linux; Android 5.0) AppleWebKit/537.36 (KHTML, like Gecko) Mobile Safari/537.36 (compatible; Bytespider; https://zhanzhang.toutiao.com/)"
111.225.149.100 - - [13/Jun/2025:21:56:48 -0400] "GET /robots.txt HTTP/1.0" 302 223 "-" "Mozilla/5.0 (Linux; Android 5.0) AppleWebKit/537.36 (KHTML, like Gecko) Mobile Safari/537.36 (compatible; Bytespider; https://zhanzhang.toutiao.com/)"
111.225.149.95 - - [13/Jun/2025:21:56:49 -0400] "GET /RICH/robots.txt HTTP/1.0" 404 575 "-" "Mozilla/5.0 (Linux; Android 5.0) AppleWebKit/537.36 (KHTML, like Gecko) Mobile Safari/537.36 (compatible; Bytespider; https://zhanzhang.toutiao.com/)"
111.225.149.100 - - [13/Jun/2025:21:56:48 -0400] "GET /robots.txt HTTP/1.0" 302 223 "-" "Mozilla/5.0 (Linux; Android 5.0) AppleWebKit/537.36 (KHTML, like Gecko) Mobile Safari/537.36 (compatible; Bytespider; https://zhanzhang.toutiao.com/)"
111.225.149.95 - - [13/Jun/2025:21:56:49 -0400] "GET /RICH/robots.txt HTTP/1.0" 404 575 "-" "Mozilla/5.0 (Linux; Android 5.0) AppleWebKit/537.36 (KHTML, like Gecko) Mobile Safari/537.36 (compatible; Bytespider; https://zhanzhang.toutiao.com/)"
111.225.149.95 - - [13/Jun/2025:21:56:49 -0400] "GET /RICH/robots.txt HTTP/1.0" 404 575 "-" "Mozilla/5.0 (Linux; Android 5.0) AppleWebKit/537.36 (KHTML, like Gecko) Mobile Safari/537.36 (compatible; Bytespider; https://zhanzhang.toutiao.com/)"
111.225.149.95 - - [13/Jun/2025:21:56:49 -0400] "GET /RICH/robots.txt HTTP/1.0" 404 575 "-" "Mozilla/5.0 (Linux; Android 5.0) AppleWebKit/537.36 (KHTML, like Gecko) Mobile Safari/537.36 (compatible; Bytespider; https://zhanzhang.toutiao.com/)"
111.225.149.95 - - [13/Jun/2025:21:56:49 -0400] "GET /RICH/robots.txt HTTP/1.0" 404 575 "-" "Mozilla/5.0 (Linux; Android 5.0) AppleWebKit/537.36 (KHTML, like Gecko) Mobile Safari/537.36 (compatible; Bytespider; https://zhanzhang.toutiao.com/)"
111.225.149.95 - - [13/Jun/2025:21:56:49 -0400] "GET /RICH/robots.txt HTTP/1.0" 404 575 "-" "Mozilla/5.0 (Linux; Android 5.0) AppleWebKit/537.36 (KHTML, like Gecko) Mobile Safari/537.36 (compatible; Bytespider; https://zhanzhang.toutiao.com/)"
66.249.66.35 - - [14/Jun/2025:07:30:21 -0400] "GET / HTTP/1.0" 302 213 "-" "Mozilla/5.0 (compatible; Googlebot/2.1; +http://www.google.com/bot.html)"
66.249.66.35 - - [14/Jun/2025:07:30:21 -0400] "GET / HTTP/1.0" 302 213 "-" "Mozilla/5.0 (compatible; Googlebot/2.1; +http://www.google.com/bot.html)"
66.249.66.35 - - [14/Jun/2025:07:30:21 -0400] "GET / HTTP/1.0" 302 213 "-" "Mozilla/5.0 (compatible; Googlebot/2.1; +http://www.google.com/bot.html)"
66.249.66.35 - - [14/Jun/2025:07:30:21 -0400] "GET / HTTP/1.0" 302 213 "-" "Mozilla/5.0 (compatible; Googlebot/2.1; +http://www.google.com/bot.html)"
66.249.66.35 - - [14/Jun/2025:07:30:21 -0400] "GET / HTTP/1.0" 302 213 "-" "Mozilla/5.0 (compatible; Googlebot/2.1; +http://www.google.com/bot.html)"
66.249.66.35 - - [14/Jun/2025:07:30:21 -0400] "GET / HTTP/1.0" 302 213 "-" "Mozilla/5.0 (compatible; Googlebot/2.1; +http://www.google.com/bot.html)"
66.249.66.35 - - [14/Jun/2025:07:30:21 -0400] "GET / HTTP/1.0" 302 213 "-" "Mozilla/5.0 (compatible; Googlebot/2.1; +http://www.google.com/bot.html)"
66.249.66.35 - - [14/Jun/2025:07:30:21 -0400] "GET / HTTP/1.0" 302 213 "-" "Mozilla/5.0 (compatible; Googlebot/2.1; +http://www.google.com/bot.html)"
66.249.66.35 - - [14/Jun/2025:07:30:21 -0400] "GET / HTTP/1.0" 302 213 "-" "Mozilla/5.0 (compatible; Googlebot/2.1; +http://www.google.com/bot.html)"
66.249.66.35 - - [14/Jun/2025:07:30:21 -0400] "GET / HTTP/1.0" 302 213 "-" "Mozilla/5.0 (compatible; Googlebot/2.1; +http://www.google.com/bot.html)"
66.249.66.35 - - [14/Jun/2025:07:30:21 -0400] "GET / HTTP/1.0" 302 213 "-" "Mozilla/5.0 (compatible; Googlebot/2.1; +http://www.google.com/bot.html)"
66.249.66.35 - - [14/Jun/2025:07:30:21 -0400] "GET / HTTP/1.0" 302 213 "-" "Mozilla/5.0 (compatible; Googlebot/2.1; +http://www.google.com/bot.html)"
66.249.66.35 - - [14/Jun/2025:07:30:21 -0400] "GET / HTTP/1.0" 302 213 "-" "Mozilla/5.0 (compatible; Googlebot/2.1; +http://www.google.com/bot.html)"
66.249.66.35 - - [14/Jun/2025:07:30:21 -0400] "GET / HTTP/1.0" 302 213 "-" "Mozilla/5.0 (compatible; Googlebot/2.1; +http://www.google.com/bot.html)"
66.249.66.35 - - [14/Jun/2025:07:30:21 -0400] "GET / HTTP/1.0" 302 213 "-" "Mozilla/5.0 (compatible; Googlebot/2.1; +http://www.google.com/bot.html)"
66.249.66.35 - - [14/Jun/2025:07:30:21 -0400] "GET / HTTP/1.0" 302 213 "-" "Mozilla/5.0 (compatible; Googlebot/2.1; +http://www.google.com/bot.html)"
66.249.66.35 - - [14/Jun/2025:07:30:21 -0400] "GET / HTTP/1.0" 302 213 "-" "Mozilla/5.0 (compatible; Googlebot/2.1; +http://www.google.com/bot.html)"
66.249.66.35 - - [14/Jun/2025:07:30:21 -0400] "GET / HTTP/1.0" 302 213 "-" "Mozilla/5.0 (compatible; Googlebot/2.1; +http://www.google.com/bot.html)"
66.249.66.35 - - [14/Jun/2025:07:30:21 -0400] "GET / HTTP/1.0" 302 213 "-" "Mozilla/5.0 (compatible; Googlebot/2.1; +http://www.google.com/bot.html)"
66.249.66.66 - - [14/Jun/2025:07:30:23 -0400] "GET /RICH/ HTTP/1.0" 200 64636 "-" "Mozilla/5.0 (compatible; Googlebot/2.1; +http://www.google.com/bot.html)"
66.249.66.35 - - [14/Jun/2025:07:30:21 -0400] "GET / HTTP/1.0" 302 213 "-" "Mozilla/5.0 (compatible; Googlebot/2.1; +http://www.google.com/bot.html)"
66.249.66.66 - - [14/Jun/2025:07:30:23 -0400] "GET /RICH/ HTTP/1.0" 200 64636 "-" "Mozilla/5.0 (compatible; Googlebot/2.1; +http://www.google.com/bot.html)"
66.249.66.35 - - [14/Jun/2025:07:30:21 -0400] "GET / HTTP/1.0" 302 213 "-" "Mozilla/5.0 (compatible; Googlebot/2.1; +http://www.google.com/bot.html)"
66.249.66.66 - - [14/Jun/2025:07:30:23 -0400] "GET /RICH/ HTTP/1.0" 200 64636 "-" "Mozilla/5.0 (compatible; Googlebot/2.1; +http://www.google.com/bot.html)"
66.249.66.35 - - [14/Jun/2025:07:30:21 -0400] "GET / HTTP/1.0" 302 213 "-" "Mozilla/5.0 (compatible; Googlebot/2.1; +http://www.google.com/bot.html)"
66.249.66.66 - - [14/Jun/2025:07:30:23 -0400] "GET /RICH/ HTTP/1.0" 200 64636 "-" "Mozilla/5.0 (compatible; Googlebot/2.1; +http://www.google.com/bot.html)"
66.249.66.35 - - [14/Jun/2025:07:30:21 -0400] "GET / HTTP/1.0" 302 213 "-" "Mozilla/5.0 (compatible; Googlebot/2.1; +http://www.google.com/bot.html)"
66.249.66.66 - - [14/Jun/2025:07:30:23 -0400] "GET /RICH/ HTTP/1.0" 200 64636 "-" "Mozilla/5.0 (compatible; Googlebot/2.1; +http://www.google.com/bot.html)"
66.249.66.66 - - [14/Jun/2025:07:30:23 -0400] "GET /RICH/ HTTP/1.0" 200 64636 "-" "Mozilla/5.0 (compatible; Googlebot/2.1; +http://www.google.com/bot.html)"
66.249.66.66 - - [14/Jun/2025:07:30:23 -0400] "GET /RICH/ HTTP/1.0" 200 64636 "-" "Mozilla/5.0 (compatible; Googlebot/2.1; +http://www.google.com/bot.html)"
66.249.66.66 - - [14/Jun/2025:07:30:23 -0400] "GET /RICH/ HTTP/1.0" 200 64636 "-" "Mozilla/5.0 (compatible; Googlebot/2.1; +http://www.google.com/bot.html)"
66.249.66.66 - - [14/Jun/2025:07:30:23 -0400] "GET /RICH/ HTTP/1.0" 200 64636 "-" "Mozilla/5.0 (compatible; Googlebot/2.1; +http://www.google.com/bot.html)"
66.249.66.66 - - [14/Jun/2025:07:30:23 -0400] "GET /RICH/ HTTP/1.0" 200 64636 "-" "Mozilla/5.0 (compatible; Googlebot/2.1; +http://www.google.com/bot.html)"
66.249.66.66 - - [14/Jun/2025:07:30:23 -0400] "GET /RICH/ HTTP/1.0" 200 64636 "-" "Mozilla/5.0 (compatible; Googlebot/2.1; +http://www.google.com/bot.html)"
66.249.66.66 - - [14/Jun/2025:07:30:23 -0400] "GET /RICH/ HTTP/1.0" 200 64636 "-" "Mozilla/5.0 (compatible; Googlebot/2.1; +http://www.google.com/bot.html)"
66.249.66.66 - - [14/Jun/2025:07:30:23 -0400] "GET /RICH/ HTTP/1.0" 200 64636 "-" "Mozilla/5.0 (compatible; Googlebot/2.1; +http://www.google.com/bot.html)"
170.106.160.90 - - [18/Jun/2025:08:04:02 -0400] "GET / HTTP/1.0" 302 213 "-" "Mozilla/5.0 (iPhone; CPU iPhone OS 13_2_3 like Mac OS X) AppleWebKit/605.1.15 (KHTML, like Gecko) Version/13.0.3 Mobile/15E148 Safari/604.1"
69.171.249.8 - - [14/Jun/2025:05:27:50 -0400] "GET /RICH/robots.txt HTTP/1.0" 404 575 "-" "facebookexternalhit/1.1 (+http://www.facebook.com/externalhit_uatext.php)"
69.171.249.8 - - [14/Jun/2025:05:27:50 -0400] "GET /RICH/robots.txt HTTP/1.0" 404 575 "-" "facebookexternalhit/1.1 (+http://www.facebook.com/externalhit_uatext.php)"
69.171.249.8 - - [14/Jun/2025:05:27:50 -0400] "GET /RICH/robots.txt HTTP/1.0" 404 575 "-" "facebookexternalhit/1.1 (+http://www.facebook.com/externalhit_uatext.php)"
69.171.249.8 - - [14/Jun/2025:05:27:50 -0400] "GET /RICH/robots.txt HTTP/1.0" 404 575 "-" "facebookexternalhit/1.1 (+http://www.facebook.com/externalhit_uatext.php)"
69.171.249.8 - - [14/Jun/2025:05:27:50 -0400] "GET /RICH/robots.txt HTTP/1.0" 404 575 "-" "facebookexternalhit/1.1 (+http://www.facebook.com/externalhit_uatext.php)"
69.171.249.8 - - [14/Jun/2025:05:27:50 -0400] "GET /RICH/robots.txt HTTP/1.0" 404 575 "-" "facebookexternalhit/1.1 (+http://www.facebook.com/externalhit_uatext.php)"
69.171.249.8 - - [14/Jun/2025:05:27:50 -0400] "GET /RICH/robots.txt HTTP/1.0" 404 575 "-" "facebookexternalhit/1.1 (+http://www.facebook.com/externalhit_uatext.php)"
69.171.249.8 - - [14/Jun/2025:05:27:50 -0400] "GET /RICH/robots.txt HTTP/1.0" 404 575 "-" "facebookexternalhit/1.1 (+http://www.facebook.com/externalhit_uatext.php)"
69.171.249.8 - - [14/Jun/2025:05:27:50 -0400] "GET /RICH/robots.txt HTTP/1.0" 404 575 "-" "facebookexternalhit/1.1 (+http://www.facebook.com/externalhit_uatext.php)"
69.171.249.8 - - [14/Jun/2025:05:27:50 -0400] "GET /RICH/robots.txt HTTP/1.0" 404 575 "-" "facebookexternalhit/1.1 (+http://www.facebook.com/externalhit_uatext.php)"
69.171.249.8 - - [14/Jun/2025:05:27:50 -0400] "GET /RICH/robots.txt HTTP/1.0" 404 575 "-" "facebookexternalhit/1.1 (+http://www.facebook.com/externalhit_uatext.php)"
