114.119.133.53 - - [11/Sep/2020:02:21:59 -0400] "GET /RICH/annual-reports.html HTTP/1.0" 200 10564 "-" "Mozilla/5.0 (Linux; Android 7.0;) AppleWebKit/537.36 (KHTML, like Gecko) Mobile Safari/537.36 (compatible; PetalBot;+http://aspiegel.com/petalbot)"
45.57.218.177 - - [11/Sep/2020:02:54:44 -0400] "GET / HTTP/1.0" 302 213 "-" "Opera/9.80 (Macintosh; Intel Mac OS X 10.4.11; U; en) Presto/2.7.62 Version/11.00"
69.30.226.234 - - [11/Sep/2020:03:26:07 -0400] "GET /robots.txt HTTP/1.0" 302 223 "-" "Mozilla/5.0 (compatible; MJ12bot/v1.4.8; http://mj12bot.com/)"
157.55.39.72 - - [11/Sep/2020:04:16:52 -0400] "GET /RICH/ HTTP/1.0" 200 52711 "-" "Mozilla/5.0 (compatible; bingbot/2.0; +http://www.bing.com/bingbot.htm)"
220.181.77.162 - - [11/Sep/2020:04:18:26 -0400] "GET /RICH/ HTTP/1.0" 200 52711 "http://richinc.org" "Mozilla/5.0 (Linux; U; Android 1.1; en-gb; dream) AppleWebKit/525.10 (KHTML, like Gecko) Version/3.0.4 Mobile Safari/523.12.2"
216.218.191.227 - - [11/Sep/2020:06:55:03 -0400] "GET /RICH/css/animate.css HTTP/1.0" 200 77748 "https://www.richinc.org/RICH/parents-investment-alliance.html" "Mozilla/5.0 (X11; Ubuntu; Linux x86_64) AppleWebKit/537.36 (KHTML, like Gecko) Chrome/80.0.3987.0 Safari/537.36"
216.218.191.227 - - [11/Sep/2020:06:55:04 -0400] "GET /RICH/js/main.js HTTP/1.0" 200 7761 "https://www.richinc.org/RICH/parents-investment-alliance.html" "Mozilla/5.0 (X11; Ubuntu; Linux x86_64) AppleWebKit/537.36 (KHTML, like Gecko) Chrome/80.0.3987.0 Safari/537.36"
216.218.191.227 - - [11/Sep/2020:06:55:06 -0400] "GET /RICH/images/parents-image1.png HTTP/1.0" 200 263946 "https://www.richinc.org/RICH/parents-investment-alliance.html" "Mozilla/5.0 (X11; Ubuntu; Linux x86_64) AppleWebKit/537.36 (KHTML, like Gecko) Chrome/80.0.3987.0 Safari/537.36"
216.218.191.227 - - [11/Sep/2020:06:55:07 -0400] "GET /RICH/images/parents-image1.png HTTP/1.0" 200 263946 "https://www.richinc.org/RICH/parents-investment-alliance.html" "Mozilla/5.0 (X11; Ubuntu; Linux x86_64) AppleWebKit/537.36 (KHTML, like Gecko) Chrome/80.0.3987.0 Safari/537.36"
66.249.66.214 - - [11/Sep/2020:07:06:14 -0400] "GET /RICH/cdn-cgi/scripts/5c5dd728/cloudflare-static/email-decode.min.js HTTP/1.0" 404 575 "https://www.richinc.org/RICH/graduate-testimonials.html" "Mozilla/5.0 (Linux; Android 6.0.1; Nexus 5X Build/MMB29P) AppleWebKit/537.36 (KHTML, like Gecko) Chrome/85.0.4183.105 Mobile Safari/537.36 (compatible; Googlebot/2.1; +http://www.google.com/bot.html)"
34.76.201.137 - - [11/Sep/2020:07:09:17 -0400] "GET /RICH/ HTTP/1.0" 200 52711 "-" "Apache-HttpClient/4.5.5 (Java/1.8.0_151)"
114.119.133.53 - - [11/Sep/2020:07:14:13 -0400] "GET /RICH/projectsnack.html HTTP/1.0" 200 18989 "-" "Mozilla/5.0 (Linux; Android 7.0;) AppleWebKit/537.36 (KHTML, like Gecko) Mobile Safari/537.36 (compatible; PetalBot;+http://aspiegel.com/petalbot)"
184.154.36.170 - - [11/Sep/2020:07:25:15 -0400] "GET /RICH/Account/portal-home.html?=1 HTTP/1.0" 200 18428 "http://www.google.com/url?url=www.richinc.org&yahoo.com" "Mozilla/5.0 (compatible; MSIE 9.0; Windows NT 6.1; WOW64; Trident/6.0)"
184.154.36.170 - - [11/Sep/2020:07:25:22 -0400] "GET /RICH/js/jquery.countdown.min.js HTTP/1.0" 200 5339 "-" "SiteLockSpider [en] (WinNT; I ;Nav)"
184.154.36.170 - - [11/Sep/2020:07:25:28 -0400] "GET /RICH/js/main.js HTTP/1.0" 200 7761 "-" "SiteLockSpider [en] (WinNT; I ;Nav)"
184.154.36.170 - - [11/Sep/2020:07:25:33 -0400] "GET /RICH/GoogleClassroom/oauth2callback.php HTTP/1.0" 200 649 "-" "SiteLockSpider [en] (WinNT; I ;Nav)"
184.154.36.170 - - [11/Sep/2020:07:25:37 -0400] "GET /RICH/index.html HTTP/1.0" 200 52711 "-" "SiteLockSpider [en] (WinNT; I ;Nav)"
184.154.36.170 - - [11/Sep/2020:07:25:38 -0400] "GET /RICH/page3.html HTTP/1.0" 200 49217 "-" "SiteLockSpider [en] (WinNT; I ;Nav)"
184.154.36.170 - - [11/Sep/2020:07:25:39 -0400] "GET /RICH/css/animate.css HTTP/1.0" 200 77748 "-" "SiteLockSpider [en] (WinNT; I ;Nav)"
184.154.36.170 - - [11/Sep/2020:07:25:41 -0400] "GET /RICH/css/bot.css HTTP/1.0" 200 1399 "-" "SiteLockSpider [en] (WinNT; I ;Nav)"
184.154.36.170 - - [11/Sep/2020:07:25:41 -0400] "GET /RICH/css/aos.css HTTP/1.0" 200 25983 "-" "SiteLockSpider [en] (WinNT; I ;Nav)"
184.154.36.170 - - [11/Sep/2020:07:25:42 -0400] "GET /RICH/js/main.js HTTP/1.0" 200 7761 "-" "SiteLockSpider [en] (WinNT; I ;Nav)"
66.160.140.184 - - [11/Sep/2020:07:38:57 -0400] "GET /robots.txt HTTP/1.0" 302 223 "-" "The Knowledge AI"
207.46.13.164 - - [11/Sep/2020:08:17:14 -0400] "GET /blog/2012/01/20/parent-investment-alliance/ HTTP/1.0" 302 256 "-" "Mozilla/5.0 (compatible; bingbot/2.0; +http://www.bing.com/bingbot.htm)"
207.46.13.164 - - [11/Sep/2020:08:28:08 -0400] "GET /blog/2011/12/30/chenille-coston-rich-graduate/ HTTP/1.0" 302 259 "-" "Mozilla/5.0 (compatible; bingbot/2.0; +http://www.bing.com/bingbot.htm)"
162.253.129.171 - - [11/Sep/2020:08:55:13 -0400] "GET /RICH/contact-us.html HTTP/1.0" 200 13639 "https://www.richinc.org/RICH/contact-us.html" "Mozilla/5.0 (Macintosh; Intel Mac OS X 10_12_0) AppleWebKit/537.36 (KHTML, like Gecko) Chrome/66.0.3359.117 Safari/537.36"
114.119.153.49 - - [11/Sep/2020:09:09:05 -0400] "GET /RICH/page1.html HTTP/1.0" 200 53544 "-" "Mozilla/5.0 (Linux; Android 7.0;) AppleWebKit/537.36 (KHTML, like Gecko) Mobile Safari/537.36 (compatible; PetalBot;+http://aspiegel.com/petalbot)"
62.210.188.218 - - [11/Sep/2020:10:12:53 -0400] "GET /RICH/ HTTP/1.0" 200 52711 "-" "Mozilla/5.0 (compatible; Barkrowler/0.9; +https://babbar.tech/crawler)"
107.178.239.214 - - [11/Sep/2020:11:12:02 -0400] "GET /RICH/fonts/flaticon/font/flaticon.css HTTP/1.0" 200 1250 "https://www.richinc.org/RICH/" "Mozilla/5.0 (X11; Linux x86_64) AppleWebKit/537.36 (KHTML, like Gecko) HeadlessChrome/72.0.3617.0 Safari/537.36"
107.178.239.214 - - [11/Sep/2020:11:12:02 -0400] "GET /RICH/js/popper.min.js HTTP/1.0" 200 20336 "https://www.richinc.org/RICH/" "Mozilla/5.0 (X11; Linux x86_64) AppleWebKit/537.36 (KHTML, like Gecko) HeadlessChrome/72.0.3617.0 Safari/537.36"
107.178.239.214 - - [11/Sep/2020:11:12:02 -0400] "GET /RICH/images/LOGO.png HTTP/1.0" 200 48308 "https://www.richinc.org/RICH/" "Mozilla/5.0 (X11; Linux x86_64) AppleWebKit/537.36 (KHTML, like Gecko) HeadlessChrome/72.0.3617.0 Safari/537.36"
107.178.239.214 - - [11/Sep/2020:11:12:02 -0400] "GET /RICH/js/bootstrap.min.js HTTP/1.0" 200 51039 "https://www.richinc.org/RICH/" "Mozilla/5.0 (X11; Linux x86_64) AppleWebKit/537.36 (KHTML, like Gecko) HeadlessChrome/72.0.3617.0 Safari/537.36"
107.178.239.214 - - [11/Sep/2020:11:12:02 -0400] "GET /RICH/js/owl.carousel.min.js HTTP/1.0" 200 42766 "https://www.richinc.org/RICH/" "Mozilla/5.0 (X11; Linux x86_64) AppleWebKit/537.36 (KHTML, like Gecko) HeadlessChrome/72.0.3617.0 Safari/537.36"
107.178.239.214 - - [11/Sep/2020:11:12:03 -0400] "GET /RICH/js/jquery.magnific-popup.min.js HTTP/1.0" 200 20216 "https://www.richinc.org/RICH/" "Mozilla/5.0 (X11; Linux x86_64) AppleWebKit/537.36 (KHTML, like Gecko) HeadlessChrome/72.0.3617.0 Safari/537.36"
107.178.239.214 - - [11/Sep/2020:11:12:03 -0400] "GET /RICH/js/bootstrap-datepicker.min.js HTTP/1.0" 200 34172 "https://www.richinc.org/RICH/" "Mozilla/5.0 (X11; Linux x86_64) AppleWebKit/537.36 (KHTML, like Gecko) HeadlessChrome/72.0.3617.0 Safari/537.36"
107.178.239.214 - - [11/Sep/2020:11:12:03 -0400] "GET /RICH/image7.jpg HTTP/1.0" 200 568744 "https://www.richinc.org/RICH/" "Mozilla/5.0 (X11; Linux x86_64) AppleWebKit/537.36 (KHTML, like Gecko) HeadlessChrome/72.0.3617.0 Safari/537.36"
107.178.239.214 - - [11/Sep/2020:11:12:03 -0400] "GET /RICH/Image4.jpg HTTP/1.0" 200 2910175 "https://www.richinc.org/RICH/" "Mozilla/5.0 (X11; Linux x86_64) AppleWebKit/537.36 (KHTML, like Gecko) HeadlessChrome/72.0.3617.0 Safari/537.36"
157.55.39.72 - - [11/Sep/2020:15:34:58 -0400] "GET /RICH/ HTTP/1.0" 200 52711 "-" "Mozilla/5.0 (compatible; bingbot/2.0; +http://www.bing.com/bingbot.htm)"
18.236.100.255 - - [11/Sep/2020:15:46:31 -0400] "GET /www3/bofa/ HTTP/1.0" 302 223 "-" "Mozilla/5.0 (Windows NT 6.1; Win64; x64) AppleWebKit/537.36 (KHTML, like Gecko) Chrome/72.0.3626.109 Safari/537.36"
34.73.187.119 - - [11/Sep/2020:15:50:34 -0400] "GET / HTTP/1.0" 302 213 "-" "ZoominfoBot (zoominfobot at zoominfo dot com)"
185.51.228.243 - - [11/Sep/2020:16:00:14 -0400] "GET /RICH/wp-includes/ID3/wp-blog.php HTTP/1.0" 404 575 "-" "Linux Mozilla"
185.51.228.243 - - [11/Sep/2020:16:00:18 -0400] "GET /RICH/wp-content/themes/wp-1ogin_bak.php HTTP/1.0" 404 575 "-" "Linux Mozilla"
185.51.228.243 - - [11/Sep/2020:16:00:18 -0400] "GET /RICH/wp-admin/wp-1ogin_bak.php HTTP/1.0" 404 575 "-" "Linux Mozilla"
185.51.228.243 - - [11/Sep/2020:16:00:19 -0400] "GET /wp-admin/network/wp-1ogin_bak.php HTTP/1.0" 302 246 "-" "Linux Mozilla"
185.51.228.243 - - [11/Sep/2020:16:00:20 -0400] "GET /wp-1ogin_bak.php HTTP/1.0" 302 229 "-" "Linux Mozilla"
207.46.13.48 - - [11/Sep/2020:16:47:22 -0400] "GET /blog/2013/02/22/first-annual-bill-mccreary-living-legend-awards-program/ HTTP/1.0" 302 285 "-" "Mozilla/5.0 (compatible; bingbot/2.0; +http://www.bing.com/bingbot.htm)"
114.119.153.49 - - [11/Sep/2020:16:50:21 -0400] "GET / HTTP/1.0" 302 213 "-" "Mozilla/5.0 (Linux; Android 7.0;) AppleWebKit/537.36 (KHTML, like Gecko) Mobile Safari/537.36 (compatible; PetalBot;+http://aspiegel.com/petalbot)"
114.119.128.253 - - [11/Sep/2020:17:32:02 -0400] "GET /robots.txt HTTP/1.0" 302 223 "-" "(compatible;PetalBot;+http://aspiegel.com/petalbot)"
77.75.76.169 - - [11/Sep/2020:17:52:09 -0400] "GET /robots.txt HTTP/1.0" 302 223 "-" "Mozilla/5.0 (compatible; SeznamBot/3.2; +http://napoveda.seznam.cz/en/seznambot-intro/)"
66.160.140.184 - - [11/Sep/2020:18:07:17 -0400] "GET / HTTP/1.0" 302 213 "-" "The Knowledge AI"
173.69.202.47 - - [11/Sep/2020:18:20:14 -0400] "GET /apple-touch-icon-152x152-precomposed.png HTTP/1.0" 302 253 "-" "MobileSafari/604.1 CFNetwork/978.0.7 Darwin/18.7.0"
173.69.202.47 - - [11/Sep/2020:18:20:15 -0400] "GET /favicon.ico HTTP/1.0" 302 224 "-" "MobileSafari/604.1 CFNetwork/978.0.7 Darwin/18.7.0"
220.181.77.162 - - [11/Sep/2020:18:37:38 -0400] "GET /RICH/images/LOGO.png HTTP/1.0" 200 48308 "https://www.richinc.org/RICH/" "Mozilla/5.0 (Linux; U; Android 1.5; en-us; T-Mobile G1 Build/CRB43) AppleWebKit/528.5 (KHTML, like Gecko) Version/3.1.2 Mobile Safari 525.20.1"
220.181.77.162 - - [11/Sep/2020:18:37:21 -0400] "GET /RICH/Image5.jpg HTTP/1.0" 200 2409299 "https://www.richinc.org/RICH/" "Mozilla/5.0 (Linux; U; Android 1.5; en-us; T-Mobile G1 Build/CRB43) AppleWebKit/528.5 (KHTML, like Gecko) Version/3.1.2 Mobile Safari 525.20.1"
220.181.77.162 - - [11/Sep/2020:18:37:38 -0400] "GET /RICH/Image4.jpg HTTP/1.0" 200 2910175 "https://www.richinc.org/RICH/" "Mozilla/5.0 (Linux; U; Android 1.5; en-us; T-Mobile G1 Build/CRB43) AppleWebKit/528.5 (KHTML, like Gecko) Version/3.1.2 Mobile Safari 525.20.1"
220.181.77.162 - - [11/Sep/2020:18:38:04 -0400] "GET /RICH/css/magnific-popup.css HTTP/1.0" 200 6950 "https://www.richinc.org/RICH/" "Mozilla/5.0 (Linux; U; Android 1.6; en-us; SonyEricssonX10i Build/R1AA056) AppleWebKit/528.5 (KHTML, like Gecko) Version/3.1.2 Mobile Safari/525.20.1"
220.181.77.162 - - [11/Sep/2020:18:38:08 -0400] "GET /RICH/js/jquery-3.3.1.min.js HTTP/1.0" 200 86926 "https://www.richinc.org/RICH/" "Mozilla/5.0 (Linux; U; Android 1.6; en-us; SonyEricssonX10i Build/R1AA056) AppleWebKit/528.5 (KHTML, like Gecko) Version/3.1.2 Mobile Safari/525.20.1"
220.181.77.162 - - [11/Sep/2020:18:38:08 -0400] "GET /RICH/css/jquery-ui.css HTTP/1.0" 200 21738 "https://www.richinc.org/RICH/" "Mozilla/5.0 (Linux; U; Android 1.6; en-us; SonyEricssonX10i Build/R1AA056) AppleWebKit/528.5 (KHTML, like Gecko) Version/3.1.2 Mobile Safari/525.20.1"
220.181.77.162 - - [11/Sep/2020:18:38:13 -0400] "GET /RICH/Image5.jpg HTTP/1.0" 200 2409299 "https://www.richinc.org/RICH/" "Mozilla/5.0 (Linux; U; Android 1.6; en-us; SonyEricssonX10i Build/R1AA056) AppleWebKit/528.5 (KHTML, like Gecko) Version/3.1.2 Mobile Safari/525.20.1"
220.181.77.162 - - [11/Sep/2020:18:38:23 -0400] "GET /RICH/ HTTP/1.0" 200 52711 "http://richinc.org" "Mozilla/5.0 (Linux; U; Android 1.6; en-us; SonyEricssonX10i Build/R1AA056) AppleWebKit/528.5 (KHTML, like Gecko) Version/3.1.2 Mobile Safari/525.20.1"
220.181.77.162 - - [11/Sep/2020:18:38:25 -0400] "GET /RICH/css/owl.theme.default.min.css HTTP/1.0" 200 965 "https://www.richinc.org/RICH/" "Mozilla/5.0 (Linux; U; Android 1.6; en-us; SonyEricssonX10i Build/R1AA056) AppleWebKit/528.5 (KHTML, like Gecko) Version/3.1.2 Mobile Safari/525.20.1"
220.181.77.162 - - [11/Sep/2020:18:38:26 -0400] "GET /RICH/css/animate.css HTTP/1.0" 200 77748 "https://www.richinc.org/RICH/" "Mozilla/5.0 (Linux; U; Android 1.6; en-us; SonyEricssonX10i Build/R1AA056) AppleWebKit/528.5 (KHTML, like Gecko) Version/3.1.2 Mobile Safari/525.20.1"
220.181.77.162 - - [11/Sep/2020:18:38:27 -0400] "GET /RICH/css/aos.css HTTP/1.0" 200 25983 "https://www.richinc.org/RICH/" "Mozilla/5.0 (Linux; U; Android 1.6; en-us; SonyEricssonX10i Build/R1AA056) AppleWebKit/528.5 (KHTML, like Gecko) Version/3.1.2 Mobile Safari/525.20.1"
220.181.77.162 - - [11/Sep/2020:18:38:27 -0400] "GET /RICH/images/LOGO.png HTTP/1.0" 200 48308 "https://www.richinc.org/RICH/" "Mozilla/5.0 (Linux; U; Android 1.6; en-us; SonyEricssonX10i Build/R1AA056) AppleWebKit/528.5 (KHTML, like Gecko) Version/3.1.2 Mobile Safari/525.20.1"
220.181.77.162 - - [11/Sep/2020:18:38:33 -0400] "GET /RICH/image7.jpg HTTP/1.0" 200 568744 "https://www.richinc.org/RICH/" "Mozilla/5.0 (Linux; U; Android 1.6; en-us; SonyEricssonX10i Build/R1AA056) AppleWebKit/528.5 (KHTML, like Gecko) Version/3.1.2 Mobile Safari/525.20.1"
49.7.20.68 - - [11/Sep/2020:19:12:49 -0400] "GET / HTTP/1.0" 302 213 "-" "Sogou web spider/4.0(+http://www.sogou.com/docs/help/webmasters.htm#07)"
183.36.114.97 - - [11/Sep/2020:19:22:30 -0400] "GET /css/aos.css HTTP/1.0" 403 213 "http://richinc.org/" "Mozilla/5.0 (X11; Fedora; Linux x86_64) AppleWebKit/537.36 (KHTML, like Gecko) HeadlessChrome/73.0.3683.86 Safari/537.36"
183.36.115.77 - - [11/Sep/2020:19:22:31 -0400] "GET /css/jquery-ui.css HTTP/1.0" 403 219 "http://richinc.org/" "Mozilla/5.0 (X11; Fedora; Linux x86_64) AppleWebKit/537.36 (KHTML, like Gecko) HeadlessChrome/73.0.3683.86 Safari/537.36"
183.36.114.18 - - [11/Sep/2020:19:22:34 -0400] "GET /css/owl.theme.default.min.css HTTP/1.0" 403 231 "http://richinc.org/" "Mozilla/5.0 (X11; Fedora; Linux x86_64) AppleWebKit/537.36 (KHTML, like Gecko) HeadlessChrome/73.0.3683.86 Safari/537.36"
35.185.87.111 - - [11/Sep/2020:21:42:54 -0400] "GET /RICH/index.html HTTP/1.0" 200 52711 "-" "ZoominfoBot (zoominfobot at zoominfo dot com)"
35.185.87.111 - - [11/Sep/2020:21:50:34 -0400] "GET /RICH/sdlp.html HTTP/1.0" 200 16959 "-" "ZoominfoBot (zoominfobot at zoominfo dot com)"
35.185.87.111 - - [11/Sep/2020:22:02:21 -0400] "GET /RICH/projectsnack.html HTTP/1.0" 200 18989 "-" "ZoominfoBot (zoominfobot at zoominfo dot com)"
123.183.224.26 - - [11/Sep/2020:22:28:34 -0400] "GET /RICH/ HTTP/1.0" 200 52711 "-" "Sogou web spider/4.0(+http://www.sogou.com/docs/help/webmasters.htm#07)"
183.36.114.75 - - [11/Sep/2020:22:52:09 -0400] "GET /css/bootstrap.min.css HTTP/1.0" 403 223 "http://www.richinc.org/" "Mozilla/5.0 (X11; Fedora; Linux x86_64) AppleWebKit/537.36 (KHTML, like Gecko) HeadlessChrome/73.0.3683.86 Safari/537.36"
114.119.135.78 - - [11/Sep/2020:01:03:36 -0400] "GET /robots.txt HTTP/1.0" 302 223 "-" "(compatible;PetalBot;+http://aspiegel.com/petalbot)"
54.187.95.216 - - [11/Sep/2020:01:13:46 -0400] "GET /www3/394d5108b1f616a605b7d305a3a53d69 HTTP/1.0" 302 250 "-" "Mozilla/5.0 (X11; Linux i686; rv:55.0) Gecko/20100101 Firefox/55.0"
114.119.133.53 - - [11/Sep/2020:02:21:58 -0400] "GET /annual-reports.html HTTP/1.0" 302 232 "-" "Mozilla/5.0 (Linux; Android 7.0;) AppleWebKit/537.36 (KHTML, like Gecko) Mobile Safari/537.36 (compatible; PetalBot;+http://aspiegel.com/petalbot)"
23.229.112.203 - - [11/Sep/2020:02:54:39 -0400] "GET / HTTP/1.0" 302 213 "-" "Mozilla/5.0 (Windows NT 6.1; WOW64) AppleWebKit/534.27 (KHTML like Gecko) Chrome/12.0.712.0 Safari/534.27"
220.181.77.162 - - [11/Sep/2020:04:18:27 -0400] "GET /RICH/fonts/icomoon/style.css HTTP/1.0" 200 79820 "https://www.richinc.org/RICH/" "Mozilla/5.0 (Linux; U; Android 1.1; en-gb; dream) AppleWebKit/525.10 (KHTML, like Gecko) Version/3.0.4 Mobile Safari/523.12.2"
216.218.191.227 - - [11/Sep/2020:06:55:04 -0400] "GET /RICH/js/popper.min.js HTTP/1.0" 200 20336 "https://www.richinc.org/RICH/parents-investment-alliance.html" "Mozilla/5.0 (X11; Ubuntu; Linux x86_64) AppleWebKit/537.36 (KHTML, like Gecko) Chrome/80.0.3987.0 Safari/537.36"
207.46.13.164 - - [11/Sep/2020:07:04:13 -0400] "GET /sdlp.html HTTP/1.0" 302 222 "-" "Mozilla/5.0 (compatible; bingbot/2.0; +http://www.bing.com/bingbot.htm)"
66.249.66.216 - - [11/Sep/2020:07:06:08 -0400] "GET /RICH/graduate-testimonials.html HTTP/1.0" 200 15380 "-" "Mozilla/5.0 (compatible; Googlebot/2.1; +http://www.google.com/bot.html)"
157.55.39.215 - - [11/Sep/2020:07:18:43 -0400] "GET /RICH/ HTTP/1.0" 200 52711 "-" "Mozilla/5.0 (compatible; bingbot/2.0; +http://www.bing.com/bingbot.htm)"
42.236.10.108 - - [11/Sep/2020:07:21:40 -0400] "GET / HTTP/1.0" 302 213 "http://www.richinc.org/" "Mozilla/5.0 (Windows NT 6.1; WOW64) AppleWebKit/537.36 (KHTML, like Gecko) Chrome/50.4.2661.102 Safari/537.36; 360Spider"
184.154.36.170 - - [11/Sep/2020:07:24:59 -0400] "GET / HTTP/1.0" 302 213 "http://www.google.com/url?url=www.richinc.org&yahoo.com" "Mozilla/5.0 (compatible; MSIE 9.0; Windows NT 6.1; WOW64; Trident/6.0)"
184.154.36.170 - - [11/Sep/2020:07:24:59 -0400] "GET /RICH/ HTTP/1.0" 200 52711 "http://www.google.com/url?url=www.richinc.org&yahoo.com" "Mozilla/5.0 (compatible; MSIE 9.0; Windows NT 6.1; WOW64; Trident/6.0)"
184.154.36.170 - - [11/Sep/2020:07:25:01 -0400] "GET /RICH/rich-learning-system.html HTTP/1.0" 200 13174 "-" "SiteLockSpider [en] (WinNT; I ;Nav)"
184.154.36.170 - - [11/Sep/2020:07:25:05 -0400] "GET /RICH/first-graduates.html HTTP/1.0" 200 17133 "-" "SiteLockSpider [en] (WinNT; I ;Nav)"
184.154.36.170 - - [11/Sep/2020:07:25:06 -0400] "GET /RICH/index.html HTTP/1.0" 200 52711 "-" "SiteLockSpider [en] (WinNT; I ;Nav)"
184.154.36.170 - - [11/Sep/2020:07:25:14 -0400] "GET /RICH/loginAdmin.html HTTP/1.0" 200 13596 "-" "SiteLockSpider [en] (WinNT; I ;Nav)"
184.154.36.170 - - [11/Sep/2020:07:25:16 -0400] "GET /RICH/css/owl.theme.default.min.css HTTP/1.0" 200 965 "-" "SiteLockSpider [en] (WinNT; I ;Nav)"
184.154.36.170 - - [11/Sep/2020:07:25:21 -0400] "GET /RICH/css/bootstrap-datepicker.css HTTP/1.0" 200 17144 "-" "SiteLockSpider [en] (WinNT; I ;Nav)"
184.154.36.170 - - [11/Sep/2020:07:25:27 -0400] "GET /RICH/css/bootstrap.min.css HTTP/1.0" 200 159826 "-" "SiteLockSpider [en] (WinNT; I ;Nav)"
184.154.36.170 - - [11/Sep/2020:07:25:31 -0400] "GET /RICH/Account/profile.html HTTP/1.0" 200 28100 "-" "SiteLockSpider [en] (WinNT; I ;Nav)"
184.154.36.170 - - [11/Sep/2020:07:25:32 -0400] "GET /RICH/GoogleClassroom/classAPI.php?callback=processData HTTP/1.0" 302 - "http://www.google.com/url?url=www.richinc.org&yahoo.com" "Mozilla/5.0 (compatible; MSIE 9.0; Windows NT 6.1; WOW64; Trident/6.0)"
184.154.36.170 - - [11/Sep/2020:07:25:34 -0400] "GET /RICH/js/jquery.magnific-popup.min.js HTTP/1.0" 200 20216 "-" "SiteLockSpider [en] (WinNT; I ;Nav)"
184.154.36.170 - - [11/Sep/2020:07:25:39 -0400] "GET /RICH/chairman-message.html HTTP/1.0" 200 13505 "-" "SiteLockSpider [en] (WinNT; I ;Nav)"
184.154.36.170 - - [11/Sep/2020:07:25:40 -0400] "GET /RICH/js/jquery-3.3.1.min.js HTTP/1.0" 200 86926 "-" "SiteLockSpider [en] (WinNT; I ;Nav)"
184.154.36.170 - - [11/Sep/2020:07:25:41 -0400] "GET /RICH/css/bootstrap.min.css HTTP/1.0" 200 159826 "-" "SiteLockSpider [en] (WinNT; I ;Nav)"
184.154.36.170 - - [11/Sep/2020:07:25:42 -0400] "GET /RICH/js/aos.js HTTP/1.0" 200 14244 "-" "SiteLockSpider [en] (WinNT; I ;Nav)"
77.75.78.166 - - [11/Sep/2020:07:32:00 -0400] "GET /RICH/page4.html HTTP/1.0" 200 19961 "-" "Mozilla/5.0 (compatible; SeznamBot/3.2; +http://napoveda.seznam.cz/en/seznambot-intro/)"
66.160.140.184 - - [11/Sep/2020:07:39:22 -0400] "GET /nija-W-essay.html HTTP/1.0" 302 230 "-" "The Knowledge AI"
162.253.129.171 - - [11/Sep/2020:08:55:19 -0400] "GET /RICH/graduate-testimonials.html HTTP/1.0" 200 15380 "https://www.richinc.org/RICH/contact-us.html" "Mozilla/5.0 (Macintosh; Intel Mac OS X 10_12_0) AppleWebKit/537.36 (KHTML, like Gecko) Chrome/66.0.3359.117 Safari/537.36"
162.253.129.171 - - [11/Sep/2020:08:55:19 -0400] "GET /RICH/page1.html HTTP/1.0" 200 53544 "https://www.richinc.org/RICH/contact-us.html" "Mozilla/5.0 (Macintosh; Intel Mac OS X 10_12_0) AppleWebKit/537.36 (KHTML, like Gecko) Chrome/66.0.3359.117 Safari/537.36"
62.210.188.218 - - [11/Sep/2020:10:11:58 -0400] "GET /RICH/robots.txt HTTP/1.0" 404 575 "-" "Mozilla/5.0 (compatible; Barkrowler/0.9; +https://babbar.tech/crawler)"
62.210.188.218 - - [11/Sep/2020:10:12:10 -0400] "GET /RICH/ HTTP/1.0" 200 52711 "-" "Mozilla/5.0 (compatible; Barkrowler/0.9; +https://babbar.tech/crawler)"
62.210.188.218 - - [11/Sep/2020:10:12:59 -0400] "GET /RICH/mission.html HTTP/1.0" 200 15573 "-" "Mozilla/5.0 (compatible; Barkrowler/0.9; +https://babbar.tech/crawler)"
66.249.66.216 - - [11/Sep/2020:10:25:17 -0400] "GET /RICH/robots.txt HTTP/1.0" 404 575 "-" "Mozilla/5.0 (compatible; Googlebot/2.1; +http://www.google.com/bot.html)"
107.178.239.214 - - [11/Sep/2020:11:12:02 -0400] "GET /RICH/fonts/icomoon/style.css HTTP/1.0" 200 79820 "https://www.richinc.org/RICH/" "Mozilla/5.0 (X11; Linux x86_64) AppleWebKit/537.36 (KHTML, like Gecko) HeadlessChrome/72.0.3617.0 Safari/537.36"
107.178.239.214 - - [11/Sep/2020:11:12:02 -0400] "GET /RICH/css/owl.theme.default.min.css HTTP/1.0" 200 965 "https://www.richinc.org/RICH/" "Mozilla/5.0 (X11; Linux x86_64) AppleWebKit/537.36 (KHTML, like Gecko) HeadlessChrome/72.0.3617.0 Safari/537.36"
107.178.239.214 - - [11/Sep/2020:11:12:03 -0400] "GET /RICH/js/main.js HTTP/1.0" 200 7761 "https://www.richinc.org/RICH/" "Mozilla/5.0 (X11; Linux x86_64) AppleWebKit/537.36 (KHTML, like Gecko) HeadlessChrome/72.0.3617.0 Safari/537.36"
77.75.77.119 - - [11/Sep/2020:12:05:03 -0400] "GET /robots.txt HTTP/1.0" 302 223 "-" "Mozilla/5.0 (compatible; SeznamBot/3.2; +http://napoveda.seznam.cz/en/seznambot-intro/)"
114.119.150.166 - - [11/Sep/2020:13:34:40 -0400] "GET /RICH/page1.html HTTP/1.0" 200 53544 "-" "Mozilla/5.0 (Linux; Android 7.0;) AppleWebKit/537.36 (KHTML, like Gecko) Mobile Safari/537.36 (compatible; PetalBot;+http://aspiegel.com/petalbot)"
157.55.39.72 - - [11/Sep/2020:15:34:52 -0400] "GET / HTTP/1.0" 302 213 "-" "Mozilla/5.0 (compatible; bingbot/2.0; +http://www.bing.com/bingbot.htm)"
34.73.187.119 - - [11/Sep/2020:15:48:21 -0400] "GET /robots.txt HTTP/1.0" 302 223 "-" "ZoominfoBot (zoominfobot at zoominfo dot com)"
185.51.228.243 - - [11/Sep/2020:16:00:15 -0400] "GET /RICH/wp-includes/fonts/css.php HTTP/1.0" 404 575 "-" "Linux Mozilla"
207.46.13.164 - - [11/Sep/2020:16:55:29 -0400] "GET /RICH/snackimages/16.jpg HTTP/1.0" 200 146246 "-" "Mozilla/5.0 (compatible; bingbot/2.0; +http://www.bing.com/bingbot.htm)"
114.119.128.253 - - [11/Sep/2020:17:32:03 -0400] "GET /RICH/robots.txt HTTP/1.0" 404 575 "-" "(compatible;PetalBot;+http://aspiegel.com/petalbot)"
220.181.77.162 - - [11/Sep/2020:18:37:15 -0400] "GET /RICH/css/magnific-popup.css HTTP/1.0" 200 6950 "https://www.richinc.org/RICH/" "Mozilla/5.0 (Linux; U; Android 1.5; en-us; T-Mobile G1 Build/CRB43) AppleWebKit/528.5 (KHTML, like Gecko) Version/3.1.2 Mobile Safari 525.20.1"
220.181.77.162 - - [11/Sep/2020:18:37:26 -0400] "GET /RICH/Image1.jpg HTTP/1.0" 200 1421241 "https://www.richinc.org/RICH/" "Mozilla/5.0 (Linux; U; Android 1.5; en-us; T-Mobile G1 Build/CRB43) AppleWebKit/528.5 (KHTML, like Gecko) Version/3.1.2 Mobile Safari 525.20.1"
220.181.77.162 - - [11/Sep/2020:18:37:36 -0400] "GET /RICH/css/magnific-popup.css HTTP/1.0" 200 6950 "https://www.richinc.org/RICH/" "Mozilla/5.0 (Linux; U; Android 1.5; en-us; T-Mobile G1 Build/CRB43) AppleWebKit/528.5 (KHTML, like Gecko) Version/3.1.2 Mobile Safari 525.20.1"
220.181.77.162 - - [11/Sep/2020:18:37:37 -0400] "GET /RICH/fonts/flaticon/font/flaticon.css HTTP/1.0" 200 1250 "https://www.richinc.org/RICH/" "Mozilla/5.0 (Linux; U; Android 1.5; en-us; T-Mobile G1 Build/CRB43) AppleWebKit/528.5 (KHTML, like Gecko) Version/3.1.2 Mobile Safari 525.20.1"
220.181.77.162 - - [11/Sep/2020:18:37:37 -0400] "GET /RICH/css/style.css HTTP/1.0" 200 48040 "https://www.richinc.org/RICH/" "Mozilla/5.0 (Linux; U; Android 1.5; en-us; T-Mobile G1 Build/CRB43) AppleWebKit/528.5 (KHTML, like Gecko) Version/3.1.2 Mobile Safari 525.20.1"
220.181.77.162 - - [11/Sep/2020:18:37:56 -0400] "GET / HTTP/1.0" 302 213 "http://richinc.org" "Mozilla/5.0 (Linux; U; Android 1.6; en-us; SonyEricssonX10i Build/R1AA056) AppleWebKit/528.5 (KHTML, like Gecko) Version/3.1.2 Mobile Safari/525.20.1"
220.181.77.162 - - [11/Sep/2020:18:37:38 -0400] "GET /RICH/Image5.jpg HTTP/1.0" 200 2409299 "https://www.richinc.org/RICH/" "Mozilla/5.0 (Linux; U; Android 1.5; en-us; T-Mobile G1 Build/CRB43) AppleWebKit/528.5 (KHTML, like Gecko) Version/3.1.2 Mobile Safari 525.20.1"
220.181.77.162 - - [11/Sep/2020:18:38:03 -0400] "GET /RICH/ HTTP/1.0" 200 52711 "http://richinc.org" "Mozilla/5.0 (Linux; U; Android 1.6; en-us; SonyEricssonX10i Build/R1AA056) AppleWebKit/528.5 (KHTML, like Gecko) Version/3.1.2 Mobile Safari/525.20.1"
220.181.77.162 - - [11/Sep/2020:18:38:05 -0400] "GET /RICH/fonts/flaticon/font/flaticon.css HTTP/1.0" 200 1250 "https://www.richinc.org/RICH/" "Mozilla/5.0 (Linux; U; Android 1.6; en-us; SonyEricssonX10i Build/R1AA056) AppleWebKit/528.5 (KHTML, like Gecko) Version/3.1.2 Mobile Safari/525.20.1"
220.181.77.162 - - [11/Sep/2020:18:38:26 -0400] "GET /RICH/css/bootstrap-datepicker.css HTTP/1.0" 200 17144 "https://www.richinc.org/RICH/" "Mozilla/5.0 (Linux; U; Android 1.6; en-us; SonyEricssonX10i Build/R1AA056) AppleWebKit/528.5 (KHTML, like Gecko) Version/3.1.2 Mobile Safari/525.20.1"
220.181.77.162 - - [11/Sep/2020:18:38:26 -0400] "GET /RICH/css/bot.css HTTP/1.0" 200 1399 "https://www.richinc.org/RICH/" "Mozilla/5.0 (Linux; U; Android 1.6; en-us; SonyEricssonX10i Build/R1AA056) AppleWebKit/528.5 (KHTML, like Gecko) Version/3.1.2 Mobile Safari/525.20.1"
123.126.68.107 - - [11/Sep/2020:19:22:30 -0400] "GET /css/owl.theme.default.min.css HTTP/1.0" 403 231 "http://richinc.org/" "Mozilla/5.0 (X11; Fedora; Linux x86_64) AppleWebKit/537.36 (KHTML, like Gecko) HeadlessChrome/73.0.3683.86 Safari/537.36"
123.126.68.114 - - [11/Sep/2020:19:22:30 -0400] "GET /css/owl.carousel.min.css HTTP/1.0" 403 226 "http://richinc.org/" "Mozilla/5.0 (X11; Fedora; Linux x86_64) AppleWebKit/537.36 (KHTML, like Gecko) HeadlessChrome/73.0.3683.86 Safari/537.36"
183.36.114.156 - - [11/Sep/2020:19:22:30 -0400] "GET /css/magnific-popup.css HTTP/1.0" 403 224 "http://richinc.org/" "Mozilla/5.0 (X11; Fedora; Linux x86_64) AppleWebKit/537.36 (KHTML, like Gecko) HeadlessChrome/73.0.3683.86 Safari/537.36"
123.126.68.107 - - [11/Sep/2020:19:22:34 -0400] "GET /css/owl.theme.default.min.css HTTP/1.0" 403 231 "http://richinc.org/" "Mozilla/5.0 (X11; Fedora; Linux x86_64) AppleWebKit/537.36 (KHTML, like Gecko) HeadlessChrome/73.0.3683.86 Safari/537.36"
123.126.68.114 - - [11/Sep/2020:19:22:34 -0400] "GET /css/owl.carousel.min.css HTTP/1.0" 403 226 "http://richinc.org/" "Mozilla/5.0 (X11; Fedora; Linux x86_64) AppleWebKit/537.36 (KHTML, like Gecko) HeadlessChrome/73.0.3683.86 Safari/537.36"
36.110.147.79 - - [11/Sep/2020:19:22:34 -0400] "GET /css/bootstrap-datepicker.css HTTP/1.0" 403 230 "http://richinc.org/" "Mozilla/5.0 (X11; Fedora; Linux x86_64) AppleWebKit/537.36 (KHTML, like Gecko) HeadlessChrome/73.0.3683.86 Safari/537.36"
183.36.114.9 - - [11/Sep/2020:19:22:35 -0400] "GET /css/magnific-popup.css HTTP/1.0" 403 224 "http://richinc.org/" "Mozilla/5.0 (X11; Fedora; Linux x86_64) AppleWebKit/537.36 (KHTML, like Gecko) HeadlessChrome/73.0.3683.86 Safari/537.36"
114.119.149.232 - - [11/Sep/2020:20:14:22 -0400] "GET /RICH/parents-investment-alliance.html HTTP/1.0" 200 13078 "-" "Mozilla/5.0 (Linux; Android 7.0;) AppleWebKit/537.36 (KHTML, like Gecko) Mobile Safari/537.36 (compatible; PetalBot;+http://aspiegel.com/petalbot)"
52.41.187.186 - - [11/Sep/2020:20:56:50 -0400] "GET / HTTP/1.0" 302 213 "-" "Mozilla/5.0 (Macintosh; Intel Mac OS X 10_10_3) AppleWebKit/537.36 (KHTML, like Gecko) Chrome/42.0.2311.135 Safari/537.36"
52.41.187.186 - - [11/Sep/2020:20:56:51 -0400] "GET /RICH/ HTTP/1.0" 200 52711 "-" "Mozilla/5.0 (Macintosh; Intel Mac OS X 10_10_3) AppleWebKit/537.36 (KHTML, like Gecko) Chrome/42.0.2311.135 Safari/537.36"
35.185.87.111 - - [11/Sep/2020:21:35:21 -0400] "GET /RICH/parents-investment-alliance.html HTTP/1.0" 200 13078 "-" "ZoominfoBot (zoominfobot at zoominfo dot com)"
35.185.87.111 - - [11/Sep/2020:21:52:00 -0400] "GET /RICH/overview.html HTTP/1.0" 200 11800 "-" "ZoominfoBot (zoominfobot at zoominfo dot com)"
35.185.87.111 - - [11/Sep/2020:21:52:55 -0400] "GET /RICH/graduate-testimonials.html HTTP/1.0" 200 15380 "-" "ZoominfoBot (zoominfobot at zoominfo dot com)"
114.119.155.65 - - [11/Sep/2020:22:45:48 -0400] "GET /RICH/robots.txt HTTP/1.0" 404 575 "-" "(compatible;PetalBot;+http://aspiegel.com/petalbot)"
183.36.114.74 - - [11/Sep/2020:22:52:06 -0400] "GET /css/bot.css HTTP/1.0" 403 213 "http://www.richinc.org/" "Mozilla/5.0 (X11; Fedora; Linux x86_64) AppleWebKit/537.36 (KHTML, like Gecko) HeadlessChrome/73.0.3683.86 Safari/537.36"
183.36.114.24 - - [11/Sep/2020:22:52:10 -0400] "GET /css/aos.css HTTP/1.0" 403 213 "http://www.richinc.org/" "Mozilla/5.0 (X11; Fedora; Linux x86_64) AppleWebKit/537.36 (KHTML, like Gecko) HeadlessChrome/73.0.3683.86 Safari/537.36"
123.126.68.115 - - [11/Sep/2020:22:52:10 -0400] "GET /css/owl.carousel.min.css HTTP/1.0" 403 226 "http://www.richinc.org/" "Mozilla/5.0 (X11; Fedora; Linux x86_64) AppleWebKit/537.36 (KHTML, like Gecko) HeadlessChrome/73.0.3683.86 Safari/537.36"
66.249.66.214 - - [11/Sep/2020:01:27:05 -0400] "GET /favicon.ico HTTP/1.0" 302 224 "-" "Googlebot-Image/1.0"
114.119.129.200 - - [11/Sep/2020:01:36:10 -0400] "GET /RICH/index.html HTTP/1.0" 200 52711 "-" "Mozilla/5.0 (Linux; Android 7.0;) AppleWebKit/537.36 (KHTML, like Gecko) Mobile Safari/537.36 (compatible; PetalBot;+http://aspiegel.com/petalbot)"
77.75.77.101 - - [11/Sep/2020:03:35:43 -0400] "GET /snackimages/26.jpg HTTP/1.0" 302 231 "-" "Mozilla/5.0 (compatible; SeznamBot/3.2; +http://napoveda.seznam.cz/en/seznambot-intro/)"
77.75.77.101 - - [11/Sep/2020:03:35:54 -0400] "GET /robots.txt HTTP/1.0" 302 223 "-" "Mozilla/5.0 (compatible; SeznamBot/3.2; +http://napoveda.seznam.cz/en/seznambot-intro/)"
220.181.77.162 - - [11/Sep/2020:04:17:19 -0400] "GET / HTTP/1.0" 302 213 "-" "Mozilla/5.0 (Linux; U; Android 3.0.1; fr-fr; A500 Build/HRI66) AppleWebKit/534.13 (KHTML, like Gecko) Version/4.0 Safari/534.13"
95.163.255.180 - - [11/Sep/2020:05:04:38 -0400] "GET /robots.txt HTTP/1.0" 302 223 "-" "Mozilla/5.0 (compatible; Linux x86_64; Mail.RU_Bot/2.0; +http://go.mail.ru/help/robots)"
18.209.100.47 - - [11/Sep/2020:05:14:02 -0400] "GET / HTTP/1.0" 302 213 "-" "Mozilla/5.0 (Windows NT 6.1; Win64; x64) AppleWebKit/537.36 (KHTML, like Gecko) Chrome/72.0.3626.109 Safari/537.36"
216.218.191.227 - - [11/Sep/2020:06:55:04 -0400] "GET /RICH/css/owl.carousel.min.css HTTP/1.0" 200 2936 "https://www.richinc.org/RICH/parents-investment-alliance.html" "Mozilla/5.0 (X11; Ubuntu; Linux x86_64) AppleWebKit/537.36 (KHTML, like Gecko) Chrome/80.0.3987.0 Safari/537.36"
216.218.191.227 - - [11/Sep/2020:06:55:04 -0400] "GET /RICH/css/style.css HTTP/1.0" 200 48040 "https://www.richinc.org/RICH/parents-investment-alliance.html" "Mozilla/5.0 (X11; Ubuntu; Linux x86_64) AppleWebKit/537.36 (KHTML, like Gecko) Chrome/80.0.3987.0 Safari/537.36"
216.218.191.227 - - [11/Sep/2020:06:55:04 -0400] "GET /cdn-cgi/scripts/5c5dd728/cloudflare-static/email-decode.min.js HTTP/1.0" 302 275 "https://www.richinc.org/RICH/parents-investment-alliance.html" "Mozilla/5.0 (X11; Ubuntu; Linux x86_64) AppleWebKit/537.36 (KHTML, like Gecko) Chrome/80.0.3987.0 Safari/537.36"
216.218.191.227 - - [11/Sep/2020:06:55:04 -0400] "GET /RICH/js/jquery-3.3.1.min.js HTTP/1.0" 200 86926 "https://www.richinc.org/RICH/parents-investment-alliance.html" "Mozilla/5.0 (X11; Ubuntu; Linux x86_64) AppleWebKit/537.36 (KHTML, like Gecko) Chrome/80.0.3987.0 Safari/537.36"
216.218.191.227 - - [11/Sep/2020:06:55:04 -0400] "GET /RICH/js/bootstrap.min.js HTTP/1.0" 200 51039 "https://www.richinc.org/RICH/parents-investment-alliance.html" "Mozilla/5.0 (X11; Ubuntu; Linux x86_64) AppleWebKit/537.36 (KHTML, like Gecko) Chrome/80.0.3987.0 Safari/537.36"
216.218.191.227 - - [11/Sep/2020:06:55:04 -0400] "GET /RICH/js/owl.carousel.min.js HTTP/1.0" 200 42766 "https://www.richinc.org/RICH/parents-investment-alliance.html" "Mozilla/5.0 (X11; Ubuntu; Linux x86_64) AppleWebKit/537.36 (KHTML, like Gecko) Chrome/80.0.3987.0 Safari/537.36"
216.218.191.227 - - [11/Sep/2020:06:55:04 -0400] "GET /RICH/js/mediaelement-and-player.min.js HTTP/1.0" 200 152469 "https://www.richinc.org/RICH/parents-investment-alliance.html" "Mozilla/5.0 (X11; Ubuntu; Linux x86_64) AppleWebKit/537.36 (KHTML, like Gecko) Chrome/80.0.3987.0 Safari/537.36"
184.154.36.170 - - [11/Sep/2020:07:25:03 -0400] "GET /RICH/board-directors.html HTTP/1.0" 200 12545 "-" "SiteLockSpider [en] (WinNT; I ;Nav)"
184.154.36.170 - - [11/Sep/2020:07:25:13 -0400] "GET /RICH/page4.html HTTP/1.0" 200 19961 "-" "SiteLockSpider [en] (WinNT; I ;Nav)"
184.154.36.170 - - [11/Sep/2020:07:25:26 -0400] "GET /RICH/Account/daily-writings.html HTTP/1.0" 200 12763 "-" "SiteLockSpider [en] (WinNT; I ;Nav)"
184.154.36.170 - - [11/Sep/2020:07:25:27 -0400] "GET /RICH/Account/group-discussion.html HTTP/1.0" 200 31506 "-" "SiteLockSpider [en] (WinNT; I ;Nav)"
184.154.36.170 - - [11/Sep/2020:07:25:32 -0400] "GET /RICH/Account/redirect.html HTTP/1.0" 200 2264 "-" "SiteLockSpider [en] (WinNT; I ;Nav)"
184.154.36.170 - - [11/Sep/2020:07:25:36 -0400] "GET /RICH/cdn-cgi/scripts/5c5dd728/cloudflare-static/email-decode.min.js HTTP/1.0" 404 575 "http://www.google.com/url?url=www.richinc.org&yahoo.com" "Mozilla/5.0 (compatible; MSIE 9.0; Windows NT 6.1; WOW64; Trident/6.0)"
184.154.36.170 - - [11/Sep/2020:07:25:36 -0400] "GET /RICH/roster.html HTTP/1.0" 200 27402 "-" "SiteLockSpider [en] (WinNT; I ;Nav)"
184.154.36.170 - - [11/Sep/2020:07:25:39 -0400] "GET /RICH/rich-learning-system.html HTTP/1.0" 200 13174 "-" "SiteLockSpider [en] (WinNT; I ;Nav)"
184.154.36.170 - - [11/Sep/2020:07:25:40 -0400] "GET /RICH/css/magnific-popup.css HTTP/1.0" 200 6950 "-" "SiteLockSpider [en] (WinNT; I ;Nav)"
184.154.36.170 - - [11/Sep/2020:07:25:41 -0400] "GET /RICH/js/bootstrap-datepicker.min.js HTTP/1.0" 200 34172 "-" "SiteLockSpider [en] (WinNT; I ;Nav)"
184.154.36.170 - - [11/Sep/2020:07:25:42 -0400] "GET /RICH/js/jquery.stellar.min.js HTTP/1.0" 200 12597 "-" "SiteLockSpider [en] (WinNT; I ;Nav)"
184.154.36.170 - - [11/Sep/2020:07:25:42 -0400] "GET /RICH/css/bootstrap-datepicker.css HTTP/1.0" 200 17144 "-" "SiteLockSpider [en] (WinNT; I ;Nav)"
184.154.36.170 - - [11/Sep/2020:07:25:43 -0400] "GET /RICH/cdn-cgi/scripts/5c5dd728/cloudflare-static/email-decode.min.js HTTP/1.0" 404 575 "-" "SiteLockSpider [en] (WinNT; I ;Nav)"
77.75.78.166 - - [11/Sep/2020:07:31:53 -0400] "GET /RICH/Account/redirect.html HTTP/1.0" 200 2264 "-" "Mozilla/5.0 (compatible; SeznamBot/3.2; +http://napoveda.seznam.cz/en/seznambot-intro/)"
66.160.140.184 - - [11/Sep/2020:07:38:58 -0400] "GET /RICH/robots.txt HTTP/1.0" 404 575 "-" "The Knowledge AI"
157.55.39.32 - - [11/Sep/2020:08:17:10 -0400] "GET /robots.txt HTTP/1.0" 302 223 "-" "Mozilla/5.0 (compatible; bingbot/2.0; +http://www.bing.com/bingbot.htm)"
162.253.129.171 - - [11/Sep/2020:08:55:09 -0400] "GET /contact-us.html HTTP/1.0" 302 228 "-" "Mozilla/5.0 (Macintosh; Intel Mac OS X 10_12_0) AppleWebKit/537.36 (KHTML, like Gecko) Chrome/66.0.3359.117 Safari/537.36"
162.253.129.171 - - [11/Sep/2020:08:55:11 -0400] "GET /RICH/gsuite-classroom.html HTTP/1.0" 200 10020 "https://www.richinc.org/RICH/contact-us.html" "Mozilla/5.0 (Macintosh; Intel Mac OS X 10_12_0) AppleWebKit/537.36 (KHTML, like Gecko) Chrome/66.0.3359.117 Safari/537.36"
162.253.129.171 - - [11/Sep/2020:08:55:14 -0400] "GET /RICH/board-directors.html HTTP/1.0" 200 12545 "https://www.richinc.org/RICH/contact-us.html" "Mozilla/5.0 (Macintosh; Intel Mac OS X 10_12_0) AppleWebKit/537.36 (KHTML, like Gecko) Chrome/66.0.3359.117 Safari/537.36"
162.253.129.171 - - [11/Sep/2020:08:55:16 -0400] "GET /RICH/privacy-policy.html HTTP/1.0" 200 14593 "https://www.richinc.org/RICH/contact-us.html" "Mozilla/5.0 (Macintosh; Intel Mac OS X 10_12_0) AppleWebKit/537.36 (KHTML, like Gecko) Chrome/66.0.3359.117 Safari/537.36"
162.253.129.171 - - [11/Sep/2020:08:55:18 -0400] "GET /RICH/rich-learning-system.html HTTP/1.0" 200 13174 "https://www.richinc.org/RICH/contact-us.html" "Mozilla/5.0 (Macintosh; Intel Mac OS X 10_12_0) AppleWebKit/537.36 (KHTML, like Gecko) Chrome/66.0.3359.117 Safari/537.36"
62.210.188.218 - - [11/Sep/2020:10:12:10 -0400] "GET / HTTP/1.0" 302 213 "-" "Mozilla/5.0 (compatible; Barkrowler/0.9; +https://babbar.tech/crawler)"
66.249.66.214 - - [11/Sep/2020:10:28:58 -0400] "GET /RICH/css/bot.css HTTP/1.0" 200 1399 "https://www.richinc.org/RICH/" "Mozilla/5.0 (Linux; Android 6.0.1; Nexus 5X Build/MMB29P) AppleWebKit/537.36 (KHTML, like Gecko) Chrome/85.0.4183.105 Mobile Safari/537.36 (compatible; Googlebot/2.1; +http://www.google.com/bot.html)"
107.178.239.214 - - [11/Sep/2020:11:12:02 -0400] "GET /RICH/css/aos.css HTTP/1.0" 200 25983 "https://www.richinc.org/RICH/" "Mozilla/5.0 (X11; Linux x86_64) AppleWebKit/537.36 (KHTML, like Gecko) HeadlessChrome/72.0.3617.0 Safari/537.36"
107.178.239.214 - - [11/Sep/2020:11:12:03 -0400] "GET /RICH/cdn-cgi/scripts/5c5dd728/cloudflare-static/email-decode.min.js HTTP/1.0" 404 575 "https://www.richinc.org/RICH/" "Mozilla/5.0 (X11; Linux x86_64) AppleWebKit/537.36 (KHTML, like Gecko) HeadlessChrome/72.0.3617.0 Safari/537.36"
107.178.239.214 - - [11/Sep/2020:11:12:04 -0400] "GET /RICH/images/richbot2.png HTTP/1.0" 200 11045 "https://www.richinc.org/RICH/" "Mozilla/5.0 (X11; Linux x86_64) AppleWebKit/537.36 (KHTML, like Gecko) HeadlessChrome/72.0.3617.0 Safari/537.36"
107.178.239.214 - - [11/Sep/2020:11:12:05 -0400] "GET /RICH/images/considerate.png HTTP/1.0" 200 22730 "https://www.richinc.org/RICH/" "Mozilla/5.0 (X11; Linux x86_64) AppleWebKit/537.36 (KHTML, like Gecko) HeadlessChrome/72.0.3617.0 Safari/537.36"
107.178.239.214 - - [11/Sep/2020:11:12:03 -0400] "GET /RICH/Image5.jpg HTTP/1.0" 200 2409299 "https://www.richinc.org/RICH/" "Mozilla/5.0 (X11; Linux x86_64) AppleWebKit/537.36 (KHTML, like Gecko) HeadlessChrome/72.0.3617.0 Safari/537.36"
77.75.77.119 - - [11/Sep/2020:12:05:05 -0400] "GET /RICH/login.html HTTP/1.0" 200 12888 "-" "Mozilla/5.0 (compatible; SeznamBot/3.2; +http://napoveda.seznam.cz/en/seznambot-intro/)"
23.228.109.146 - - [11/Sep/2020:12:39:56 -0400] "GET /wp-content/plugins/fluid_forms/file-upload/server/php/index.php HTTP/1.0" 302 276 "http://www.google.com/" "Mozilla/5.0 (Windows NT 6.1; Win64; x64) AppleWebKit/537.36 (KHTML, like Gecko) Chrome/56.0.2896.3 Safari/537.36"
114.119.136.139 - - [11/Sep/2020:14:58:04 -0400] "GET /robots.txt HTTP/1.0" 302 223 "-" "(compatible;PetalBot;+http://aspiegel.com/petalbot)"
34.73.187.119 - - [11/Sep/2020:15:50:36 -0400] "GET /RICH/ HTTP/1.0" 200 52711 "-" "ZoominfoBot (zoominfobot at zoominfo dot com)"
77.75.76.163 - - [11/Sep/2020:15:55:55 -0400] "GET /robots.txt HTTP/1.0" 302 223 "-" "Mozilla/5.0 (compatible; SeznamBot/3.2; +http://napoveda.seznam.cz/en/seznambot-intro/)"
185.51.228.243 - - [11/Sep/2020:16:00:14 -0400] "GET /RICH/wp-includes/css/css.php HTTP/1.0" 404 575 "-" "Linux Mozilla"
185.51.228.243 - - [11/Sep/2020:16:00:15 -0400] "GET /wp-includes/ID3/wp-blog.php HTTP/1.0" 302 240 "-" "Linux Mozilla"
185.51.228.243 - - [11/Sep/2020:16:00:16 -0400] "GET /wp-includes/fonts/css.php HTTP/1.0" 302 238 "-" "Linux Mozilla"
34.73.188.215 - - [11/Sep/2020:16:38:28 -0400] "GET /robots.txt HTTP/1.0" 302 223 "-" "ZoominfoBot (zoominfobot at zoominfo dot com)"
34.73.188.215 - - [11/Sep/2020:16:40:38 -0400] "GET /robots.txt HTTP/1.0" 302 223 "-" "ZoominfoBot (zoominfobot at zoominfo dot com)"
34.73.188.215 - - [11/Sep/2020:16:40:39 -0400] "GET /RICH/robots.txt HTTP/1.0" 404 575 "-" "ZoominfoBot (zoominfobot at zoominfo dot com)"
157.55.39.2 - - [11/Sep/2020:16:51:02 -0400] "GET /robots.txt HTTP/1.0" 302 223 "-" "Mozilla/5.0 (compatible; bingbot/2.0; +http://www.bing.com/bingbot.htm)"
173.69.202.47 - - [11/Sep/2020:18:20:15 -0400] "GET /apple-touch-icon-precomposed.png HTTP/1.0" 302 245 "-" "MobileSafari/604.1 CFNetwork/978.0.7 Darwin/18.7.0"
173.69.202.47 - - [11/Sep/2020:18:20:15 -0400] "GET /RICH/apple-touch-icon-precomposed.png HTTP/1.0" 404 575 "-" "MobileSafari/604.1 CFNetwork/978.0.7 Darwin/18.7.0"
220.181.77.162 - - [11/Sep/2020:18:37:09 -0400] "GET / HTTP/1.0" 302 213 "-" "Mozilla/5.0 (Linux; U; Android 1.5; en-us; T-Mobile G1 Build/CRB43) AppleWebKit/528.5 (KHTML, like Gecko) Version/3.1.2 Mobile Safari 525.20.1"
220.181.77.162 - - [11/Sep/2020:18:37:35 -0400] "GET /RICH/fonts/icomoon/style.css HTTP/1.0" 200 79820 "https://www.richinc.org/RICH/" "Mozilla/5.0 (Linux; U; Android 1.5; en-us; T-Mobile G1 Build/CRB43) AppleWebKit/528.5 (KHTML, like Gecko) Version/3.1.2 Mobile Safari 525.20.1"
220.181.77.162 - - [11/Sep/2020:18:37:36 -0400] "GET /RICH/css/jquery-ui.css HTTP/1.0" 200 21738 "https://www.richinc.org/RICH/" "Mozilla/5.0 (Linux; U; Android 1.5; en-us; T-Mobile G1 Build/CRB43) AppleWebKit/528.5 (KHTML, like Gecko) Version/3.1.2 Mobile Safari 525.20.1"
220.181.77.162 - - [11/Sep/2020:18:37:38 -0400] "GET /RICH/css/bot.css HTTP/1.0" 200 1399 "https://www.richinc.org/RICH/" "Mozilla/5.0 (Linux; U; Android 1.5; en-us; T-Mobile G1 Build/CRB43) AppleWebKit/528.5 (KHTML, like Gecko) Version/3.1.2 Mobile Safari 525.20.1"
220.181.77.162 - - [11/Sep/2020:18:37:38 -0400] "GET /RICH/css/aos.css HTTP/1.0" 200 25983 "https://www.richinc.org/RICH/" "Mozilla/5.0 (Linux; U; Android 1.5; en-us; T-Mobile G1 Build/CRB43) AppleWebKit/528.5 (KHTML, like Gecko) Version/3.1.2 Mobile Safari 525.20.1"
220.181.77.162 - - [11/Sep/2020:18:37:44 -0400] "GET /RICH/image7.jpg HTTP/1.0" 200 568744 "https://www.richinc.org/RICH/" "Mozilla/5.0 (Linux; U; Android 1.5; en-us; T-Mobile G1 Build/CRB43) AppleWebKit/528.5 (KHTML, like Gecko) Version/3.1.2 Mobile Safari 525.20.1"
220.181.77.162 - - [11/Sep/2020:18:38:11 -0400] "GET /RICH/js/mediaelement-and-player.min.js HTTP/1.0" 200 152469 "https://www.richinc.org/RICH/" "Mozilla/5.0 (Linux; U; Android 1.6; en-us; SonyEricssonX10i Build/R1AA056) AppleWebKit/528.5 (KHTML, like Gecko) Version/3.1.2 Mobile Safari/525.20.1"
220.181.77.162 - - [11/Sep/2020:18:38:11 -0400] "GET /RICH/js/main.js HTTP/1.0" 200 7761 "https://www.richinc.org/RICH/" "Mozilla/5.0 (Linux; U; Android 1.6; en-us; SonyEricssonX10i Build/R1AA056) AppleWebKit/528.5 (KHTML, like Gecko) Version/3.1.2 Mobile Safari/525.20.1"
220.181.77.162 - - [11/Sep/2020:18:38:17 -0400] "GET / HTTP/1.0" 302 213 "http://richinc.org" "Mozilla/5.0 (Linux; U; Android 1.6; en-us; SonyEricssonX10i Build/R1AA056) AppleWebKit/528.5 (KHTML, like Gecko) Version/3.1.2 Mobile Safari/525.20.1"
220.181.77.162 - - [11/Sep/2020:18:38:28 -0400] "GET /RICH/css/style.css HTTP/1.0" 200 48040 "https://www.richinc.org/RICH/" "Mozilla/5.0 (Linux; U; Android 1.6; en-us; SonyEricssonX10i Build/R1AA056) AppleWebKit/528.5 (KHTML, like Gecko) Version/3.1.2 Mobile Safari/525.20.1"
183.36.114.126 - - [11/Sep/2020:19:22:32 -0400] "GET /css/animate.css HTTP/1.0" 403 217 "http://richinc.org/" "Mozilla/5.0 (X11; Fedora; Linux x86_64) AppleWebKit/537.36 (KHTML, like Gecko) HeadlessChrome/73.0.3683.86 Safari/537.36"
36.110.147.98 - - [11/Sep/2020:19:22:34 -0400] "GET /css/owl.carousel.min.css HTTP/1.0" 403 226 "http://richinc.org/" "Mozilla/5.0 (X11; Fedora; Linux x86_64) AppleWebKit/537.36 (KHTML, like Gecko) HeadlessChrome/73.0.3683.86 Safari/537.36"
183.36.114.1 - - [11/Sep/2020:19:22:35 -0400] "GET /css/jquery-ui.css HTTP/1.0" 403 219 "http://richinc.org/" "Mozilla/5.0 (X11; Fedora; Linux x86_64) AppleWebKit/537.36 (KHTML, like Gecko) HeadlessChrome/73.0.3683.86 Safari/537.36"
36.110.147.107 - - [11/Sep/2020:19:22:35 -0400] "GET /css/bot.css HTTP/1.0" 403 213 "http://richinc.org/" "Mozilla/5.0 (X11; Fedora; Linux x86_64) AppleWebKit/537.36 (KHTML, like Gecko) HeadlessChrome/73.0.3683.86 Safari/537.36"
183.36.114.126 - - [11/Sep/2020:19:22:36 -0400] "GET /css/animate.css HTTP/1.0" 403 217 "http://richinc.org/" "Mozilla/5.0 (X11; Fedora; Linux x86_64) AppleWebKit/537.36 (KHTML, like Gecko) HeadlessChrome/73.0.3683.86 Safari/537.36"
114.119.133.53 - - [11/Sep/2020:21:01:25 -0400] "GET /RICH/rich-learning-system.html HTTP/1.0" 200 13174 "-" "Mozilla/5.0 (Linux; Android 7.0;) AppleWebKit/537.36 (KHTML, like Gecko) Mobile Safari/537.36 (compatible; PetalBot;+http://aspiegel.com/petalbot)"
114.119.128.19 - - [11/Sep/2020:21:26:18 -0400] "GET /robots.txt HTTP/1.0" 302 223 "-" "Mozilla/5.0 (Linux; Android 7.0;) AppleWebKit/537.36 (KHTML, like Gecko) Mobile Safari/537.36 (compatible; PetalBot;+http://aspiegel.com/petalbot)"
35.167.85.80 - - [11/Sep/2020:21:28:45 -0400] "GET /RICH/www3 HTTP/1.0" 404 575 "-" "Mozilla/5.0 (X11; Linux i686; rv:48.0) Gecko/20100101 Firefox/48.0"
35.185.87.111 - - [11/Sep/2020:21:35:21 -0400] "GET /RICH/robots.txt HTTP/1.0" 404 575 "-" "ZoominfoBot (zoominfobot at zoominfo dot com)"
35.185.87.111 - - [11/Sep/2020:21:55:59 -0400] "GET /RICH/first-graduates.html HTTP/1.0" 200 17133 "-" "ZoominfoBot (zoominfobot at zoominfo dot com)"
183.36.114.146 - - [11/Sep/2020:22:52:07 -0400] "GET /css/animate.css HTTP/1.0" 403 217 "http://www.richinc.org/" "Mozilla/5.0 (X11; Fedora; Linux x86_64) AppleWebKit/537.36 (KHTML, like Gecko) HeadlessChrome/73.0.3683.86 Safari/537.36"
183.36.114.119 - - [11/Sep/2020:22:52:08 -0400] "GET /css/style.css HTTP/1.0" 403 215 "http://www.richinc.org/" "Mozilla/5.0 (X11; Fedora; Linux x86_64) AppleWebKit/537.36 (KHTML, like Gecko) HeadlessChrome/73.0.3683.86 Safari/537.36"
183.36.114.24 - - [11/Sep/2020:22:52:08 -0400] "GET /css/aos.css HTTP/1.0" 403 213 "http://www.richinc.org/" "Mozilla/5.0 (X11; Fedora; Linux x86_64) AppleWebKit/537.36 (KHTML, like Gecko) HeadlessChrome/73.0.3683.86 Safari/537.36"
36.110.147.80 - - [11/Sep/2020:22:52:08 -0400] "GET /css/bootstrap-datepicker.css HTTP/1.0" 403 230 "http://www.richinc.org/" "Mozilla/5.0 (X11; Fedora; Linux x86_64) AppleWebKit/537.36 (KHTML, like Gecko) HeadlessChrome/73.0.3683.86 Safari/537.36"
36.110.147.91 - - [11/Sep/2020:22:52:10 -0400] "GET /css/bot.css HTTP/1.0" 403 213 "http://www.richinc.org/" "Mozilla/5.0 (X11; Fedora; Linux x86_64) AppleWebKit/537.36 (KHTML, like Gecko) HeadlessChrome/73.0.3683.86 Safari/537.36"
183.36.114.99 - - [11/Sep/2020:22:52:12 -0400] "GET /css/jquery-ui.css HTTP/1.0" 403 219 "http://www.richinc.org/" "Mozilla/5.0 (X11; Fedora; Linux x86_64) AppleWebKit/537.36 (KHTML, like Gecko) HeadlessChrome/73.0.3683.86 Safari/537.36"
114.119.153.49 - - [11/Sep/2020:02:16:18 -0400] "GET /RICH/gsuite-classroom.html HTTP/1.0" 200 10020 "-" "Mozilla/5.0 (Linux; Android 7.0;) AppleWebKit/537.36 (KHTML, like Gecko) Mobile Safari/537.36 (compatible; PetalBot;+http://aspiegel.com/petalbot)"
77.75.77.54 - - [11/Sep/2020:02:44:11 -0400] "GET /snackimages/11.jpg HTTP/1.0" 302 231 "-" "Mozilla/5.0 (compatible; SeznamBot/3.2; +http://napoveda.seznam.cz/en/seznambot-intro/)"
157.55.39.32 - - [11/Sep/2020:02:58:59 -0400] "GET /robots.txt HTTP/1.0" 302 223 "-" "Mozilla/5.0 (compatible; bingbot/2.0; +http://www.bing.com/bingbot.htm)"
77.75.77.101 - - [11/Sep/2020:03:35:55 -0400] "GET /taj-J-essay.html HTTP/1.0" 302 229 "-" "Mozilla/5.0 (compatible; SeznamBot/3.2; +http://napoveda.seznam.cz/en/seznambot-intro/)"
114.119.146.36 - - [11/Sep/2020:03:45:04 -0400] "GET /overview.html HTTP/1.0" 302 226 "-" "Mozilla/5.0 (Linux; Android 7.0;) AppleWebKit/537.36 (KHTML, like Gecko) Mobile Safari/537.36 (compatible; PetalBot;+http://aspiegel.com/petalbot)"
220.181.77.162 - - [11/Sep/2020:04:18:30 -0400] "GET /RICH/css/bootstrap.min.css HTTP/1.0" 200 159826 "https://www.richinc.org/RICH/" "Mozilla/5.0 (Linux; U; Android 1.1; en-gb; dream) AppleWebKit/525.10 (KHTML, like Gecko) Version/3.0.4 Mobile Safari/523.12.2"
192.99.15.29 - - [11/Sep/2020:05:43:35 -0400] "GET /robots.txt HTTP/1.0" 302 223 "-" "Mozilla/5.0 (compatible; MJ12bot/v1.4.8; http://mj12bot.com/)"
192.99.15.29 - - [11/Sep/2020:05:44:12 -0400] "GET /chrisann-A-essay.html HTTP/1.0" 302 234 "-" "Mozilla/5.0 (compatible; MJ12bot/v1.4.8; http://mj12bot.com/)"
216.218.191.227 - - [11/Sep/2020:06:55:03 -0400] "GET /RICH/css/owl.theme.default.min.css HTTP/1.0" 200 965 "https://www.richinc.org/RICH/parents-investment-alliance.html" "Mozilla/5.0 (X11; Ubuntu; Linux x86_64) AppleWebKit/537.36 (KHTML, like Gecko) Chrome/80.0.3987.0 Safari/537.36"
216.218.191.227 - - [11/Sep/2020:06:55:03 -0400] "GET /RICH/css/jquery-ui.css HTTP/1.0" 200 21738 "https://www.richinc.org/RICH/parents-investment-alliance.html" "Mozilla/5.0 (X11; Ubuntu; Linux x86_64) AppleWebKit/537.36 (KHTML, like Gecko) Chrome/80.0.3987.0 Safari/537.36"
216.218.191.227 - - [11/Sep/2020:06:55:04 -0400] "GET /RICH/js/jquery.countdown.min.js HTTP/1.0" 200 5339 "https://www.richinc.org/RICH/parents-investment-alliance.html" "Mozilla/5.0 (X11; Ubuntu; Linux x86_64) AppleWebKit/537.36 (KHTML, like Gecko) Chrome/80.0.3987.0 Safari/537.36"
184.154.36.170 - - [11/Sep/2020:07:25:02 -0400] "GET /RICH/privacy-policy.html HTTP/1.0" 200 14593 "-" "SiteLockSpider [en] (WinNT; I ;Nav)"
184.154.36.170 - - [11/Sep/2020:07:25:06 -0400] "GET /RICH/overview.html HTTP/1.0" 200 11800 "-" "SiteLockSpider [en] (WinNT; I ;Nav)"
184.154.36.170 - - [11/Sep/2020:07:25:10 -0400] "GET /RICH/js/jquery.stellar.min.js HTTP/1.0" 200 12597 "-" "SiteLockSpider [en] (WinNT; I ;Nav)"
