24.90.48.127 - - [10/Sep/2020:22:56:43 -0400] "GET /RICH/images/gameAnswers/considerate-6.png HTTP/1.0" 200 79221 "https://www.richinc.org/RICH/" "Mozilla/5.0 (Windows NT 10.0; Win64; x64) AppleWebKit/537.36 (KHTML, like Gecko) Chrome/84.0.4147.135 Safari/537.36"
24.90.48.127 - - [10/Sep/2020:22:56:44 -0400] "GET /RICH/images/gameAnswers/matter-14.png HTTP/1.0" 200 79281 "https://www.richinc.org/RICH/" "Mozilla/5.0 (Windows NT 10.0; Win64; x64) AppleWebKit/537.36 (KHTML, like Gecko) Chrome/84.0.4147.135 Safari/537.36"
24.90.48.127 - - [10/Sep/2020:22:56:44 -0400] "GET /RICH/images/gameAnswers/responsible-15.png HTTP/1.0" 200 96983 "https://www.richinc.org/RICH/" "Mozilla/5.0 (Windows NT 10.0; Win64; x64) AppleWebKit/537.36 (KHTML, like Gecko) Chrome/84.0.4147.135 Safari/537.36"
24.90.48.127 - - [10/Sep/2020:22:57:01 -0400] "GET /RICH/images/mission-image3.jpg HTTP/1.0" 200 18091 "https://www.richinc.org/RICH/mission.html" "Mozilla/5.0 (Windows NT 10.0; Win64; x64) AppleWebKit/537.36 (KHTML, like Gecko) Chrome/84.0.4147.135 Safari/537.36"
24.90.48.127 - - [10/Sep/2020:22:57:01 -0400] "GET /RICH/images/mission-image4.jpg HTTP/1.0" 200 13709 "https://www.richinc.org/RICH/mission.html" "Mozilla/5.0 (Windows NT 10.0; Win64; x64) AppleWebKit/537.36 (KHTML, like Gecko) Chrome/84.0.4147.135 Safari/537.36"
24.90.48.127 - - [10/Sep/2020:22:57:02 -0400] "GET /RICH/cdn-cgi/scripts/5c5dd728/cloudflare-static/email-decode.min.js HTTP/1.0" 404 575 "https://www.richinc.org/RICH/mission.html" "Mozilla/5.0 (Windows NT 10.0; Win64; x64) AppleWebKit/537.36 (KHTML, like Gecko) Chrome/84.0.4147.135 Safari/537.36"
24.90.48.127 - - [10/Sep/2020:22:57:12 -0400] "GET /RICH/images/graduate-image4.jpg HTTP/1.0" 200 157421 "https://www.richinc.org/RICH/graduate-testimonials.html" "Mozilla/5.0 (Windows NT 10.0; Win64; x64) AppleWebKit/537.36 (KHTML, like Gecko) Chrome/84.0.4147.135 Safari/537.36"
24.90.48.127 - - [10/Sep/2020:23:06:58 -0400] "GET /RICH/cdn-cgi/scripts/5c5dd728/cloudflare-static/email-decode.min.js HTTP/1.0" 404 575 "https://www.richinc.org/RICH/index.html" "Mozilla/5.0 (Windows NT 10.0; Win64; x64) AppleWebKit/537.36 (KHTML, like Gecko) Chrome/84.0.4147.135 Safari/537.36"
66.249.66.218 - - [10/Sep/2020:23:17:39 -0400] "GET /RICH/fonts/flaticon/font/flaticon.css HTTP/1.0" 200 1250 "https://www.richinc.org/RICH/parents-investment-alliance.html" "Mozilla/5.0 (Linux; Android 6.0.1; Nexus 5X Build/MMB29P) AppleWebKit/537.36 (KHTML, like Gecko) Chrome/85.0.4183.105 Mobile Safari/537.36 (compatible; Googlebot/2.1; +http://www.google.com/bot.html)"
66.249.66.214 - - [10/Sep/2020:23:17:40 -0400] "GET /RICH/cdn-cgi/scripts/5c5dd728/cloudflare-static/email-decode.min.js HTTP/1.0" 404 575 "https://www.richinc.org/RICH/parents-investment-alliance.html" "Mozilla/5.0 (Linux; Android 6.0.1; Nexus 5X Build/MMB29P) AppleWebKit/537.36 (KHTML, like Gecko) Chrome/85.0.4183.105 Mobile Safari/537.36 (compatible; Googlebot/2.1; +http://www.google.com/bot.html)"
66.249.66.216 - - [10/Sep/2020:23:17:47 -0400] "GET /favicon.ico HTTP/1.0" 302 224 "-" "Googlebot-Image/1.0"
34.75.199.111 - - [10/Sep/2020:01:11:25 -0400] "GET /RICH/robots.txt HTTP/1.0" 404 575 "-" "ZoominfoBot (zoominfobot at zoominfo dot com)"
34.75.199.111 - - [10/Sep/2020:01:13:34 -0400] "GET /RICH/ HTTP/1.0" 200 52711 "-" "ZoominfoBot (zoominfobot at zoominfo dot com)"
207.46.13.164 - - [10/Sep/2020:01:21:09 -0400] "GET /blog/rich-photo-gallery/?wppa-album=1&wppa-cover=0&wppa-occur=1 HTTP/1.0" 302 284 "-" "Mozilla/5.0 (compatible; bingbot/2.0; +http://www.bing.com/bingbot.htm)"
207.46.13.164 - - [10/Sep/2020:01:21:19 -0400] "GET /RICH/blog/rich-photo-gallery/?wppa-album=1&wppa-cover=0&wppa-occur=1 HTTP/1.0" 404 575 "-" "Mozilla/5.0 (compatible; bingbot/2.0; +http://www.bing.com/bingbot.htm)"
161.35.30.174 - - [10/Sep/2020:02:41:19 -0400] "GET / HTTP/1.0" 302 213 "-" "Mozilla/5.0 (X11; Linux x86_64) AppleWebKit/537.36 (KHTML, like Gecko) Chrome/79.0.3945.130 Safari/537.36"
192.99.4.140 - - [10/Sep/2020:02:59:25 -0400] "GET /RICH/projectsnack.html HTTP/1.0" 200 18989 "-" "Mozilla/5.0 (compatible; MJ12bot/v1.4.8; http://mj12bot.com/)"
54.36.148.185 - - [10/Sep/2020:06:18:24 -0400] "GET /RICH/about-us.php HTTP/1.0" 404 575 "-" "Mozilla/5.0 (compatible; AhrefsBot/7.0; +http://ahrefs.com/robot/)"
220.181.77.162 - - [10/Sep/2020:07:21:27 -0400] "GET /RICH/css/jquery-ui.css HTTP/1.0" 200 21738 "http://www.richinc.org/RICH/parents-investment-alliance.html" "Mozilla/5.0 (Linux; U; Android 2.2; en-ca; GT-P1000M Build/FROYO) AppleWebKit/533.1 (KHTML, like Gecko) Version/4.0 Mobile Safari/533.1"
220.181.77.162 - - [10/Sep/2020:07:21:29 -0400] "GET /RICH/css/bootstrap-datepicker.css HTTP/1.0" 200 17144 "http://www.richinc.org/RICH/parents-investment-alliance.html" "Mozilla/5.0 (Linux; U; Android 2.2; en-ca; GT-P1000M Build/FROYO) AppleWebKit/533.1 (KHTML, like Gecko) Version/4.0 Mobile Safari/533.1"
220.181.77.162 - - [10/Sep/2020:07:21:30 -0400] "GET /RICH/css/animate.css HTTP/1.0" 200 77748 "http://www.richinc.org/RICH/parents-investment-alliance.html" "Mozilla/5.0 (Linux; U; Android 2.2; en-ca; GT-P1000M Build/FROYO) AppleWebKit/533.1 (KHTML, like Gecko) Version/4.0 Mobile Safari/533.1"
220.181.77.162 - - [10/Sep/2020:07:21:31 -0400] "GET /RICH/css/aos.css HTTP/1.0" 200 25983 "http://www.richinc.org/RICH/parents-investment-alliance.html" "Mozilla/5.0 (Linux; U; Android 2.2; en-ca; GT-P1000M Build/FROYO) AppleWebKit/533.1 (KHTML, like Gecko) Version/4.0 Mobile Safari/533.1"
220.181.77.162 - - [10/Sep/2020:07:21:39 -0400] "GET /RICH/js/bootstrap-datepicker.min.js HTTP/1.0" 200 34172 "http://www.richinc.org/RICH/parents-investment-alliance.html" "Mozilla/5.0 (Linux; U; Android 2.2; en-ca; GT-P1000M Build/FROYO) AppleWebKit/533.1 (KHTML, like Gecko) Version/4.0 Mobile Safari/533.1"
220.181.77.162 - - [10/Sep/2020:07:21:43 -0400] "GET /RICH/js/main.js HTTP/1.0" 200 7761 "http://www.richinc.org/RICH/parents-investment-alliance.html" "Mozilla/5.0 (Linux; U; Android 2.2; en-ca; GT-P1000M Build/FROYO) AppleWebKit/533.1 (KHTML, like Gecko) Version/4.0 Mobile Safari/533.1"
220.181.77.162 - - [10/Sep/2020:07:22:00 -0400] "GET /RICH/js/bootstrap.min.js HTTP/1.0" 200 51039 "http://www.richinc.org/RICH/parents-investment-alliance.html" "Mozilla/5.0 (Linux; U; Android 2.2; en-ca; GT-P1000M Build/FROYO) AppleWebKit/533.1 (KHTML, like Gecko) Version/4.0 Mobile Safari/533.1"
220.181.77.162 - - [10/Sep/2020:07:22:06 -0400] "GET /RICH/js/jquery.magnific-popup.min.js HTTP/1.0" 200 20216 "http://www.richinc.org/RICH/parents-investment-alliance.html" "Mozilla/5.0 (Linux; U; Android 2.2; en-ca; GT-P1000M Build/FROYO) AppleWebKit/533.1 (KHTML, like Gecko) Version/4.0 Mobile Safari/533.1"
184.154.139.16 - - [10/Sep/2020:07:23:25 -0400] "GET / HTTP/1.0" 302 213 "http://www.google.com/url?url=www.richinc.org&yahoo.com" "Mozilla/5.0 (compatible; MSIE 9.0; Windows NT 6.1; WOW64; Trident/6.0)"
184.154.139.16 - - [10/Sep/2020:07:23:27 -0400] "GET /RICH/th1s_1s_a_4o4.html HTTP/1.0" 404 575 "-" "SiteLockSpider [en] (WinNT; I ;Nav)"
184.154.139.16 - - [10/Sep/2020:07:23:35 -0400] "GET /RICH/page1.html HTTP/1.0" 200 53544 "-" "SiteLockSpider [en] (WinNT; I ;Nav)"
184.154.139.16 - - [10/Sep/2020:07:23:40 -0400] "GET /RICH/page2.html HTTP/1.0" 200 48877 "-" "SiteLockSpider [en] (WinNT; I ;Nav)"
184.154.139.16 - - [10/Sep/2020:07:23:42 -0400] "GET /RICH/js/bootstrap.min.js HTTP/1.0" 200 51039 "-" "SiteLockSpider [en] (WinNT; I ;Nav)"
184.154.139.16 - - [10/Sep/2020:07:23:43 -0400] "GET /RICH/loginAdmin.html HTTP/1.0" 200 13596 "-" "SiteLockSpider [en] (WinNT; I ;Nav)"
184.154.139.16 - - [10/Sep/2020:07:23:44 -0400] "GET /RICH/Account/portal-home.html?=1 HTTP/1.0" 200 18428 "http://www.google.com/url?url=www.richinc.org&yahoo.com" "Mozilla/5.0 (compatible; MSIE 9.0; Windows NT 6.1; WOW64; Trident/6.0)"
184.154.139.16 - - [10/Sep/2020:07:23:52 -0400] "GET /RICH/css/bootstrap-datepicker.css HTTP/1.0" 200 17144 "-" "SiteLockSpider [en] (WinNT; I ;Nav)"
184.154.139.16 - - [10/Sep/2020:07:24:05 -0400] "GET /RICH/Account/redirect.html HTTP/1.0" 200 2264 "-" "SiteLockSpider [en] (WinNT; I ;Nav)"
184.154.139.16 - - [10/Sep/2020:07:24:10 -0400] "GET /RICH/peace-run.html HTTP/1.0" 200 14034 "http://www.google.com/url?url=www.richinc.org&yahoo.com" "Mozilla/5.0 (compatible; MSIE 9.0; Windows NT 6.1; WOW64; Trident/6.0)"
184.154.139.16 - - [10/Sep/2020:07:24:11 -0400] "GET /RICH/first-graduates.html HTTP/1.0" 200 17133 "-" "SiteLockSpider [en] (WinNT; I ;Nav)"
184.154.139.16 - - [10/Sep/2020:07:24:11 -0400] "GET /RICH/index.html HTTP/1.0" 200 52711 "-" "SiteLockSpider [en] (WinNT; I ;Nav)"
184.154.139.16 - - [10/Sep/2020:07:24:16 -0400] "GET /RICH/js/bootstrap.min.js HTTP/1.0" 200 51039 "-" "SiteLockSpider [en] (WinNT; I ;Nav)"
184.154.139.16 - - [10/Sep/2020:07:24:17 -0400] "GET /RICH/fonts/flaticon/font/flaticon.css HTTP/1.0" 200 1250 "http://www.google.com/url?url=www.richinc.org&yahoo.com" "Mozilla/5.0 (compatible; MSIE 9.0; Windows NT 6.1; WOW64; Trident/6.0)"
114.119.154.186 - - [10/Sep/2020:08:40:48 -0400] "GET /robots.txt HTTP/1.0" 302 223 "-" "(compatible;PetalBot;+http://aspiegel.com/petalbot)"
114.119.132.207 - - [10/Sep/2020:09:56:56 -0400] "GET /robots.txt HTTP/1.0" 302 223 "-" "(compatible;PetalBot;+http://aspiegel.com/petalbot)"
114.119.132.207 - - [10/Sep/2020:09:56:57 -0400] "GET /RICH/robots.txt HTTP/1.0" 404 575 "-" "(compatible;PetalBot;+http://aspiegel.com/petalbot)"
176.9.47.122 - - [10/Sep/2020:09:57:31 -0400] "GET /RICH/js/jquery-ui.js HTTP/1.0" 200 45799 "https://www.richinc.org/RICH/" "Mozilla/5.0 (Windows NT 10.0; Win64; x64; rv:79.0) Gecko/20100101 Firefox/79.0"
176.9.47.122 - - [10/Sep/2020:09:57:31 -0400] "GET /RICH/js/owl.carousel.min.js HTTP/1.0" 200 42766 "https://www.richinc.org/RICH/" "Mozilla/5.0 (Windows NT 10.0; Win64; x64; rv:79.0) Gecko/20100101 Firefox/79.0"
176.9.47.122 - - [10/Sep/2020:09:57:31 -0400] "GET /RICH/js/bootstrap-datepicker.min.js HTTP/1.0" 200 34172 "https://www.richinc.org/RICH/" "Mozilla/5.0 (Windows NT 10.0; Win64; x64; rv:79.0) Gecko/20100101 Firefox/79.0"
95.216.96.243 - - [10/Sep/2020:10:20:54 -0400] "GET /RICH/contact-us.html HTTP/1.0" 200 13639 "https://www.richinc.org/RICH/" "Mozilla/5.0 (compatible; SEOkicks; +https://www.seokicks.de/robot.html)"
95.216.96.243 - - [10/Sep/2020:10:44:07 -0400] "GET /RICH/page3.html HTTP/1.0" 200 49217 "https://www.richinc.org/RICH/page1.html" "Mozilla/5.0 (compatible; SEOkicks; +https://www.seokicks.de/robot.html)"
95.216.96.243 - - [10/Sep/2020:10:44:10 -0400] "GET /RICH/login.html HTTP/1.0" 200 12888 "https://www.richinc.org/RICH/projectsnack.html" "Mozilla/5.0 (compatible; SEOkicks; +https://www.seokicks.de/robot.html)"
95.216.96.243 - - [10/Sep/2020:10:44:13 -0400] "GET /RICH/GoogleClassroom/classAPI.php?callback=processData HTTP/1.0" 302 - "https://www.richinc.org/RICH/Account/redirect.html" "Mozilla/5.0 (compatible; SEOkicks; +https://www.seokicks.de/robot.html)"
114.119.147.97 - - [10/Sep/2020:11:10:35 -0400] "GET /robots.txt HTTP/1.0" 302 223 "-" "(compatible;PetalBot;+http://aspiegel.com/petalbot)"
114.119.133.14 - - [10/Sep/2020:11:15:28 -0400] "GET /RICH/robots.txt HTTP/1.0" 404 575 "-" "(compatible;PetalBot;+http://aspiegel.com/petalbot)"
107.178.238.28 - - [10/Sep/2020:11:16:10 -0400] "GET /RICH/css/jquery-ui.css HTTP/1.0" 200 21738 "https://www.richinc.org/RICH/" "Mozilla/5.0 (X11; Linux x86_64) AppleWebKit/537.36 (KHTML, like Gecko) HeadlessChrome/72.0.3617.0 Safari/537.36"
107.178.238.28 - - [10/Sep/2020:11:16:11 -0400] "GET /cdn-cgi/scripts/5c5dd728/cloudflare-static/email-decode.min.js HTTP/1.0" 302 275 "https://www.richinc.org/RICH/" "Mozilla/5.0 (X11; Linux x86_64) AppleWebKit/537.36 (KHTML, like Gecko) HeadlessChrome/72.0.3617.0 Safari/537.36"
107.178.238.28 - - [10/Sep/2020:11:16:11 -0400] "GET /RICH/js/owl.carousel.min.js HTTP/1.0" 200 42766 "https://www.richinc.org/RICH/" "Mozilla/5.0 (X11; Linux x86_64) AppleWebKit/537.36 (KHTML, like Gecko) HeadlessChrome/72.0.3617.0 Safari/537.36"
107.178.238.28 - - [10/Sep/2020:11:16:11 -0400] "GET /RICH/js/aos.js HTTP/1.0" 200 14244 "https://www.richinc.org/RICH/" "Mozilla/5.0 (X11; Linux x86_64) AppleWebKit/537.36 (KHTML, like Gecko) HeadlessChrome/72.0.3617.0 Safari/537.36"
107.178.238.28 - - [10/Sep/2020:11:16:13 -0400] "GET /RICH/images/responsibility.png HTTP/1.0" 200 22581 "https://www.richinc.org/RICH/" "Mozilla/5.0 (X11; Linux x86_64) AppleWebKit/537.36 (KHTML, like Gecko) HeadlessChrome/72.0.3617.0 Safari/537.36"
72.79.42.130 - - [10/Sep/2020:11:36:19 -0400] "GET /RICH/image7.jpg HTTP/1.0" 200 568744 "https://www.richinc.org/RICH/" "Mozilla/5.0 (Windows NT 10.0; Win64; x64) AppleWebKit/537.36 (KHTML, like Gecko) Chrome/85.0.4183.102 Safari/537.36"
35.231.61.14 - - [10/Sep/2020:11:57:22 -0400] "GET /RICH/rich-learning-system.html HTTP/1.0" 200 13174 "-" "ZoominfoBot (zoominfobot at zoominfo dot com)"
35.231.61.14 - - [10/Sep/2020:12:08:30 -0400] "GET /RICH/annual-reports.html HTTP/1.0" 200 10564 "-" "ZoominfoBot (zoominfobot at zoominfo dot com)"
207.46.13.120 - - [10/Sep/2020:13:30:36 -0400] "GET /RICH/first-graduates.html HTTP/1.0" 200 17133 "-" "Mozilla/5.0 (compatible; bingbot/2.0; +http://www.bing.com/bingbot.htm)"
114.119.149.232 - - [10/Sep/2020:14:57:49 -0400] "GET /RICH/first-graduates.html HTTP/1.0" 200 17133 "-" "Mozilla/5.0 (Linux; Android 7.0;) AppleWebKit/537.36 (KHTML, like Gecko) Mobile Safari/537.36 (compatible; PetalBot;+http://aspiegel.com/petalbot)"
34.73.120.62 - - [10/Sep/2020:15:58:29 -0400] "GET /RICH/gsuite-classroom.html HTTP/1.0" 200 10020 "-" "ZoominfoBot (zoominfobot at zoominfo dot com)"
114.119.153.49 - - [10/Sep/2020:16:57:10 -0400] "GET /RICH/mission.html HTTP/1.0" 200 15573 "-" "Mozilla/5.0 (Linux; Android 7.0;) AppleWebKit/537.36 (KHTML, like Gecko) Mobile Safari/537.36 (compatible; PetalBot;+http://aspiegel.com/petalbot)"
157.55.39.2 - - [10/Sep/2020:17:02:58 -0400] "GET /RICH/robots.txt HTTP/1.0" 404 575 "-" "Mozilla/5.0 (compatible; bingbot/2.0; +http://www.bing.com/bingbot.htm)"
173.231.59.205 - - [10/Sep/2020:20:11:34 -0400] "GET /RICH/page1.html HTTP/1.0" 200 53544 "https://www.richinc.org/" "Mozilla/5.0 (compatible; Adsbot/3.1)"
173.231.59.205 - - [10/Sep/2020:20:12:56 -0400] "GET /RICH/contact-us.html HTTP/1.0" 200 13639 "https://www.richinc.org/" "Mozilla/5.0 (compatible; Adsbot/3.1)"
173.231.59.205 - - [10/Sep/2020:20:15:11 -0400] "GET /RICH/rich-learning-system.html HTTP/1.0" 200 13174 "https://www.richinc.org/" "Mozilla/5.0 (compatible; Adsbot/3.1)"
173.231.59.205 - - [10/Sep/2020:20:16:46 -0400] "GET /RICH/parents-investment-alliance.html HTTP/1.0" 200 13078 "https://www.richinc.org/" "Mozilla/5.0 (compatible; Adsbot/3.1)"
78.47.238.17 - - [10/Sep/2020:21:15:46 -0400] "GET /taj-J-essay.html HTTP/1.0" 302 229 "-" "pimeyes.com crawler"
173.231.59.205 - - [10/Sep/2020:21:27:58 -0400] "GET /snackimages/10.jpg HTTP/1.0" 302 231 "https://www.richinc.org/" "Mozilla/5.0 (compatible; Adsbot/3.1)"
173.231.59.205 - - [10/Sep/2020:21:28:29 -0400] "GET /snackimages/16.jpg HTTP/1.0" 302 231 "https://www.richinc.org/" "Mozilla/5.0 (compatible; Adsbot/3.1)"
173.231.59.205 - - [10/Sep/2020:21:30:36 -0400] "GET /RICH/peace-run.html HTTP/1.0" 200 14034 "https://www.richinc.org/" "Mozilla/5.0 (compatible; Adsbot/3.1)"
173.231.59.205 - - [10/Sep/2020:22:21:57 -0400] "GET /RICH/snackimages/29.jpg HTTP/1.0" 200 223726 "https://www.richinc.org/" "Mozilla/5.0 (compatible; Adsbot/3.1)"
173.231.59.205 - - [10/Sep/2020:22:22:28 -0400] "GET /RICH/snackimages/35.jpg HTTP/1.0" 200 90613 "https://www.richinc.org/" "Mozilla/5.0 (compatible; Adsbot/3.1)"
173.231.59.205 - - [10/Sep/2020:22:23:06 -0400] "GET /RICH/snackimages/41.jpg HTTP/1.0" 200 41423 "https://www.richinc.org/" "Mozilla/5.0 (compatible; Adsbot/3.1)"
173.231.59.205 - - [10/Sep/2020:22:23:11 -0400] "GET /RICH/snackimages/42.jpg HTTP/1.0" 200 29897 "https://www.richinc.org/" "Mozilla/5.0 (compatible; Adsbot/3.1)"
24.90.48.127 - - [10/Sep/2020:22:56:28 -0400] "GET /RICH/css/jquery-ui.css HTTP/1.0" 200 21738 "https://www.richinc.org/RICH/" "Mozilla/5.0 (Windows NT 10.0; Win64; x64) AppleWebKit/537.36 (KHTML, like Gecko) Chrome/84.0.4147.135 Safari/537.36"
24.90.48.127 - - [10/Sep/2020:22:56:30 -0400] "GET /RICH/fonts/icomoon/fonts/icomoon.ttf?10si43 HTTP/1.0" 200 307168 "https://www.richinc.org/RICH/fonts/icomoon/style.css" "Mozilla/5.0 (Windows NT 10.0; Win64; x64) AppleWebKit/537.36 (KHTML, like Gecko) Chrome/84.0.4147.135 Safari/537.36"
24.90.48.127 - - [10/Sep/2020:22:56:40 -0400] "POST /RICH/php/AdminsRICH.php HTTP/1.0" 200 - "https://www.richinc.org/RICH/" "Mozilla/5.0 (Windows NT 10.0; Win64; x64) AppleWebKit/537.36 (KHTML, like Gecko) Chrome/84.0.4147.135 Safari/537.36"
24.90.48.127 - - [10/Sep/2020:22:56:41 -0400] "GET /RICH/images/gameAnswers/responsible-2.png HTTP/1.0" 200 86600 "https://www.richinc.org/RICH/" "Mozilla/5.0 (Windows NT 10.0; Win64; x64) AppleWebKit/537.36 (KHTML, like Gecko) Chrome/84.0.4147.135 Safari/537.36"
24.90.48.127 - - [10/Sep/2020:22:56:43 -0400] "GET /RICH/images/gameAnswers/responsible-9.png HTTP/1.0" 200 90344 "https://www.richinc.org/RICH/" "Mozilla/5.0 (Windows NT 10.0; Win64; x64) AppleWebKit/537.36 (KHTML, like Gecko) Chrome/84.0.4147.135 Safari/537.36"
24.90.48.127 - - [10/Sep/2020:22:56:43 -0400] "GET /RICH/images/gameAnswers/responsible-12.png HTTP/1.0" 200 94379 "https://www.richinc.org/RICH/" "Mozilla/5.0 (Windows NT 10.0; Win64; x64) AppleWebKit/537.36 (KHTML, like Gecko) Chrome/84.0.4147.135 Safari/537.36"
24.90.48.127 - - [10/Sep/2020:22:56:44 -0400] "GET /RICH/images/gameAnswers/considerate-19.png HTTP/1.0" 200 87582 "https://www.richinc.org/RICH/" "Mozilla/5.0 (Windows NT 10.0; Win64; x64) AppleWebKit/537.36 (KHTML, like Gecko) Chrome/84.0.4147.135 Safari/537.36"
24.90.48.127 - - [10/Sep/2020:22:57:01 -0400] "GET /cdn-cgi/scripts/5c5dd728/cloudflare-static/email-decode.min.js HTTP/1.0" 302 275 "https://www.richinc.org/RICH/mission.html" "Mozilla/5.0 (Windows NT 10.0; Win64; x64) AppleWebKit/537.36 (KHTML, like Gecko) Chrome/84.0.4147.135 Safari/537.36"
24.90.48.127 - - [10/Sep/2020:22:57:11 -0400] "GET /RICH/images/graduate-image5.jpg HTTP/1.0" 200 164151 "https://www.richinc.org/RICH/graduate-testimonials.html" "Mozilla/5.0 (Windows NT 10.0; Win64; x64) AppleWebKit/537.36 (KHTML, like Gecko) Chrome/84.0.4147.135 Safari/537.36"
24.90.48.127 - - [10/Sep/2020:22:57:18 -0400] "GET /RICH/four.JPG HTTP/1.0" 200 515761 "https://www.richinc.org/RICH/projectsnack.html" "Mozilla/5.0 (Windows NT 10.0; Win64; x64) AppleWebKit/537.36 (KHTML, like Gecko) Chrome/84.0.4147.135 Safari/537.36"
24.90.48.127 - - [10/Sep/2020:22:57:18 -0400] "GET /RICH/snack.MOV HTTP/1.0" 200 3763741 "https://www.richinc.org/RICH/projectsnack.html" "Mozilla/5.0 (Windows NT 10.0; Win64; x64) AppleWebKit/537.36 (KHTML, like Gecko) Chrome/84.0.4147.135 Safari/537.36"
66.249.66.218 - - [10/Sep/2020:23:17:39 -0400] "GET /RICH/css/bootstrap.min.css HTTP/1.0" 200 159826 "https://www.richinc.org/RICH/parents-investment-alliance.html" "Mozilla/5.0 (Linux; Android 6.0.1; Nexus 5X Build/MMB29P) AppleWebKit/537.36 (KHTML, like Gecko) Chrome/85.0.4183.105 Mobile Safari/537.36 (compatible; Googlebot/2.1; +http://www.google.com/bot.html)"
114.119.146.36 - - [10/Sep/2020:00:22:36 -0400] "GET /annual-reports.html HTTP/1.0" 302 232 "-" "Mozilla/5.0 (Linux; Android 7.0;) AppleWebKit/537.36 (KHTML, like Gecko) Mobile Safari/537.36 (compatible; PetalBot;+http://aspiegel.com/petalbot)"
161.35.30.174 - - [10/Sep/2020:02:41:21 -0400] "GET /RICH/ HTTP/1.0" 200 52711 "http://richinc.org/" "Mozilla/5.0 (X11; Linux x86_64) AppleWebKit/537.36 (KHTML, like Gecko) Chrome/79.0.3945.130 Safari/537.36"
103.196.43.179 - - [10/Sep/2020:02:51:13 -0400] "GET /?q=semalt.com HTTP/1.0" 302 226 "http://google.com/search?q=semalt.com" "Mozilla/5.0 (Windows NT 10.0; Win64; x64) AppleWebKit/537.36 (KHTML, like Gecko) Chrome/74.0.3729.169 Safari/537.36"
192.99.4.140 - - [10/Sep/2020:02:58:27 -0400] "GET /RICH/ HTTP/1.0" 200 52711 "-" "Mozilla/5.0 (compatible; MJ12bot/v1.4.8; http://mj12bot.com/)"
114.119.145.137 - - [10/Sep/2020:03:57:29 -0400] "GET /RICH/partnership-opportunities.html HTTP/1.0" 200 14323 "-" "Mozilla/5.0 (Linux; Android 7.0;) AppleWebKit/537.36 (KHTML, like Gecko) Mobile Safari/537.36 (compatible; PetalBot;+http://aspiegel.com/petalbot)"
220.181.77.162 - - [10/Sep/2020:07:21:29 -0400] "GET /RICH/css/owl.theme.default.min.css HTTP/1.0" 200 965 "http://www.richinc.org/RICH/parents-investment-alliance.html" "Mozilla/5.0 (Linux; U; Android 2.2; en-ca; GT-P1000M Build/FROYO) AppleWebKit/533.1 (KHTML, like Gecko) Version/4.0 Mobile Safari/533.1"
220.181.77.162 - - [10/Sep/2020:07:21:31 -0400] "GET /RICH/css/bootstrap.min.css HTTP/1.0" 200 159826 "http://www.richinc.org/RICH/parents-investment-alliance.html" "Mozilla/5.0 (Linux; U; Android 2.2; en-ca; GT-P1000M Build/FROYO) AppleWebKit/533.1 (KHTML, like Gecko) Version/4.0 Mobile Safari/533.1"
220.181.77.162 - - [10/Sep/2020:07:21:33 -0400] "GET /cdn-cgi/scripts/5c5dd728/cloudflare-static/email-decode.min.js HTTP/1.0" 302 275 "http://www.richinc.org/RICH/parents-investment-alliance.html" "Mozilla/5.0 (Linux; U; Android 2.2; en-ca; GT-P1000M Build/FROYO) AppleWebKit/533.1 (KHTML, like Gecko) Version/4.0 Mobile Safari/533.1"
220.181.77.162 - - [10/Sep/2020:07:21:36 -0400] "GET /RICH/cdn-cgi/scripts/5c5dd728/cloudflare-static/email-decode.min.js HTTP/1.0" 404 575 "http://www.richinc.org/RICH/parents-investment-alliance.html" "Mozilla/5.0 (Linux; U; Android 2.2; en-ca; GT-P1000M Build/FROYO) AppleWebKit/533.1 (KHTML, like Gecko) Version/4.0 Mobile Safari/533.1"
220.181.77.162 - - [10/Sep/2020:07:21:41 -0400] "GET /RICH/js/mediaelement-and-player.min.js HTTP/1.0" 200 152469 "http://www.richinc.org/RICH/parents-investment-alliance.html" "Mozilla/5.0 (Linux; U; Android 2.2; en-ca; GT-P1000M Build/FROYO) AppleWebKit/533.1 (KHTML, like Gecko) Version/4.0 Mobile Safari/533.1"
220.181.77.162 - - [10/Sep/2020:07:21:55 -0400] "GET /RICH/css/animate.css HTTP/1.0" 200 77748 "http://www.richinc.org/RICH/parents-investment-alliance.html" "Mozilla/5.0 (Linux; U; Android 2.2; en-ca; GT-P1000M Build/FROYO) AppleWebKit/533.1 (KHTML, like Gecko) Version/4.0 Mobile Safari/533.1"
220.181.77.162 - - [10/Sep/2020:07:22:05 -0400] "GET /RICH/js/jquery.countdown.min.js HTTP/1.0" 200 5339 "http://www.richinc.org/RICH/parents-investment-alliance.html" "Mozilla/5.0 (Linux; U; Android 2.2; en-ca; GT-P1000M Build/FROYO) AppleWebKit/533.1 (KHTML, like Gecko) Version/4.0 Mobile Safari/533.1"
220.181.77.162 - - [10/Sep/2020:07:22:06 -0400] "GET /RICH/js/bootstrap-datepicker.min.js HTTP/1.0" 200 34172 "http://www.richinc.org/RICH/parents-investment-alliance.html" "Mozilla/5.0 (Linux; U; Android 2.2; en-ca; GT-P1000M Build/FROYO) AppleWebKit/533.1 (KHTML, like Gecko) Version/4.0 Mobile Safari/533.1"
184.154.139.16 - - [10/Sep/2020:07:23:25 -0400] "GET /RICH/ HTTP/1.0" 200 52711 "http://www.google.com/url?url=www.richinc.org&yahoo.com" "Mozilla/5.0 (compatible; MSIE 9.0; Windows NT 6.1; WOW64; Trident/6.0)"
184.154.139.16 - - [10/Sep/2020:07:23:41 -0400] "GET /RICH/page3.html HTTP/1.0" 200 49217 "-" "SiteLockSpider [en] (WinNT; I ;Nav)"
184.154.139.16 - - [10/Sep/2020:07:23:59 -0400] "GET /RICH/css/bootstrap.min.css HTTP/1.0" 200 159826 "-" "SiteLockSpider [en] (WinNT; I ;Nav)"
184.154.139.16 - - [10/Sep/2020:07:24:01 -0400] "GET /RICH/Account/projects.html HTTP/1.0" 200 23298 "-" "SiteLockSpider [en] (WinNT; I ;Nav)"
184.154.139.16 - - [10/Sep/2020:07:24:04 -0400] "GET /RICH/css/magnific-popup.css HTTP/1.0" 200 6950 "-" "SiteLockSpider [en] (WinNT; I ;Nav)"
184.154.139.16 - - [10/Sep/2020:07:24:04 -0400] "GET /RICH/Account/profile.html HTTP/1.0" 200 28100 "-" "SiteLockSpider [en] (WinNT; I ;Nav)"
184.154.139.16 - - [10/Sep/2020:07:24:06 -0400] "GET /RICH/GoogleClassroom/classAPI.php?callback=processData HTTP/1.0" 302 - "http://www.google.com/url?url=www.richinc.org&yahoo.com" "Mozilla/5.0 (compatible; MSIE 9.0; Windows NT 6.1; WOW64; Trident/6.0)"
184.154.139.16 - - [10/Sep/2020:07:24:11 -0400] "GET /RICH/partnership-opportunities.html HTTP/1.0" 200 14323 "-" "SiteLockSpider [en] (WinNT; I ;Nav)"
184.154.139.16 - - [10/Sep/2020:07:24:15 -0400] "GET /RICH/js/jquery.countdown.min.js HTTP/1.0" 200 5339 "-" "SiteLockSpider [en] (WinNT; I ;Nav)"
184.154.139.16 - - [10/Sep/2020:07:24:15 -0400] "GET /RICH/css/bootstrap.min.css HTTP/1.0" 200 159826 "-" "SiteLockSpider [en] (WinNT; I ;Nav)"
184.154.139.16 - - [10/Sep/2020:07:24:16 -0400] "GET /RICH/js/bootstrap-datepicker.min.js HTTP/1.0" 200 34172 "-" "SiteLockSpider [en] (WinNT; I ;Nav)"
184.154.139.16 - - [10/Sep/2020:07:24:17 -0400] "GET /RICH/css/owl.carousel.min.css HTTP/1.0" 200 2936 "-" "SiteLockSpider [en] (WinNT; I ;Nav)"
184.154.139.16 - - [10/Sep/2020:07:24:17 -0400] "GET /RICH/js/owl.carousel.min.js HTTP/1.0" 200 42766 "-" "SiteLockSpider [en] (WinNT; I ;Nav)"
114.119.145.88 - - [10/Sep/2020:08:35:48 -0400] "GET /robots.txt HTTP/1.0" 302 223 "-" "(compatible;PetalBot;+http://aspiegel.com/petalbot)"
95.216.96.243 - - [10/Sep/2020:09:50:14 -0400] "GET /RICH/ HTTP/1.0" 200 52711 "http://richinc.org/" "Mozilla/5.0 (compatible; SEOkicks; +https://www.seokicks.de/robot.html)"
95.216.96.243 - - [10/Sep/2020:09:50:16 -0400] "GET / HTTP/1.0" 302 213 "https://www.richinc.org/robots.txt" "Mozilla/5.0 (compatible; SEOkicks; +https://www.seokicks.de/robot.html)"
95.216.96.243 - - [10/Sep/2020:09:50:19 -0400] "GET /RICH/mission.html HTTP/1.0" 200 15573 "https://www.richinc.org/RICH/" "Mozilla/5.0 (compatible; SEOkicks; +https://www.seokicks.de/robot.html)"
176.9.47.122 - - [10/Sep/2020:09:57:31 -0400] "GET /RICH/js/bootstrap.min.js HTTP/1.0" 200 51039 "https://www.richinc.org/RICH/" "Mozilla/5.0 (Windows NT 10.0; Win64; x64; rv:79.0) Gecko/20100101 Firefox/79.0"
176.9.47.122 - - [10/Sep/2020:09:57:31 -0400] "GET /RICH/js/jquery.stellar.min.js HTTP/1.0" 200 12597 "https://www.richinc.org/RICH/" "Mozilla/5.0 (Windows NT 10.0; Win64; x64; rv:79.0) Gecko/20100101 Firefox/79.0"
95.216.96.243 - - [10/Sep/2020:10:20:50 -0400] "GET /RICH/parents-investment-alliance.html HTTP/1.0" 200 13078 "https://www.richinc.org/RICH/" "Mozilla/5.0 (compatible; SEOkicks; +https://www.seokicks.de/robot.html)"
95.216.96.243 - - [10/Sep/2020:10:44:11 -0400] "GET /RICH/Account/redirect.html HTTP/1.0" 200 2264 "https://www.richinc.org/RICH/gsuite-classroom.html" "Mozilla/5.0 (compatible; SEOkicks; +https://www.seokicks.de/robot.html)"
95.216.96.243 - - [10/Sep/2020:11:06:15 -0400] "GET /RICH/loginAdmin.html HTTP/1.0" 200 13596 "https://www.richinc.org/RICH/login.html" "Mozilla/5.0 (compatible; SEOkicks; +https://www.seokicks.de/robot.html)"
107.178.238.28 - - [10/Sep/2020:11:16:10 -0400] "GET /RICH/css/magnific-popup.css HTTP/1.0" 200 6950 "https://www.richinc.org/RICH/" "Mozilla/5.0 (X11; Linux x86_64) AppleWebKit/537.36 (KHTML, like Gecko) HeadlessChrome/72.0.3617.0 Safari/537.36"
107.178.238.28 - - [10/Sep/2020:11:16:10 -0400] "GET /RICH/fonts/icomoon/style.css HTTP/1.0" 200 79820 "https://www.richinc.org/RICH/" "Mozilla/5.0 (X11; Linux x86_64) AppleWebKit/537.36 (KHTML, like Gecko) HeadlessChrome/72.0.3617.0 Safari/537.36"
107.178.238.28 - - [10/Sep/2020:11:16:11 -0400] "GET /RICH/js/popper.min.js HTTP/1.0" 200 20336 "https://www.richinc.org/RICH/" "Mozilla/5.0 (X11; Linux x86_64) AppleWebKit/537.36 (KHTML, like Gecko) HeadlessChrome/72.0.3617.0 Safari/537.36"
107.178.238.28 - - [10/Sep/2020:11:16:11 -0400] "GET /RICH/js/bootstrap.min.js HTTP/1.0" 200 51039 "https://www.richinc.org/RICH/" "Mozilla/5.0 (X11; Linux x86_64) AppleWebKit/537.36 (KHTML, like Gecko) HeadlessChrome/72.0.3617.0 Safari/537.36"
107.178.238.28 - - [10/Sep/2020:11:16:11 -0400] "GET /RICH/image7.jpg HTTP/1.0" 200 568744 "https://www.richinc.org/RICH/" "Mozilla/5.0 (X11; Linux x86_64) AppleWebKit/537.36 (KHTML, like Gecko) HeadlessChrome/72.0.3617.0 Safari/537.36"
107.178.238.28 - - [10/Sep/2020:11:16:13 -0400] "GET /RICH/images/considerate.png HTTP/1.0" 200 22730 "https://www.richinc.org/RICH/" "Mozilla/5.0 (X11; Linux x86_64) AppleWebKit/537.36 (KHTML, like Gecko) HeadlessChrome/72.0.3617.0 Safari/537.36"
107.178.238.28 - - [10/Sep/2020:11:16:13 -0400] "GET /RICH/images/strategies.png HTTP/1.0" 200 22315 "https://www.richinc.org/RICH/" "Mozilla/5.0 (X11; Linux x86_64) AppleWebKit/537.36 (KHTML, like Gecko) HeadlessChrome/72.0.3617.0 Safari/537.36"
35.231.61.14 - - [10/Sep/2020:11:31:17 -0400] "GET /RICH/robots.txt HTTP/1.0" 404 575 "-" "ZoominfoBot (zoominfobot at zoominfo dot com)"
66.249.70.25 - - [10/Sep/2020:11:35:31 -0400] "GET / HTTP/1.0" 302 213 "-" "Mozilla/5.0 (Linux; Android 6.0.1; Nexus 5X Build/MMB29P) AppleWebKit/537.36 (KHTML, like Gecko) Chrome/80.0.3987.92 Mobile Safari/537.36 (compatible; Googlebot/2.1; +http://www.google.com/bot.html)"
66.249.66.216 - - [10/Sep/2020:11:35:32 -0400] "GET /robots.txt HTTP/1.0" 302 223 "-" "Mozilla/5.0 (compatible; Googlebot/2.1; +http://www.google.com/bot.html)"
72.79.42.130 - - [10/Sep/2020:11:36:19 -0400] "GET /RICH/ HTTP/1.0" 200 52711 "https://www.google.com/" "Mozilla/5.0 (Windows NT 10.0; Win64; x64) AppleWebKit/537.36 (KHTML, like Gecko) Chrome/85.0.4183.102 Safari/537.36"
72.79.42.130 - - [10/Sep/2020:11:36:19 -0400] "GET /RICH/css/owl.theme.default.min.css HTTP/1.0" 200 965 "https://www.richinc.org/RICH/" "Mozilla/5.0 (Windows NT 10.0; Win64; x64) AppleWebKit/537.36 (KHTML, like Gecko) Chrome/85.0.4183.102 Safari/537.36"
72.79.42.130 - - [10/Sep/2020:11:36:19 -0400] "GET /RICH/images/botimage.png HTTP/1.0" 200 3914 "https://www.richinc.org/RICH/" "Mozilla/5.0 (Windows NT 10.0; Win64; x64) AppleWebKit/537.36 (KHTML, like Gecko) Chrome/85.0.4183.102 Safari/537.36"
72.79.42.130 - - [10/Sep/2020:11:36:20 -0400] "GET /RICH/js/jquery-migrate-3.0.1.min.js HTTP/1.0" 200 11421 "https://www.richinc.org/RICH/" "Mozilla/5.0 (Windows NT 10.0; Win64; x64) AppleWebKit/537.36 (KHTML, like Gecko) Chrome/85.0.4183.102 Safari/537.36"
72.79.42.130 - - [10/Sep/2020:11:36:20 -0400] "GET /RICH/js/jquery-ui.js HTTP/1.0" 200 45799 "https://www.richinc.org/RICH/" "Mozilla/5.0 (Windows NT 10.0; Win64; x64) AppleWebKit/537.36 (KHTML, like Gecko) Chrome/85.0.4183.102 Safari/537.36"
72.79.42.130 - - [10/Sep/2020:11:36:20 -0400] "GET /RICH/js/bootstrap.min.js HTTP/1.0" 200 51039 "https://www.richinc.org/RICH/" "Mozilla/5.0 (Windows NT 10.0; Win64; x64) AppleWebKit/537.36 (KHTML, like Gecko) Chrome/85.0.4183.102 Safari/537.36"
72.79.42.130 - - [10/Sep/2020:11:36:20 -0400] "GET /RICH/js/aos.js HTTP/1.0" 200 14244 "https://www.richinc.org/RICH/" "Mozilla/5.0 (Windows NT 10.0; Win64; x64) AppleWebKit/537.36 (KHTML, like Gecko) Chrome/85.0.4183.102 Safari/537.36"
66.249.66.214 - - [10/Sep/2020:11:38:00 -0400] "GET /RICH/cdn-cgi/scripts/5c5dd728/cloudflare-static/email-decode.min.js HTTP/1.0" 404 575 "https://www.richinc.org/RICH/" "Mozilla/5.0 (Linux; Android 6.0.1; Nexus 5X Build/MMB29P) AppleWebKit/537.36 (KHTML, like Gecko) Chrome/85.0.4183.105 Mobile Safari/537.36 (compatible; Googlebot/2.1; +http://www.google.com/bot.html)"
77.88.5.230 - - [10/Sep/2020:11:38:10 -0400] "GET / HTTP/1.0" 302 213 "-" "Mozilla/5.0 (compatible; YandexBot/3.0; +http://yandex.com/bots)"
114.119.141.133 - - [10/Sep/2020:12:27:25 -0400] "GET /RICH/robots.txt HTTP/1.0" 404 575 "-" "(compatible;PetalBot;+http://aspiegel.com/petalbot)"
114.119.159.232 - - [10/Sep/2020:12:32:34 -0400] "GET /robots.txt HTTP/1.0" 302 223 "-" "(compatible;PetalBot;+http://aspiegel.com/petalbot)"
114.119.153.49 - - [10/Sep/2020:15:35:16 -0400] "GET /parents-investment-alliance.html HTTP/1.0" 302 245 "-" "Mozilla/5.0 (Linux; Android 7.0;) AppleWebKit/537.36 (KHTML, like Gecko) Mobile Safari/537.36 (compatible; PetalBot;+http://aspiegel.com/petalbot)"
34.73.120.62 - - [10/Sep/2020:15:46:25 -0400] "GET /robots.txt HTTP/1.0" 302 223 "-" "ZoominfoBot (zoominfobot at zoominfo dot com)"
114.119.133.53 - - [10/Sep/2020:15:53:44 -0400] "GET /RICH/privacy-policy.html HTTP/1.0" 200 14593 "-" "Mozilla/5.0 (Linux; Android 7.0;) AppleWebKit/537.36 (KHTML, like Gecko) Mobile Safari/537.36 (compatible; PetalBot;+http://aspiegel.com/petalbot)"
34.73.120.62 - - [10/Sep/2020:15:59:59 -0400] "GET /RICH/overview.html HTTP/1.0" 200 11800 "-" "ZoominfoBot (zoominfobot at zoominfo dot com)"
114.119.150.166 - - [10/Sep/2020:17:52:50 -0400] "GET /taj-J-essay.html HTTP/1.0" 302 229 "-" "Mozilla/5.0 (Linux; Android 7.0;) AppleWebKit/537.36 (KHTML, like Gecko) Mobile Safari/537.36 (compatible; PetalBot;+http://aspiegel.com/petalbot)"
173.231.59.205 - - [10/Sep/2020:18:18:42 -0400] "GET /robots.txt HTTP/1.0" 302 223 "-" "Mozilla/5.0 (compatible; Adsbot/3.1)"
207.46.13.120 - - [10/Sep/2020:18:46:33 -0400] "GET /RICH/parents-investment-alliance.html HTTP/1.0" 200 13078 "-" "Mozilla/5.0 (compatible; bingbot/2.0; +http://www.bing.com/bingbot.htm)"
106.38.241.167 - - [10/Sep/2020:19:14:37 -0400] "GET / HTTP/1.0" 302 213 "-" "Sogou web spider/4.0(+http://www.sogou.com/docs/help/webmasters.htm#07)"
173.231.59.205 - - [10/Sep/2020:20:12:31 -0400] "GET /RICH/overview.html HTTP/1.0" 200 11800 "https://www.richinc.org/" "Mozilla/5.0 (compatible; Adsbot/3.1)"
173.231.59.205 - - [10/Sep/2020:20:13:25 -0400] "GET /RICH/annual-reports.html HTTP/1.0" 200 10564 "https://www.richinc.org/" "Mozilla/5.0 (compatible; Adsbot/3.1)"
173.231.59.205 - - [10/Sep/2020:20:13:47 -0400] "GET /RICH/privacy-policy.html HTTP/1.0" 200 14593 "https://www.richinc.org/" "Mozilla/5.0 (compatible; Adsbot/3.1)"
173.231.59.205 - - [10/Sep/2020:20:15:43 -0400] "GET /RICH/graduate-testimonials.html HTTP/1.0" 200 15380 "https://www.richinc.org/" "Mozilla/5.0 (compatible; Adsbot/3.1)"
173.231.59.205 - - [10/Sep/2020:20:16:06 -0400] "GET /RICH/partnership-opportunities.html HTTP/1.0" 200 14323 "https://www.richinc.org/" "Mozilla/5.0 (compatible; Adsbot/3.1)"
78.47.238.17 - - [10/Sep/2020:21:15:43 -0400] "GET /ricardo-H-essay.html HTTP/1.0" 302 233 "-" "pimeyes.com crawler"
78.47.238.17 - - [10/Sep/2020:21:15:44 -0400] "GET /nija-W-essay.html HTTP/1.0" 302 230 "-" "pimeyes.com crawler"
78.47.238.17 - - [10/Sep/2020:21:15:45 -0400] "GET /tyler-l-essay.html HTTP/1.0" 302 231 "-" "pimeyes.com crawler"
78.47.238.17 - - [10/Sep/2020:21:15:46 -0400] "GET /RICH/tyler-l-essay.html HTTP/1.0" 404 575 "-" "pimeyes.com crawler"
78.47.238.17 - - [10/Sep/2020:21:15:46 -0400] "GET /about-us.php HTTP/1.0" 302 225 "-" "pimeyes.com crawler"
173.231.59.205 - - [10/Sep/2020:21:16:49 -0400] "GET /RICH/login.html HTTP/1.0" 200 12888 "https://www.richinc.org/" "Mozilla/5.0 (compatible; Adsbot/3.1)"
173.231.59.205 - - [10/Sep/2020:21:29:07 -0400] "GET /snackimages/25.jpg HTTP/1.0" 302 231 "https://www.richinc.org/" "Mozilla/5.0 (compatible; Adsbot/3.1)"
173.231.59.205 - - [10/Sep/2020:21:29:33 -0400] "GET /snackimages/32.jpg HTTP/1.0" 302 231 "https://www.richinc.org/" "Mozilla/5.0 (compatible; Adsbot/3.1)"
173.231.59.205 - - [10/Sep/2020:21:30:10 -0400] "GET /snackimages/39.jpg HTTP/1.0" 302 231 "https://www.richinc.org/" "Mozilla/5.0 (compatible; Adsbot/3.1)"
173.231.59.205 - - [10/Sep/2020:21:34:14 -0400] "GET /RICH/chairman-message.html HTTP/1.0" 200 13505 "https://www.richinc.org/" "Mozilla/5.0 (compatible; Adsbot/3.1)"
54.36.149.78 - - [10/Sep/2020:21:44:07 -0400] "GET /RICH/robots.txt HTTP/1.0" 404 575 "-" "Mozilla/5.0 (compatible; AhrefsBot/6.1; +http://ahrefs.com/robot/)"
54.149.69.69 - - [10/Sep/2020:22:13:31 -0400] "GET /www3 HTTP/1.0" 302 217 "-" "Mozilla/5.0 (Windows NT 6.1; WOW64; rv:49.0) Gecko/20100101 Firefox/49.0"
173.231.59.205 - - [10/Sep/2020:22:21:14 -0400] "GET /RICH/snackimages/18.jpg HTTP/1.0" 200 139638 "https://www.richinc.org/" "Mozilla/5.0 (compatible; Adsbot/3.1)"
173.231.59.205 - - [10/Sep/2020:22:21:25 -0400] "GET /RICH/snackimages/21.jpg HTTP/1.0" 200 193212 "https://www.richinc.org/" "Mozilla/5.0 (compatible; Adsbot/3.1)"
173.231.59.205 - - [10/Sep/2020:22:22:07 -0400] "GET /RICH/snackimages/31.jpg HTTP/1.0" 200 19581 "https://www.richinc.org/" "Mozilla/5.0 (compatible; Adsbot/3.1)"
173.231.59.205 - - [10/Sep/2020:22:22:13 -0400] "GET /RICH/snackimages/32.jpg HTTP/1.0" 200 224885 "https://www.richinc.org/" "Mozilla/5.0 (compatible; Adsbot/3.1)"
114.119.159.87 - - [10/Sep/2020:22:34:10 -0400] "GET /robots.txt HTTP/1.0" 302 223 "-" "(compatible;PetalBot;+http://aspiegel.com/petalbot)"
49.7.21.86 - - [10/Sep/2020:22:43:12 -0400] "GET /RICH/css/bot.css HTTP/1.0" 200 1399 "-" "Mozilla/4.0 (compatible; MSIE 7.0; Windows NT 6.0; Trident/4.0)"
24.90.48.127 - - [10/Sep/2020:22:56:28 -0400] "GET /RICH/css/animate.css HTTP/1.0" 200 77748 "https://www.richinc.org/RICH/" "Mozilla/5.0 (Windows NT 10.0; Win64; x64) AppleWebKit/537.36 (KHTML, like Gecko) Chrome/84.0.4147.135 Safari/537.36"
24.90.48.127 - - [10/Sep/2020:22:56:28 -0400] "GET /RICH/css/style.css HTTP/1.0" 200 48040 "https://www.richinc.org/RICH/" "Mozilla/5.0 (Windows NT 10.0; Win64; x64) AppleWebKit/537.36 (KHTML, like Gecko) Chrome/84.0.4147.135 Safari/537.36"
24.90.48.127 - - [10/Sep/2020:22:56:41 -0400] "GET /RICH/images/gameAnswers/considerate-3.png HTTP/1.0" 200 89346 "https://www.richinc.org/RICH/" "Mozilla/5.0 (Windows NT 10.0; Win64; x64) AppleWebKit/537.36 (KHTML, like Gecko) Chrome/84.0.4147.135 Safari/537.36"
24.90.48.127 - - [10/Sep/2020:22:57:01 -0400] "GET /RICH/images/mission-image1.jpg HTTP/1.0" 200 52491 "https://www.richinc.org/RICH/mission.html" "Mozilla/5.0 (Windows NT 10.0; Win64; x64) AppleWebKit/537.36 (KHTML, like Gecko) Chrome/84.0.4147.135 Safari/537.36"
24.90.48.127 - - [10/Sep/2020:22:57:11 -0400] "GET /RICH/images/graduate-image3-TEST.jpg HTTP/1.0" 200 91538 "https://www.richinc.org/RICH/graduate-testimonials.html" "Mozilla/5.0 (Windows NT 10.0; Win64; x64) AppleWebKit/537.36 (KHTML, like Gecko) Chrome/84.0.4147.135 Safari/537.36"
24.90.48.127 - - [10/Sep/2020:22:57:11 -0400] "GET /RICH/images/graduate-image2-TEST.jpg HTTP/1.0" 200 5412889 "https://www.richinc.org/RICH/graduate-testimonials.html" "Mozilla/5.0 (Windows NT 10.0; Win64; x64) AppleWebKit/537.36 (KHTML, like Gecko) Chrome/84.0.4147.135 Safari/537.36"
187.250.43.40 - - [10/Sep/2020:23:05:16 -0400] "GET /wp-login.php HTTP/1.0" 302 225 "-" "Mozilla/5.0 (Windows NT 6.1; WOW64; rv:40.0) Gecko/20100101 Firefox/40.1"
187.250.43.40 - - [10/Sep/2020:23:05:16 -0400] "GET /RICH/wp-login.php HTTP/1.0" 404 575 "-" "Mozilla/5.0 (Windows NT 6.1; WOW64; rv:40.0) Gecko/20100101 Firefox/40.1"
17.58.98.67 - - [10/Sep/2020:23:05:22 -0400] "GET / HTTP/1.0" 302 213 "-" "Mozilla/5.0 (Macintosh; Intel Mac OS X 10_15_5) AppleWebKit/605.1.15 (KHTML, like Gecko) Version/13.1.1 Safari/605.1.15 (Applebot/0.1; +http://www.apple.com/go/applebot)"
17.58.102.44 - - [10/Sep/2020:23:05:30 -0400] "GET /RICH/ HTTP/1.0" 200 52711 "-" "Mozilla/5.0 (Macintosh; Intel Mac OS X 10_15_5) AppleWebKit/605.1.15 (KHTML, like Gecko) Version/13.1.1 Safari/605.1.15 (Applebot/0.1; +http://www.apple.com/go/applebot)"
24.90.48.127 - - [10/Sep/2020:23:06:56 -0400] "GET /cdn-cgi/scripts/5c5dd728/cloudflare-static/email-decode.min.js HTTP/1.0" 302 275 "https://www.richinc.org/RICH/index.html" "Mozilla/5.0 (Windows NT 10.0; Win64; x64) AppleWebKit/537.36 (KHTML, like Gecko) Chrome/84.0.4147.135 Safari/537.36"
24.90.48.127 - - [10/Sep/2020:23:06:56 -0400] "GET /RICH/cdn-cgi/scripts/5c5dd728/cloudflare-static/email-decode.min.js HTTP/1.0" 404 575 "https://www.richinc.org/RICH/index.html" "Mozilla/5.0 (Windows NT 10.0; Win64; x64) AppleWebKit/537.36 (KHTML, like Gecko) Chrome/84.0.4147.135 Safari/537.36"
66.249.66.214 - - [10/Sep/2020:23:17:39 -0400] "GET /RICH/fonts/icomoon/style.css HTTP/1.0" 200 79820 "https://www.richinc.org/RICH/parents-investment-alliance.html" "Mozilla/5.0 (Linux; Android 6.0.1; Nexus 5X Build/MMB29P) AppleWebKit/537.36 (KHTML, like Gecko) Chrome/85.0.4183.105 Mobile Safari/537.36 (compatible; Googlebot/2.1; +http://www.google.com/bot.html)"
66.249.66.218 - - [10/Sep/2020:23:17:39 -0400] "GET /RICH/css/owl.theme.default.min.css HTTP/1.0" 200 965 "https://www.richinc.org/RICH/parents-investment-alliance.html" "Mozilla/5.0 (Linux; Android 6.0.1; Nexus 5X Build/MMB29P) AppleWebKit/537.36 (KHTML, like Gecko) Chrome/85.0.4183.105 Mobile Safari/537.36 (compatible; Googlebot/2.1; +http://www.google.com/bot.html)"
66.249.66.216 - - [10/Sep/2020:23:17:46 -0400] "GET /RICH/favicon.ico HTTP/1.0" 404 575 "-" "Googlebot-Image/1.0"
54.174.53.227 - - [10/Sep/2020:01:20:06 -0400] "GET /RICH/ HTTP/1.0" 200 52711 "-" "HubSpot Connect 2.0 (http://dev.hubspot.com/) - BizOpsCompanies-Tq2-BizCoDomainValidationAudit"
220.181.77.162 - - [10/Sep/2020:07:21:33 -0400] "GET /RICH/js/jquery-migrate-3.0.1.min.js HTTP/1.0" 200 11421 "http://www.richinc.org/RICH/parents-investment-alliance.html" "Mozilla/5.0 (Linux; U; Android 2.2; en-ca; GT-P1000M Build/FROYO) AppleWebKit/533.1 (KHTML, like Gecko) Version/4.0 Mobile Safari/533.1"
220.181.77.162 - - [10/Sep/2020:07:21:35 -0400] "GET /RICH/js/bootstrap.min.js HTTP/1.0" 200 51039 "http://www.richinc.org/RICH/parents-investment-alliance.html" "Mozilla/5.0 (Linux; U; Android 2.2; en-ca; GT-P1000M Build/FROYO) AppleWebKit/533.1 (KHTML, like Gecko) Version/4.0 Mobile Safari/533.1"
220.181.77.162 - - [10/Sep/2020:07:21:39 -0400] "GET /RICH/js/jquery.magnific-popup.min.js HTTP/1.0" 200 20216 "http://www.richinc.org/RICH/parents-investment-alliance.html" "Mozilla/5.0 (Linux; U; Android 2.2; en-ca; GT-P1000M Build/FROYO) AppleWebKit/533.1 (KHTML, like Gecko) Version/4.0 Mobile Safari/533.1"
220.181.77.162 - - [10/Sep/2020:07:21:58 -0400] "GET /cdn-cgi/scripts/5c5dd728/cloudflare-static/email-decode.min.js HTTP/1.0" 302 275 "http://www.richinc.org/RICH/parents-investment-alliance.html" "Mozilla/5.0 (Linux; U; Android 2.2; en-ca; GT-P1000M Build/FROYO) AppleWebKit/533.1 (KHTML, like Gecko) Version/4.0 Mobile Safari/533.1"
184.154.139.16 - - [10/Sep/2020:07:23:28 -0400] "GET / HTTP/1.0" 302 213 "http://www.google.com/url?url=www.richinc.org&yahoo.com" "Mozilla/5.0 (compatible; MSIE 9.0; Windows NT 6.1; WOW64; Trident/6.0)"
184.154.139.16 - - [10/Sep/2020:07:23:32 -0400] "GET /RICH/mission.html HTTP/1.0" 200 15573 "-" "SiteLockSpider [en] (WinNT; I ;Nav)"
184.154.139.16 - - [10/Sep/2020:07:23:33 -0400] "GET /RICH/first-graduates.html HTTP/1.0" 200 17133 "-" "SiteLockSpider [en] (WinNT; I ;Nav)"
184.154.139.16 - - [10/Sep/2020:07:23:33 -0400] "GET /RICH/gsuite-classroom.html HTTP/1.0" 200 10020 "-" "SiteLockSpider [en] (WinNT; I ;Nav)"
184.154.139.16 - - [10/Sep/2020:07:23:39 -0400] "GET /RICH/js/jquery.stellar.min.js HTTP/1.0" 200 12597 "-" "SiteLockSpider [en] (WinNT; I ;Nav)"
184.154.139.16 - - [10/Sep/2020:07:23:39 -0400] "GET /RICH/peace-run.html HTTP/1.0" 200 14034 "-" "SiteLockSpider [en] (WinNT; I ;Nav)"
184.154.139.16 - - [10/Sep/2020:07:24:00 -0400] "GET /RICH/Account/SafeSpace.html HTTP/1.0" 200 25428 "-" "SiteLockSpider [en] (WinNT; I ;Nav)"
184.154.139.16 - - [10/Sep/2020:07:24:14 -0400] "GET /RICH/js/jquery.magnific-popup.min.js HTTP/1.0" 200 20216 "-" "SiteLockSpider [en] (WinNT; I ;Nav)"
184.154.139.16 - - [10/Sep/2020:07:24:17 -0400] "GET /RICH/js/main.js HTTP/1.0" 200 7761 "-" "SiteLockSpider [en] (WinNT; I ;Nav)"
114.119.145.137 - - [10/Sep/2020:07:30:51 -0400] "GET /privacy-policy.html HTTP/1.0" 302 232 "-" "Mozilla/5.0 (Linux; Android 7.0;) AppleWebKit/537.36 (KHTML, like Gecko) Mobile Safari/537.36 (compatible; PetalBot;+http://aspiegel.com/petalbot)"
114.119.145.137 - - [10/Sep/2020:07:30:52 -0400] "GET /RICH/privacy-policy.html HTTP/1.0" 200 14593 "-" "Mozilla/5.0 (Linux; Android 7.0;) AppleWebKit/537.36 (KHTML, like Gecko) Mobile Safari/537.36 (compatible; PetalBot;+http://aspiegel.com/petalbot)"
40.77.167.94 - - [10/Sep/2020:07:44:53 -0400] "GET /RICH/ HTTP/1.0" 200 52711 "-" "Mozilla/5.0 (compatible; bingbot/2.0; +http://www.bing.com/bingbot.htm)"
114.119.157.218 - - [10/Sep/2020:08:30:18 -0400] "GET / HTTP/1.0" 302 213 "-" "Mozilla/5.0 (Linux; Android 7.0;) AppleWebKit/537.36 (KHTML, like Gecko) Mobile Safari/537.36 (compatible; PetalBot;+http://aspiegel.com/petalbot)"
95.216.96.243 - - [10/Sep/2020:09:50:13 -0400] "GET /RICH/robots.txt HTTP/1.0" 404 575 "http://richinc.org/robots.txt" "Mozilla/5.0 (compatible; SEOkicks; +https://www.seokicks.de/robot.html)"
95.216.96.243 - - [10/Sep/2020:09:50:23 -0400] "GET /RICH/overview.html HTTP/1.0" 200 11800 "https://www.richinc.org/RICH/" "Mozilla/5.0 (compatible; SEOkicks; +https://www.seokicks.de/robot.html)"
176.9.47.122 - - [10/Sep/2020:09:57:31 -0400] "GET /RICH/ HTTP/1.0" 200 52711 "-" "Mozilla/5.0 (Windows NT 10.0; Win64; x64; rv:79.0) Gecko/20100101 Firefox/79.0"
95.216.96.243 - - [10/Sep/2020:10:20:42 -0400] "GET /RICH/page1.html HTTP/1.0" 200 53544 "https://www.richinc.org/RICH/" "Mozilla/5.0 (compatible; SEOkicks; +https://www.seokicks.de/robot.html)"
95.216.96.243 - - [10/Sep/2020:10:20:51 -0400] "GET /RICH/annual-reports.html HTTP/1.0" 200 10564 "https://www.richinc.org/RICH/" "Mozilla/5.0 (compatible; SEOkicks; +https://www.seokicks.de/robot.html)"
114.119.147.97 - - [10/Sep/2020:11:10:36 -0400] "GET /RICH/robots.txt HTTP/1.0" 404 575 "-" "(compatible;PetalBot;+http://aspiegel.com/petalbot)"
107.178.238.28 - - [10/Sep/2020:11:16:09 -0400] "GET / HTTP/1.0" 302 213 "-" "Mozilla/5.0 (X11; Linux x86_64) AppleWebKit/537.36 (KHTML, like Gecko) HeadlessChrome/72.0.3617.0 Safari/537.36"
107.178.238.28 - - [10/Sep/2020:11:16:11 -0400] "GET /RICH/css/bootstrap.min.css HTTP/1.0" 200 159826 "https://www.richinc.org/RICH/" "Mozilla/5.0 (X11; Linux x86_64) AppleWebKit/537.36 (KHTML, like Gecko) HeadlessChrome/72.0.3617.0 Safari/537.36"
107.178.238.28 - - [10/Sep/2020:11:16:12 -0400] "GET /RICH/fonts/icomoon/fonts/icomoon.ttf?10si43 HTTP/1.0" 200 307168 "https://www.richinc.org/RICH/fonts/icomoon/style.css" "Mozilla/5.0 (X11; Linux x86_64) AppleWebKit/537.36 (KHTML, like Gecko) HeadlessChrome/72.0.3617.0 Safari/537.36"
35.231.61.14 - - [10/Sep/2020:11:31:17 -0400] "GET /robots.txt HTTP/1.0" 302 223 "-" "ZoominfoBot (zoominfobot at zoominfo dot com)"
35.231.61.14 - - [10/Sep/2020:11:31:17 -0400] "GET /RICH/parents-investment-alliance.html HTTP/1.0" 200 13078 "-" "ZoominfoBot (zoominfobot at zoominfo dot com)"
49.7.20.131 - - [10/Sep/2020:11:32:41 -0400] "GET /RICH/ HTTP/1.0" 200 52711 "-" "Sogou web spider/4.0(+http://www.sogou.com/docs/help/webmasters.htm#07)"
72.79.42.130 - - [10/Sep/2020:11:36:19 -0400] "GET /RICH/css/style.css HTTP/1.0" 200 48040 "https://www.richinc.org/RICH/" "Mozilla/5.0 (Windows NT 10.0; Win64; x64) AppleWebKit/537.36 (KHTML, like Gecko) Chrome/85.0.4183.102 Safari/537.36"
72.79.42.130 - - [10/Sep/2020:11:36:19 -0400] "GET /RICH/QueensImage.jpg HTTP/1.0" 200 675817 "https://www.richinc.org/RICH/" "Mozilla/5.0 (Windows NT 10.0; Win64; x64) AppleWebKit/537.36 (KHTML, like Gecko) Chrome/85.0.4183.102 Safari/537.36"
72.79.42.130 - - [10/Sep/2020:11:36:20 -0400] "GET /RICH/js/main.js HTTP/1.0" 200 7761 "https://www.richinc.org/RICH/" "Mozilla/5.0 (Windows NT 10.0; Win64; x64) AppleWebKit/537.36 (KHTML, like Gecko) Chrome/85.0.4183.102 Safari/537.36"
72.79.42.130 - - [10/Sep/2020:11:36:20 -0400] "GET /RICH/js/mediaelement-and-player.min.js HTTP/1.0" 200 152469 "https://www.richinc.org/RICH/" "Mozilla/5.0 (Windows NT 10.0; Win64; x64) AppleWebKit/537.36 (KHTML, like Gecko) Chrome/85.0.4183.102 Safari/537.36"
77.88.5.221 - - [10/Sep/2020:11:38:06 -0400] "GET /robots.txt HTTP/1.0" 302 223 "-" "Mozilla/5.0 (compatible; YandexBot/3.0; +http://yandex.com/bots)"
35.231.61.14 - - [10/Sep/2020:11:39:05 -0400] "GET /RICH/index.html HTTP/1.0" 200 52711 "-" "ZoominfoBot (zoominfobot at zoominfo dot com)"
35.231.61.14 - - [10/Sep/2020:11:46:57 -0400] "GET /RICH/gsuite-classroom.html HTTP/1.0" 200 10020 "-" "ZoominfoBot (zoominfobot at zoominfo dot com)"
35.231.61.14 - - [10/Sep/2020:11:51:17 -0400] "GET /RICH/board-directors.html HTTP/1.0" 200 12545 "-" "ZoominfoBot (zoominfobot at zoominfo dot com)"
35.231.61.14 - - [10/Sep/2020:12:06:19 -0400] "GET /RICH/page1.html HTTP/1.0" 200 53544 "-" "ZoominfoBot (zoominfobot at zoominfo dot com)"
114.119.159.232 - - [10/Sep/2020:12:32:35 -0400] "GET /RICH/robots.txt HTTP/1.0" 404 575 "-" "(compatible;PetalBot;+http://aspiegel.com/petalbot)"
114.119.153.49 - - [10/Sep/2020:12:38:12 -0400] "GET /RICH/partnership-opportunities.html HTTP/1.0" 200 14323 "-" "Mozilla/5.0 (Linux; Android 7.0;) AppleWebKit/537.36 (KHTML, like Gecko) Mobile Safari/537.36 (compatible; PetalBot;+http://aspiegel.com/petalbot)"
114.119.150.166 - - [10/Sep/2020:12:43:55 -0400] "GET /RICH/page4.html HTTP/1.0" 200 19961 "-" "Mozilla/5.0 (Linux; Android 7.0;) AppleWebKit/537.36 (KHTML, like Gecko) Mobile Safari/537.36 (compatible; PetalBot;+http://aspiegel.com/petalbot)"
220.181.51.120 - - [10/Sep/2020:14:04:37 -0400] "GET /images/matter.png HTTP/1.0" 403 219 "-" "Mozilla/5.0 (Macintosh; Intel Mac OS X 10_14_4) AppleWebKit/537.36 (KHTML, like Gecko) Chrome/73.0.3683.103 Safari/537.36"
114.119.145.137 - - [10/Sep/2020:15:45:04 -0400] "GET /RICH/annual-reports.html HTTP/1.0" 200 10564 "-" "Mozilla/5.0 (Linux; Android 7.0;) AppleWebKit/537.36 (KHTML, like Gecko) Mobile Safari/537.36 (compatible; PetalBot;+http://aspiegel.com/petalbot)"
185.191.171.20 - - [10/Sep/2020:15:49:32 -0400] "GET /robots.txt HTTP/1.0" 302 223 "-" "Mozilla/5.0 (compatible; SemrushBot/6~bl; +http://www.semrush.com/bot.html)"
34.73.120.62 - - [10/Sep/2020:15:52:26 -0400] "GET /RICH/index.html HTTP/1.0" 200 52711 "-" "ZoominfoBot (zoominfobot at zoominfo dot com)"
173.231.59.205 - - [10/Sep/2020:18:18:57 -0400] "GET / HTTP/1.0" 302 213 "-" "Mozilla/5.0 (compatible; Adsbot/3.1)"
185.191.171.35 - - [10/Sep/2020:18:38:34 -0400] "GET /robots.txt HTTP/1.0" 302 223 "-" "Mozilla/5.0 (compatible; SemrushBot/6~bl; +http://www.semrush.com/bot.html)"
173.231.59.205 - - [10/Sep/2020:20:10:51 -0400] "GET /RICH/sdlp.html HTTP/1.0" 200 16959 "https://www.richinc.org/" "Mozilla/5.0 (compatible; Adsbot/3.1)"
173.231.59.205 - - [10/Sep/2020:20:14:42 -0400] "GET /RICH/gsuite-classroom.html HTTP/1.0" 200 10020 "https://www.richinc.org/" "Mozilla/5.0 (compatible; Adsbot/3.1)"
