77.88.5.29 - - [09/Sep/2020:15:18:31 -0400] "GET / HTTP/1.0" 302 213 "-" "Mozilla/5.0 (compatible; YandexBot/3.0; +http://yandex.com/bots)"
52.143.174.240 - - [09/Sep/2020:21:10:38 -0400] "GET /RICH/.env HTTP/1.0" 404 575 "-" "python-requests/2.24.0"
207.46.13.164 - - [09/Sep/2020:23:48:28 -0400] "GET /RICH/images/strategies.png HTTP/1.0" 200 22315 "-" "Mozilla/5.0 (compatible; bingbot/2.0; +http://www.bing.com/bingbot.htm)"
114.119.129.200 - - [09/Sep/2020:00:00:27 -0400] "GET / HTTP/1.0" 302 213 "-" "Mozilla/5.0 (Linux; Android 7.0;) AppleWebKit/537.36 (KHTML, like Gecko) Mobile Safari/537.36 (compatible; PetalBot;+http://aspiegel.com/petalbot)"
175.176.55.178 - - [09/Sep/2020:02:59:34 -0400] "GET /?semalt.com HTTP/1.0" 302 224 "http://google.com/search?q=semalt.com" "Mozilla/5.0 (Windows NT 6.1; WOW64) AppleWebKit/537.36 (KHTML, like Gecko) Chrome/36.0.1985.143 Safari/537.36"
68.183.51.90 - - [09/Sep/2020:04:46:31 -0400] "GET / HTTP/1.0" 302 213 "http://richinc.org" "Mozilla/5.0 (X11; Datanyze; Linux x86_64) AppleWebKit/537.36 (KHTML, like Gecko) Chrome/65.0.3325.181 Safari/537.36"
66.249.70.21 - - [09/Sep/2020:10:08:39 -0400] "GET /robots.txt HTTP/1.0" 302 223 "-" "Mozilla/5.0 (compatible; Googlebot/2.1; +http://www.google.com/bot.html)"
69.160.160.50 - - [09/Sep/2020:10:39:01 -0400] "GET /RICH/js/owl.carousel.min.js HTTP/1.0" 200 42766 "https://www.richinc.org/RICH/" "Mozilla/5.0 (X11; Linux x86_64) AppleWebKit/537.36 (KHTML, like Gecko) HeadlessChrome/78.0.3904.70 Safari/537.36"
69.160.160.50 - - [09/Sep/2020:10:39:02 -0400] "GET /RICH/QueensImage.jpg HTTP/1.0" 200 675817 "https://www.richinc.org/RICH/" "Mozilla/5.0 (X11; Linux x86_64) AppleWebKit/537.36 (KHTML, like Gecko) HeadlessChrome/78.0.3904.70 Safari/537.36"
69.160.160.50 - - [09/Sep/2020:10:39:02 -0400] "GET /RICH/images/botimage.png HTTP/1.0" 200 3914 "https://www.richinc.org/RICH/" "Mozilla/5.0 (X11; Linux x86_64) AppleWebKit/537.36 (KHTML, like Gecko) HeadlessChrome/78.0.3904.70 Safari/537.36"
69.160.160.50 - - [09/Sep/2020:10:39:02 -0400] "GET /RICH/images/matter.png HTTP/1.0" 200 20184 "https://www.richinc.org/RICH/" "Mozilla/5.0 (X11; Linux x86_64) AppleWebKit/537.36 (KHTML, like Gecko) HeadlessChrome/78.0.3904.70 Safari/537.36"
69.160.160.50 - - [09/Sep/2020:10:39:02 -0400] "GET /RICH/images/playButton.png HTTP/1.0" 200 327681 "https://www.richinc.org/RICH/" "Mozilla/5.0 (X11; Linux x86_64) AppleWebKit/537.36 (KHTML, like Gecko) HeadlessChrome/78.0.3904.70 Safari/537.36"
69.160.160.50 - - [09/Sep/2020:10:39:02 -0400] "GET /RICH/Image5.jpg HTTP/1.0" 200 2409299 "https://www.richinc.org/RICH/" "Mozilla/5.0 (X11; Linux x86_64) AppleWebKit/537.36 (KHTML, like Gecko) HeadlessChrome/78.0.3904.70 Safari/537.36"
69.160.160.50 - - [09/Sep/2020:10:39:14 -0400] "GET /RICH/partnership-opportunities.html HTTP/1.0" 200 14323 "-" "Mozilla/5.0 (Windows NT 10.0; Win64; x64) AppleWebKit/537.36 (KHTML, like Gecko) Chrome/79.0.3945.130 Safari/537.36"
69.160.160.50 - - [09/Sep/2020:10:39:16 -0400] "GET /RICH/login.html HTTP/1.0" 200 12888 "-" "Mozilla/5.0 (Windows NT 10.0; Win64; x64) AppleWebKit/537.36 (KHTML, like Gecko) Chrome/79.0.3945.130 Safari/537.36"
69.160.160.50 - - [09/Sep/2020:10:39:17 -0400] "GET /RICH/sdlp.html HTTP/1.0" 200 16959 "-" "Mozilla/5.0 (Windows NT 10.0; Win64; x64) AppleWebKit/537.36 (KHTML, like Gecko) Chrome/79.0.3945.130 Safari/537.36"
96.246.25.24 - - [09/Sep/2020:11:12:25 -0400] "GET /cdn-cgi/scripts/5c5dd728/cloudflare-static/email-decode.min.js HTTP/1.0" 302 275 "https://www.richinc.org/RICH/" "Mozilla/5.0 (Macintosh; Intel Mac OS X 10_15_5) AppleWebKit/605.1.15 (KHTML, like Gecko) Version/13.1.1 Safari/605.1.15"
96.246.25.24 - - [09/Sep/2020:11:12:25 -0400] "GET /RICH/fonts/flaticon/font/flaticon.css HTTP/1.0" 200 1250 "https://www.richinc.org/RICH/" "Mozilla/5.0 (Macintosh; Intel Mac OS X 10_15_5) AppleWebKit/605.1.15 (KHTML, like Gecko) Version/13.1.1 Safari/605.1.15"
96.246.25.24 - - [09/Sep/2020:11:12:25 -0400] "GET /RICH/js/jquery-3.3.1.min.js HTTP/1.0" 200 86926 "https://www.richinc.org/RICH/" "Mozilla/5.0 (Macintosh; Intel Mac OS X 10_15_5) AppleWebKit/605.1.15 (KHTML, like Gecko) Version/13.1.1 Safari/605.1.15"
96.246.25.24 - - [09/Sep/2020:11:12:25 -0400] "GET /RICH/js/owl.carousel.min.js HTTP/1.0" 200 42766 "https://www.richinc.org/RICH/" "Mozilla/5.0 (Macintosh; Intel Mac OS X 10_15_5) AppleWebKit/605.1.15 (KHTML, like Gecko) Version/13.1.1 Safari/605.1.15"
96.246.25.24 - - [09/Sep/2020:11:12:25 -0400] "GET /RICH/js/jquery.stellar.min.js HTTP/1.0" 200 12597 "https://www.richinc.org/RICH/" "Mozilla/5.0 (Macintosh; Intel Mac OS X 10_15_5) AppleWebKit/605.1.15 (KHTML, like Gecko) Version/13.1.1 Safari/605.1.15"
96.246.25.24 - - [09/Sep/2020:11:12:25 -0400] "GET /RICH/js/bootstrap-datepicker.min.js HTTP/1.0" 200 34172 "https://www.richinc.org/RICH/" "Mozilla/5.0 (Macintosh; Intel Mac OS X 10_15_5) AppleWebKit/605.1.15 (KHTML, like Gecko) Version/13.1.1 Safari/605.1.15"
96.246.25.24 - - [09/Sep/2020:11:12:25 -0400] "GET /RICH/js/jquery.countdown.min.js HTTP/1.0" 200 5339 "https://www.richinc.org/RICH/" "Mozilla/5.0 (Macintosh; Intel Mac OS X 10_15_5) AppleWebKit/605.1.15 (KHTML, like Gecko) Version/13.1.1 Safari/605.1.15"
96.246.25.24 - - [09/Sep/2020:11:12:26 -0400] "GET /RICH/js/main.js HTTP/1.0" 200 7761 "https://www.richinc.org/RICH/" "Mozilla/5.0 (Macintosh; Intel Mac OS X 10_15_5) AppleWebKit/605.1.15 (KHTML, like Gecko) Version/13.1.1 Safari/605.1.15"
96.246.25.24 - - [09/Sep/2020:11:12:26 -0400] "GET /RICH/QueensImage.jpg HTTP/1.0" 200 675817 "https://www.richinc.org/RICH/" "Mozilla/5.0 (Macintosh; Intel Mac OS X 10_15_5) AppleWebKit/605.1.15 (KHTML, like Gecko) Version/13.1.1 Safari/605.1.15"
96.246.25.24 - - [09/Sep/2020:11:12:26 -0400] "GET /RICH/Image5.jpg HTTP/1.0" 200 2409299 "https://www.richinc.org/RICH/" "Mozilla/5.0 (Macintosh; Intel Mac OS X 10_15_5) AppleWebKit/605.1.15 (KHTML, like Gecko) Version/13.1.1 Safari/605.1.15"
96.246.25.24 - - [09/Sep/2020:11:12:32 -0400] "GET /RICH/images/graduate-image5.jpg HTTP/1.0" 200 164151 "https://www.richinc.org/RICH/graduate-testimonials.html" "Mozilla/5.0 (Macintosh; Intel Mac OS X 10_15_5) AppleWebKit/605.1.15 (KHTML, like Gecko) Version/13.1.1 Safari/605.1.15"
96.246.25.24 - - [09/Sep/2020:11:12:32 -0400] "GET /cdn-cgi/scripts/5c5dd728/cloudflare-static/email-decode.min.js HTTP/1.0" 302 275 "https://www.richinc.org/RICH/graduate-testimonials.html" "Mozilla/5.0 (Macintosh; Intel Mac OS X 10_15_5) AppleWebKit/605.1.15 (KHTML, like Gecko) Version/13.1.1 Safari/605.1.15"
96.246.25.24 - - [09/Sep/2020:11:12:32 -0400] "GET /RICH/images/graduate-image7.jpg HTTP/1.0" 200 146206 "https://www.richinc.org/RICH/graduate-testimonials.html" "Mozilla/5.0 (Macintosh; Intel Mac OS X 10_15_5) AppleWebKit/605.1.15 (KHTML, like Gecko) Version/13.1.1 Safari/605.1.15"
35.203.245.123 - - [09/Sep/2020:11:34:52 -0400] "GET /RICH/css/bootstrap-datepicker.css HTTP/1.0" 200 17144 "https://www.richinc.org/RICH/" "Mozilla/5.0 (X11; Linux x86_64) AppleWebKit/537.36 (KHTML, like Gecko) HeadlessChrome/72.0.3617.0 Safari/537.36"
35.203.245.123 - - [09/Sep/2020:11:34:52 -0400] "GET /RICH/js/jquery.stellar.min.js HTTP/1.0" 200 12597 "https://www.richinc.org/RICH/" "Mozilla/5.0 (X11; Linux x86_64) AppleWebKit/537.36 (KHTML, like Gecko) HeadlessChrome/72.0.3617.0 Safari/537.36"
35.203.245.123 - - [09/Sep/2020:11:34:52 -0400] "GET /RICH/js/mediaelement-and-player.min.js HTTP/1.0" 200 152469 "https://www.richinc.org/RICH/" "Mozilla/5.0 (X11; Linux x86_64) AppleWebKit/537.36 (KHTML, like Gecko) HeadlessChrome/72.0.3617.0 Safari/537.36"
35.203.245.123 - - [09/Sep/2020:11:34:53 -0400] "GET /RICH/images/rich-image1.jpg HTTP/1.0" 200 99047 "https://www.richinc.org/RICH/" "Mozilla/5.0 (X11; Linux x86_64) AppleWebKit/537.36 (KHTML, like Gecko) HeadlessChrome/72.0.3617.0 Safari/537.36"
39.115.158.146 - - [09/Sep/2020:11:59:38 -0400] "GET /RICH/robots.txt HTTP/1.0" 404 575 "-" "Scrapy/2.3.0 (+https://scrapy.org)"
39.115.158.146 - - [09/Sep/2020:11:59:38 -0400] "GET /robots.txt HTTP/1.0" 302 223 "-" "Scrapy/2.3.0 (+https://scrapy.org)"
209.17.114.44 - - [09/Sep/2020:12:58:56 -0400] "GET /RICH/css/magnific-popup.css HTTP/1.0" 200 6950 "https://www.richinc.org/RICH/" "Mozilla/5.0 (Windows NT 10.0; Win64; x64) AppleWebKit/537.36 (KHTML, like Gecko) Chrome/85.0.4183.102 Safari/537.36"
209.17.114.44 - - [09/Sep/2020:12:58:57 -0400] "GET /RICH/js/jquery-migrate-3.0.1.min.js HTTP/1.0" 200 11421 "https://www.richinc.org/RICH/" "Mozilla/5.0 (Windows NT 10.0; Win64; x64) AppleWebKit/537.36 (KHTML, like Gecko) Chrome/85.0.4183.102 Safari/537.36"
209.17.114.44 - - [09/Sep/2020:12:58:57 -0400] "GET /RICH/images/strategies.png HTTP/1.0" 200 22315 "https://www.richinc.org/RICH/" "Mozilla/5.0 (Windows NT 10.0; Win64; x64) AppleWebKit/537.36 (KHTML, like Gecko) Chrome/85.0.4183.102 Safari/537.36"
209.17.114.44 - - [09/Sep/2020:12:58:57 -0400] "GET /RICH/Image4.jpg HTTP/1.0" 200 2910175 "https://www.richinc.org/RICH/" "Mozilla/5.0 (Windows NT 10.0; Win64; x64) AppleWebKit/537.36 (KHTML, like Gecko) Chrome/85.0.4183.102 Safari/537.36"
100.2.132.194 - - [09/Sep/2020:13:04:29 -0400] "GET / HTTP/1.0" 302 213 "-" "Mozilla/5.0 (Windows NT 10.0; Win64; x64) AppleWebKit/537.36 (KHTML, like Gecko) Chrome/85.0.4183.83 Safari/537.36"
100.2.132.194 - - [09/Sep/2020:13:04:31 -0400] "GET /RICH/Image5.jpg HTTP/1.0" 200 2409299 "https://www.richinc.org/RICH/" "Mozilla/5.0 (Windows NT 10.0; Win64; x64) AppleWebKit/537.36 (KHTML, like Gecko) Chrome/85.0.4183.83 Safari/537.36"
3.20.222.241 - - [09/Sep/2020:13:32:20 -0400] "GET /RICH/index.html HTTP/1.0" 200 52711 "-" "Mozilla/5.0 (X11; Linux x86_64) AppleWebKit/537.36 (KHTML, like Gecko) Chrome/79.0.3945.0 Safari/537.36"
3.20.222.241 - - [09/Sep/2020:13:32:20 -0400] "GET /RICH/fonts/icomoon/style.css HTTP/1.0" 200 79820 "https://www.richinc.org/RICH/index.html" "Mozilla/5.0 (X11; Linux x86_64) AppleWebKit/537.36 (KHTML, like Gecko) Chrome/79.0.3945.0 Safari/537.36"
3.15.230.98 - - [09/Sep/2020:13:32:20 -0400] "GET /RICH/css/owl.carousel.min.css HTTP/1.0" 200 2936 "https://www.richinc.org/RICH/overview.html" "Mozilla/5.0 (X11; Linux x86_64) AppleWebKit/537.36 (KHTML, like Gecko) Chrome/79.0.3945.0 Safari/537.36"
3.20.222.241 - - [09/Sep/2020:13:32:20 -0400] "GET /RICH/css/owl.theme.default.min.css HTTP/1.0" 200 965 "https://www.richinc.org/RICH/index.html" "Mozilla/5.0 (X11; Linux x86_64) AppleWebKit/537.36 (KHTML, like Gecko) Chrome/79.0.3945.0 Safari/537.36"
18.219.219.170 - - [09/Sep/2020:13:32:20 -0400] "GET /RICH/css/owl.theme.default.min.css HTTP/1.0" 200 965 "https://www.richinc.org/RICH/parents-investment-alliance.html" "Mozilla/5.0 (X11; Linux x86_64) AppleWebKit/537.36 (KHTML, like Gecko) Chrome/79.0.3945.0 Safari/537.36"
18.219.219.170 - - [09/Sep/2020:13:32:20 -0400] "GET /RICH/css/magnific-popup.css HTTP/1.0" 200 6950 "https://www.richinc.org/RICH/parents-investment-alliance.html" "Mozilla/5.0 (X11; Linux x86_64) AppleWebKit/537.36 (KHTML, like Gecko) Chrome/79.0.3945.0 Safari/537.36"
3.131.97.71 - - [09/Sep/2020:13:32:20 -0400] "GET /RICH/css/owl.carousel.min.css HTTP/1.0" 200 2936 "https://www.richinc.org/RICH/mission.html" "Mozilla/5.0 (X11; Linux x86_64) AppleWebKit/537.36 (KHTML, like Gecko) Chrome/79.0.3945.0 Safari/537.36"
3.131.97.71 - - [09/Sep/2020:13:32:20 -0400] "GET /RICH/css/animate.css HTTP/1.0" 200 77748 "https://www.richinc.org/RICH/mission.html" "Mozilla/5.0 (X11; Linux x86_64) AppleWebKit/537.36 (KHTML, like Gecko) Chrome/79.0.3945.0 Safari/537.36"
18.219.219.170 - - [09/Sep/2020:13:32:20 -0400] "GET /RICH/js/jquery-3.3.1.min.js HTTP/1.0" 200 86926 "https://www.richinc.org/RICH/parents-investment-alliance.html" "Mozilla/5.0 (X11; Linux x86_64) AppleWebKit/537.36 (KHTML, like Gecko) Chrome/79.0.3945.0 Safari/537.36"
3.20.222.241 - - [09/Sep/2020:13:32:20 -0400] "GET /RICH/js/main.js HTTP/1.0" 200 7761 "https://www.richinc.org/RICH/index.html" "Mozilla/5.0 (X11; Linux x86_64) AppleWebKit/537.36 (KHTML, like Gecko) Chrome/79.0.3945.0 Safari/537.36"
3.131.97.71 - - [09/Sep/2020:13:32:20 -0400] "GET /RICH/js/jquery-ui.js HTTP/1.0" 200 45799 "https://www.richinc.org/RICH/mission.html" "Mozilla/5.0 (X11; Linux x86_64) AppleWebKit/537.36 (KHTML, like Gecko) Chrome/79.0.3945.0 Safari/537.36"
3.131.97.71 - - [09/Sep/2020:13:32:20 -0400] "GET /RICH/cdn-cgi/scripts/5c5dd728/cloudflare-static/email-decode.min.js HTTP/1.0" 404 575 "https://www.richinc.org/RICH/mission.html" "Mozilla/5.0 (X11; Linux x86_64) AppleWebKit/537.36 (KHTML, like Gecko) Chrome/79.0.3945.0 Safari/537.36"
3.131.97.71 - - [09/Sep/2020:13:32:20 -0400] "GET /RICH/js/jquery.stellar.min.js HTTP/1.0" 200 12597 "https://www.richinc.org/RICH/mission.html" "Mozilla/5.0 (X11; Linux x86_64) AppleWebKit/537.36 (KHTML, like Gecko) Chrome/79.0.3945.0 Safari/537.36"
3.131.97.71 - - [09/Sep/2020:13:32:20 -0400] "GET /RICH/js/mediaelement-and-player.min.js HTTP/1.0" 200 152469 "https://www.richinc.org/RICH/mission.html" "Mozilla/5.0 (X11; Linux x86_64) AppleWebKit/537.36 (KHTML, like Gecko) Chrome/79.0.3945.0 Safari/537.36"
18.219.219.170 - - [09/Sep/2020:13:32:20 -0400] "POST /RICH/php/UsersRICH.php HTTP/1.0" 200 - "https://www.richinc.org/RICH/parents-investment-alliance.html" "Mozilla/5.0 (X11; Linux x86_64) AppleWebKit/537.36 (KHTML, like Gecko) Chrome/79.0.3945.0 Safari/537.36"
3.17.144.121 - - [09/Sep/2020:13:32:22 -0400] "GET /RICH/js/jquery-migrate-3.0.1.min.js HTTP/1.0" 200 11421 "https://www.richinc.org/RICH/graduate-testimonials.html" "Mozilla/5.0 (X11; Linux x86_64) AppleWebKit/537.36 (KHTML, like Gecko) Chrome/79.0.3945.0 Safari/537.36"
157.55.39.4 - - [09/Sep/2020:14:49:06 -0400] "GET /RICH/blog/rich-photo-gallery/?occur=1&slide&album=1 HTTP/1.0" 404 575 "-" "Mozilla/5.0 (compatible; bingbot/2.0; +http://www.bing.com/bingbot.htm)"
42.236.10.107 - - [09/Sep/2020:15:23:20 -0400] "GET /RICH/ HTTP/1.0" 200 52711 "https://www.richinc.org/RICH/" "Mozilla/5.0 (Windows NT 6.1; WOW64) AppleWebKit/537.36 (KHTML, like Gecko) Chrome/50.4.2661.102 Safari/537.36; 360Spider"
23.228.109.146 - - [09/Sep/2020:15:52:35 -0400] "GET /wp-content/plugins/work-the-flow-file-upload/public/assets/jQuery-File-Upload-9.5.0/server/php/index.php HTTP/1.0" 302 317 "http://www.google.com/" "Mozilla/5.0 (Windows NT 6.1; Win64; x64) AppleWebKit/537.36 (KHTML, like Gecko) Chrome/56.0.2896.3 Safari/537.36"
77.88.5.222 - - [09/Sep/2020:16:26:52 -0400] "GET /RICH/ HTTP/1.0" 200 52711 "-" "Mozilla/5.0 (compatible; YandexBot/3.0; +http://yandex.com/bots)"
114.119.143.81 - - [09/Sep/2020:16:34:58 -0400] "GET /board-directors.html HTTP/1.0" 302 233 "-" "Mozilla/5.0 (Linux; Android 7.0;) AppleWebKit/537.36 (KHTML, like Gecko) Mobile Safari/537.36 (compatible; PetalBot;+http://aspiegel.com/petalbot)"
40.124.38.101 - - [09/Sep/2020:17:24:54 -0400] "GET /oldsite/ HTTP/1.0" 302 221 "-" "Mozilla/5.0 (Macintosh; Intel Mac OS X 10_10_1) AppleWebKit/537.36 (KHTML, like Gecko) Chrome/39.0.2171.95 Safari/537.36"
77.88.5.246 - - [09/Sep/2020:17:25:06 -0400] "GET /RICH/ HTTP/1.0" 200 52711 "-" "Mozilla/5.0 (compatible; YandexBot/3.0; +http://yandex.com/bots)"
35.231.179.228 - - [09/Sep/2020:20:02:56 -0400] "GET / HTTP/1.0" 302 213 "-" "ZoominfoBot (zoominfobot at zoominfo dot com)"
77.88.5.244 - - [09/Sep/2020:21:03:25 -0400] "GET /RICH/ HTTP/1.0" 200 52711 "-" "Mozilla/5.0 (compatible; YandexBot/3.0; +http://yandex.com/bots)"
52.26.34.61 - - [09/Sep/2020:21:28:22 -0400] "GET /www3/394d5108b1f616a605b7d305a3a53d69 HTTP/1.0" 302 250 "-" "Mozilla/5.0 (Macintosh; PPC Mac OS X 10.10; rv:50.0) Gecko/20100101 Firefox/50.0"
77.75.78.162 - - [09/Sep/2020:22:50:20 -0400] "GET /robots.txt HTTP/1.0" 302 223 "-" "Mozilla/5.0 (compatible; SeznamBot/3.2; +http://napoveda.seznam.cz/en/seznambot-intro/)"
77.75.78.162 - - [09/Sep/2020:22:50:25 -0400] "GET /RICH/chairman-message.html HTTP/1.0" 200 13505 "-" "Mozilla/5.0 (compatible; SeznamBot/3.2; +http://napoveda.seznam.cz/en/seznambot-intro/)"
54.149.179.24 - - [09/Sep/2020:23:24:08 -0400] "GET /www3 HTTP/1.0" 302 217 "-" "Mozilla/5.0 (Macintosh; PPC Mac OS X 10.12; rv:54.0) Gecko/20100101 Firefox/54.0"
103.251.227.177 - - [09/Sep/2020:01:06:03 -0400] "GET /?q=semalt.com HTTP/1.0" 302 226 "http://google.com/search?q=semalt.com" "Mozilla/5.0 (Windows NT 10.0; Win64; x64) AppleWebKit/537.36 (KHTML, like Gecko) Chrome/74.0.3729.169 Safari/537.36"
108.56.200.145 - - [09/Sep/2020:01:21:26 -0400] "GET / HTTP/1.0" 302 213 "-" "Java/11.0.8"
54.36.148.170 - - [09/Sep/2020:02:47:28 -0400] "GET /blog/2012/01/12/mr-bill-mccreary/ HTTP/1.0" 302 246 "-" "Mozilla/5.0 (compatible; AhrefsBot/6.1; +http://ahrefs.com/robot/)"
114.119.128.19 - - [09/Sep/2020:04:22:26 -0400] "GET /RICH/annual-reports.html HTTP/1.0" 200 10564 "-" "Mozilla/5.0 (Linux; Android 7.0;) AppleWebKit/537.36 (KHTML, like Gecko) Mobile Safari/537.36 (compatible; PetalBot;+http://aspiegel.com/petalbot)"
68.183.51.90 - - [09/Sep/2020:04:47:46 -0400] "GET / HTTP/1.0" 302 213 "http://richinc.org" "Mozilla/5.0 (X11; Datanyze; Linux x86_64) AppleWebKit/537.36 (KHTML, like Gecko) Chrome/65.0.3325.181 Safari/537.36"
206.189.117.9 - - [09/Sep/2020:06:37:10 -0400] "GET / HTTP/1.0" 302 213 "http://richinc.org/" "Mozilla/4.0 (compatible; MSIE 8.0; Windows NT 5.1; Trident/4.0; GTB7.2; .NET CLR 2.0.50727; eSobiSubscriber 2.0.4.16; InfoPath.2; .NET CLR 3.0.4506.2152; .NET CLR 3.5.30729; AskTbBCPA/5.14.1.20007)"
209.17.97.82 - - [09/Sep/2020:07:22:46 -0400] "GET / HTTP/1.0" 302 213 "-" "Mozilla/5.0 (compatible; Nimbostratus-Bot/v1.3.2; http://cloudsystemnetworks.com)"
66.249.70.23 - - [09/Sep/2020:07:49:25 -0400] "GET /robots.txt HTTP/1.0" 302 223 "-" "Mozilla/5.0 (compatible; Googlebot/2.1; +http://www.google.com/bot.html)"
77.75.78.162 - - [09/Sep/2020:09:49:35 -0400] "GET /robots.txt HTTP/1.0" 302 223 "-" "Mozilla/5.0 (compatible; SeznamBot/3.2; +http://napoveda.seznam.cz/en/seznambot-intro/)"
77.75.78.162 - - [09/Sep/2020:09:49:37 -0400] "GET /snackimages/37.jpg HTTP/1.0" 302 231 "-" "Mozilla/5.0 (compatible; SeznamBot/3.2; +http://napoveda.seznam.cz/en/seznambot-intro/)"
66.249.66.218 - - [09/Sep/2020:10:12:24 -0400] "GET /RICH/ HTTP/1.0" 200 52711 "-" "Mozilla/5.0 (Linux; Android 6.0.1; Nexus 5X Build/MMB29P) AppleWebKit/537.36 (KHTML, like Gecko) Chrome/80.0.3987.92 Mobile Safari/537.36 (compatible; Googlebot/2.1; +http://www.google.com/bot.html)"
157.55.39.4 - - [09/Sep/2020:10:23:57 -0400] "GET /RICH/overview.html HTTP/1.0" 200 11800 "-" "Mozilla/5.0 (compatible; bingbot/2.0; +http://www.bing.com/bingbot.htm)"
69.160.160.50 - - [09/Sep/2020:10:39:00 -0400] "GET / HTTP/1.0" 302 213 "-" "Mozilla/5.0 (X11; Linux x86_64) AppleWebKit/537.36 (KHTML, like Gecko) HeadlessChrome/78.0.3904.70 Safari/537.36"
69.160.160.50 - - [09/Sep/2020:10:39:01 -0400] "GET /RICH/css/bootstrap.min.css HTTP/1.0" 200 159826 "https://www.richinc.org/RICH/" "Mozilla/5.0 (X11; Linux x86_64) AppleWebKit/537.36 (KHTML, like Gecko) HeadlessChrome/78.0.3904.70 Safari/537.36"
69.160.160.50 - - [09/Sep/2020:10:39:01 -0400] "GET /RICH/css/owl.carousel.min.css HTTP/1.0" 200 2936 "https://www.richinc.org/RICH/" "Mozilla/5.0 (X11; Linux x86_64) AppleWebKit/537.36 (KHTML, like Gecko) HeadlessChrome/78.0.3904.70 Safari/537.36"
69.160.160.50 - - [09/Sep/2020:10:39:01 -0400] "GET /RICH/css/bootstrap-datepicker.css HTTP/1.0" 200 17144 "https://www.richinc.org/RICH/" "Mozilla/5.0 (X11; Linux x86_64) AppleWebKit/537.36 (KHTML, like Gecko) HeadlessChrome/78.0.3904.70 Safari/537.36"
69.160.160.50 - - [09/Sep/2020:10:39:02 -0400] "GET /RICH/js/jquery.stellar.min.js HTTP/1.0" 200 12597 "https://www.richinc.org/RICH/" "Mozilla/5.0 (X11; Linux x86_64) AppleWebKit/537.36 (KHTML, like Gecko) HeadlessChrome/78.0.3904.70 Safari/537.36"
69.160.160.50 - - [09/Sep/2020:10:39:14 -0400] "GET /RICH/projectsnack.html HTTP/1.0" 200 18989 "-" "Mozilla/5.0 (Windows NT 10.0; Win64; x64) AppleWebKit/537.36 (KHTML, like Gecko) Chrome/79.0.3945.130 Safari/537.36"
69.160.160.50 - - [09/Sep/2020:10:39:16 -0400] "GET /RICH/annual-reports.html HTTP/1.0" 200 10564 "-" "Mozilla/5.0 (Windows NT 10.0; Win64; x64) AppleWebKit/537.36 (KHTML, like Gecko) Chrome/79.0.3945.130 Safari/537.36"
69.160.160.50 - - [09/Sep/2020:10:39:16 -0400] "GET /RICH/page4.html HTTP/1.0" 200 19961 "-" "Mozilla/5.0 (Windows NT 10.0; Win64; x64) AppleWebKit/537.36 (KHTML, like Gecko) Chrome/79.0.3945.130 Safari/537.36"
69.160.160.50 - - [09/Sep/2020:10:39:16 -0400] "GET /RICH/index.html HTTP/1.0" 200 52711 "-" "Mozilla/5.0 (Windows NT 10.0; Win64; x64) AppleWebKit/537.36 (KHTML, like Gecko) Chrome/79.0.3945.130 Safari/537.36"
69.160.160.50 - - [09/Sep/2020:10:39:17 -0400] "GET /RICH/loginAdmin.html HTTP/1.0" 200 13596 "-" "Mozilla/5.0 (Windows NT 10.0; Win64; x64) AppleWebKit/537.36 (KHTML, like Gecko) Chrome/79.0.3945.130 Safari/537.36"
69.160.160.50 - - [09/Sep/2020:10:39:17 -0400] "GET /RICH/rich-learning-system.html HTTP/1.0" 200 13174 "-" "Mozilla/5.0 (Windows NT 10.0; Win64; x64) AppleWebKit/537.36 (KHTML, like Gecko) Chrome/79.0.3945.130 Safari/537.36"
114.119.129.200 - - [09/Sep/2020:11:05:47 -0400] "GET /RICH/index.html HTTP/1.0" 200 52711 "-" "Mozilla/5.0 (Linux; Android 7.0;) AppleWebKit/537.36 (KHTML, like Gecko) Mobile Safari/537.36 (compatible; PetalBot;+http://aspiegel.com/petalbot)"
96.246.25.24 - - [09/Sep/2020:11:12:25 -0400] "GET /RICH/css/magnific-popup.css HTTP/1.0" 200 6950 "https://www.richinc.org/RICH/" "Mozilla/5.0 (Macintosh; Intel Mac OS X 10_15_5) AppleWebKit/605.1.15 (KHTML, like Gecko) Version/13.1.1 Safari/605.1.15"
96.246.25.24 - - [09/Sep/2020:11:12:25 -0400] "GET /RICH/css/owl.carousel.min.css HTTP/1.0" 200 2936 "https://www.richinc.org/RICH/" "Mozilla/5.0 (Macintosh; Intel Mac OS X 10_15_5) AppleWebKit/605.1.15 (KHTML, like Gecko) Version/13.1.1 Safari/605.1.15"
96.246.25.24 - - [09/Sep/2020:11:12:25 -0400] "GET /RICH/css/bootstrap-datepicker.css HTTP/1.0" 200 17144 "https://www.richinc.org/RICH/" "Mozilla/5.0 (Macintosh; Intel Mac OS X 10_15_5) AppleWebKit/605.1.15 (KHTML, like Gecko) Version/13.1.1 Safari/605.1.15"
96.246.25.24 - - [09/Sep/2020:11:12:26 -0400] "POST /RICH/php/UsersRICH.php HTTP/1.0" 200 - "https://www.richinc.org/RICH/" "Mozilla/5.0 (Macintosh; Intel Mac OS X 10_15_5) AppleWebKit/605.1.15 (KHTML, like Gecko) Version/13.1.1 Safari/605.1.15"
96.246.25.24 - - [09/Sep/2020:11:12:28 -0400] "GET /RICH/images/favicon.ico HTTP/1.0" 200 4312 "https://www.richinc.org/RICH/" "Mozilla/5.0 (Macintosh; Intel Mac OS X 10_15_5) AppleWebKit/605.1.15 (KHTML, like Gecko) Version/13.1.1 Safari/605.1.15"
123.183.224.159 - - [09/Sep/2020:11:13:18 -0400] "GET /RICH/ HTTP/1.0" 200 52711 "-" "Sogou web spider/4.0(+http://www.sogou.com/docs/help/webmasters.htm#07)"
35.203.245.123 - - [09/Sep/2020:11:34:52 -0400] "GET /RICH/css/jquery-ui.css HTTP/1.0" 200 21738 "https://www.richinc.org/RICH/" "Mozilla/5.0 (X11; Linux x86_64) AppleWebKit/537.36 (KHTML, like Gecko) HeadlessChrome/72.0.3617.0 Safari/537.36"
35.203.245.123 - - [09/Sep/2020:11:34:52 -0400] "GET /RICH/css/animate.css HTTP/1.0" 200 77748 "https://www.richinc.org/RICH/" "Mozilla/5.0 (X11; Linux x86_64) AppleWebKit/537.36 (KHTML, like Gecko) HeadlessChrome/72.0.3617.0 Safari/537.36"
35.203.245.123 - - [09/Sep/2020:11:34:52 -0400] "GET /RICH/css/aos.css HTTP/1.0" 200 25983 "https://www.richinc.org/RICH/" "Mozilla/5.0 (X11; Linux x86_64) AppleWebKit/537.36 (KHTML, like Gecko) HeadlessChrome/72.0.3617.0 Safari/537.36"
35.203.245.123 - - [09/Sep/2020:11:34:52 -0400] "GET /RICH/js/jquery.magnific-popup.min.js HTTP/1.0" 200 20216 "https://www.richinc.org/RICH/" "Mozilla/5.0 (X11; Linux x86_64) AppleWebKit/537.36 (KHTML, like Gecko) HeadlessChrome/72.0.3617.0 Safari/537.36"
35.203.245.123 - - [09/Sep/2020:11:34:53 -0400] "GET /RICH/js/aos.js HTTP/1.0" 200 14244 "https://www.richinc.org/RICH/" "Mozilla/5.0 (X11; Linux x86_64) AppleWebKit/537.36 (KHTML, like Gecko) HeadlessChrome/72.0.3617.0 Safari/537.36"
35.203.245.123 - - [09/Sep/2020:11:34:53 -0400] "GET /RICH/image7.jpg HTTP/1.0" 200 568744 "https://www.richinc.org/RICH/" "Mozilla/5.0 (X11; Linux x86_64) AppleWebKit/537.36 (KHTML, like Gecko) HeadlessChrome/72.0.3617.0 Safari/537.36"
35.203.245.123 - - [09/Sep/2020:11:34:53 -0400] "GET /RICH/QueensImage.jpg HTTP/1.0" 200 675817 "https://www.richinc.org/RICH/" "Mozilla/5.0 (X11; Linux x86_64) AppleWebKit/537.36 (KHTML, like Gecko) HeadlessChrome/72.0.3617.0 Safari/537.36"
35.203.245.123 - - [09/Sep/2020:11:34:54 -0400] "GET /RICH/images/botimage.png HTTP/1.0" 200 3914 "https://www.richinc.org/RICH/" "Mozilla/5.0 (X11; Linux x86_64) AppleWebKit/537.36 (KHTML, like Gecko) HeadlessChrome/72.0.3617.0 Safari/537.36"
35.203.245.123 - - [09/Sep/2020:11:34:54 -0400] "GET /RICH/images/responsibility.png HTTP/1.0" 200 22581 "https://www.richinc.org/RICH/" "Mozilla/5.0 (X11; Linux x86_64) AppleWebKit/537.36 (KHTML, like Gecko) HeadlessChrome/72.0.3617.0 Safari/537.36"
35.203.245.123 - - [09/Sep/2020:11:34:54 -0400] "GET /RICH/images/gameLogo.png HTTP/1.0" 200 42587 "https://www.richinc.org/RICH/" "Mozilla/5.0 (X11; Linux x86_64) AppleWebKit/537.36 (KHTML, like Gecko) HeadlessChrome/72.0.3617.0 Safari/537.36"
35.203.245.123 - - [09/Sep/2020:11:34:53 -0400] "GET /RICH/Image4.jpg HTTP/1.0" 200 2910175 "https://www.richinc.org/RICH/" "Mozilla/5.0 (X11; Linux x86_64) AppleWebKit/537.36 (KHTML, like Gecko) HeadlessChrome/72.0.3617.0 Safari/537.36"
39.115.158.146 - - [09/Sep/2020:11:59:40 -0400] "GET /RICH/blog/wp-content/uploads/2012/01/mccreary1.jpg HTTP/1.0" 404 575 "-" "Scrapy/2.3.0 (+https://scrapy.org)"
185.81.157.239 - - [09/Sep/2020:12:32:53 -0400] "POST /wp-content/plugins/wp-file-manager/lib/php/connector.minimal.php HTTP/1.0" 302 277 "-" "python-requests/2.24.0"
185.81.157.239 - - [09/Sep/2020:12:33:06 -0400] "GET /RICH/wp-content/plugins/wp-file-manager/lib/files/hJTKiP.php HTTP/1.0" 404 575 "-" "python-requests/2.24.0"
209.17.114.44 - - [09/Sep/2020:12:58:57 -0400] "GET /RICH/images/botimage.png HTTP/1.0" 200 3914 "https://www.richinc.org/RICH/" "Mozilla/5.0 (Windows NT 10.0; Win64; x64) AppleWebKit/537.36 (KHTML, like Gecko) Chrome/85.0.4183.102 Safari/537.36"
209.17.114.44 - - [09/Sep/2020:12:58:58 -0400] "GET /RICH/images/responsibility.png HTTP/1.0" 200 22581 "https://www.richinc.org/RICH/" "Mozilla/5.0 (Windows NT 10.0; Win64; x64) AppleWebKit/537.36 (KHTML, like Gecko) Chrome/85.0.4183.102 Safari/537.36"
100.2.132.194 - - [09/Sep/2020:13:04:31 -0400] "GET /RICH/Image1.jpg HTTP/1.0" 200 1421241 "https://www.richinc.org/RICH/" "Mozilla/5.0 (Windows NT 10.0; Win64; x64) AppleWebKit/537.36 (KHTML, like Gecko) Chrome/85.0.4183.83 Safari/537.36"
100.2.132.194 - - [09/Sep/2020:13:04:31 -0400] "GET /RICH/image7.jpg HTTP/1.0" 200 568744 "https://www.richinc.org/RICH/" "Mozilla/5.0 (Windows NT 10.0; Win64; x64) AppleWebKit/537.36 (KHTML, like Gecko) Chrome/85.0.4183.83 Safari/537.36"
100.2.132.194 - - [09/Sep/2020:13:04:31 -0400] "POST /RICH/php/UsersRICH.php HTTP/1.0" 200 - "https://www.richinc.org/RICH/" "Mozilla/5.0 (Windows NT 10.0; Win64; x64) AppleWebKit/537.36 (KHTML, like Gecko) Chrome/85.0.4183.83 Safari/537.36"
77.75.76.164 - - [09/Sep/2020:13:11:27 -0400] "GET /robots.txt HTTP/1.0" 302 223 "-" "Mozilla/5.0 (compatible; SeznamBot/3.2; +http://napoveda.seznam.cz/en/seznambot-intro/)"
77.75.76.164 - - [09/Sep/2020:13:11:30 -0400] "GET /snackimages/32.jpg HTTP/1.0" 302 231 "-" "Mozilla/5.0 (compatible; SeznamBot/3.2; +http://napoveda.seznam.cz/en/seznambot-intro/)"
18.219.219.170 - - [09/Sep/2020:13:32:20 -0400] "GET /RICH/parents-investment-alliance.html HTTP/1.0" 200 13078 "-" "Mozilla/5.0 (X11; Linux x86_64) AppleWebKit/537.36 (KHTML, like Gecko) Chrome/79.0.3945.0 Safari/537.36"
3.15.230.98 - - [09/Sep/2020:13:32:20 -0400] "GET /cdn-cgi/scripts/5c5dd728/cloudflare-static/email-decode.min.js HTTP/1.0" 302 275 "https://www.richinc.org/RICH/overview.html" "Mozilla/5.0 (X11; Linux x86_64) AppleWebKit/537.36 (KHTML, like Gecko) Chrome/79.0.3945.0 Safari/537.36"
3.15.230.98 - - [09/Sep/2020:13:32:20 -0400] "GET /RICH/css/style.css HTTP/1.0" 200 48040 "https://www.richinc.org/RICH/overview.html" "Mozilla/5.0 (X11; Linux x86_64) AppleWebKit/537.36 (KHTML, like Gecko) Chrome/79.0.3945.0 Safari/537.36"
3.15.230.98 - - [09/Sep/2020:13:32:20 -0400] "GET /RICH/fonts/flaticon/font/flaticon.css HTTP/1.0" 200 1250 "https://www.richinc.org/RICH/overview.html" "Mozilla/5.0 (X11; Linux x86_64) AppleWebKit/537.36 (KHTML, like Gecko) Chrome/79.0.3945.0 Safari/537.36"
3.20.222.241 - - [09/Sep/2020:13:32:20 -0400] "GET /RICH/css/style.css HTTP/1.0" 200 48040 "https://www.richinc.org/RICH/index.html" "Mozilla/5.0 (X11; Linux x86_64) AppleWebKit/537.36 (KHTML, like Gecko) Chrome/79.0.3945.0 Safari/537.36"
3.20.222.241 - - [09/Sep/2020:13:32:20 -0400] "GET /cdn-cgi/scripts/5c5dd728/cloudflare-static/email-decode.min.js HTTP/1.0" 302 275 "https://www.richinc.org/RICH/index.html" "Mozilla/5.0 (X11; Linux x86_64) AppleWebKit/537.36 (KHTML, like Gecko) Chrome/79.0.3945.0 Safari/537.36"
3.131.97.71 - - [09/Sep/2020:13:32:20 -0400] "GET /RICH/fonts/icomoon/style.css HTTP/1.0" 200 79820 "https://www.richinc.org/RICH/mission.html" "Mozilla/5.0 (X11; Linux x86_64) AppleWebKit/537.36 (KHTML, like Gecko) Chrome/79.0.3945.0 Safari/537.36"
18.219.219.170 - - [09/Sep/2020:13:32:20 -0400] "GET /RICH/css/bootstrap.min.css HTTP/1.0" 200 159826 "https://www.richinc.org/RICH/parents-investment-alliance.html" "Mozilla/5.0 (X11; Linux x86_64) AppleWebKit/537.36 (KHTML, like Gecko) Chrome/79.0.3945.0 Safari/537.36"
3.20.222.241 - - [09/Sep/2020:13:32:20 -0400] "GET /RICH/js/jquery-ui.js HTTP/1.0" 200 45799 "https://www.richinc.org/RICH/index.html" "Mozilla/5.0 (X11; Linux x86_64) AppleWebKit/537.36 (KHTML, like Gecko) Chrome/79.0.3945.0 Safari/537.36"
3.131.97.71 - - [09/Sep/2020:13:32:20 -0400] "GET /RICH/css/magnific-popup.css HTTP/1.0" 200 6950 "https://www.richinc.org/RICH/mission.html" "Mozilla/5.0 (X11; Linux x86_64) AppleWebKit/537.36 (KHTML, like Gecko) Chrome/79.0.3945.0 Safari/537.36"
3.15.230.98 - - [09/Sep/2020:13:32:20 -0400] "GET /RICH/js/bootstrap.min.js HTTP/1.0" 200 51039 "https://www.richinc.org/RICH/overview.html" "Mozilla/5.0 (X11; Linux x86_64) AppleWebKit/537.36 (KHTML, like Gecko) Chrome/79.0.3945.0 Safari/537.36"
18.223.190.20 - - [09/Sep/2020:13:32:21 -0400] "GET /RICH/css/jquery-ui.css HTTP/1.0" 200 21738 "https://www.richinc.org/RICH/annual-reports.html" "Mozilla/5.0 (X11; Linux x86_64) AppleWebKit/537.36 (KHTML, like Gecko) Chrome/79.0.3945.0 Safari/537.36"
3.15.230.98 - - [09/Sep/2020:13:32:21 -0400] "GET /RICH/js/jquery.magnific-popup.min.js HTTP/1.0" 200 20216 "https://www.richinc.org/RICH/overview.html" "Mozilla/5.0 (X11; Linux x86_64) AppleWebKit/537.36 (KHTML, like Gecko) Chrome/79.0.3945.0 Safari/537.36"
18.223.190.20 - - [09/Sep/2020:13:32:21 -0400] "GET /RICH/css/owl.carousel.min.css HTTP/1.0" 200 2936 "https://www.richinc.org/RICH/annual-reports.html" "Mozilla/5.0 (X11; Linux x86_64) AppleWebKit/537.36 (KHTML, like Gecko) Chrome/79.0.3945.0 Safari/537.36"
18.223.190.20 - - [09/Sep/2020:13:32:21 -0400] "GET /RICH/css/bootstrap-datepicker.css HTTP/1.0" 200 17144 "https://www.richinc.org/RICH/annual-reports.html" "Mozilla/5.0 (X11; Linux x86_64) AppleWebKit/537.36 (KHTML, like Gecko) Chrome/79.0.3945.0 Safari/537.36"
3.20.222.241 - - [09/Sep/2020:13:32:21 -0400] "GET /RICH/js/aos.js HTTP/1.0" 200 14244 "https://www.richinc.org/RICH/index.html" "Mozilla/5.0 (X11; Linux x86_64) AppleWebKit/537.36 (KHTML, like Gecko) Chrome/79.0.3945.0 Safari/537.36"
18.219.219.170 - - [09/Sep/2020:13:32:21 -0400] "GET /RICH/js/jquery-ui.js HTTP/1.0" 200 45799 "https://www.richinc.org/RICH/parents-investment-alliance.html" "Mozilla/5.0 (X11; Linux x86_64) AppleWebKit/537.36 (KHTML, like Gecko) Chrome/79.0.3945.0 Safari/537.36"
18.223.190.20 - - [09/Sep/2020:13:32:21 -0400] "GET /cdn-cgi/scripts/5c5dd728/cloudflare-static/email-decode.min.js HTTP/1.0" 302 275 "https://www.richinc.org/RICH/annual-reports.html" "Mozilla/5.0 (X11; Linux x86_64) AppleWebKit/537.36 (KHTML, like Gecko) Chrome/79.0.3945.0 Safari/537.36"
18.219.219.170 - - [09/Sep/2020:13:32:21 -0400] "GET /RICH/js/popper.min.js HTTP/1.0" 200 20336 "https://www.richinc.org/RICH/parents-investment-alliance.html" "Mozilla/5.0 (X11; Linux x86_64) AppleWebKit/537.36 (KHTML, like Gecko) Chrome/79.0.3945.0 Safari/537.36"
18.219.219.170 - - [09/Sep/2020:13:32:21 -0400] "GET /RICH/js/jquery.stellar.min.js HTTP/1.0" 200 12597 "https://www.richinc.org/RICH/parents-investment-alliance.html" "Mozilla/5.0 (X11; Linux x86_64) AppleWebKit/537.36 (KHTML, like Gecko) Chrome/79.0.3945.0 Safari/537.36"
18.223.190.20 - - [09/Sep/2020:13:32:21 -0400] "GET /RICH/js/jquery-migrate-3.0.1.min.js HTTP/1.0" 200 11421 "https://www.richinc.org/RICH/annual-reports.html" "Mozilla/5.0 (X11; Linux x86_64) AppleWebKit/537.36 (KHTML, like Gecko) Chrome/79.0.3945.0 Safari/537.36"
3.131.97.71 - - [09/Sep/2020:13:32:21 -0400] "GET /RICH/js/bootstrap.min.js HTTP/1.0" 200 51039 "https://www.richinc.org/RICH/mission.html" "Mozilla/5.0 (X11; Linux x86_64) AppleWebKit/537.36 (KHTML, like Gecko) Chrome/79.0.3945.0 Safari/537.36"
18.219.219.170 - - [09/Sep/2020:13:32:21 -0400] "GET /RICH/js/jquery.magnific-popup.min.js HTTP/1.0" 200 20216 "https://www.richinc.org/RICH/parents-investment-alliance.html" "Mozilla/5.0 (X11; Linux x86_64) AppleWebKit/537.36 (KHTML, like Gecko) Chrome/79.0.3945.0 Safari/537.36"
18.219.219.170 - - [09/Sep/2020:13:32:21 -0400] "GET /RICH/js/mediaelement-and-player.min.js HTTP/1.0" 200 152469 "https://www.richinc.org/RICH/parents-investment-alliance.html" "Mozilla/5.0 (X11; Linux x86_64) AppleWebKit/537.36 (KHTML, like Gecko) Chrome/79.0.3945.0 Safari/537.36"
18.223.190.20 - - [09/Sep/2020:13:32:21 -0400] "GET /RICH/js/bootstrap-datepicker.min.js HTTP/1.0" 200 34172 "https://www.richinc.org/RICH/annual-reports.html" "Mozilla/5.0 (X11; Linux x86_64) AppleWebKit/537.36 (KHTML, like Gecko) Chrome/79.0.3945.0 Safari/537.36"
18.223.190.20 - - [09/Sep/2020:13:32:21 -0400] "GET /RICH/js/aos.js HTTP/1.0" 200 14244 "https://www.richinc.org/RICH/annual-reports.html" "Mozilla/5.0 (X11; Linux x86_64) AppleWebKit/537.36 (KHTML, like Gecko) Chrome/79.0.3945.0 Safari/537.36"
3.20.222.241 - - [09/Sep/2020:13:32:21 -0400] "POST /RICH/php/UsersRICH.php HTTP/1.0" 200 - "https://www.richinc.org/RICH/index.html" "Mozilla/5.0 (X11; Linux x86_64) AppleWebKit/537.36 (KHTML, like Gecko) Chrome/79.0.3945.0 Safari/537.36"
3.17.144.121 - - [09/Sep/2020:13:32:22 -0400] "GET /RICH/css/bootstrap-datepicker.css HTTP/1.0" 200 17144 "https://www.richinc.org/RICH/graduate-testimonials.html" "Mozilla/5.0 (X11; Linux x86_64) AppleWebKit/537.36 (KHTML, like Gecko) Chrome/79.0.3945.0 Safari/537.36"
3.17.144.121 - - [09/Sep/2020:13:32:22 -0400] "GET /RICH/css/aos.css HTTP/1.0" 200 25983 "https://www.richinc.org/RICH/graduate-testimonials.html" "Mozilla/5.0 (X11; Linux x86_64) AppleWebKit/537.36 (KHTML, like Gecko) Chrome/79.0.3945.0 Safari/537.36"
3.17.144.121 - - [09/Sep/2020:13:32:22 -0400] "GET /RICH/js/popper.min.js HTTP/1.0" 200 20336 "https://www.richinc.org/RICH/graduate-testimonials.html" "Mozilla/5.0 (X11; Linux x86_64) AppleWebKit/537.36 (KHTML, like Gecko) Chrome/79.0.3945.0 Safari/537.36"
3.17.144.121 - - [09/Sep/2020:13:32:22 -0400] "GET /RICH/js/jquery.countdown.min.js HTTP/1.0" 200 5339 "https://www.richinc.org/RICH/graduate-testimonials.html" "Mozilla/5.0 (X11; Linux x86_64) AppleWebKit/537.36 (KHTML, like Gecko) Chrome/79.0.3945.0 Safari/537.36"
3.17.144.121 - - [09/Sep/2020:13:32:22 -0400] "GET /RICH/js/jquery.stellar.min.js HTTP/1.0" 200 12597 "https://www.richinc.org/RICH/graduate-testimonials.html" "Mozilla/5.0 (X11; Linux x86_64) AppleWebKit/537.36 (KHTML, like Gecko) Chrome/79.0.3945.0 Safari/537.36"
3.17.144.121 - - [09/Sep/2020:13:32:22 -0400] "GET /RICH/js/aos.js HTTP/1.0" 200 14244 "https://www.richinc.org/RICH/graduate-testimonials.html" "Mozilla/5.0 (X11; Linux x86_64) AppleWebKit/537.36 (KHTML, like Gecko) Chrome/79.0.3945.0 Safari/537.36"
114.119.145.137 - - [09/Sep/2020:15:31:46 -0400] "GET /RICH/ HTTP/1.0" 200 52711 "-" "Mozilla/5.0 (Linux; Android 7.0;) AppleWebKit/537.36 (KHTML, like Gecko) Mobile Safari/537.36 (compatible; PetalBot;+http://aspiegel.com/petalbot)"
206.253.224.14 - - [09/Sep/2020:15:45:38 -0400] "GET /RICH/ HTTP/1.0" 200 52711 "-" "Mozilla/5.0 (compatible; oBot/2.3.1; http://www.xforce-security.com/crawler/)"
185.191.171.22 - - [09/Sep/2020:16:25:54 -0400] "GET /RICH/robots.txt HTTP/1.0" 404 575 "-" "Mozilla/5.0 (compatible; SemrushBot/6~bl; +http://www.semrush.com/bot.html)"
114.119.143.81 - - [09/Sep/2020:16:34:59 -0400] "GET /RICH/board-directors.html HTTP/1.0" 200 12545 "-" "Mozilla/5.0 (Linux; Android 7.0;) AppleWebKit/537.36 (KHTML, like Gecko) Mobile Safari/537.36 (compatible; PetalBot;+http://aspiegel.com/petalbot)"
77.75.78.165 - - [09/Sep/2020:16:39:41 -0400] "GET /snackimages/30.jpg HTTP/1.0" 302 231 "-" "Mozilla/5.0 (compatible; SeznamBot/3.2; +http://napoveda.seznam.cz/en/seznambot-intro/)"
40.124.38.101 - - [09/Sep/2020:17:24:37 -0400] "GET /blog/ HTTP/1.0" 302 218 "-" "Mozilla/5.0 (Macintosh; Intel Mac OS X 10_10_1) AppleWebKit/537.36 (KHTML, like Gecko) Chrome/39.0.2171.95 Safari/537.36"
40.124.38.101 - - [09/Sep/2020:17:24:57 -0400] "GET /back/ HTTP/1.0" 302 218 "-" "Mozilla/5.0 (Macintosh; Intel Mac OS X 10_10_1) AppleWebKit/537.36 (KHTML, like Gecko) Chrome/39.0.2171.95 Safari/537.36"
77.75.78.165 - - [09/Sep/2020:19:47:23 -0400] "GET /robots.txt HTTP/1.0" 302 223 "-" "Mozilla/5.0 (compatible; SeznamBot/3.2; +http://napoveda.seznam.cz/en/seznambot-intro/)"
35.231.179.228 - - [09/Sep/2020:20:02:56 -0400] "GET /RICH/robots.txt HTTP/1.0" 404 575 "-" "ZoominfoBot (zoominfobot at zoominfo dot com)"
114.119.151.197 - - [09/Sep/2020:20:38:52 -0400] "GET /robots.txt HTTP/1.0" 302 223 "-" "(compatible;PetalBot;+http://aspiegel.com/petalbot)"
77.88.5.248 - - [09/Sep/2020:21:03:13 -0400] "GET /robots.txt HTTP/1.0" 302 223 "-" "Mozilla/5.0 (compatible; YandexBot/3.0; +http://yandex.com/bots)"
77.88.5.227 - - [09/Sep/2020:21:03:18 -0400] "GET /RICH/ HTTP/1.0" 200 52711 "-" "Mozilla/5.0 (compatible; YandexBot/3.0; +http://yandex.com/bots)"
54.36.148.70 - - [09/Sep/2020:23:23:35 -0400] "GET /about-us.php HTTP/1.0" 302 225 "-" "Mozilla/5.0 (compatible; AhrefsBot/7.0; +http://ahrefs.com/robot/)"
