173.231.59.205 - - [10/Sep/2020:21:16:43 -0400] "GET /RICH/1.jpg HTTP/1.0" 404 575 "https://www.richinc.org/" "Mozilla/5.0 (compatible; Adsbot/3.1)"
173.231.59.205 - - [10/Sep/2020:21:27:15 -0400] "GET /snackimages/1.jpg HTTP/1.0" 302 230 "https://www.richinc.org/" "Mozilla/5.0 (compatible; Adsbot/3.1)"
173.231.59.205 - - [10/Sep/2020:21:27:36 -0400] "GET /snackimages/6.jpg HTTP/1.0" 302 230 "https://www.richinc.org/" "Mozilla/5.0 (compatible; Adsbot/3.1)"
173.231.59.205 - - [10/Sep/2020:21:27:42 -0400] "GET /snackimages/7.jpg HTTP/1.0" 302 230 "https://www.richinc.org/" "Mozilla/5.0 (compatible; Adsbot/3.1)"
173.231.59.205 - - [10/Sep/2020:21:28:19 -0400] "GET /snackimages/14.jpg HTTP/1.0" 302 231 "https://www.richinc.org/" "Mozilla/5.0 (compatible; Adsbot/3.1)"
173.231.59.205 - - [10/Sep/2020:21:28:50 -0400] "GET /snackimages/22.png HTTP/1.0" 302 231 "https://www.richinc.org/" "Mozilla/5.0 (compatible; Adsbot/3.1)"
173.231.59.205 - - [10/Sep/2020:21:28:56 -0400] "GET /snackimages/23.png HTTP/1.0" 302 231 "https://www.richinc.org/" "Mozilla/5.0 (compatible; Adsbot/3.1)"
173.231.59.205 - - [10/Sep/2020:21:29:17 -0400] "GET /snackimages/29.jpg HTTP/1.0" 302 231 "https://www.richinc.org/" "Mozilla/5.0 (compatible; Adsbot/3.1)"
173.231.59.205 - - [10/Sep/2020:21:30:04 -0400] "GET /snackimages/38.jpg HTTP/1.0" 302 231 "https://www.richinc.org/" "Mozilla/5.0 (compatible; Adsbot/3.1)"
173.231.59.205 - - [10/Sep/2020:22:19:16 -0400] "GET /RICH/loginAdmin.html HTTP/1.0" 200 13596 "https://www.richinc.org/" "Mozilla/5.0 (compatible; Adsbot/3.1)"
173.231.59.205 - - [10/Sep/2020:22:20:00 -0400] "GET /RICH/snackimages/2.jpg HTTP/1.0" 200 7392 "https://www.richinc.org/" "Mozilla/5.0 (compatible; Adsbot/3.1)"
173.231.59.205 - - [10/Sep/2020:22:20:05 -0400] "GET /RICH/snackimages/3.jpg HTTP/1.0" 200 279236 "https://www.richinc.org/" "Mozilla/5.0 (compatible; Adsbot/3.1)"
173.231.59.205 - - [10/Sep/2020:22:21:19 -0400] "GET /RICH/snackimages/19.jpg HTTP/1.0" 200 855875 "https://www.richinc.org/" "Mozilla/5.0 (compatible; Adsbot/3.1)"
173.231.59.205 - - [10/Sep/2020:22:21:41 -0400] "GET /RICH/snackimages/24.jpg HTTP/1.0" 200 10837 "https://www.richinc.org/" "Mozilla/5.0 (compatible; Adsbot/3.1)"
173.231.59.205 - - [10/Sep/2020:22:23:00 -0400] "GET /RICH/snackimages/40.jpg HTTP/1.0" 200 484501 "https://www.richinc.org/" "Mozilla/5.0 (compatible; Adsbot/3.1)"
114.119.143.81 - - [10/Sep/2020:22:40:10 -0400] "GET /RICH/ HTTP/1.0" 200 52711 "-" "Mozilla/5.0 (Linux; Android 7.0;) AppleWebKit/537.36 (KHTML, like Gecko) Mobile Safari/537.36 (compatible; PetalBot;+http://aspiegel.com/petalbot)"
49.7.21.85 - - [10/Sep/2020:22:43:12 -0400] "GET /RICH/css/owl.carousel.min.css HTTP/1.0" 200 2936 "-" "Mozilla/4.0 (compatible; MSIE 7.0; Windows NT 6.0; Trident/4.0)"
24.90.48.127 - - [10/Sep/2020:22:56:27 -0400] "GET /RICH/ HTTP/1.0" 200 52711 "https://www.google.com/" "Mozilla/5.0 (Windows NT 10.0; Win64; x64) AppleWebKit/537.36 (KHTML, like Gecko) Chrome/84.0.4147.135 Safari/537.36"
24.90.48.127 - - [10/Sep/2020:22:56:28 -0400] "GET /RICH/css/owl.carousel.min.css HTTP/1.0" 200 2936 "https://www.richinc.org/RICH/" "Mozilla/5.0 (Windows NT 10.0; Win64; x64) AppleWebKit/537.36 (KHTML, like Gecko) Chrome/84.0.4147.135 Safari/537.36"
24.90.48.127 - - [10/Sep/2020:22:56:28 -0400] "GET /RICH/image7.jpg HTTP/1.0" 200 568744 "https://www.richinc.org/RICH/" "Mozilla/5.0 (Windows NT 10.0; Win64; x64) AppleWebKit/537.36 (KHTML, like Gecko) Chrome/84.0.4147.135 Safari/537.36"
24.90.48.127 - - [10/Sep/2020:22:56:29 -0400] "GET /RICH/images/gameLogo.png HTTP/1.0" 200 42587 "https://www.richinc.org/RICH/" "Mozilla/5.0 (Windows NT 10.0; Win64; x64) AppleWebKit/537.36 (KHTML, like Gecko) Chrome/84.0.4147.135 Safari/537.36"
24.90.48.127 - - [10/Sep/2020:22:56:29 -0400] "GET /RICH/images/playButton.png HTTP/1.0" 200 327681 "https://www.richinc.org/RICH/" "Mozilla/5.0 (Windows NT 10.0; Win64; x64) AppleWebKit/537.36 (KHTML, like Gecko) Chrome/84.0.4147.135 Safari/537.36"
24.90.48.127 - - [10/Sep/2020:22:56:28 -0400] "GET /RICH/Image5.jpg HTTP/1.0" 200 2409299 "https://www.richinc.org/RICH/" "Mozilla/5.0 (Windows NT 10.0; Win64; x64) AppleWebKit/537.36 (KHTML, like Gecko) Chrome/84.0.4147.135 Safari/537.36"
24.90.48.127 - - [10/Sep/2020:22:56:28 -0400] "GET /RICH/Image4.jpg HTTP/1.0" 200 2910175 "https://www.richinc.org/RICH/" "Mozilla/5.0 (Windows NT 10.0; Win64; x64) AppleWebKit/537.36 (KHTML, like Gecko) Chrome/84.0.4147.135 Safari/537.36"
24.90.48.127 - - [10/Sep/2020:22:56:41 -0400] "GET /RICH/images/gameAnswers/matter-1.png HTTP/1.0" 200 74902 "https://www.richinc.org/RICH/" "Mozilla/5.0 (Windows NT 10.0; Win64; x64) AppleWebKit/537.36 (KHTML, like Gecko) Chrome/84.0.4147.135 Safari/537.36"
24.90.48.127 - - [10/Sep/2020:22:56:44 -0400] "GET /RICH/images/gameAnswers/strategies-21.png HTTP/1.0" 200 102918 "https://www.richinc.org/RICH/" "Mozilla/5.0 (Windows NT 10.0; Win64; x64) AppleWebKit/537.36 (KHTML, like Gecko) Chrome/84.0.4147.135 Safari/537.36"
24.90.48.127 - - [10/Sep/2020:22:56:44 -0400] "GET /RICH/images/gameAnswers/strategies-17.png HTTP/1.0" 200 111564 "https://www.richinc.org/RICH/" "Mozilla/5.0 (Windows NT 10.0; Win64; x64) AppleWebKit/537.36 (KHTML, like Gecko) Chrome/84.0.4147.135 Safari/537.36"
24.90.48.127 - - [10/Sep/2020:22:57:11 -0400] "GET /RICH/cdn-cgi/scripts/5c5dd728/cloudflare-static/email-decode.min.js HTTP/1.0" 404 575 "https://www.richinc.org/RICH/graduate-testimonials.html" "Mozilla/5.0 (Windows NT 10.0; Win64; x64) AppleWebKit/537.36 (KHTML, like Gecko) Chrome/84.0.4147.135 Safari/537.36"
24.90.48.127 - - [10/Sep/2020:22:57:11 -0400] "POST /RICH/php/UsersRICH.php HTTP/1.0" 200 - "https://www.richinc.org/RICH/graduate-testimonials.html" "Mozilla/5.0 (Windows NT 10.0; Win64; x64) AppleWebKit/537.36 (KHTML, like Gecko) Chrome/84.0.4147.135 Safari/537.36"
187.250.43.40 - - [10/Sep/2020:23:05:16 -0400] "GET /RICH/ HTTP/1.0" 200 52711 "-" "Mozilla/5.0 (Windows NT 6.1; WOW64; rv:40.0) Gecko/20100101 Firefox/40.1"
17.58.100.214 - - [10/Sep/2020:23:05:20 -0400] "GET /robots.txt HTTP/1.0" 302 223 "-" "Mozilla/5.0 (Macintosh; Intel Mac OS X 10_15_5) AppleWebKit/605.1.15 (KHTML, like Gecko) Version/13.1.1 Safari/605.1.15 (Applebot/0.1; +http://www.apple.com/go/applebot)"
17.58.98.73 - - [10/Sep/2020:23:05:29 -0400] "GET /robots.txt HTTP/1.0" 302 223 "-" "Mozilla/5.0 (Macintosh; Intel Mac OS X 10_15_5) AppleWebKit/605.1.15 (KHTML, like Gecko) Version/13.1.1 Safari/605.1.15 (Applebot/0.1; +http://www.apple.com/go/applebot)"
24.90.48.127 - - [10/Sep/2020:23:06:58 -0400] "GET /cdn-cgi/scripts/5c5dd728/cloudflare-static/email-decode.min.js HTTP/1.0" 302 275 "https://www.richinc.org/RICH/index.html" "Mozilla/5.0 (Windows NT 10.0; Win64; x64) AppleWebKit/537.36 (KHTML, like Gecko) Chrome/84.0.4147.135 Safari/537.36"
66.249.66.218 - - [10/Sep/2020:23:17:39 -0400] "GET /RICH/css/animate.css HTTP/1.0" 200 77748 "https://www.richinc.org/RICH/parents-investment-alliance.html" "Mozilla/5.0 (Linux; Android 6.0.1; Nexus 5X Build/MMB29P) AppleWebKit/537.36 (KHTML, like Gecko) Chrome/85.0.4183.105 Mobile Safari/537.36 (compatible; Googlebot/2.1; +http://www.google.com/bot.html)"
66.249.66.218 - - [10/Sep/2020:23:17:39 -0400] "GET /RICH/js/bootstrap.min.js HTTP/1.0" 200 51039 "https://www.richinc.org/RICH/parents-investment-alliance.html" "Mozilla/5.0 (Linux; Android 6.0.1; Nexus 5X Build/MMB29P) AppleWebKit/537.36 (KHTML, like Gecko) Chrome/85.0.4183.105 Mobile Safari/537.36 (compatible; Googlebot/2.1; +http://www.google.com/bot.html)"
114.119.136.87 - - [10/Sep/2020:23:51:01 -0400] "GET /robots.txt HTTP/1.0" 302 223 "-" "(compatible;PetalBot;+http://aspiegel.com/petalbot)"
114.119.136.87 - - [10/Sep/2020:23:51:02 -0400] "GET /RICH/robots.txt HTTP/1.0" 404 575 "-" "(compatible;PetalBot;+http://aspiegel.com/petalbot)"
34.75.199.111 - - [10/Sep/2020:01:11:25 -0400] "GET /robots.txt HTTP/1.0" 302 223 "-" "ZoominfoBot (zoominfobot at zoominfo dot com)"
93.158.161.1 - - [10/Sep/2020:01:57:39 -0400] "GET /RICH/mission.html HTTP/1.0" 200 15573 "-" "Mozilla/5.0 (compatible; YandexBot/3.0; +http://yandex.com/bots)"
220.181.77.162 - - [10/Sep/2020:07:21:34 -0400] "GET /RICH/js/jquery-ui.js HTTP/1.0" 200 45799 "http://www.richinc.org/RICH/parents-investment-alliance.html" "Mozilla/5.0 (Linux; U; Android 2.2; en-ca; GT-P1000M Build/FROYO) AppleWebKit/533.1 (KHTML, like Gecko) Version/4.0 Mobile Safari/533.1"
184.154.139.16 - - [10/Sep/2020:07:23:27 -0400] "GET /RICH/rich-learning-system.html HTTP/1.0" 200 13174 "-" "SiteLockSpider [en] (WinNT; I ;Nav)"
184.154.139.16 - - [10/Sep/2020:07:23:33 -0400] "GET /RICH/partnership-opportunities.html HTTP/1.0" 200 14323 "-" "SiteLockSpider [en] (WinNT; I ;Nav)"
184.154.139.16 - - [10/Sep/2020:07:23:39 -0400] "GET /RICH/login.html HTTP/1.0" 200 12888 "-" "SiteLockSpider [en] (WinNT; I ;Nav)"
184.154.139.16 - - [10/Sep/2020:07:23:52 -0400] "GET /RICH/js/owl.carousel.min.js HTTP/1.0" 200 42766 "-" "SiteLockSpider [en] (WinNT; I ;Nav)"
184.154.139.16 - - [10/Sep/2020:07:23:58 -0400] "GET /RICH/css/bot.css HTTP/1.0" 200 1399 "-" "SiteLockSpider [en] (WinNT; I ;Nav)"
184.154.139.16 - - [10/Sep/2020:07:23:58 -0400] "GET /RICH/Account/group-discussion.html HTTP/1.0" 200 31506 "-" "SiteLockSpider [en] (WinNT; I ;Nav)"
184.154.139.16 - - [10/Sep/2020:07:24:02 -0400] "GET /RICH/js/jquery-migrate-3.0.1.min.js HTTP/1.0" 200 11421 "-" "SiteLockSpider [en] (WinNT; I ;Nav)"
184.154.139.16 - - [10/Sep/2020:07:24:08 -0400] "GET /RICH/fonts/icomoon/style.css HTTP/1.0" 200 79820 "http://www.google.com/url?url=www.richinc.org&yahoo.com" "Mozilla/5.0 (compatible; MSIE 9.0; Windows NT 6.1; WOW64; Trident/6.0)"
184.154.139.16 - - [10/Sep/2020:07:24:10 -0400] "GET /RICH/Account/portal-home.html HTTP/1.0" 200 18428 "-" "SiteLockSpider [en] (WinNT; I ;Nav)"
184.154.139.16 - - [10/Sep/2020:07:24:12 -0400] "GET /RICH/page1.html HTTP/1.0" 200 53544 "-" "SiteLockSpider [en] (WinNT; I ;Nav)"
184.154.139.16 - - [10/Sep/2020:07:24:13 -0400] "GET /RICH/css/style.css HTTP/1.0" 200 48040 "-" "SiteLockSpider [en] (WinNT; I ;Nav)"
184.154.139.16 - - [10/Sep/2020:07:24:14 -0400] "GET /RICH/css/magnific-popup.css HTTP/1.0" 200 6950 "-" "SiteLockSpider [en] (WinNT; I ;Nav)"
184.154.139.16 - - [10/Sep/2020:07:24:15 -0400] "GET /RICH/js/jquery-ui.js HTTP/1.0" 200 45799 "-" "SiteLockSpider [en] (WinNT; I ;Nav)"
95.216.96.243 - - [10/Sep/2020:08:19:13 -0400] "GET /robots.txt HTTP/1.0" 302 223 "-" "Mozilla/5.0 (compatible; SEOkicks; +https://www.seokicks.de/robot.html)"
95.216.96.243 - - [10/Sep/2020:08:19:15 -0400] "GET /robots.txt HTTP/1.0" 302 223 "-" "Mozilla/5.0 (compatible; SEOkicks; +https://www.seokicks.de/robot.html)"
95.216.96.243 - - [10/Sep/2020:10:44:20 -0400] "GET /RICH/GoogleClassroom/oauth2callback.php HTTP/1.0" 500 706 "https://www.richinc.org/RICH/GoogleClassroom/classAPI.php?callback=processData" "Mozilla/5.0 (compatible; SEOkicks; +https://www.seokicks.de/robot.html)"
95.216.96.243 - - [10/Sep/2020:10:44:40 -0400] "GET /RICH/GoogleClassroom/oauth2callback.php HTTP/1.0" 500 706 "https://www.richinc.org/RICH/GoogleClassroom/classAPI.php?callback=processData" "Mozilla/5.0 (compatible; SEOkicks; +https://www.seokicks.de/robot.html)"
107.178.238.28 - - [10/Sep/2020:11:16:11 -0400] "GET /RICH/css/aos.css HTTP/1.0" 200 25983 "https://www.richinc.org/RICH/" "Mozilla/5.0 (X11; Linux x86_64) AppleWebKit/537.36 (KHTML, like Gecko) HeadlessChrome/72.0.3617.0 Safari/537.36"
107.178.238.28 - - [10/Sep/2020:11:16:13 -0400] "GET /RICH/images/botimage.png HTTP/1.0" 200 3914 "https://www.richinc.org/RICH/" "Mozilla/5.0 (X11; Linux x86_64) AppleWebKit/537.36 (KHTML, like Gecko) HeadlessChrome/72.0.3617.0 Safari/537.36"
35.231.61.14 - - [10/Sep/2020:11:32:23 -0400] "GET /RICH/mission.html HTTP/1.0" 200 15573 "-" "ZoominfoBot (zoominfobot at zoominfo dot com)"
72.79.42.130 - - [10/Sep/2020:11:36:19 -0400] "GET /RICH/images/LOGO.png HTTP/1.0" 200 48308 "https://www.richinc.org/RICH/" "Mozilla/5.0 (Windows NT 10.0; Win64; x64) AppleWebKit/537.36 (KHTML, like Gecko) Chrome/85.0.4183.102 Safari/537.36"
72.79.42.130 - - [10/Sep/2020:11:36:20 -0400] "GET /RICH/images/playButton.png HTTP/1.0" 200 327681 "https://www.richinc.org/RICH/" "Mozilla/5.0 (Windows NT 10.0; Win64; x64) AppleWebKit/537.36 (KHTML, like Gecko) Chrome/85.0.4183.102 Safari/537.36"
72.79.42.130 - - [10/Sep/2020:11:36:20 -0400] "GET /RICH/js/jquery.countdown.min.js HTTP/1.0" 200 5339 "https://www.richinc.org/RICH/" "Mozilla/5.0 (Windows NT 10.0; Win64; x64) AppleWebKit/537.36 (KHTML, like Gecko) Chrome/85.0.4183.102 Safari/537.36"
72.79.42.130 - - [10/Sep/2020:11:36:20 -0400] "GET /RICH/js/jquery.magnific-popup.min.js HTTP/1.0" 200 20216 "https://www.richinc.org/RICH/" "Mozilla/5.0 (Windows NT 10.0; Win64; x64) AppleWebKit/537.36 (KHTML, like Gecko) Chrome/85.0.4183.102 Safari/537.36"
35.231.61.14 - - [10/Sep/2020:11:48:54 -0400] "GET /RICH/overview.html HTTP/1.0" 200 11800 "-" "ZoominfoBot (zoominfobot at zoominfo dot com)"
220.181.51.116 - - [10/Sep/2020:14:00:34 -0400] "GET /images/responsibility.png HTTP/1.0" 403 227 "-" "Mozilla/5.0 (Macintosh; Intel Mac OS X 10_14_4) AppleWebKit/537.36 (KHTML, like Gecko) Chrome/73.0.3683.103 Safari/537.36"
220.181.51.91 - - [10/Sep/2020:14:04:35 -0400] "GET /images/responsibility.png HTTP/1.0" 403 227 "-" "Mozilla/5.0 (Macintosh; Intel Mac OS X 10_14_4) AppleWebKit/537.36 (KHTML, like Gecko) Chrome/73.0.3683.103 Safari/537.36"
157.55.39.2 - - [10/Sep/2020:17:02:58 -0400] "GET /robots.txt HTTP/1.0" 302 223 "-" "Mozilla/5.0 (compatible; bingbot/2.0; +http://www.bing.com/bingbot.htm)"
185.191.171.19 - - [10/Sep/2020:18:38:27 -0400] "GET /robots.txt HTTP/1.0" 302 223 "-" "Mozilla/5.0 (compatible; SemrushBot/6~bl; +http://www.semrush.com/bot.html)"
173.231.59.205 - - [10/Sep/2020:20:12:08 -0400] "GET /RICH/mission.html HTTP/1.0" 200 15573 "https://www.richinc.org/" "Mozilla/5.0 (compatible; Adsbot/3.1)"
173.231.59.205 - - [10/Sep/2020:21:29:28 -0400] "GET /snackimages/31.jpg HTTP/1.0" 302 231 "https://www.richinc.org/" "Mozilla/5.0 (compatible; Adsbot/3.1)"
173.231.59.205 - - [10/Sep/2020:21:29:39 -0400] "GET /snackimages/33.jpg HTTP/1.0" 302 231 "https://www.richinc.org/" "Mozilla/5.0 (compatible; Adsbot/3.1)"
173.231.59.205 - - [10/Sep/2020:21:33:53 -0400] "GET /snackimages/27.jpeg HTTP/1.0" 302 232 "https://www.richinc.org/" "Mozilla/5.0 (compatible; Adsbot/3.1)"
173.231.59.205 - - [10/Sep/2020:22:20:16 -0400] "GET /RICH/snackimages/6.jpg HTTP/1.0" 200 100799 "https://www.richinc.org/" "Mozilla/5.0 (compatible; Adsbot/3.1)"
24.90.48.127 - - [10/Sep/2020:22:56:33 -0400] "GET /RICH/images/favicon.ico HTTP/1.0" 200 4312 "https://www.richinc.org/RICH/" "Mozilla/5.0 (Windows NT 10.0; Win64; x64) AppleWebKit/537.36 (KHTML, like Gecko) Chrome/84.0.4147.135 Safari/537.36"
24.90.48.127 - - [10/Sep/2020:22:56:43 -0400] "GET /RICH/images/gameAnswers/strategies-11.png HTTP/1.0" 200 97029 "https://www.richinc.org/RICH/" "Mozilla/5.0 (Windows NT 10.0; Win64; x64) AppleWebKit/537.36 (KHTML, like Gecko) Chrome/84.0.4147.135 Safari/537.36"
24.90.48.127 - - [10/Sep/2020:22:56:44 -0400] "GET /RICH/images/gameAnswers/considerate-16.png HTTP/1.0" 200 88747 "https://www.richinc.org/RICH/" "Mozilla/5.0 (Windows NT 10.0; Win64; x64) AppleWebKit/537.36 (KHTML, like Gecko) Chrome/84.0.4147.135 Safari/537.36"
24.90.48.127 - - [10/Sep/2020:22:57:54 -0400] "GET /RICH/index.html HTTP/1.0" 200 52711 "https://www.richinc.org/RICH/projectsnack.html" "Mozilla/5.0 (Windows NT 10.0; Win64; x64) AppleWebKit/537.36 (KHTML, like Gecko) Chrome/84.0.4147.135 Safari/537.36"
187.250.43.40 - - [10/Sep/2020:23:05:16 -0400] "GET / HTTP/1.0" 302 213 "-" "Mozilla/5.0 (Windows NT 6.1; WOW64; rv:40.0) Gecko/20100101 Firefox/40.1"
66.249.66.218 - - [10/Sep/2020:23:17:39 -0400] "GET /RICH/js/aos.js HTTP/1.0" 200 14244 "https://www.richinc.org/RICH/parents-investment-alliance.html" "Mozilla/5.0 (Linux; Android 6.0.1; Nexus 5X Build/MMB29P) AppleWebKit/537.36 (KHTML, like Gecko) Chrome/85.0.4183.105 Mobile Safari/537.36 (compatible; Googlebot/2.1; +http://www.google.com/bot.html)"
54.174.53.227 - - [10/Sep/2020:01:20:06 -0400] "GET / HTTP/1.0" 302 213 "-" "HubSpot Connect 2.0 (http://dev.hubspot.com/) - BizOpsCompanies-Tq2-BizCoDomainValidationAudit"
114.119.146.36 - - [10/Sep/2020:01:51:14 -0400] "GET /RICH/graduate-testimonials.html HTTP/1.0" 200 15380 "-" "Mozilla/5.0 (Linux; Android 7.0;) AppleWebKit/537.36 (KHTML, like Gecko) Mobile Safari/537.36 (compatible; PetalBot;+http://aspiegel.com/petalbot)"
192.99.4.140 - - [10/Sep/2020:02:57:14 -0400] "GET /RICH/robots.txt HTTP/1.0" 404 575 "-" "Mozilla/5.0 (compatible; MJ12bot/v1.4.8; http://mj12bot.com/)"
114.119.143.81 - - [10/Sep/2020:04:47:43 -0400] "GET /RICH/gsuite-classroom.html HTTP/1.0" 200 10020 "-" "Mozilla/5.0 (Linux; Android 7.0;) AppleWebKit/537.36 (KHTML, like Gecko) Mobile Safari/537.36 (compatible; PetalBot;+http://aspiegel.com/petalbot)"
220.181.77.162 - - [10/Sep/2020:07:21:27 -0400] "GET /RICH/css/magnific-popup.css HTTP/1.0" 200 6950 "http://www.richinc.org/RICH/parents-investment-alliance.html" "Mozilla/5.0 (Linux; U; Android 2.2; en-ca; GT-P1000M Build/FROYO) AppleWebKit/533.1 (KHTML, like Gecko) Version/4.0 Mobile Safari/533.1"
220.181.77.162 - - [10/Sep/2020:07:21:28 -0400] "GET /RICH/fonts/icomoon/style.css HTTP/1.0" 200 79820 "http://www.richinc.org/RICH/parents-investment-alliance.html" "Mozilla/5.0 (Linux; U; Android 2.2; en-ca; GT-P1000M Build/FROYO) AppleWebKit/533.1 (KHTML, like Gecko) Version/4.0 Mobile Safari/533.1"
220.181.77.162 - - [10/Sep/2020:07:21:36 -0400] "GET /RICH/js/owl.carousel.min.js HTTP/1.0" 200 42766 "http://www.richinc.org/RICH/parents-investment-alliance.html" "Mozilla/5.0 (Linux; U; Android 2.2; en-ca; GT-P1000M Build/FROYO) AppleWebKit/533.1 (KHTML, like Gecko) Version/4.0 Mobile Safari/533.1"
220.181.77.162 - - [10/Sep/2020:07:21:52 -0400] "GET /RICH/parents-investment-alliance.html HTTP/1.0" 200 13078 "-" "Mozilla/5.0 (Linux; U; Android 2.2; en-ca; GT-P1000M Build/FROYO) AppleWebKit/533.1 (KHTML, like Gecko) Version/4.0 Mobile Safari/533.1"
220.181.77.162 - - [10/Sep/2020:07:21:52 -0400] "GET /RICH/fonts/icomoon/style.css HTTP/1.0" 200 79820 "http://www.richinc.org/RICH/parents-investment-alliance.html" "Mozilla/5.0 (Linux; U; Android 2.2; en-ca; GT-P1000M Build/FROYO) AppleWebKit/533.1 (KHTML, like Gecko) Version/4.0 Mobile Safari/533.1"
220.181.77.162 - - [10/Sep/2020:07:21:52 -0400] "GET /RICH/css/bootstrap.min.css HTTP/1.0" 200 159826 "http://www.richinc.org/RICH/parents-investment-alliance.html" "Mozilla/5.0 (Linux; U; Android 2.2; en-ca; GT-P1000M Build/FROYO) AppleWebKit/533.1 (KHTML, like Gecko) Version/4.0 Mobile Safari/533.1"
220.181.77.162 - - [10/Sep/2020:07:21:54 -0400] "GET /RICH/css/bootstrap-datepicker.css HTTP/1.0" 200 17144 "http://www.richinc.org/RICH/parents-investment-alliance.html" "Mozilla/5.0 (Linux; U; Android 2.2; en-ca; GT-P1000M Build/FROYO) AppleWebKit/533.1 (KHTML, like Gecko) Version/4.0 Mobile Safari/533.1"
220.181.77.162 - - [10/Sep/2020:07:21:55 -0400] "GET /RICH/fonts/flaticon/font/flaticon.css HTTP/1.0" 200 1250 "http://www.richinc.org/RICH/parents-investment-alliance.html" "Mozilla/5.0 (Linux; U; Android 2.2; en-ca; GT-P1000M Build/FROYO) AppleWebKit/533.1 (KHTML, like Gecko) Version/4.0 Mobile Safari/533.1"
184.154.139.16 - - [10/Sep/2020:07:23:27 -0400] "GET /th1s_1s_a_4o4.html HTTP/1.0" 302 231 "http://www.google.com/url?url=www.richinc.org&yahoo.com" "Mozilla/5.0 (compatible; MSIE 9.0; Windows NT 6.1; WOW64; Trident/6.0)"
184.154.139.16 - - [10/Sep/2020:07:23:28 -0400] "GET /RICH/parents-investment-alliance.html HTTP/1.0" 200 13078 "-" "SiteLockSpider [en] (WinNT; I ;Nav)"
184.154.139.16 - - [10/Sep/2020:07:23:34 -0400] "GET /RICH/overview.html HTTP/1.0" 200 11800 "-" "SiteLockSpider [en] (WinNT; I ;Nav)"
184.154.139.16 - - [10/Sep/2020:07:23:34 -0400] "GET /RICH/index.html HTTP/1.0" 200 52711 "-" "SiteLockSpider [en] (WinNT; I ;Nav)"
184.154.139.16 - - [10/Sep/2020:07:23:42 -0400] "GET /RICH/page4.html HTTP/1.0" 200 19961 "-" "SiteLockSpider [en] (WinNT; I ;Nav)"
184.154.139.16 - - [10/Sep/2020:07:23:54 -0400] "GET /RICH/js/jquery.countdown.min.js HTTP/1.0" 200 5339 "-" "SiteLockSpider [en] (WinNT; I ;Nav)"
184.154.139.16 - - [10/Sep/2020:07:23:56 -0400] "GET /RICH/css/animate.css HTTP/1.0" 200 77748 "-" "SiteLockSpider [en] (WinNT; I ;Nav)"
184.154.139.16 - - [10/Sep/2020:07:24:03 -0400] "GET /RICH/js/jquery-ui.js HTTP/1.0" 200 45799 "-" "SiteLockSpider [en] (WinNT; I ;Nav)"
184.154.139.16 - - [10/Sep/2020:07:24:04 -0400] "GET /RICH/css/aos.css HTTP/1.0" 200 25983 "-" "SiteLockSpider [en] (WinNT; I ;Nav)"
184.154.139.16 - - [10/Sep/2020:07:24:09 -0400] "GET /RICH/cdn-cgi/scripts/5c5dd728/cloudflare-static/email-decode.min.js HTTP/1.0" 404 575 "http://www.google.com/url?url=www.richinc.org&yahoo.com" "Mozilla/5.0 (compatible; MSIE 9.0; Windows NT 6.1; WOW64; Trident/6.0)"
184.154.139.16 - - [10/Sep/2020:07:24:10 -0400] "GET /RICH/privacy-policy.html HTTP/1.0" 200 14593 "-" "SiteLockSpider [en] (WinNT; I ;Nav)"
184.154.139.16 - - [10/Sep/2020:07:24:10 -0400] "GET /RICH/projectsnack.html HTTP/1.0" 200 18989 "-" "SiteLockSpider [en] (WinNT; I ;Nav)"
184.154.139.16 - - [10/Sep/2020:07:24:14 -0400] "GET /RICH/js/mediaelement-and-player.min.js HTTP/1.0" 200 152469 "-" "SiteLockSpider [en] (WinNT; I ;Nav)"
184.154.139.16 - - [10/Sep/2020:07:24:16 -0400] "GET /RICH/css/bot.css HTTP/1.0" 200 1399 "-" "SiteLockSpider [en] (WinNT; I ;Nav)"
184.154.139.16 - - [10/Sep/2020:07:24:17 -0400] "GET /RICH/fonts/icomoon/style.css HTTP/1.0" 200 79820 "http://www.google.com/url?url=www.richinc.org&yahoo.com" "Mozilla/5.0 (compatible; MSIE 9.0; Windows NT 6.1; WOW64; Trident/6.0)"
114.119.157.218 - - [10/Sep/2020:08:30:18 -0400] "GET /RICH/ HTTP/1.0" 200 52711 "-" "Mozilla/5.0 (Linux; Android 7.0;) AppleWebKit/537.36 (KHTML, like Gecko) Mobile Safari/537.36 (compatible; PetalBot;+http://aspiegel.com/petalbot)"
95.216.96.243 - - [10/Sep/2020:09:50:25 -0400] "GET /RICH/sdlp.html HTTP/1.0" 200 16959 "https://www.richinc.org/RICH/" "Mozilla/5.0 (compatible; SEOkicks; +https://www.seokicks.de/robot.html)"
176.9.47.122 - - [10/Sep/2020:09:57:31 -0400] "GET /RICH/js/jquery-3.3.1.min.js HTTP/1.0" 200 86926 "https://www.richinc.org/RICH/" "Mozilla/5.0 (Windows NT 10.0; Win64; x64; rv:79.0) Gecko/20100101 Firefox/79.0"
176.9.47.122 - - [10/Sep/2020:09:57:31 -0400] "GET /RICH/js/mediaelement-and-player.min.js HTTP/1.0" 200 152469 "https://www.richinc.org/RICH/" "Mozilla/5.0 (Windows NT 10.0; Win64; x64; rv:79.0) Gecko/20100101 Firefox/79.0"
157.55.39.72 - - [10/Sep/2020:10:05:14 -0400] "GET /staging/2012/03/05/bill-mccreary-living-and-past-legends-greater-new-york-regional-chamber-of-commerce/ HTTP/1.0" 403 305 "-" "Mozilla/5.0 (compatible; bingbot/2.0; +http://www.bing.com/bingbot.htm)"
95.216.96.243 - - [10/Sep/2020:10:20:57 -0400] "GET /RICH/chairman-message.html HTTP/1.0" 200 13505 "https://www.richinc.org/RICH/board-directors.html" "Mozilla/5.0 (compatible; SEOkicks; +https://www.seokicks.de/robot.html)"
95.216.96.243 - - [10/Sep/2020:10:44:02 -0400] "GET /RICH/www.richinc.org HTTP/1.0" 404 575 "https://www.richinc.org/RICH/privacy-policy.html" "Mozilla/5.0 (compatible; SEOkicks; +https://www.seokicks.de/robot.html)"
114.119.150.166 - - [10/Sep/2020:10:57:39 -0400] "GET /RICH/board-directors.html HTTP/1.0" 200 12545 "-" "Mozilla/5.0 (Linux; Android 7.0;) AppleWebKit/537.36 (KHTML, like Gecko) Mobile Safari/537.36 (compatible; PetalBot;+http://aspiegel.com/petalbot)"
54.36.148.23 - - [10/Sep/2020:11:21:29 -0400] "GET /robots.txt HTTP/1.0" 302 223 "-" "Mozilla/5.0 (compatible; AhrefsBot/6.1; +http://ahrefs.com/robot/)"
54.36.148.185 - - [10/Sep/2020:11:21:31 -0400] "GET /taj-J-essay.html HTTP/1.0" 302 229 "-" "Mozilla/5.0 (compatible; AhrefsBot/7.0; +http://ahrefs.com/robot/)"
72.79.42.130 - - [10/Sep/2020:11:36:19 -0400] "GET /RICH/css/jquery-ui.css HTTP/1.0" 200 21738 "https://www.richinc.org/RICH/" "Mozilla/5.0 (Windows NT 10.0; Win64; x64) AppleWebKit/537.36 (KHTML, like Gecko) Chrome/85.0.4183.102 Safari/537.36"
72.79.42.130 - - [10/Sep/2020:11:36:19 -0400] "GET /RICH/css/bootstrap.min.css HTTP/1.0" 200 159826 "https://www.richinc.org/RICH/" "Mozilla/5.0 (Windows NT 10.0; Win64; x64) AppleWebKit/537.36 (KHTML, like Gecko) Chrome/85.0.4183.102 Safari/537.36"
72.79.42.130 - - [10/Sep/2020:11:36:19 -0400] "GET /RICH/css/bootstrap-datepicker.css HTTP/1.0" 200 17144 "https://www.richinc.org/RICH/" "Mozilla/5.0 (Windows NT 10.0; Win64; x64) AppleWebKit/537.36 (KHTML, like Gecko) Chrome/85.0.4183.102 Safari/537.36"
72.79.42.130 - - [10/Sep/2020:11:36:20 -0400] "GET /RICH/images/responsibility.png HTTP/1.0" 200 22581 "https://www.richinc.org/RICH/" "Mozilla/5.0 (Windows NT 10.0; Win64; x64) AppleWebKit/537.36 (KHTML, like Gecko) Chrome/85.0.4183.102 Safari/537.36"
72.79.42.130 - - [10/Sep/2020:11:36:20 -0400] "GET /RICH/images/matter.png HTTP/1.0" 200 20184 "https://www.richinc.org/RICH/" "Mozilla/5.0 (Windows NT 10.0; Win64; x64) AppleWebKit/537.36 (KHTML, like Gecko) Chrome/85.0.4183.102 Safari/537.36"
72.79.42.130 - - [10/Sep/2020:11:36:20 -0400] "GET /RICH/images/strategies.png HTTP/1.0" 200 22315 "https://www.richinc.org/RICH/" "Mozilla/5.0 (Windows NT 10.0; Win64; x64) AppleWebKit/537.36 (KHTML, like Gecko) Chrome/85.0.4183.102 Safari/537.36"
72.79.42.130 - - [10/Sep/2020:11:36:20 -0400] "GET /RICH/js/owl.carousel.min.js HTTP/1.0" 200 42766 "https://www.richinc.org/RICH/" "Mozilla/5.0 (Windows NT 10.0; Win64; x64) AppleWebKit/537.36 (KHTML, like Gecko) Chrome/85.0.4183.102 Safari/537.36"
66.249.66.214 - - [10/Sep/2020:11:37:37 -0400] "GET /RICH/ HTTP/1.0" 200 52711 "-" "Mozilla/5.0 (Linux; Android 6.0.1; Nexus 5X Build/MMB29P) AppleWebKit/537.36 (KHTML, like Gecko) Chrome/80.0.3987.92 Mobile Safari/537.36 (compatible; Googlebot/2.1; +http://www.google.com/bot.html)"
35.231.61.14 - - [10/Sep/2020:11:47:27 -0400] "GET /RICH/sdlp.html HTTP/1.0" 200 16959 "-" "ZoominfoBot (zoominfobot at zoominfo dot com)"
35.231.61.14 - - [10/Sep/2020:11:49:50 -0400] "GET /RICH/graduate-testimonials.html HTTP/1.0" 200 15380 "-" "ZoominfoBot (zoominfobot at zoominfo dot com)"
35.231.61.14 - - [10/Sep/2020:11:53:09 -0400] "GET /RICH/first-graduates.html HTTP/1.0" 200 17133 "-" "ZoominfoBot (zoominfobot at zoominfo dot com)"
23.228.109.146 - - [10/Sep/2020:12:27:31 -0400] "GET /wp-content/plugins/front-end-editor/lib/aloha-editor/plugins/extra/draganddropfiles/demo/index.css HTTP/1.0" 302 311 "http://www.google.com/" "Mozilla/5.0 (Windows NT 6.1; Win64; x64) AppleWebKit/537.36 (KHTML, like Gecko) Chrome/56.0.2896.3 Safari/537.36"
116.179.32.86 - - [10/Sep/2020:12:35:30 -0400] "GET / HTTP/1.0" 302 213 "-" "Mozilla/5.0 (compatible; Baiduspider/2.0; +http://www.baidu.com/search/spider.html)"
114.119.153.49 - - [10/Sep/2020:12:56:13 -0400] "GET /RICH/overview.html HTTP/1.0" 200 11800 "-" "Mozilla/5.0 (Linux; Android 7.0;) AppleWebKit/537.36 (KHTML, like Gecko) Mobile Safari/537.36 (compatible; PetalBot;+http://aspiegel.com/petalbot)"
220.181.51.118 - - [10/Sep/2020:14:08:45 -0400] "GET /images/matter.png HTTP/1.0" 403 219 "-" "Mozilla/5.0 (Macintosh; Intel Mac OS X 10_14_4) AppleWebKit/537.36 (KHTML, like Gecko) Chrome/73.0.3683.103 Safari/537.36"
34.73.120.62 - - [10/Sep/2020:15:54:09 -0400] "GET /RICH/privacy-policy.html HTTP/1.0" 200 14593 "-" "ZoominfoBot (zoominfobot at zoominfo dot com)"
114.119.150.166 - - [10/Sep/2020:17:52:52 -0400] "GET /RICH/taj-J-essay.html HTTP/1.0" 404 575 "-" "Mozilla/5.0 (Linux; Android 7.0;) AppleWebKit/537.36 (KHTML, like Gecko) Mobile Safari/537.36 (compatible; PetalBot;+http://aspiegel.com/petalbot)"
66.249.70.23 - - [10/Sep/2020:17:59:21 -0400] "GET / HTTP/1.0" 302 213 "-" "Mozilla/5.0 (compatible; Googlebot/2.1; +http://www.google.com/bot.html)"
173.231.59.205 - - [10/Sep/2020:18:18:47 -0400] "GET / HTTP/1.0" 302 213 "-" "Mozilla/5.0 (compatible; Adsbot/3.1)"
185.191.171.7 - - [10/Sep/2020:18:38:27 -0400] "GET /RICH/robots.txt HTTP/1.0" 404 575 "-" "Mozilla/5.0 (compatible; SemrushBot/6~bl; +http://www.semrush.com/bot.html)"
106.38.241.183 - - [10/Sep/2020:19:14:41 -0400] "GET /RICH/ HTTP/1.0" 200 52711 "-" "Sogou web spider/4.0(+http://www.sogou.com/docs/help/webmasters.htm#07)"
173.231.59.205 - - [10/Sep/2020:20:14:00 -0400] "GET /RICH/board-directors.html HTTP/1.0" 200 12545 "https://www.richinc.org/" "Mozilla/5.0 (compatible; Adsbot/3.1)"
77.75.77.101 - - [10/Sep/2020:20:47:51 -0400] "GET /robots.txt HTTP/1.0" 302 223 "-" "Mozilla/5.0 (compatible; SeznamBot/3.2; +http://napoveda.seznam.cz/en/seznambot-intro/)"
78.47.238.17 - - [10/Sep/2020:21:15:46 -0400] "GET /news-articles.php HTTP/1.0" 302 230 "-" "pimeyes.com crawler"
173.231.59.205 - - [10/Sep/2020:21:27:53 -0400] "GET /snackimages/9.jpg HTTP/1.0" 302 230 "https://www.richinc.org/" "Mozilla/5.0 (compatible; Adsbot/3.1)"
173.231.59.205 - - [10/Sep/2020:21:28:35 -0400] "GET /snackimages/18.jpg HTTP/1.0" 302 231 "https://www.richinc.org/" "Mozilla/5.0 (compatible; Adsbot/3.1)"
173.231.59.205 - - [10/Sep/2020:21:29:23 -0400] "GET /snackimages/30.jpg HTTP/1.0" 302 231 "https://www.richinc.org/" "Mozilla/5.0 (compatible; Adsbot/3.1)"
173.231.59.205 - - [10/Sep/2020:21:29:44 -0400] "GET /snackimages/34.jpg HTTP/1.0" 302 231 "https://www.richinc.org/" "Mozilla/5.0 (compatible; Adsbot/3.1)"
173.231.59.205 - - [10/Sep/2020:21:29:49 -0400] "GET /snackimages/35.jpg HTTP/1.0" 302 231 "https://www.richinc.org/" "Mozilla/5.0 (compatible; Adsbot/3.1)"
173.231.59.205 - - [10/Sep/2020:21:30:21 -0400] "GET /snackimages/40.jpg HTTP/1.0" 302 231 "https://www.richinc.org/" "Mozilla/5.0 (compatible; Adsbot/3.1)"
54.149.69.69 - - [10/Sep/2020:22:13:32 -0400] "GET /RICH/www3 HTTP/1.0" 404 575 "-" "Mozilla/5.0 (Windows NT 6.1; WOW64; rv:49.0) Gecko/20100101 Firefox/49.0"
173.231.59.205 - - [10/Sep/2020:22:20:32 -0400] "GET /RICH/snackimages/9.jpg HTTP/1.0" 200 9157 "https://www.richinc.org/" "Mozilla/5.0 (compatible; Adsbot/3.1)"
173.231.59.205 - - [10/Sep/2020:22:20:48 -0400] "GET /RICH/snackimages/12.jpg HTTP/1.0" 200 85833 "https://www.richinc.org/" "Mozilla/5.0 (compatible; Adsbot/3.1)"
173.231.59.205 - - [10/Sep/2020:22:20:58 -0400] "GET /RICH/snackimages/14.jpg HTTP/1.0" 200 115181 "https://www.richinc.org/" "Mozilla/5.0 (compatible; Adsbot/3.1)"
173.231.59.205 - - [10/Sep/2020:22:22:39 -0400] "GET /RICH/snackimages/37.jpg HTTP/1.0" 200 34679 "https://www.richinc.org/" "Mozilla/5.0 (compatible; Adsbot/3.1)"
173.231.59.205 - - [10/Sep/2020:22:23:16 -0400] "GET /RICH/snackimages/17.jpeg HTTP/1.0" 200 56725 "https://www.richinc.org/" "Mozilla/5.0 (compatible; Adsbot/3.1)"
49.7.21.84 - - [10/Sep/2020:22:43:12 -0400] "GET /RICH/css/jquery-ui.css HTTP/1.0" 200 21738 "-" "Mozilla/4.0 (compatible; MSIE 7.0; Windows NT 6.0; Trident/4.0)"
114.119.129.200 - - [10/Sep/2020:22:48:43 -0400] "GET /RICH/ HTTP/1.0" 200 52711 "-" "Mozilla/5.0 (Linux; Android 7.0;) AppleWebKit/537.36 (KHTML, like Gecko) Mobile Safari/537.36 (compatible; PetalBot;+http://aspiegel.com/petalbot)"
24.90.48.127 - - [10/Sep/2020:22:56:28 -0400] "GET /RICH/css/owl.theme.default.min.css HTTP/1.0" 200 965 "https://www.richinc.org/RICH/" "Mozilla/5.0 (Windows NT 10.0; Win64; x64) AppleWebKit/537.36 (KHTML, like Gecko) Chrome/84.0.4147.135 Safari/537.36"
24.90.48.127 - - [10/Sep/2020:22:56:28 -0400] "GET /RICH/css/bot.css HTTP/1.0" 200 1399 "https://www.richinc.org/RICH/" "Mozilla/5.0 (Windows NT 10.0; Win64; x64) AppleWebKit/537.36 (KHTML, like Gecko) Chrome/84.0.4147.135 Safari/537.36"
24.90.48.127 - - [10/Sep/2020:22:56:29 -0400] "GET /RICH/images/considerate.png HTTP/1.0" 200 22730 "https://www.richinc.org/RICH/" "Mozilla/5.0 (Windows NT 10.0; Win64; x64) AppleWebKit/537.36 (KHTML, like Gecko) Chrome/84.0.4147.135 Safari/537.36"
24.90.48.127 - - [10/Sep/2020:22:56:30 -0400] "GET /RICH/js/popper.min.js HTTP/1.0" 200 20336 "https://www.richinc.org/RICH/" "Mozilla/5.0 (Windows NT 10.0; Win64; x64) AppleWebKit/537.36 (KHTML, like Gecko) Chrome/84.0.4147.135 Safari/537.36"
24.90.48.127 - - [10/Sep/2020:22:56:30 -0400] "GET /RICH/js/bootstrap.min.js HTTP/1.0" 200 51039 "https://www.richinc.org/RICH/" "Mozilla/5.0 (Windows NT 10.0; Win64; x64) AppleWebKit/537.36 (KHTML, like Gecko) Chrome/84.0.4147.135 Safari/537.36"
24.90.48.127 - - [10/Sep/2020:22:56:30 -0400] "GET /RICH/js/jquery.stellar.min.js HTTP/1.0" 200 12597 "https://www.richinc.org/RICH/" "Mozilla/5.0 (Windows NT 10.0; Win64; x64) AppleWebKit/537.36 (KHTML, like Gecko) Chrome/84.0.4147.135 Safari/537.36"
24.90.48.127 - - [10/Sep/2020:22:56:31 -0400] "POST /RICH/php/UsersRICH.php HTTP/1.0" 200 - "https://www.richinc.org/RICH/" "Mozilla/5.0 (Windows NT 10.0; Win64; x64) AppleWebKit/537.36 (KHTML, like Gecko) Chrome/84.0.4147.135 Safari/537.36"
24.90.48.127 - - [10/Sep/2020:22:56:41 -0400] "GET /RICH/images/gameAnswers/strategies-4.png HTTP/1.0" 200 96206 "https://www.richinc.org/RICH/" "Mozilla/5.0 (Windows NT 10.0; Win64; x64) AppleWebKit/537.36 (KHTML, like Gecko) Chrome/84.0.4147.135 Safari/537.36"
24.90.48.127 - - [10/Sep/2020:22:56:43 -0400] "GET /RICH/images/gameAnswers/strategies-5.png HTTP/1.0" 200 100966 "https://www.richinc.org/RICH/" "Mozilla/5.0 (Windows NT 10.0; Win64; x64) AppleWebKit/537.36 (KHTML, like Gecko) Chrome/84.0.4147.135 Safari/537.36"
24.90.48.127 - - [10/Sep/2020:22:56:43 -0400] "GET /RICH/images/gameAnswers/responsible-15.png HTTP/1.0" 200 96983 "https://www.richinc.org/RICH/" "Mozilla/5.0 (Windows NT 10.0; Win64; x64) AppleWebKit/537.36 (KHTML, like Gecko) Chrome/84.0.4147.135 Safari/537.36"
24.90.48.127 - - [10/Sep/2020:22:56:44 -0400] "GET /RICH/images/gameAnswers/matter-14.png HTTP/1.0" 200 79281 "https://www.richinc.org/RICH/" "Mozilla/5.0 (Windows NT 10.0; Win64; x64) AppleWebKit/537.36 (KHTML, like Gecko) Chrome/84.0.4147.135 Safari/537.36"
24.90.48.127 - - [10/Sep/2020:22:57:01 -0400] "GET /RICH/mission.html HTTP/1.0" 200 15573 "https://www.richinc.org/RICH/" "Mozilla/5.0 (Windows NT 10.0; Win64; x64) AppleWebKit/537.36 (KHTML, like Gecko) Chrome/84.0.4147.135 Safari/537.36"
24.90.48.127 - - [10/Sep/2020:22:57:01 -0400] "POST /RICH/php/UsersRICH.php HTTP/1.0" 200 - "https://www.richinc.org/RICH/mission.html" "Mozilla/5.0 (Windows NT 10.0; Win64; x64) AppleWebKit/537.36 (KHTML, like Gecko) Chrome/84.0.4147.135 Safari/537.36"
24.90.48.127 - - [10/Sep/2020:22:57:11 -0400] "GET /RICH/graduate-testimonials.html HTTP/1.0" 200 15380 "https://www.richinc.org/RICH/mission.html" "Mozilla/5.0 (Windows NT 10.0; Win64; x64) AppleWebKit/537.36 (KHTML, like Gecko) Chrome/84.0.4147.135 Safari/537.36"
24.90.48.127 - - [10/Sep/2020:22:57:11 -0400] "GET /RICH/images/graduate-image7.jpg HTTP/1.0" 200 146206 "https://www.richinc.org/RICH/graduate-testimonials.html" "Mozilla/5.0 (Windows NT 10.0; Win64; x64) AppleWebKit/537.36 (KHTML, like Gecko) Chrome/84.0.4147.135 Safari/537.36"
24.90.48.127 - - [10/Sep/2020:22:57:53 -0400] "GET /RICH/cdn-cgi/scripts/5c5dd728/cloudflare-static/email-decode.min.js HTTP/1.0" 404 575 "https://www.richinc.org/RICH/projectsnack.html" "Mozilla/5.0 (Windows NT 10.0; Win64; x64) AppleWebKit/537.36 (KHTML, like Gecko) Chrome/84.0.4147.135 Safari/537.36"
66.249.66.214 - - [10/Sep/2020:23:17:39 -0400] "GET /RICH/css/owl.carousel.min.css HTTP/1.0" 200 2936 "https://www.richinc.org/RICH/parents-investment-alliance.html" "Mozilla/5.0 (Linux; Android 6.0.1; Nexus 5X Build/MMB29P) AppleWebKit/537.36 (KHTML, like Gecko) Chrome/85.0.4183.105 Mobile Safari/537.36 (compatible; Googlebot/2.1; +http://www.google.com/bot.html)"
66.249.66.218 - - [10/Sep/2020:23:17:39 -0400] "GET /RICH/js/jquery.stellar.min.js HTTP/1.0" 200 12597 "https://www.richinc.org/RICH/parents-investment-alliance.html" "Mozilla/5.0 (Linux; Android 6.0.1; Nexus 5X Build/MMB29P) AppleWebKit/537.36 (KHTML, like Gecko) Chrome/85.0.4183.105 Mobile Safari/537.36 (compatible; Googlebot/2.1; +http://www.google.com/bot.html)"
66.249.66.218 - - [10/Sep/2020:23:17:39 -0400] "GET /RICH/js/jquery.magnific-popup.min.js HTTP/1.0" 200 20216 "https://www.richinc.org/RICH/parents-investment-alliance.html" "Mozilla/5.0 (Linux; Android 6.0.1; Nexus 5X Build/MMB29P) AppleWebKit/537.36 (KHTML, like Gecko) Chrome/85.0.4183.105 Mobile Safari/537.36 (compatible; Googlebot/2.1; +http://www.google.com/bot.html)"
66.249.66.214 - - [10/Sep/2020:23:17:39 -0400] "GET /RICH/js/jquery.countdown.min.js HTTP/1.0" 200 5339 "https://www.richinc.org/RICH/parents-investment-alliance.html" "Mozilla/5.0 (Linux; Android 6.0.1; Nexus 5X Build/MMB29P) AppleWebKit/537.36 (KHTML, like Gecko) Chrome/85.0.4183.105 Mobile Safari/537.36 (compatible; Googlebot/2.1; +http://www.google.com/bot.html)"
66.249.66.216 - - [10/Sep/2020:23:17:39 -0400] "GET /RICH/js/owl.carousel.min.js HTTP/1.0" 200 42766 "https://www.richinc.org/RICH/parents-investment-alliance.html" "Mozilla/5.0 (Linux; Android 6.0.1; Nexus 5X Build/MMB29P) AppleWebKit/537.36 (KHTML, like Gecko) Chrome/85.0.4183.105 Mobile Safari/537.36 (compatible; Googlebot/2.1; +http://www.google.com/bot.html)"
66.249.66.216 - - [10/Sep/2020:23:17:39 -0400] "GET /RICH/js/jquery-3.3.1.min.js HTTP/1.0" 200 86926 "https://www.richinc.org/RICH/parents-investment-alliance.html" "Mozilla/5.0 (Linux; Android 6.0.1; Nexus 5X Build/MMB29P) AppleWebKit/537.36 (KHTML, like Gecko) Chrome/85.0.4183.105 Mobile Safari/537.36 (compatible; Googlebot/2.1; +http://www.google.com/bot.html)"
66.249.66.214 - - [10/Sep/2020:23:17:39 -0400] "GET /RICH/js/mediaelement-and-player.min.js HTTP/1.0" 200 152469 "https://www.richinc.org/RICH/parents-investment-alliance.html" "Mozilla/5.0 (Linux; Android 6.0.1; Nexus 5X Build/MMB29P) AppleWebKit/537.36 (KHTML, like Gecko) Chrome/85.0.4183.105 Mobile Safari/537.36 (compatible; Googlebot/2.1; +http://www.google.com/bot.html)"
17.58.102.44 - - [10/Sep/2020:00:12:35 -0400] "GET /RICH/gsuite-classroom.html HTTP/1.0" 200 10020 "-" "Mozilla/5.0 (Macintosh; Intel Mac OS X 10_15_5) AppleWebKit/605.1.15 (KHTML, like Gecko) Version/13.1.1 Safari/605.1.15 (Applebot/0.1; +http://www.apple.com/go/applebot)"
69.171.251.29 - - [10/Sep/2020:00:59:52 -0400] "GET /RICH/ HTTP/1.0" 200 52711 "-" "facebookexternalhit/1.1 (+http://www.facebook.com/externalhit_uatext.php)"
34.75.199.111 - - [10/Sep/2020:01:11:26 -0400] "GET / HTTP/1.0" 302 213 "-" "ZoominfoBot (zoominfobot at zoominfo dot com)"
34.75.199.111 - - [10/Sep/2020:01:13:31 -0400] "GET /robots.txt HTTP/1.0" 302 223 "-" "ZoominfoBot (zoominfobot at zoominfo dot com)"
77.88.5.96 - - [10/Sep/2020:01:57:36 -0400] "GET /RICH/robots.txt HTTP/1.0" 404 575 "-" "Mozilla/5.0 (compatible; YandexBot/3.0; +http://yandex.com/bots)"
17.58.102.44 - - [10/Sep/2020:04:03:07 -0400] "GET /RICH/parents-investment-alliance.html HTTP/1.0" 200 13078 "-" "Mozilla/5.0 (Macintosh; Intel Mac OS X 10_15_5) AppleWebKit/605.1.15 (KHTML, like Gecko) Version/13.1.1 Safari/605.1.15 (Applebot/0.1; +http://www.apple.com/go/applebot)"
114.119.128.19 - - [10/Sep/2020:04:03:38 -0400] "GET /RICH/projectsnack.html HTTP/1.0" 200 18989 "-" "Mozilla/5.0 (Linux; Android 7.0;) AppleWebKit/537.36 (KHTML, like Gecko) Mobile Safari/537.36 (compatible; PetalBot;+http://aspiegel.com/petalbot)"
220.181.77.162 - - [10/Sep/2020:07:21:27 -0400] "GET /RICH/parents-investment-alliance.html HTTP/1.0" 200 13078 "-" "Mozilla/5.0 (Linux; U; Android 2.2; en-ca; GT-P1000M Build/FROYO) AppleWebKit/533.1 (KHTML, like Gecko) Version/4.0 Mobile Safari/533.1"
220.181.77.162 - - [10/Sep/2020:07:21:31 -0400] "GET /RICH/fonts/flaticon/font/flaticon.css HTTP/1.0" 200 1250 "http://www.richinc.org/RICH/parents-investment-alliance.html" "Mozilla/5.0 (Linux; U; Android 2.2; en-ca; GT-P1000M Build/FROYO) AppleWebKit/533.1 (KHTML, like Gecko) Version/4.0 Mobile Safari/533.1"
220.181.77.162 - - [10/Sep/2020:07:21:32 -0400] "GET /RICH/css/style.css HTTP/1.0" 200 48040 "http://www.richinc.org/RICH/parents-investment-alliance.html" "Mozilla/5.0 (Linux; U; Android 2.2; en-ca; GT-P1000M Build/FROYO) AppleWebKit/533.1 (KHTML, like Gecko) Version/4.0 Mobile Safari/533.1"
220.181.77.162 - - [10/Sep/2020:07:21:33 -0400] "GET /RICH/js/jquery-3.3.1.min.js HTTP/1.0" 200 86926 "http://www.richinc.org/RICH/parents-investment-alliance.html" "Mozilla/5.0 (Linux; U; Android 2.2; en-ca; GT-P1000M Build/FROYO) AppleWebKit/533.1 (KHTML, like Gecko) Version/4.0 Mobile Safari/533.1"
220.181.77.162 - - [10/Sep/2020:07:21:34 -0400] "GET /RICH/css/owl.carousel.min.css HTTP/1.0" 200 2936 "http://www.richinc.org/RICH/parents-investment-alliance.html" "Mozilla/5.0 (Linux; U; Android 2.2; en-ca; GT-P1000M Build/FROYO) AppleWebKit/533.1 (KHTML, like Gecko) Version/4.0 Mobile Safari/533.1"
220.181.77.162 - - [10/Sep/2020:07:21:37 -0400] "GET /RICH/js/jquery.countdown.min.js HTTP/1.0" 200 5339 "http://www.richinc.org/RICH/parents-investment-alliance.html" "Mozilla/5.0 (Linux; U; Android 2.2; en-ca; GT-P1000M Build/FROYO) AppleWebKit/533.1 (KHTML, like Gecko) Version/4.0 Mobile Safari/533.1"
220.181.77.162 - - [10/Sep/2020:07:21:43 -0400] "GET /RICH/images/LOGO.png HTTP/1.0" 200 48308 "http://www.richinc.org/RICH/parents-investment-alliance.html" "Mozilla/5.0 (Linux; U; Android 2.2; en-ca; GT-P1000M Build/FROYO) AppleWebKit/533.1 (KHTML, like Gecko) Version/4.0 Mobile Safari/533.1"
220.181.77.162 - - [10/Sep/2020:07:21:54 -0400] "GET /RICH/css/jquery-ui.css HTTP/1.0" 200 21738 "http://www.richinc.org/RICH/parents-investment-alliance.html" "Mozilla/5.0 (Linux; U; Android 2.2; en-ca; GT-P1000M Build/FROYO) AppleWebKit/533.1 (KHTML, like Gecko) Version/4.0 Mobile Safari/533.1"
220.181.77.162 - - [10/Sep/2020:07:21:54 -0400] "GET /RICH/css/owl.carousel.min.css HTTP/1.0" 200 2936 "http://www.richinc.org/RICH/parents-investment-alliance.html" "Mozilla/5.0 (Linux; U; Android 2.2; en-ca; GT-P1000M Build/FROYO) AppleWebKit/533.1 (KHTML, like Gecko) Version/4.0 Mobile Safari/533.1"
220.181.77.162 - - [10/Sep/2020:07:22:05 -0400] "GET /RICH/cdn-cgi/scripts/5c5dd728/cloudflare-static/email-decode.min.js HTTP/1.0" 404 575 "http://www.richinc.org/RICH/parents-investment-alliance.html" "Mozilla/5.0 (Linux; U; Android 2.2; en-ca; GT-P1000M Build/FROYO) AppleWebKit/533.1 (KHTML, like Gecko) Version/4.0 Mobile Safari/533.1"
184.154.139.16 - - [10/Sep/2020:07:23:25 -0400] "GET /robots.txt HTTP/1.0" 302 223 "-" "SiteLockSpider [en] (WinNT; I ;Nav)"
184.154.139.16 - - [10/Sep/2020:07:23:31 -0400] "GET /RICH/contact-us.html HTTP/1.0" 200 13639 "-" "SiteLockSpider [en] (WinNT; I ;Nav)"
184.154.139.16 - - [10/Sep/2020:07:23:34 -0400] "GET /RICH/chairman-message.html HTTP/1.0" 200 13505 "-" "SiteLockSpider [en] (WinNT; I ;Nav)"
184.154.139.16 - - [10/Sep/2020:07:23:36 -0400] "GET /RICH/sdlp.html HTTP/1.0" 200 16959 "-" "SiteLockSpider [en] (WinNT; I ;Nav)"
184.154.139.16 - - [10/Sep/2020:07:23:36 -0400] "GET /RICH/js/mediaelement-and-player.min.js HTTP/1.0" 200 152469 "http://www.google.com/url?url=www.richinc.org&yahoo.com" "Mozilla/5.0 (compatible; MSIE 9.0; Windows NT 6.1; WOW64; Trident/6.0)"
184.154.139.16 - - [10/Sep/2020:07:23:51 -0400] "GET /RICH/css/jquery-ui.css HTTP/1.0" 200 21738 "-" "SiteLockSpider [en] (WinNT; I ;Nav)"
184.154.139.16 - - [10/Sep/2020:07:23:54 -0400] "GET /RICH/js/popper.min.js HTTP/1.0" 200 20336 "-" "SiteLockSpider [en] (WinNT; I ;Nav)"
184.154.139.16 - - [10/Sep/2020:07:24:05 -0400] "GET /RICH/css/style.css HTTP/1.0" 200 48040 "-" "SiteLockSpider [en] (WinNT; I ;Nav)"
184.154.139.16 - - [10/Sep/2020:07:24:06 -0400] "GET /RICH/GoogleClassroom/oauth2callback.php HTTP/1.0" 200 649 "-" "SiteLockSpider [en] (WinNT; I ;Nav)"
184.154.139.16 - - [10/Sep/2020:07:24:11 -0400] "GET /RICH/contact-us.html HTTP/1.0" 200 13639 "-" "SiteLockSpider [en] (WinNT; I ;Nav)"
184.154.139.16 - - [10/Sep/2020:07:24:13 -0400] "GET /RICH/rich-learning-system.html HTTP/1.0" 200 13174 "-" "SiteLockSpider [en] (WinNT; I ;Nav)"
184.154.139.16 - - [10/Sep/2020:07:24:13 -0400] "GET /RICH/graduate-testimonials.html HTTP/1.0" 200 15380 "-" "SiteLockSpider [en] (WinNT; I ;Nav)"
184.154.139.16 - - [10/Sep/2020:07:24:13 -0400] "GET /RICH/css/owl.theme.default.min.css HTTP/1.0" 200 965 "http://www.google.com/url?url=www.richinc.org&yahoo.com" "Mozilla/5.0 (compatible; MSIE 9.0; Windows NT 6.1; WOW64; Trident/6.0)"
184.154.139.16 - - [10/Sep/2020:07:24:17 -0400] "GET /RICH/css/bootstrap-datepicker.css HTTP/1.0" 200 17144 "-" "SiteLockSpider [en] (WinNT; I ;Nav)"
184.154.139.16 - - [10/Sep/2020:07:24:17 -0400] "GET /RICH/js/aos.js HTTP/1.0" 200 14244 "-" "SiteLockSpider [en] (WinNT; I ;Nav)"
95.216.96.243 - - [10/Sep/2020:08:19:16 -0400] "GET / HTTP/1.0" 302 213 "-" "Mozilla/5.0 (compatible; SEOkicks; +https://www.seokicks.de/robot.html)"
114.119.154.186 - - [10/Sep/2020:08:40:49 -0400] "GET /RICH/robots.txt HTTP/1.0" 404 575 "-" "(compatible;PetalBot;+http://aspiegel.com/petalbot)"
95.216.96.243 - - [10/Sep/2020:09:50:17 -0400] "GET /RICH/index.html HTTP/1.0" 200 52711 "https://www.richinc.org/RICH/" "Mozilla/5.0 (compatible; SEOkicks; +https://www.seokicks.de/robot.html)"
95.216.96.243 - - [10/Sep/2020:09:50:22 -0400] "GET /RICH/privacy-policy.html HTTP/1.0" 200 14593 "https://www.richinc.org/RICH/" "Mozilla/5.0 (compatible; SEOkicks; +https://www.seokicks.de/robot.html)"
114.119.155.22 - - [10/Sep/2020:09:51:56 -0400] "GET /robots.txt HTTP/1.0" 302 223 "-" "(compatible;PetalBot;+http://aspiegel.com/petalbot)"
114.119.155.22 - - [10/Sep/2020:09:51:57 -0400] "GET /RICH/robots.txt HTTP/1.0" 404 575 "-" "(compatible;PetalBot;+http://aspiegel.com/petalbot)"
176.9.47.122 - - [10/Sep/2020:09:57:31 -0400] "GET /RICH/js/jquery-migrate-3.0.1.min.js HTTP/1.0" 200 11421 "https://www.richinc.org/RICH/" "Mozilla/5.0 (Windows NT 10.0; Win64; x64; rv:79.0) Gecko/20100101 Firefox/79.0"
176.9.47.122 - - [10/Sep/2020:09:57:32 -0400] "GET /RICH/js/aos.js HTTP/1.0" 200 14244 "https://www.richinc.org/RICH/" "Mozilla/5.0 (Windows NT 10.0; Win64; x64; rv:79.0) Gecko/20100101 Firefox/79.0"
176.9.47.122 - - [10/Sep/2020:09:57:32 -0400] "GET /RICH/js/main.js HTTP/1.0" 200 7761 "https://www.richinc.org/RICH/" "Mozilla/5.0 (Windows NT 10.0; Win64; x64; rv:79.0) Gecko/20100101 Firefox/79.0"
176.9.47.122 - - [10/Sep/2020:09:57:32 -0400] "POST /RICH/php/UsersRICH.php HTTP/1.0" 200 - "https://www.richinc.org/RICH/" "Mozilla/5.0 (Windows NT 10.0; Win64; x64; rv:79.0) Gecko/20100101 Firefox/79.0"
95.216.96.243 - - [10/Sep/2020:10:20:53 -0400] "GET /RICH/partnership-opportunities.html HTTP/1.0" 200 14323 "https://www.richinc.org/RICH/" "Mozilla/5.0 (compatible; SEOkicks; +https://www.seokicks.de/robot.html)"
95.216.96.243 - - [10/Sep/2020:10:44:03 -0400] "GET /RICH/peace-run.html HTTP/1.0" 200 14034 "https://www.richinc.org/RICH/sdlp.html" "Mozilla/5.0 (compatible; SEOkicks; +https://www.seokicks.de/robot.html)"
114.119.133.14 - - [10/Sep/2020:11:15:27 -0400] "GET /robots.txt HTTP/1.0" 302 223 "-" "(compatible;PetalBot;+http://aspiegel.com/petalbot)"
107.178.238.28 - - [10/Sep/2020:11:16:11 -0400] "GET /RICH/css/owl.carousel.min.css HTTP/1.0" 200 2936 "https://www.richinc.org/RICH/" "Mozilla/5.0 (X11; Linux x86_64) AppleWebKit/537.36 (KHTML, like Gecko) HeadlessChrome/72.0.3617.0 Safari/537.36"
107.178.238.28 - - [10/Sep/2020:11:16:11 -0400] "GET /RICH/css/bot.css HTTP/1.0" 200 1399 "https://www.richinc.org/RICH/" "Mozilla/5.0 (X11; Linux x86_64) AppleWebKit/537.36 (KHTML, like Gecko) HeadlessChrome/72.0.3617.0 Safari/537.36"
107.178.238.28 - - [10/Sep/2020:11:16:11 -0400] "GET /RICH/images/LOGO.png HTTP/1.0" 200 48308 "https://www.richinc.org/RICH/" "Mozilla/5.0 (X11; Linux x86_64) AppleWebKit/537.36 (KHTML, like Gecko) HeadlessChrome/72.0.3617.0 Safari/537.36"
107.178.238.28 - - [10/Sep/2020:11:16:11 -0400] "GET /RICH/js/jquery-ui.js HTTP/1.0" 200 45799 "https://www.richinc.org/RICH/" "Mozilla/5.0 (X11; Linux x86_64) AppleWebKit/537.36 (KHTML, like Gecko) HeadlessChrome/72.0.3617.0 Safari/537.36"
107.178.238.28 - - [10/Sep/2020:11:16:11 -0400] "GET /RICH/js/mediaelement-and-player.min.js HTTP/1.0" 200 152469 "https://www.richinc.org/RICH/" "Mozilla/5.0 (X11; Linux x86_64) AppleWebKit/537.36 (KHTML, like Gecko) HeadlessChrome/72.0.3617.0 Safari/537.36"
107.178.238.28 - - [10/Sep/2020:11:16:11 -0400] "GET /RICH/js/main.js HTTP/1.0" 200 7761 "https://www.richinc.org/RICH/" "Mozilla/5.0 (X11; Linux x86_64) AppleWebKit/537.36 (KHTML, like Gecko) HeadlessChrome/72.0.3617.0 Safari/537.36"
107.178.238.28 - - [10/Sep/2020:11:16:13 -0400] "GET /RICH/images/richbot2.png HTTP/1.0" 200 11045 "https://www.richinc.org/RICH/" "Mozilla/5.0 (X11; Linux x86_64) AppleWebKit/537.36 (KHTML, like Gecko) HeadlessChrome/72.0.3617.0 Safari/537.36"
107.178.238.28 - - [10/Sep/2020:11:16:11 -0400] "GET /RICH/Image4.jpg HTTP/1.0" 200 2910175 "https://www.richinc.org/RICH/" "Mozilla/5.0 (X11; Linux x86_64) AppleWebKit/537.36 (KHTML, like Gecko) HeadlessChrome/72.0.3617.0 Safari/537.36"
66.249.70.25 - - [10/Sep/2020:11:35:31 -0400] "GET /robots.txt HTTP/1.0" 302 223 "-" "Mozilla/5.0 (compatible; Googlebot/2.1; +http://www.google.com/bot.html)"
66.249.66.214 - - [10/Sep/2020:11:35:32 -0400] "GET /RICH/robots.txt HTTP/1.0" 404 575 "-" "Mozilla/5.0 (compatible; Googlebot/2.1; +http://www.google.com/bot.html)"
72.79.42.130 - - [10/Sep/2020:11:36:19 -0400] "GET /RICH/fonts/flaticon/font/flaticon.css HTTP/1.0" 200 1250 "https://www.richinc.org/RICH/" "Mozilla/5.0 (Windows NT 10.0; Win64; x64) AppleWebKit/537.36 (KHTML, like Gecko) Chrome/85.0.4183.102 Safari/537.36"
72.79.42.130 - - [10/Sep/2020:11:36:19 -0400] "GET /RICH/images/rich-image1.jpg HTTP/1.0" 200 99047 "https://www.richinc.org/RICH/" "Mozilla/5.0 (Windows NT 10.0; Win64; x64) AppleWebKit/537.36 (KHTML, like Gecko) Chrome/85.0.4183.102 Safari/537.36"
72.79.42.130 - - [10/Sep/2020:11:36:19 -0400] "GET /RICH/images/richbot2.png HTTP/1.0" 200 11045 "https://www.richinc.org/RICH/" "Mozilla/5.0 (Windows NT 10.0; Win64; x64) AppleWebKit/537.36 (KHTML, like Gecko) Chrome/85.0.4183.102 Safari/537.36"
