17.246.23.240 - - [11/Oct/2023:19:36:24 -0400] "GET /RICH/css/owl.theme.default.min.css HTTP/1.0" 200 965 "https://www.richinc.org/RICH/parents-investment-alliance.html" "Mozilla/5.0 (Macintosh; Intel Mac OS X 10_15_5) AppleWebKit/605.1.15 (KHTML, like Gecko) Version/13.1.1 Safari/605.1.15 (Applebot/0.1; +http://www.apple.com/go/applebot)"
17.246.23.23 - - [11/Oct/2023:19:36:25 -0400] "GET /RICH/css/animate.css HTTP/1.0" 200 77748 "https://www.richinc.org/RICH/parents-investment-alliance.html" "Mozilla/5.0 (Macintosh; Intel Mac OS X 10_15_5) AppleWebKit/605.1.15 (KHTML, like Gecko) Version/13.1.1 Safari/605.1.15 (Applebot/0.1; +http://www.apple.com/go/applebot)"
17.246.15.41 - - [11/Oct/2023:19:36:30 -0400] "GET /RICH/js/owl.carousel.min.js HTTP/1.0" 200 42766 "https://www.richinc.org/RICH/parents-investment-alliance.html" "Mozilla/5.0 (Macintosh; Intel Mac OS X 10_15_5) AppleWebKit/605.1.15 (KHTML, like Gecko) Version/13.1.1 Safari/605.1.15 (Applebot/0.1; +http://www.apple.com/go/applebot)"
17.246.23.240 - - [11/Oct/2023:19:36:33 -0400] "GET /RICH/js/aos.js HTTP/1.0" 200 14244 "https://www.richinc.org/RICH/parents-investment-alliance.html" "Mozilla/5.0 (Macintosh; Intel Mac OS X 10_15_5) AppleWebKit/605.1.15 (KHTML, like Gecko) Version/13.1.1 Safari/605.1.15 (Applebot/0.1; +http://www.apple.com/go/applebot)"
66.249.66.199 - - [11/Oct/2023:20:52:42 -0400] "GET /RICH/gsuite-classroom.html HTTP/1.0" 200 12743 "-" "Mozilla/5.0 (Linux; Android 6.0.1; Nexus 5X Build/MMB29P) AppleWebKit/537.36 (KHTML, like Gecko) Chrome/117.0.5938.132 Mobile Safari/537.36 (compatible; Googlebot/2.1; +http://www.google.com/bot.html)"
66.249.66.198 - - [11/Oct/2023:21:23:35 -0400] "GET /RICH/robots.txt HTTP/1.0" 404 575 "-" "Mozilla/5.0 (compatible; Googlebot/2.1; +http://www.google.com/bot.html)"
66.249.66.199 - - [11/Oct/2023:21:23:36 -0400] "GET /RICH/ads.txt HTTP/1.0" 404 575 "-" "Mozilla/5.0 (compatible; Googlebot/2.1; +http://www.google.com/bot.html)"
66.249.66.33 - - [11/Oct/2023:21:53:49 -0400] "GET /ads.txt HTTP/1.0" 302 220 "-" "Mozilla/5.0 (compatible; Googlebot/2.1; +http://www.google.com/bot.html)"
14.168.79.159 - - [11/Oct/2023:22:43:29 -0400] "GET /staging/wp-login.php HTTP/1.0" 403 261 "-" "Mozilla/5.0 (Windows; U; Windows NT 6.1; en-US) AppleWebKit/534.10 (KHTML, like Gecko) Chrome/8.0.552.224 Safari/534.10"
66.249.66.198 - - [11/Oct/2023:23:42:48 -0400] "GET /RICH/mission.html HTTP/1.0" 200 18383 "-" "Mozilla/5.0 (compatible; Googlebot/2.1; +http://www.google.com/bot.html)"
66.249.66.197 - - [11/Oct/2023:03:07:14 -0400] "GET /RICH/ HTTP/1.0" 200 61623 "-" "Mozilla/5.0 (compatible; Googlebot/2.1; +http://www.google.com/bot.html)"
40.77.167.78 - - [11/Oct/2023:04:37:21 -0400] "GET /RICH/css/bot.css HTTP/1.0" 200 1399 "-" "Mozilla/5.0 AppleWebKit/537.36 (KHTML, like Gecko; compatible; bingbot/2.0; +http://www.bing.com/bingbot.htm) Chrome/103.0.5060.134 Safari/537.36"
40.77.167.78 - - [11/Oct/2023:04:37:23 -0400] "GET /RICH/js/owl.carousel.min.js HTTP/1.0" 200 42766 "-" "Mozilla/5.0 AppleWebKit/537.36 (KHTML, like Gecko; compatible; bingbot/2.0; +http://www.bing.com/bingbot.htm) Chrome/103.0.5060.134 Safari/537.36"
40.77.167.78 - - [11/Oct/2023:04:37:23 -0400] "GET /RICH/js/mediaelement-and-player.min.js HTTP/1.0" 200 152469 "-" "Mozilla/5.0 AppleWebKit/537.36 (KHTML, like Gecko; compatible; bingbot/2.0; +http://www.bing.com/bingbot.htm) Chrome/103.0.5060.134 Safari/537.36"
52.167.144.23 - - [11/Oct/2023:04:37:42 -0400] "GET /RICH/fonts/icomoon/style.css HTTP/1.0" 200 79820 "-" "Mozilla/5.0 AppleWebKit/537.36 (KHTML, like Gecko; compatible; bingbot/2.0; +http://www.bing.com/bingbot.htm) Chrome/103.0.5060.134 Safari/537.36"
52.167.144.23 - - [11/Oct/2023:04:37:43 -0400] "GET /RICH/js/popper.min.js HTTP/1.0" 200 20336 "-" "Mozilla/5.0 AppleWebKit/537.36 (KHTML, like Gecko; compatible; bingbot/2.0; +http://www.bing.com/bingbot.htm) Chrome/103.0.5060.134 Safari/537.36"
52.167.144.238 - - [11/Oct/2023:04:37:55 -0400] "GET /RICH/audio/RICH_I_Matter.mp3 HTTP/1.0" 200 3480647 "-" "Mozilla/5.0 AppleWebKit/537.36 (KHTML, like Gecko; compatible; bingbot/2.0; +http://www.bing.com/bingbot.htm) Chrome/103.0.5060.134 Safari/537.36"
52.167.144.238 - - [11/Oct/2023:04:37:57 -0400] "GET /RICH/css/bootstrap.min.css HTTP/1.0" 200 159826 "-" "Mozilla/5.0 AppleWebKit/537.36 (KHTML, like Gecko; compatible; bingbot/2.0; +http://www.bing.com/bingbot.htm) Chrome/103.0.5060.134 Safari/537.36"
52.167.144.238 - - [11/Oct/2023:04:38:01 -0400] "GET /RICH/css/bootstrap-datepicker.css HTTP/1.0" 200 17144 "-" "Mozilla/5.0 AppleWebKit/537.36 (KHTML, like Gecko; compatible; bingbot/2.0; +http://www.bing.com/bingbot.htm) Chrome/103.0.5060.134 Safari/537.36"
52.167.144.238 - - [11/Oct/2023:04:38:03 -0400] "GET /RICH/js/main.js HTTP/1.0" 200 7761 "-" "Mozilla/5.0 AppleWebKit/537.36 (KHTML, like Gecko; compatible; bingbot/2.0; +http://www.bing.com/bingbot.htm) Chrome/103.0.5060.134 Safari/537.36"
52.167.144.65 - - [11/Oct/2023:04:49:52 -0400] "GET /robots.txt HTTP/1.0" 302 223 "-" "Mozilla/5.0 AppleWebKit/537.36 (KHTML, like Gecko; compatible; bingbot/2.0; +http://www.bing.com/bingbot.htm) Chrome/103.0.5060.134 Safari/537.36"
66.249.92.197 - - [11/Oct/2023:04:49:59 -0400] "GET /RICH/css/animate.css HTTP/1.0" 200 77748 "https://www.richinc.org/RICH/" "Google-Edu"
66.249.92.197 - - [11/Oct/2023:04:50:14 -0400] "GET /RICH/images/considerate.png HTTP/1.0" 200 22730 "https://www.richinc.org/RICH/" "Google-Edu"
66.249.92.197 - - [11/Oct/2023:04:50:18 -0400] "GET /RICH/images/joseph-barclay.jpeg HTTP/1.0" 200 9717 "https://www.richinc.org/RICH/" "Google-Edu"
66.249.92.197 - - [11/Oct/2023:04:50:19 -0400] "GET /RICH/image7.jpg HTTP/1.0" 200 568744 "https://www.richinc.org/RICH/" "Google-Edu"
66.249.92.198 - - [11/Oct/2023:04:50:21 -0400] "GET /RICH/js/aos.js HTTP/1.0" 200 14244 "https://www.richinc.org/RICH/" "Google-Edu"
40.77.189.31 - - [11/Oct/2023:04:53:12 -0400] "GET /RICH/audio/RICH_Responsible.mp3 HTTP/1.0" 200 5177304 "-" "Mozilla/5.0 AppleWebKit/537.36 (KHTML, like Gecko; compatible; bingbot/2.0; +http://www.bing.com/bingbot.htm) Chrome/100.0.4896.127 Safari/537.36"
111.202.101.162 - - [11/Oct/2023:05:01:56 -0400] "GET / HTTP/1.0" 302 213 "-" "Sogou web spider/4.0(+http://www.sogou.com/docs/help/webmasters.htm#07)"
66.249.66.35 - - [11/Oct/2023:05:05:18 -0400] "GET / HTTP/1.0" 302 213 "-" "Mozilla/5.0 (compatible; Googlebot/2.1; +http://www.google.com/bot.html)"
66.249.66.198 - - [11/Oct/2023:05:05:37 -0400] "POST /RICH/php/UsersRICH.php HTTP/1.0" 200 - "https://www.richinc.org/RICH/" "Mozilla/5.0 AppleWebKit/537.36 (KHTML, like Gecko; compatible; Googlebot/2.1; +http://www.google.com/bot.html) Chrome/117.0.5938.132 Safari/537.36"
61.135.159.183 - - [11/Oct/2023:05:42:30 -0400] "GET /RICH/ HTTP/1.0" 200 61623 "-" "Sogou web spider/4.0(+http://www.sogou.com/docs/help/webmasters.htm#07)"
66.249.66.198 - - [11/Oct/2023:06:11:09 -0400] "GET /RICH/cdn-cgi/scripts/5c5dd728/cloudflare-static/email-decode.min.js HTTP/1.0" 404 575 "https://www.richinc.org/RICH/" "Mozilla/5.0 AppleWebKit/537.36 (KHTML, like Gecko; compatible; Googlebot/2.1; +http://www.google.com/bot.html) Chrome/117.0.5938.132 Safari/537.36"
66.249.66.197 - - [11/Oct/2023:06:15:52 -0400] "GET /cdn-cgi/scripts/5c5dd728/cloudflare-static/email-decode.min.js HTTP/1.0" 302 275 "https://www.richinc.org/RICH/" "Mozilla/5.0 AppleWebKit/537.36 (KHTML, like Gecko; compatible; Googlebot/2.1; +http://www.google.com/bot.html) Chrome/117.0.5938.132 Safari/537.36"
66.249.66.197 - - [11/Oct/2023:08:12:13 -0400] "GET /js/main.js HTTP/1.0" 403 261 "https://www.richinc.org/RICH/interns.html" "Mozilla/5.0 (Linux; Android 6.0.1; Nexus 5X Build/MMB29P) AppleWebKit/537.36 (KHTML, like Gecko) Chrome/117.0.5938.132 Mobile Safari/537.36 (compatible; Googlebot/2.1; +http://www.google.com/bot.html)"
66.249.66.197 - - [11/Oct/2023:08:12:19 -0400] "GET /js/jquery.magnific-popup.min.js HTTP/1.0" 403 261 "https://www.richinc.org/RICH/interns.html" "Mozilla/5.0 (Linux; Android 6.0.1; Nexus 5X Build/MMB29P) AppleWebKit/537.36 (KHTML, like Gecko) Chrome/117.0.5938.132 Mobile Safari/537.36 (compatible; Googlebot/2.1; +http://www.google.com/bot.html)"
61.135.159.192 - - [11/Oct/2023:08:32:54 -0400] "GET /RICH/ HTTP/1.0" 200 61623 "-" "Sogou web spider/4.0(+http://www.sogou.com/docs/help/webmasters.htm#07)"
123.183.224.66 - - [11/Oct/2023:09:35:24 -0400] "GET / HTTP/1.0" 302 213 "-" "Sogou web spider/4.0(+http://www.sogou.com/docs/help/webmasters.htm#07)"
66.249.66.197 - - [11/Oct/2023:10:45:50 -0400] "GET /js/jquery.stellar.min.js HTTP/1.0" 403 261 "https://www.richinc.org/RICH/interns.html" "Mozilla/5.0 AppleWebKit/537.36 (KHTML, like Gecko; compatible; Googlebot/2.1; +http://www.google.com/bot.html) Chrome/117.0.5938.132 Safari/537.36"
66.249.66.197 - - [11/Oct/2023:10:45:50 -0400] "GET /js/mediaelement-and-player.min.js HTTP/1.0" 403 261 "https://www.richinc.org/RICH/interns.html" "Mozilla/5.0 AppleWebKit/537.36 (KHTML, like Gecko; compatible; Googlebot/2.1; +http://www.google.com/bot.html) Chrome/117.0.5938.132 Safari/537.36"
34.218.253.244 - - [11/Oct/2023:11:04:06 -0400] "GET / HTTP/1.0" 302 213 "-" "Mozilla/5.0 (Macintosh; Intel Mac OS X 13_3_1) AppleWebKit/537.36 (KHTML, like Gecko) Chrome/113.0.0.0 Safari/537.36"
77.75.77.95 - - [11/Oct/2023:11:59:27 -0400] "GET /RICH/projectsnack.html HTTP/1.0" 200 21743 "-" "Mozilla/5.0 (compatible; SeznamBot/4.0; +http://napoveda.seznam.cz/seznambot-intro/)"
66.249.66.197 - - [11/Oct/2023:14:23:32 -0400] "GET /RICH/robots.txt HTTP/1.0" 404 575 "-" "Mozilla/5.0 (compatible; Googlebot/2.1; +http://www.google.com/bot.html)"
66.249.66.199 - - [11/Oct/2023:14:43:51 -0400] "GET /RICH/cdn-cgi/scripts/5c5dd728/cloudflare-static/email-decode.min.js HTTP/1.0" 404 575 "https://www.richinc.org/RICH/nvlpessay1.html" "Mozilla/5.0 (Linux; Android 6.0.1; Nexus 5X Build/MMB29P) AppleWebKit/537.36 (KHTML, like Gecko) Chrome/117.0.5938.132 Mobile Safari/537.36 (compatible; Googlebot/2.1; +http://www.google.com/bot.html)"
146.95.32.89 - - [11/Oct/2023:14:53:49 -0400] "GET /RICH/ HTTP/1.0" 200 61623 "-" "Mozilla/5.0 (Macintosh; Intel Mac OS X 10_15_7) AppleWebKit/537.36 (KHTML, like Gecko) Chrome/116.0.0.0 Safari/537.36"
146.95.32.89 - - [11/Oct/2023:14:53:49 -0400] "GET /RICH/css/owl.carousel.min.css HTTP/1.0" 200 2936 "https://www.richinc.org/RICH/" "Mozilla/5.0 (Macintosh; Intel Mac OS X 10_15_7) AppleWebKit/537.36 (KHTML, like Gecko) Chrome/116.0.0.0 Safari/537.36"
146.95.32.89 - - [11/Oct/2023:14:53:49 -0400] "GET /RICH/images/LOGO.png HTTP/1.0" 200 48308 "https://www.richinc.org/RICH/" "Mozilla/5.0 (Macintosh; Intel Mac OS X 10_15_7) AppleWebKit/537.36 (KHTML, like Gecko) Chrome/116.0.0.0 Safari/537.36"
146.95.32.89 - - [11/Oct/2023:14:53:49 -0400] "GET /RICH/images/gameLogo.png HTTP/1.0" 200 42587 "https://www.richinc.org/RICH/" "Mozilla/5.0 (Macintosh; Intel Mac OS X 10_15_7) AppleWebKit/537.36 (KHTML, like Gecko) Chrome/116.0.0.0 Safari/537.36"
146.95.32.89 - - [11/Oct/2023:14:53:49 -0400] "GET /RICH/QueensImage.jpg HTTP/1.0" 200 675817 "https://www.richinc.org/RICH/" "Mozilla/5.0 (Macintosh; Intel Mac OS X 10_15_7) AppleWebKit/537.36 (KHTML, like Gecko) Chrome/116.0.0.0 Safari/537.36"
146.95.32.89 - - [11/Oct/2023:14:53:49 -0400] "GET /RICH/Image4.jpg HTTP/1.0" 200 2910175 "https://www.richinc.org/RICH/" "Mozilla/5.0 (Macintosh; Intel Mac OS X 10_15_7) AppleWebKit/537.36 (KHTML, like Gecko) Chrome/116.0.0.0 Safari/537.36"
37.19.197.202 - - [11/Oct/2023:15:15:10 -0400] "GET /RICH/.env HTTP/1.0" 404 575 "-" "Mozilla/5.0 (Macintosh; Intel Mac OS X 10.15; rv:77.0) Gecko/20100101 Firefox/77.0"
109.169.85.38 - - [11/Oct/2023:15:58:55 -0400] "GET / HTTP/1.0" 302 213 "-" "Mozilla/5.0 (Windows NT 10.0; Win64; x64) AppleWebKit/537.36 (KHTML, like Gecko, Foregenix) Chrome/91.0.4472.77 Safari/537.36"
109.169.85.38 - - [11/Oct/2023:15:58:56 -0400] "GET / HTTP/1.0" 302 213 "-" "Mozilla/5.0 (Windows NT 10.0; Win64; x64) AppleWebKit/537.36 (KHTML, like Gecko, Foregenix) Chrome/91.0.4472.77 Safari/537.36"
109.169.85.38 - - [11/Oct/2023:15:58:57 -0400] "GET /RICH/magento_version HTTP/1.0" 404 575 "https://www.richinc.org/magento_version" "Mozilla/5.0 (Windows NT 10.0; Win64; x64) AppleWebKit/537.36 (KHTML, like Gecko, Foregenix) Chrome/91.0.4472.77 Safari/537.36"
109.169.85.38 - - [11/Oct/2023:15:58:57 -0400] "GET /js/mage/adminhtml/tools.js HTTP/1.0" 403 261 "-" "Mozilla/5.0 (Windows NT 10.0; Win64; x64) AppleWebKit/537.36 (KHTML, like Gecko, Foregenix) Chrome/91.0.4472.77 Safari/537.36"
109.169.85.38 - - [11/Oct/2023:15:58:57 -0400] "GET /RICH/css/owl.theme.default.min.css HTTP/1.0" 200 965 "https://www.richinc.org/RICH/" "Mozilla/5.0 (Windows NT 10.0; Win64; x64) AppleWebKit/537.36 (KHTML, like Gecko, Foregenix) Chrome/91.0.4472.77 Safari/537.36"
109.169.85.38 - - [11/Oct/2023:15:58:57 -0400] "GET /RICH/images/matter.png HTTP/1.0" 200 20184 "https://www.richinc.org/RICH/" "Mozilla/5.0 (Windows NT 10.0; Win64; x64) AppleWebKit/537.36 (KHTML, like Gecko, Foregenix) Chrome/91.0.4472.77 Safari/537.36"
109.169.85.38 - - [11/Oct/2023:15:58:57 -0400] "GET /RICH/css/style.css HTTP/1.0" 200 52779 "https://www.richinc.org/RICH/" "Mozilla/5.0 (Windows NT 10.0; Win64; x64) AppleWebKit/537.36 (KHTML, like Gecko, Foregenix) Chrome/91.0.4472.77 Safari/537.36"
109.169.85.38 - - [11/Oct/2023:15:58:57 -0400] "GET /RICH/js/jquery-migrate-3.0.1.min.js HTTP/1.0" 200 11421 "https://www.richinc.org/RICH/" "Mozilla/5.0 (Windows NT 10.0; Win64; x64) AppleWebKit/537.36 (KHTML, like Gecko, Foregenix) Chrome/91.0.4472.77 Safari/537.36"
109.169.85.38 - - [11/Oct/2023:15:58:58 -0400] "GET /RICH/js/owl.carousel.min.js HTTP/1.0" 200 42766 "https://www.richinc.org/RICH/" "Mozilla/5.0 (Windows NT 10.0; Win64; x64) AppleWebKit/537.36 (KHTML, like Gecko, Foregenix) Chrome/91.0.4472.77 Safari/537.36"
109.169.85.38 - - [11/Oct/2023:15:58:57 -0400] "GET /RICH/image7.jpg HTTP/1.0" 200 568744 "https://www.richinc.org/RICH/" "Mozilla/5.0 (Windows NT 10.0; Win64; x64) AppleWebKit/537.36 (KHTML, like Gecko, Foregenix) Chrome/91.0.4472.77 Safari/537.36"
109.169.85.38 - - [11/Oct/2023:15:58:58 -0400] "GET /RICH/images/Chrisann.jpg HTTP/1.0" 200 386140 "https://www.richinc.org/RICH/" "Mozilla/5.0 (Windows NT 10.0; Win64; x64) AppleWebKit/537.36 (KHTML, like Gecko, Foregenix) Chrome/91.0.4472.77 Safari/537.36"
109.169.85.38 - - [11/Oct/2023:15:58:58 -0400] "GET /RICH/images/Metanoya.jpg HTTP/1.0" 200 13516 "https://www.richinc.org/RICH/" "Mozilla/5.0 (Windows NT 10.0; Win64; x64) AppleWebKit/537.36 (KHTML, like Gecko, Foregenix) Chrome/91.0.4472.77 Safari/537.36"
109.169.85.38 - - [11/Oct/2023:15:58:58 -0400] "GET /RELEASE_NOTES.txt HTTP/1.0" 302 230 "-" "Mozilla/5.0 (Windows NT 10.0; Win64; x64) AppleWebKit/537.36 (KHTML, like Gecko, Foregenix) Chrome/91.0.4472.77 Safari/537.36"
109.169.85.38 - - [11/Oct/2023:15:58:59 -0400] "GET /RICH/wp-admin HTTP/1.0" 404 575 "https://www.richinc.org/wp-admin" "Mozilla/5.0 (Windows NT 10.0; Win64; x64) AppleWebKit/537.36 (KHTML, like Gecko, Foregenix) Chrome/91.0.4472.77 Safari/537.36"
109.169.85.38 - - [11/Oct/2023:15:58:59 -0400] "POST /RICH/php/UsersRICH.php HTTP/1.0" 200 - "https://www.richinc.org/RICH/" "Mozilla/5.0 (Windows NT 10.0; Win64; x64) AppleWebKit/537.36 (KHTML, like Gecko, Foregenix) Chrome/91.0.4472.77 Safari/537.36"
109.169.85.38 - - [11/Oct/2023:15:59:02 -0400] "GET /README.md HTTP/1.0" 302 222 "-" "Mozilla/5.0 (Windows NT 10.0; Win64; x64) AppleWebKit/537.36 (KHTML, like Gecko, Foregenix) Chrome/91.0.4472.77 Safari/537.36"
109.169.85.38 - - [11/Oct/2023:15:59:05 -0400] "GET / HTTP/1.0" 302 213 "-" "Mozilla/5.0 (Windows NT 10.0; Win64; x64) AppleWebKit/537.36 (KHTML, like Gecko, Foregenix) Chrome/91.0.4472.77 Safari/537.36"
123.125.109.136 - - [11/Oct/2023:16:38:29 -0400] "GET /RICH/ HTTP/1.0" 200 61623 "-" "Sogou web spider/4.0(+http://www.sogou.com/docs/help/webmasters.htm#07)"
123.126.50.6 - - [11/Oct/2023:16:48:17 -0400] "GET / HTTP/1.0" 302 213 "-" "Sogou web spider/4.0(+http://www.sogou.com/docs/help/webmasters.htm#07)"
77.75.79.95 - - [11/Oct/2023:17:30:31 -0400] "GET /RICH/chrisann-A-essay.html HTTP/1.0" 404 575 "-" "Mozilla/5.0 (compatible; SeznamBot/4.0; +http://napoveda.seznam.cz/seznambot-intro/)"
66.249.66.197 - - [11/Oct/2023:17:47:47 -0400] "GET /RICH/cdn-cgi/scripts/5c5dd728/cloudflare-static/email-decode.min.js HTTP/1.0" 404 575 "https://www.richinc.org/RICH/" "Mozilla/5.0 AppleWebKit/537.36 (KHTML, like Gecko; compatible; Googlebot/2.1; +http://www.google.com/bot.html) Chrome/117.0.5938.132 Safari/537.36"
66.249.66.197 - - [11/Oct/2023:17:47:53 -0400] "POST /RICH/php/UsersRICH.php HTTP/1.0" 200 - "https://www.richinc.org/RICH/" "Mozilla/5.0 AppleWebKit/537.36 (KHTML, like Gecko; compatible; Googlebot/2.1; +http://www.google.com/bot.html) Chrome/117.0.5938.132 Safari/537.36"
52.167.144.65 - - [11/Oct/2023:18:11:58 -0400] "GET /RICH/robots.txt HTTP/1.0" 404 575 "-" "Mozilla/5.0 AppleWebKit/537.36 (KHTML, like Gecko; compatible; bingbot/2.0; +http://www.bing.com/bingbot.htm) Chrome/103.0.5060.134 Safari/537.36"
66.249.66.34 - - [11/Oct/2023:18:40:42 -0400] "GET / HTTP/1.0" 302 213 "-" "Mozilla/5.0 (compatible; Googlebot/2.1; +http://www.google.com/bot.html)"
66.249.66.197 - - [11/Oct/2023:18:40:44 -0400] "GET /cdn-cgi/scripts/5c5dd728/cloudflare-static/email-decode.min.js HTTP/1.0" 302 275 "https://www.richinc.org/RICH/" "Mozilla/5.0 AppleWebKit/537.36 (KHTML, like Gecko; compatible; Googlebot/2.1; +http://www.google.com/bot.html) Chrome/117.0.5938.132 Safari/537.36"
66.249.66.198 - - [11/Oct/2023:18:40:45 -0400] "GET /RICH/cdn-cgi/scripts/5c5dd728/cloudflare-static/email-decode.min.js HTTP/1.0" 404 575 "https://www.richinc.org/RICH/" "Mozilla/5.0 AppleWebKit/537.36 (KHTML, like Gecko; compatible; Googlebot/2.1; +http://www.google.com/bot.html) Chrome/117.0.5938.132 Safari/537.36"
40.77.167.41 - - [11/Oct/2023:19:16:08 -0400] "GET /staging/rich-learning-system/ HTTP/1.0" 403 261 "-" "Mozilla/5.0 AppleWebKit/537.36 (KHTML, like Gecko; compatible; bingbot/2.0; +http://www.bing.com/bingbot.htm) Chrome/103.0.5060.134 Safari/537.36"
17.246.15.211 - - [11/Oct/2023:19:36:24 -0400] "GET /RICH/css/bootstrap.min.css HTTP/1.0" 200 159826 "https://www.richinc.org/RICH/parents-investment-alliance.html" "Mozilla/5.0 (Macintosh; Intel Mac OS X 10_15_5) AppleWebKit/605.1.15 (KHTML, like Gecko) Version/13.1.1 Safari/605.1.15 (Applebot/0.1; +http://www.apple.com/go/applebot)"
17.246.15.41 - - [11/Oct/2023:19:36:33 -0400] "GET /RICH/js/mediaelement-and-player.min.js HTTP/1.0" 200 152469 "https://www.richinc.org/RICH/parents-investment-alliance.html" "Mozilla/5.0 (Macintosh; Intel Mac OS X 10_15_5) AppleWebKit/605.1.15 (KHTML, like Gecko) Version/13.1.1 Safari/605.1.15 (Applebot/0.1; +http://www.apple.com/go/applebot)"
17.246.15.41 - - [11/Oct/2023:19:36:34 -0400] "POST /RICH/php/UsersRICH.php HTTP/1.0" 200 - "https://www.richinc.org/RICH/parents-investment-alliance.html" "Mozilla/5.0 (Macintosh; Intel Mac OS X 10_15_5) AppleWebKit/605.1.15 (KHTML, like Gecko) Version/13.1.1 Safari/605.1.15 (Applebot/0.1; +http://www.apple.com/go/applebot)"
66.249.66.197 - - [11/Oct/2023:21:23:35 -0400] "GET /robots.txt HTTP/1.0" 302 223 "-" "Mozilla/5.0 (compatible; Googlebot/2.1; +http://www.google.com/bot.html)"
123.126.50.72 - - [11/Oct/2023:23:12:41 -0400] "GET /RICH/ HTTP/1.0" 200 61623 "-" "Sogou web spider/4.0(+http://www.sogou.com/docs/help/webmasters.htm#07)"
35.215.39.164 - - [11/Oct/2023:02:38:44 -0400] "GET /RICH/ HTTP/1.0" 200 61623 "-" "Mozilla/5.0 (Windows NT 10.0; Win64; x64) AppleWebKit/537.36 (KHTML, like Gecko; compatible; BW/1.1; bit.ly/3eZNDnO; 7f61819b59) Chrome/84.0.4147.105 Safari/537.36"
66.249.66.42 - - [11/Oct/2023:03:07:58 -0400] "GET / HTTP/1.0" 302 213 "-" "Mozilla/5.0 (compatible; Googlebot/2.1; +http://www.google.com/bot.html)"
37.19.223.106 - - [11/Oct/2023:03:51:43 -0400] "GET /RICH/annual-reports.html HTTP/1.0" 200 17506 "https://www.richinc.org/RICH/annual-reports.html" "Mozilla/5.0 (Windows NT 6.1; Win64; x64) AppleWebKit/537.36 (KHTML, like Gecko) Chrome/66.0.3359.170 Safari/537.36 OPR/53.0.2907.99"
52.167.144.23 - - [11/Oct/2023:04:37:42 -0400] "GET /RICH/css/style.css HTTP/1.0" 200 52779 "-" "Mozilla/5.0 AppleWebKit/537.36 (KHTML, like Gecko; compatible; bingbot/2.0; +http://www.bing.com/bingbot.htm) Chrome/103.0.5060.134 Safari/537.36"
52.167.144.238 - - [11/Oct/2023:04:38:00 -0400] "GET /RICH/audio/RICH_Considerate.mp3 HTTP/1.0" 200 5168945 "-" "Mozilla/5.0 AppleWebKit/537.36 (KHTML, like Gecko; compatible; bingbot/2.0; +http://www.bing.com/bingbot.htm) Chrome/103.0.5060.134 Safari/537.36"
52.167.144.238 - - [11/Oct/2023:04:38:03 -0400] "GET /RICH/js/jquery-migrate-3.0.1.min.js HTTP/1.0" 200 11421 "-" "Mozilla/5.0 AppleWebKit/537.36 (KHTML, like Gecko; compatible; bingbot/2.0; +http://www.bing.com/bingbot.htm) Chrome/103.0.5060.134 Safari/537.36"
66.249.92.44 - - [11/Oct/2023:04:49:52 -0400] "GET / HTTP/1.0" 302 213 "-" "Google-Edu"
66.249.92.197 - - [11/Oct/2023:04:49:56 -0400] "GET /RICH/css/bootstrap.min.css HTTP/1.0" 200 159826 "https://www.richinc.org/RICH/" "Google-Edu"
66.249.66.199 - - [11/Oct/2023:05:05:22 -0400] "GET /RICH/cdn-cgi/scripts/5c5dd728/cloudflare-static/email-decode.min.js HTTP/1.0" 404 575 "https://www.richinc.org/RICH/" "Mozilla/5.0 AppleWebKit/537.36 (KHTML, like Gecko; compatible; Googlebot/2.1; +http://www.google.com/bot.html) Chrome/117.0.5938.132 Safari/537.36"
66.249.66.198 - - [11/Oct/2023:08:12:12 -0400] "GET /js/aos.js HTTP/1.0" 403 261 "https://www.richinc.org/RICH/interns.html" "Mozilla/5.0 (Linux; Android 6.0.1; Nexus 5X Build/MMB29P) AppleWebKit/537.36 (KHTML, like Gecko) Chrome/117.0.5938.132 Mobile Safari/537.36 (compatible; Googlebot/2.1; +http://www.google.com/bot.html)"
66.249.66.197 - - [11/Oct/2023:08:12:14 -0400] "GET /js/jquery-migrate-3.0.1.min.js HTTP/1.0" 403 261 "https://www.richinc.org/RICH/interns.html" "Mozilla/5.0 (Linux; Android 6.0.1; Nexus 5X Build/MMB29P) AppleWebKit/537.36 (KHTML, like Gecko) Chrome/117.0.5938.132 Mobile Safari/537.36 (compatible; Googlebot/2.1; +http://www.google.com/bot.html)"
66.249.66.197 - - [11/Oct/2023:08:12:17 -0400] "GET /RICH/cdn-cgi/scripts/5c5dd728/cloudflare-static/email-decode.min.js HTTP/1.0" 404 575 "https://www.richinc.org/RICH/interns.html" "Mozilla/5.0 (Linux; Android 6.0.1; Nexus 5X Build/MMB29P) AppleWebKit/537.36 (KHTML, like Gecko) Chrome/117.0.5938.132 Mobile Safari/537.36 (compatible; Googlebot/2.1; +http://www.google.com/bot.html)"
66.249.66.197 - - [11/Oct/2023:08:12:19 -0400] "GET /js/jquery-3.3.1.min.js HTTP/1.0" 403 261 "https://www.richinc.org/RICH/interns.html" "Mozilla/5.0 (Linux; Android 6.0.1; Nexus 5X Build/MMB29P) AppleWebKit/537.36 (KHTML, like Gecko) Chrome/117.0.5938.132 Mobile Safari/537.36 (compatible; Googlebot/2.1; +http://www.google.com/bot.html)"
66.249.66.199 - - [11/Oct/2023:10:45:49 -0400] "GET /js/bootstrap-datepicker.min.js HTTP/1.0" 403 261 "https://www.richinc.org/RICH/interns.html" "Mozilla/5.0 AppleWebKit/537.36 (KHTML, like Gecko; compatible; Googlebot/2.1; +http://www.google.com/bot.html) Chrome/117.0.5938.132 Safari/537.36"
146.95.32.89 - - [11/Oct/2023:14:53:49 -0400] "GET /RICH/css/animate.css HTTP/1.0" 200 77748 "https://www.richinc.org/RICH/" "Mozilla/5.0 (Macintosh; Intel Mac OS X 10_15_7) AppleWebKit/537.36 (KHTML, like Gecko) Chrome/116.0.0.0 Safari/537.36"
146.95.32.89 - - [11/Oct/2023:14:53:49 -0400] "GET /RICH/css/owl.theme.default.min.css HTTP/1.0" 200 965 "https://www.richinc.org/RICH/" "Mozilla/5.0 (Macintosh; Intel Mac OS X 10_15_7) AppleWebKit/537.36 (KHTML, like Gecko) Chrome/116.0.0.0 Safari/537.36"
146.95.32.89 - - [11/Oct/2023:14:53:49 -0400] "GET /cdn-cgi/scripts/5c5dd728/cloudflare-static/email-decode.min.js HTTP/1.0" 302 275 "https://www.richinc.org/RICH/" "Mozilla/5.0 (Macintosh; Intel Mac OS X 10_15_7) AppleWebKit/537.36 (KHTML, like Gecko) Chrome/116.0.0.0 Safari/537.36"
146.95.32.89 - - [11/Oct/2023:14:53:49 -0400] "GET /RICH/js/jquery-ui.js HTTP/1.0" 200 45799 "https://www.richinc.org/RICH/" "Mozilla/5.0 (Macintosh; Intel Mac OS X 10_15_7) AppleWebKit/537.36 (KHTML, like Gecko) Chrome/116.0.0.0 Safari/537.36"
146.95.32.89 - - [11/Oct/2023:14:53:49 -0400] "GET /RICH/js/popper.min.js HTTP/1.0" 200 20336 "https://www.richinc.org/RICH/" "Mozilla/5.0 (Macintosh; Intel Mac OS X 10_15_7) AppleWebKit/537.36 (KHTML, like Gecko) Chrome/116.0.0.0 Safari/537.36"
146.95.32.89 - - [11/Oct/2023:14:53:49 -0400] "GET /RICH/images/joseph-barclay.jpeg HTTP/1.0" 200 9717 "https://www.richinc.org/RICH/" "Mozilla/5.0 (Macintosh; Intel Mac OS X 10_15_7) AppleWebKit/537.36 (KHTML, like Gecko) Chrome/116.0.0.0 Safari/537.36"
146.95.32.89 - - [11/Oct/2023:14:53:49 -0400] "GET /RICH/images/Metanoya.jpg HTTP/1.0" 200 13516 "https://www.richinc.org/RICH/" "Mozilla/5.0 (Macintosh; Intel Mac OS X 10_15_7) AppleWebKit/537.36 (KHTML, like Gecko) Chrome/116.0.0.0 Safari/537.36"
40.77.167.143 - - [11/Oct/2023:15:56:20 -0400] "GET / HTTP/1.0" 302 213 "-" "Mozilla/5.0 AppleWebKit/537.36 (KHTML, like Gecko; compatible; bingbot/2.0; +http://www.bing.com/bingbot.htm) Chrome/103.0.5060.134 Safari/537.36"
109.169.85.38 - - [11/Oct/2023:15:58:57 -0400] "GET /magento_version HTTP/1.0" 302 228 "-" "Mozilla/5.0 (Windows NT 10.0; Win64; x64) AppleWebKit/537.36 (KHTML, like Gecko, Foregenix) Chrome/91.0.4472.77 Safari/537.36"
109.169.85.38 - - [11/Oct/2023:15:58:57 -0400] "GET / HTTP/1.0" 302 213 "-" "Mozilla/5.0 (Windows NT 10.0; Win64; x64) AppleWebKit/537.36 (KHTML, like Gecko, Foregenix) Chrome/91.0.4472.77 Safari/537.36"
109.169.85.38 - - [11/Oct/2023:15:58:57 -0400] "GET /RICH/js/jquery.stellar.min.js HTTP/1.0" 200 12597 "https://www.richinc.org/RICH/" "Mozilla/5.0 (Windows NT 10.0; Win64; x64) AppleWebKit/537.36 (KHTML, like Gecko, Foregenix) Chrome/91.0.4472.77 Safari/537.36"
109.169.85.38 - - [11/Oct/2023:15:58:57 -0400] "GET /cdn-cgi/scripts/5c5dd728/cloudflare-static/email-decode.min.js HTTP/1.0" 302 275 "https://www.richinc.org/RICH/" "Mozilla/5.0 (Windows NT 10.0; Win64; x64) AppleWebKit/537.36 (KHTML, like Gecko, Foregenix) Chrome/91.0.4472.77 Safari/537.36"
109.169.85.38 - - [11/Oct/2023:15:58:57 -0400] "GET /RICH/js/jquery.countdown.min.js HTTP/1.0" 200 5339 "https://www.richinc.org/RICH/" "Mozilla/5.0 (Windows NT 10.0; Win64; x64) AppleWebKit/537.36 (KHTML, like Gecko, Foregenix) Chrome/91.0.4472.77 Safari/537.36"
109.169.85.38 - - [11/Oct/2023:15:58:58 -0400] "GET /RICH/js/aos.js HTTP/1.0" 200 14244 "https://www.richinc.org/RICH/" "Mozilla/5.0 (Windows NT 10.0; Win64; x64) AppleWebKit/537.36 (KHTML, like Gecko, Foregenix) Chrome/91.0.4472.77 Safari/537.36"
109.169.85.38 - - [11/Oct/2023:15:58:58 -0400] "GET /RICH/images/strategies.png HTTP/1.0" 200 22315 "https://www.richinc.org/RICH/" "Mozilla/5.0 (Windows NT 10.0; Win64; x64) AppleWebKit/537.36 (KHTML, like Gecko, Foregenix) Chrome/91.0.4472.77 Safari/537.36"
109.169.85.38 - - [11/Oct/2023:15:58:58 -0400] "GET /js/lib/flex.js HTTP/1.0" 403 261 "-" "Mozilla/5.0 (Windows NT 10.0; Win64; x64) AppleWebKit/537.36 (KHTML, like Gecko, Foregenix) Chrome/91.0.4472.77 Safari/537.36"
109.169.85.38 - - [11/Oct/2023:15:58:58 -0400] "GET / HTTP/1.0" 302 213 "-" "Mozilla/5.0 (Windows NT 10.0; Win64; x64) AppleWebKit/537.36 (KHTML, like Gecko, Foregenix) Chrome/91.0.4472.77 Safari/537.36"
109.169.85.38 - - [11/Oct/2023:15:59:00 -0400] "GET /core/CHANGELOG.txt HTTP/1.0" 302 231 "-" "Mozilla/5.0 (Windows NT 10.0; Win64; x64) AppleWebKit/537.36 (KHTML, like Gecko, Foregenix) Chrome/91.0.4472.77 Safari/537.36"
109.169.85.38 - - [11/Oct/2023:15:59:02 -0400] "GET /RICH/themes/Frontend/Responsive/frontend/_public/src/fonts/shopware.woff2 HTTP/1.0" 404 575 "https://www.richinc.org/themes/Frontend/Responsive/frontend/_public/src/fonts/shopware.woff2" "Mozilla/5.0 (Windows NT 10.0; Win64; x64) AppleWebKit/537.36 (KHTML, like Gecko, Foregenix) Chrome/91.0.4472.77 Safari/537.36"
109.169.85.38 - - [11/Oct/2023:15:59:03 -0400] "GET /js/navi.js HTTP/1.0" 403 261 "-" "Mozilla/5.0 (Windows NT 10.0; Win64; x64) AppleWebKit/537.36 (KHTML, like Gecko, Foregenix) Chrome/91.0.4472.77 Safari/537.36"
109.169.85.38 - - [11/Oct/2023:15:59:04 -0400] "GET /user_data/css/common.css HTTP/1.0" 302 237 "-" "Mozilla/5.0 (Windows NT 10.0; Win64; x64) AppleWebKit/537.36 (KHTML, like Gecko, Foregenix) Chrome/91.0.4472.77 Safari/537.36"
109.169.85.38 - - [11/Oct/2023:15:59:04 -0400] "GET /RICH/administrator/manifests/files/joomla.xml HTTP/1.0" 404 575 "https://www.richinc.org/administrator/manifests/files/joomla.xml" "Mozilla/5.0 (Windows NT 10.0; Win64; x64) AppleWebKit/537.36 (KHTML, like Gecko, Foregenix) Chrome/91.0.4472.77 Safari/537.36"
35.81.82.236 - - [11/Oct/2023:17:10:52 -0400] "GET / HTTP/1.0" 302 213 "-" "Mozilla/5.0 (Windows NT 10.0; Win64; x64) AppleWebKit/537.36 (KHTML, like Gecko) Chrome/109.0.0.0 Safari/537.3"
66.249.66.198 - - [11/Oct/2023:17:41:01 -0400] "GET /RICH/ HTTP/1.0" 200 61623 "-" "Mozilla/5.0 (compatible; Googlebot/2.1; +http://www.google.com/bot.html)"
66.249.66.197 - - [11/Oct/2023:17:47:46 -0400] "GET /cdn-cgi/scripts/5c5dd728/cloudflare-static/email-decode.min.js HTTP/1.0" 302 275 "https://www.richinc.org/RICH/" "Mozilla/5.0 AppleWebKit/537.36 (KHTML, like Gecko; compatible; Googlebot/2.1; +http://www.google.com/bot.html) Chrome/117.0.5938.132 Safari/537.36"
52.167.144.65 - - [11/Oct/2023:18:11:58 -0400] "GET /robots.txt HTTP/1.0" 302 223 "-" "Mozilla/5.0 AppleWebKit/537.36 (KHTML, like Gecko; compatible; bingbot/2.0; +http://www.bing.com/bingbot.htm) Chrome/103.0.5060.134 Safari/537.36"
40.77.167.70 - - [11/Oct/2023:18:12:05 -0400] "GET /RICH/nvlpessay1.html HTTP/1.0" 200 76972 "-" "Mozilla/5.0 AppleWebKit/537.36 (KHTML, like Gecko; compatible; bingbot/2.0; +http://www.bing.com/bingbot.htm) Chrome/103.0.5060.134 Safari/537.36"
17.241.75.211 - - [11/Oct/2023:19:28:53 -0400] "GET /RICH/robots.txt HTTP/1.0" 404 575 "-" "Mozilla/5.0 (Macintosh; Intel Mac OS X 10_15_5) AppleWebKit/605.1.15 (KHTML, like Gecko) Version/13.1.1 Safari/605.1.15 (Applebot/0.1; +http://www.apple.com/go/applebot)"
17.246.19.173 - - [11/Oct/2023:19:36:26 -0400] "GET /RICH/fonts/flaticon/font/flaticon.css HTTP/1.0" 200 1250 "https://www.richinc.org/RICH/parents-investment-alliance.html" "Mozilla/5.0 (Macintosh; Intel Mac OS X 10_15_5) AppleWebKit/605.1.15 (KHTML, like Gecko) Version/13.1.1 Safari/605.1.15 (Applebot/0.1; +http://www.apple.com/go/applebot)"
17.246.15.236 - - [11/Oct/2023:19:36:26 -0400] "GET /RICH/css/aos.css HTTP/1.0" 200 25983 "https://www.richinc.org/RICH/parents-investment-alliance.html" "Mozilla/5.0 (Macintosh; Intel Mac OS X 10_15_5) AppleWebKit/605.1.15 (KHTML, like Gecko) Version/13.1.1 Safari/605.1.15 (Applebot/0.1; +http://www.apple.com/go/applebot)"
17.246.23.240 - - [11/Oct/2023:19:36:27 -0400] "GET /RICH/css/style.css HTTP/1.0" 200 52779 "https://www.richinc.org/RICH/parents-investment-alliance.html" "Mozilla/5.0 (Macintosh; Intel Mac OS X 10_15_5) AppleWebKit/605.1.15 (KHTML, like Gecko) Version/13.1.1 Safari/605.1.15 (Applebot/0.1; +http://www.apple.com/go/applebot)"
17.246.23.23 - - [11/Oct/2023:19:36:28 -0400] "GET /RICH/js/jquery-migrate-3.0.1.min.js HTTP/1.0" 200 11421 "https://www.richinc.org/RICH/parents-investment-alliance.html" "Mozilla/5.0 (Macintosh; Intel Mac OS X 10_15_5) AppleWebKit/605.1.15 (KHTML, like Gecko) Version/13.1.1 Safari/605.1.15 (Applebot/0.1; +http://www.apple.com/go/applebot)"
17.246.19.173 - - [11/Oct/2023:19:36:29 -0400] "GET /RICH/js/jquery-ui.js HTTP/1.0" 200 45799 "https://www.richinc.org/RICH/parents-investment-alliance.html" "Mozilla/5.0 (Macintosh; Intel Mac OS X 10_15_5) AppleWebKit/605.1.15 (KHTML, like Gecko) Version/13.1.1 Safari/605.1.15 (Applebot/0.1; +http://www.apple.com/go/applebot)"
17.246.23.23 - - [11/Oct/2023:19:36:31 -0400] "GET /RICH/js/jquery.countdown.min.js HTTP/1.0" 200 5339 "https://www.richinc.org/RICH/parents-investment-alliance.html" "Mozilla/5.0 (Macintosh; Intel Mac OS X 10_15_5) AppleWebKit/605.1.15 (KHTML, like Gecko) Version/13.1.1 Safari/605.1.15 (Applebot/0.1; +http://www.apple.com/go/applebot)"
66.249.66.199 - - [11/Oct/2023:20:50:54 -0400] "GET /RICH/campaign1.html HTTP/1.0" 200 43649 "-" "Mozilla/5.0 (Linux; Android 6.0.1; Nexus 5X Build/MMB29P) AppleWebKit/537.36 (KHTML, like Gecko) Chrome/117.0.5938.132 Mobile Safari/537.36 (compatible; Googlebot/2.1; +http://www.google.com/bot.html)"
123.126.50.73 - - [11/Oct/2023:23:12:39 -0400] "GET / HTTP/1.0" 302 213 "-" "Sogou web spider/4.0(+http://www.sogou.com/docs/help/webmasters.htm#07)"
66.249.66.199 - - [11/Oct/2023:23:28:03 -0400] "GET /RICH/rich_new_vision.html HTTP/1.0" 404 575 "-" "Mozilla/5.0 (Linux; Android 6.0.1; Nexus 5X Build/MMB29P) AppleWebKit/537.36 (KHTML, like Gecko) Chrome/117.0.5938.132 Mobile Safari/537.36 (compatible; Googlebot/2.1; +http://www.google.com/bot.html)"
66.249.66.198 - - [11/Oct/2023:03:19:36 -0400] "GET /RICH/annual-reports.html HTTP/1.0" 200 17506 "-" "Mozilla/5.0 (compatible; Googlebot/2.1; +http://www.google.com/bot.html)"
37.19.223.106 - - [11/Oct/2023:03:51:42 -0400] "GET / HTTP/1.0" 302 213 "http://richinc.org/" "Mozilla/5.0 (Windows NT 6.1; Win64; x64) AppleWebKit/537.36 (KHTML, like Gecko) Chrome/66.0.3359.170 Safari/537.36 OPR/53.0.2907.99"
37.19.223.106 - - [11/Oct/2023:03:51:45 -0400] "POST /RICH/contact-email.php HTTP/1.0" 302 - "https://www.richinc.org/RICH/contact-us.html" "Mozilla/5.0 (Windows NT 6.1; Win64; x64) AppleWebKit/537.36 (KHTML, like Gecko) Chrome/66.0.3359.170 Safari/537.36 OPR/53.0.2907.99"
52.167.144.23 - - [11/Oct/2023:04:37:42 -0400] "GET /RICH/css/animate.css HTTP/1.0" 200 77748 "-" "Mozilla/5.0 AppleWebKit/537.36 (KHTML, like Gecko; compatible; bingbot/2.0; +http://www.bing.com/bingbot.htm) Chrome/103.0.5060.134 Safari/537.36"
52.167.144.238 - - [11/Oct/2023:04:38:02 -0400] "GET /RICH/css/owl.theme.default.min.css HTTP/1.0" 200 965 "-" "Mozilla/5.0 AppleWebKit/537.36 (KHTML, like Gecko; compatible; bingbot/2.0; +http://www.bing.com/bingbot.htm) Chrome/103.0.5060.134 Safari/537.36"
66.249.92.198 - - [11/Oct/2023:04:50:13 -0400] "GET /RICH/images/rich-image1.jpg HTTP/1.0" 200 99047 "https://www.richinc.org/RICH/" "Google-Edu"
66.249.92.197 - - [11/Oct/2023:04:50:20 -0400] "GET /RICH/images/Metanoya.jpg HTTP/1.0" 200 13516 "https://www.richinc.org/RICH/" "Google-Edu"
66.249.92.197 - - [11/Oct/2023:04:50:25 -0400] "GET /RICH/fonts/icomoon/fonts/icomoon.ttf?10si43 HTTP/1.0" 200 307168 "https://www.richinc.org/RICH/fonts/icomoon/style.css" "Google-Edu"
40.77.188.214 - - [11/Oct/2023:04:53:12 -0400] "GET /RICH/fonts/icomoon/fonts/icomoon.ttf?10si43 HTTP/1.0" 200 307168 "-" "Mozilla/5.0 AppleWebKit/537.36 (KHTML, like Gecko; compatible; bingbot/2.0; +http://www.bing.com/bingbot.htm) Chrome/100.0.4896.127 Safari/537.36"
111.202.101.162 - - [11/Oct/2023:05:01:57 -0400] "GET /RICH/ HTTP/1.0" 200 61623 "-" "Sogou web spider/4.0(+http://www.sogou.com/docs/help/webmasters.htm#07)"
66.249.66.198 - - [11/Oct/2023:05:05:21 -0400] "GET /cdn-cgi/scripts/5c5dd728/cloudflare-static/email-decode.min.js HTTP/1.0" 302 275 "https://www.richinc.org/RICH/" "Mozilla/5.0 AppleWebKit/537.36 (KHTML, like Gecko; compatible; Googlebot/2.1; +http://www.google.com/bot.html) Chrome/117.0.5938.132 Safari/537.36"
66.249.66.43 - - [11/Oct/2023:05:07:41 -0400] "GET / HTTP/1.0" 302 213 "-" "Mozilla/5.0 (compatible; Googlebot/2.1; +http://www.google.com/bot.html)"
61.135.159.213 - - [11/Oct/2023:05:42:29 -0400] "GET / HTTP/1.0" 302 213 "-" "Sogou web spider/4.0(+http://www.sogou.com/docs/help/webmasters.htm#07)"
66.249.66.198 - - [11/Oct/2023:06:11:06 -0400] "GET /RICH/robots.txt HTTP/1.0" 404 575 "-" "Mozilla/5.0 (compatible; Googlebot/2.1; +http://www.google.com/bot.html)"
66.249.66.197 - - [11/Oct/2023:06:15:51 -0400] "GET /RICH/ HTTP/1.0" 200 61623 "-" "Mozilla/5.0 (compatible; Googlebot/2.1; +http://www.google.com/bot.html)"
216.244.66.200 - - [11/Oct/2023:08:01:13 -0400] "GET /RICH HTTP/1.0" 301 236 "-" "Mozilla/5.0 (compatible; DotBot/1.2; +https://opensiteexplorer.org/dotbot; help@moz.com)"
61.135.159.192 - - [11/Oct/2023:08:32:53 -0400] "GET / HTTP/1.0" 302 213 "-" "Sogou web spider/4.0(+http://www.sogou.com/docs/help/webmasters.htm#07)"
66.249.66.197 - - [11/Oct/2023:10:45:51 -0400] "GET /js/popper.min.js HTTP/1.0" 403 261 "https://www.richinc.org/RICH/interns.html" "Mozilla/5.0 AppleWebKit/537.36 (KHTML, like Gecko; compatible; Googlebot/2.1; +http://www.google.com/bot.html) Chrome/117.0.5938.132 Safari/537.36"
66.249.66.198 - - [11/Oct/2023:10:45:53 -0400] "GET /js/jquery-ui.js HTTP/1.0" 403 261 "https://www.richinc.org/RICH/interns.html" "Mozilla/5.0 AppleWebKit/537.36 (KHTML, like Gecko; compatible; Googlebot/2.1; +http://www.google.com/bot.html) Chrome/117.0.5938.132 Safari/537.36"
114.119.133.220 - - [11/Oct/2023:12:26:37 -0400] "GET /robots.txt HTTP/1.0" 302 223 "-" "Mozilla/5.0 (compatible;PetalBot;+https://webmaster.petalsearch.com/site/petalbot)"
173.237.190.208 - - [11/Oct/2023:13:38:03 -0400] "GET /RICH/?a=1 HTTP/1.0" 200 61623 "richinc.org" "Mozilla/5.0 (Windows NT 10.0; Win64; x64) AppleWebKit/537.36 (KHTML, like Gecko) colonel Chrome/196.3.1597.530 Safari/537.36"
66.249.66.198 - - [11/Oct/2023:14:23:32 -0400] "GET /robots.txt HTTP/1.0" 302 223 "-" "Mozilla/5.0 (compatible; Googlebot/2.1; +http://www.google.com/bot.html)"
146.95.32.89 - - [11/Oct/2023:14:53:49 -0400] "GET /RICH/css/bot.css HTTP/1.0" 200 1399 "https://www.richinc.org/RICH/" "Mozilla/5.0 (Macintosh; Intel Mac OS X 10_15_7) AppleWebKit/537.36 (KHTML, like Gecko) Chrome/116.0.0.0 Safari/537.36"
146.95.32.89 - - [11/Oct/2023:14:53:49 -0400] "GET /RICH/css/aos.css HTTP/1.0" 200 25983 "https://www.richinc.org/RICH/" "Mozilla/5.0 (Macintosh; Intel Mac OS X 10_15_7) AppleWebKit/537.36 (KHTML, like Gecko) Chrome/116.0.0.0 Safari/537.36"
146.95.32.89 - - [11/Oct/2023:14:53:49 -0400] "GET /RICH/js/jquery-migrate-3.0.1.min.js HTTP/1.0" 200 11421 "https://www.richinc.org/RICH/" "Mozilla/5.0 (Macintosh; Intel Mac OS X 10_15_7) AppleWebKit/537.36 (KHTML, like Gecko) Chrome/116.0.0.0 Safari/537.36"
146.95.32.89 - - [11/Oct/2023:14:53:49 -0400] "GET /RICH/images/matter.png HTTP/1.0" 200 20184 "https://www.richinc.org/RICH/" "Mozilla/5.0 (Macintosh; Intel Mac OS X 10_15_7) AppleWebKit/537.36 (KHTML, like Gecko) Chrome/116.0.0.0 Safari/537.36"
146.95.32.89 - - [11/Oct/2023:14:53:49 -0400] "GET /RICH/js/jquery-3.3.1.min.js HTTP/1.0" 200 86926 "https://www.richinc.org/RICH/" "Mozilla/5.0 (Macintosh; Intel Mac OS X 10_15_7) AppleWebKit/537.36 (KHTML, like Gecko) Chrome/116.0.0.0 Safari/537.36"
146.95.32.89 - - [11/Oct/2023:14:53:49 -0400] "GET /RICH/images/richbot2.png HTTP/1.0" 200 11045 "https://www.richinc.org/RICH/" "Mozilla/5.0 (Macintosh; Intel Mac OS X 10_15_7) AppleWebKit/537.36 (KHTML, like Gecko) Chrome/116.0.0.0 Safari/537.36"
146.95.32.89 - - [11/Oct/2023:14:53:49 -0400] "GET /RICH/js/owl.carousel.min.js HTTP/1.0" 200 42766 "https://www.richinc.org/RICH/" "Mozilla/5.0 (Macintosh; Intel Mac OS X 10_15_7) AppleWebKit/537.36 (KHTML, like Gecko) Chrome/116.0.0.0 Safari/537.36"
146.95.32.89 - - [11/Oct/2023:14:53:49 -0400] "GET /RICH/image7.jpg HTTP/1.0" 200 568744 "https://www.richinc.org/RICH/" "Mozilla/5.0 (Macintosh; Intel Mac OS X 10_15_7) AppleWebKit/537.36 (KHTML, like Gecko) Chrome/116.0.0.0 Safari/537.36"
37.19.197.202 - - [11/Oct/2023:15:15:09 -0400] "GET /.env HTTP/1.0" 302 217 "-" "Mozilla/5.0 (Macintosh; Intel Mac OS X 10.15; rv:77.0) Gecko/20100101 Firefox/77.0"
109.169.85.38 - - [11/Oct/2023:15:58:56 -0400] "GET /RICH/ HTTP/1.0" 200 61623 "https://www.richinc.org/" "Mozilla/5.0 (Windows NT 10.0; Win64; x64) AppleWebKit/537.36 (KHTML, like Gecko, Foregenix) Chrome/91.0.4472.77 Safari/537.36"
109.169.85.38 - - [11/Oct/2023:15:58:57 -0400] "GET /RICH/js/popper.min.js HTTP/1.0" 200 20336 "https://www.richinc.org/RICH/" "Mozilla/5.0 (Windows NT 10.0; Win64; x64) AppleWebKit/537.36 (KHTML, like Gecko, Foregenix) Chrome/91.0.4472.77 Safari/537.36"
109.169.85.38 - - [11/Oct/2023:15:58:58 -0400] "GET /RICH/QueensImage.jpg HTTP/1.0" 200 675817 "https://www.richinc.org/RICH/" "Mozilla/5.0 (Windows NT 10.0; Win64; x64) AppleWebKit/537.36 (KHTML, like Gecko, Foregenix) Chrome/91.0.4472.77 Safari/537.36"
109.169.85.38 - - [11/Oct/2023:15:58:58 -0400] "GET /cdn-cgi/scripts/5c5dd728/cloudflare-static/email-decode.min.js HTTP/1.0" 302 275 "https://www.richinc.org/RICH/" "Mozilla/5.0 (Windows NT 10.0; Win64; x64) AppleWebKit/537.36 (KHTML, like Gecko, Foregenix) Chrome/91.0.4472.77 Safari/537.36"
109.169.85.38 - - [11/Oct/2023:15:58:59 -0400] "GET /RICH/cdn-cgi/scripts/5c5dd728/cloudflare-static/email-decode.min.js HTTP/1.0" 404 575 "https://www.richinc.org/RICH/" "Mozilla/5.0 (Windows NT 10.0; Win64; x64) AppleWebKit/537.36 (KHTML, like Gecko, Foregenix) Chrome/91.0.4472.77 Safari/537.36"
109.169.85.38 - - [11/Oct/2023:15:58:59 -0400] "GET /feed/ HTTP/1.0" 302 218 "-" "Mozilla/5.0 (Windows NT 10.0; Win64; x64) AppleWebKit/537.36 (KHTML, like Gecko, Foregenix) Chrome/91.0.4472.77 Safari/537.36"
109.169.85.38 - - [11/Oct/2023:15:58:58 -0400] "GET /RICH/Image4.jpg HTTP/1.0" 200 2910175 "https://www.richinc.org/RICH/" "Mozilla/5.0 (Windows NT 10.0; Win64; x64) AppleWebKit/537.36 (KHTML, like Gecko, Foregenix) Chrome/91.0.4472.77 Safari/537.36"
109.169.85.38 - - [11/Oct/2023:15:59:03 -0400] "GET /js/win_op.js HTTP/1.0" 403 261 "-" "Mozilla/5.0 (Windows NT 10.0; Win64; x64) AppleWebKit/537.36 (KHTML, like Gecko, Foregenix) Chrome/91.0.4472.77 Safari/537.36"
66.249.66.42 - - [11/Oct/2023:17:47:44 -0400] "GET / HTTP/1.0" 302 213 "-" "Mozilla/5.0 (compatible; Googlebot/2.1; +http://www.google.com/bot.html)"
66.249.66.199 - - [11/Oct/2023:18:40:42 -0400] "GET /RICH/robots.txt HTTP/1.0" 404 575 "-" "Mozilla/5.0 (compatible; Googlebot/2.1; +http://www.google.com/bot.html)"
66.249.66.199 - - [11/Oct/2023:18:40:42 -0400] "GET /RICH/ HTTP/1.0" 200 61623 "-" "Mozilla/5.0 (compatible; Googlebot/2.1; +http://www.google.com/bot.html)"
17.246.15.236 - - [11/Oct/2023:19:36:23 -0400] "GET /RICH/css/owl.carousel.min.css HTTP/1.0" 200 2936 "https://www.richinc.org/RICH/parents-investment-alliance.html" "Mozilla/5.0 (Macintosh; Intel Mac OS X 10_15_5) AppleWebKit/605.1.15 (KHTML, like Gecko) Version/13.1.1 Safari/605.1.15 (Applebot/0.1; +http://www.apple.com/go/applebot)"
66.249.66.198 - - [11/Oct/2023:22:34:58 -0400] "GET /RICH/mission.html HTTP/1.0" 200 18383 "-" "Mozilla/5.0 (Linux; Android 6.0.1; Nexus 5X Build/MMB29P) AppleWebKit/537.36 (KHTML, like Gecko) Chrome/117.0.5938.132 Mobile Safari/537.36 (compatible; Googlebot/2.1; +http://www.google.com/bot.html)"
66.249.66.199 - - [11/Oct/2023:23:07:23 -0400] "POST /RICH/php/UsersRICH.php HTTP/1.0" 200 - "https://www.richinc.org/RICH/partnership-opportunities.html" "Mozilla/5.0 (Linux; Android 6.0.1; Nexus 5X Build/MMB29P) AppleWebKit/537.36 (KHTML, like Gecko) Chrome/117.0.5938.132 Mobile Safari/537.36 (compatible; Googlebot/2.1; +http://www.google.com/bot.html)"
66.249.66.199 - - [11/Oct/2023:23:37:29 -0400] "GET /RICH/campaign1.html HTTP/1.0" 200 43649 "-" "Mozilla/5.0 (compatible; Googlebot/2.1; +http://www.google.com/bot.html)"
