134.249.36.118 - - [20/Jun/2014:09:32:40 -0400] "GET /discussion/ucp.php?mode=confirm&confirm_id=1d68ba36dc16adedbcf0a09e458c8d06&type=1 HTTP/1.0" 200 4561 "http://richinc.org/discussion/ucp.php?mode=register&sid=4b06236cc312a71466381e58a51a88d9" "Mozilla/5.0 (Windows NT 6.1; rv:27.0) Gecko/20100101 Firefox/27.0"
130.211.159.226 - - [20/Jun/2014:10:13:46 -0400] "GET / HTTP/1.0" 200 1197 "-" "NerdyBot"
110.82.157.225 - - [20/Jun/2014:05:27:00 -0400] "GET /blog HTTP/1.1" 301 232 "-" "Mozilla/5.0 (Windows NT 6.1; rv:26.0) Gecko/20100101 Firefox/26.0"
107.170.88.90 - - [20/Jun/2014:14:28:06 -0400] "GET / HTTP/1.1" 200 1197 "-" "Comodo-Webinspector-Crawler 2.2.1, http://www.comodorobot.com"
134.249.36.118 - - [20/Jun/2014:09:33:04 -0400] "GET /discussion/ucp.php?mode=confirm&confirm_id=1d68ba36dc16adedbcf0a09e458c8d06&type=1 HTTP/1.0" 200 5965 "http://richinc.org/discussion/ucp.php?mode=register&sid=4b06236cc312a71466381e58a51a88d9" "Mozilla/5.0 (Windows NT 6.1; rv:27.0) Gecko/20100101 Firefox/27.0"
202.46.63.61 - - [20/Jun/2014:00:46:05 -0400] "GET /blog/wp-content/plugins/video-embed-thumbnail-generator/video-js/kg-video-js-skin.css?ver=4.29 HTTP/1.1" 200 21272 "-" "Mozilla/5.0 (Windows; U; Windows NT 5.1; zh-CN; rv:1.9.1.2) Firefox/3.5.2"
199.30.20.6 - - [20/Jun/2014:03:52:35 -0400] "GET /img/poweredbyCU.jpg HTTP/1.1" 200 6076 "-" "msnbot-media/1.1 (+http://search.msn.com/msnbot.htm)"
89.146.137.138 - - [20/Jun/2014:15:06:19 -0400] "GET /blog/wp-content/themes/jeans/style.css HTTP/1.1" 200 19591 "http://richinc.org/blog/" "Mozilla/5.0 (Windows NT 6.1; WOW64) AppleWebKit/537.36 (KHTML, like Gecko) Chrome/32.0.1700.107 Safari/537.36"
89.146.137.138 - - [20/Jun/2014:15:06:20 -0400] "GET /blog/wp-content/plugins/video-embed-thumbnail-generator/css/kgvid_styles.css?ver=4.29 HTTP/1.1" 200 8487 "http://richinc.org/blog/" "Mozilla/5.0 (Windows NT 6.1; WOW64) AppleWebKit/537.36 (KHTML, like Gecko) Chrome/32.0.1700.107 Safari/537.36"
89.146.137.138 - - [20/Jun/2014:15:06:20 -0400] "GET /blog/wp-includes/js/jquery/jquery.js?ver=3.8.3 HTTP/1.1" 200 93085 "http://richinc.org/blog/" "Mozilla/5.0 (Windows NT 6.1; WOW64) AppleWebKit/537.36 (KHTML, like Gecko) Chrome/32.0.1700.107 Safari/537.36"
89.146.137.138 - - [20/Jun/2014:15:06:23 -0400] "GET /blog/wp-content/plugins/opentok-video-chat/resources/chat/opentok-utils.js?ver=1.0.3 HTTP/1.1" 200 33124 "http://richinc.org/blog/" "Mozilla/5.0 (Windows NT 6.1; WOW64) AppleWebKit/537.36 (KHTML, like Gecko) Chrome/32.0.1700.107 Safari/537.36"
89.146.137.138 - - [20/Jun/2014:15:06:24 -0400] "GET /blog/wp-content/plugins/events-calendar/css/ec-tooltips.css HTTP/1.1" 200 1548 "http://richinc.org/blog/" "Mozilla/5.0 (Windows NT 6.1; WOW64) AppleWebKit/537.36 (KHTML, like Gecko) Chrome/32.0.1700.107 Safari/537.36"
89.146.137.138 - - [20/Jun/2014:15:06:24 -0400] "GET /blog/wp-content/plugins/wp-photo-album-plus/images/clock.png HTTP/1.1" 200 2716 "http://richinc.org/blog/" "Mozilla/5.0 (Windows NT 6.1; WOW64) AppleWebKit/537.36 (KHTML, like Gecko) Chrome/32.0.1700.107 Safari/537.36"
89.146.137.138 - - [20/Jun/2014:15:06:25 -0400] "GET /blog/wp-content/uploads/2014/03/header_3.jpg HTTP/1.1" 200 74197 "http://richinc.org/blog/" "Mozilla/5.0 (Windows NT 6.1; WOW64) AppleWebKit/537.36 (KHTML, like Gecko) Chrome/32.0.1700.107 Safari/537.36"
100.43.81.130 - - [20/Jun/2014:18:17:52 -0400] "GET / HTTP/1.1" 200 1197 "-" "Mozilla/5.0 (compatible; YandexBot/3.0; +http://yandex.com/bots)"
54.80.66.146 - - [20/Jun/2014:23:07:02 -0400] "GET /blog/2012/03/23/parent-investment-alliance-pia-worhshop-saturday-march-24-2012/ HTTP/1.1" 200 30614 "-" "Mozilla/5.0 (compatible; linkdexbot/2.0; +http://www.linkdex.com/bots/)"
68.180.224.228 - - [20/Jun/2014:01:33:44 -0400] "GET / HTTP/1.1" 200 1197 "-" "Mozilla/5.0 (compatible; Yahoo! Slurp; http://help.yahoo.com/help/us/ysearch/slurp)"
10.30.72.4 - - [20/Jun/2014:01:40:07 -0400] "POST /blog/wp-cron.php?doing_wp_cron=1403242785.2562379837036132812500 HTTP/1.0" 200 - "-" "WordPress/3.8.3; http://richinc.org/blog"
199.30.20.6 - - [20/Jun/2014:03:52:35 -0400] "GET /robots.txt HTTP/1.1" 200 624 "-" "msnbot-media/1.1 (+http://search.msn.com/msnbot.htm)"
89.146.137.138 - - [20/Jun/2014:15:06:19 -0400] "GET /blog/wp-content/plugins/mtouch-quiz/mtq_theme_style.min.css?ver=3.0.6 HTTP/1.1" 200 19965 "http://richinc.org/blog/" "Mozilla/5.0 (Windows NT 6.1; WOW64) AppleWebKit/537.36 (KHTML, like Gecko) Chrome/32.0.1700.107 Safari/537.36"
89.146.137.138 - - [20/Jun/2014:15:06:20 -0400] "GET /blog/wp-content/plugins/opentok-video-chat/resources/chat/opentok.css?ver=1.0.3 HTTP/1.1" 200 20649 "http://richinc.org/blog/" "Mozilla/5.0 (Windows NT 6.1; WOW64) AppleWebKit/537.36 (KHTML, like Gecko) Chrome/32.0.1700.107 Safari/537.36"
87.255.57.169 - - [20/Jun/2014:19:24:35 -0400] "POST /blog/wp-login.php HTTP/1.1" 200 5437 "http://richinc.org/blog/wp-login.php" "Mozilla/5.0 (Windows NT 6.1; WOW64) AppleWebKit/537.36 (KHTML, like Gecko) Chrome/33.0.1750.154 Safari/537.36"
208.115.113.92 - - [20/Jun/2014:08:36:57 -0400] "GET /Dear-Ernie-Banks-by-Tyler-L.php HTTP/1.1" 302 710 "-" "Mozilla/5.0 (compatible; DotBot/1.1; http://www.opensiteexplorer.org/dotbot, help@moz.com)"
157.55.39.245 - - [20/Jun/2014:01:06:40 -0400] "GET /blog/wp-content/plugins/mtouch-quiz/script.min.js?ver=3.0.6 HTTP/1.1" 200 35180 "-" "Mozilla/5.0 (compatible; bingbot/2.0; +http://www.bing.com/bingbot.htm)"
157.55.39.245 - - [20/Jun/2014:01:06:40 -0400] "GET /blog/wp-content/plugins/events-calendar/css/events-calendar.css HTTP/1.1" 200 4144 "-" "Mozilla/5.0 (compatible; bingbot/2.0; +http://www.bing.com/bingbot.htm)"
157.55.39.245 - - [20/Jun/2014:01:06:40 -0400] "GET /blog/wp-content/plugins/events-calendar/js/jquery.bgiframe.js?ver=2.1 HTTP/1.1" 200 5044 "-" "Mozilla/5.0 (compatible; bingbot/2.0; +http://www.bing.com/bingbot.htm)"
157.55.39.245 - - [20/Jun/2014:01:06:40 -0400] "GET /blog/wp-content/plugins/revslider/rs-plugin/css/captions.css?ver=3.8.3 HTTP/1.1" 200 4212 "-" "Mozilla/5.0 (compatible; bingbot/2.0; +http://www.bing.com/bingbot.htm)"
157.55.39.245 - - [20/Jun/2014:01:06:40 -0400] "GET /blog/wp-content/plugins/video-embed-thumbnail-generator/css/kgvid_styles.css?ver=4.29 HTTP/1.1" 200 8487 "-" "Mozilla/5.0 (compatible; bingbot/2.0; +http://www.bing.com/bingbot.htm)"
157.55.39.245 - - [20/Jun/2014:01:06:40 -0400] "GET /blog/wp-content/plugins/video-embed-thumbnail-generator/js/kgvid_video_embed.js?ver=4.29 HTTP/1.1" 200 10448 "-" "Mozilla/5.0 (compatible; bingbot/2.0; +http://www.bing.com/bingbot.htm)"
157.55.39.245 - - [20/Jun/2014:01:06:40 -0400] "GET /blog/wp-content/plugins/video-embed-thumbnail-generator/video-js/video.js?ver=4.3.0 HTTP/1.1" 200 55392 "-" "Mozilla/5.0 (compatible; bingbot/2.0; +http://www.bing.com/bingbot.htm)"
157.55.39.245 - - [20/Jun/2014:01:06:41 -0400] "GET /blog/wp-content/plugins/wp-photo-album-plus/theme/wppa-style.css?ver=5-2-10-000 HTTP/1.1" 200 8522 "-" "Mozilla/5.0 (compatible; bingbot/2.0; +http://www.bing.com/bingbot.htm)"
157.55.39.245 - - [20/Jun/2014:01:06:41 -0400] "GET /blog/wp-content/plugins/video-embed-thumbnail-generator/video-js/video-js.css?ver=4.3.0 HTTP/1.1" 200 11451 "-" "Mozilla/5.0 (compatible; bingbot/2.0; +http://www.bing.com/bingbot.htm)"
89.146.137.138 - - [20/Jun/2014:15:06:25 -0400] "GET /blog/wp-content/uploads/2014/03/header_4.jpg HTTP/1.1" 200 81528 "http://richinc.org/blog/" "Mozilla/5.0 (Windows NT 6.1; WOW64) AppleWebKit/537.36 (KHTML, like Gecko) Chrome/32.0.1700.107 Safari/537.36"
89.146.137.138 - - [20/Jun/2014:15:06:26 -0400] "GET /blog/wp-content/uploads/2012/01/homeIconsMultimedia2.png HTTP/1.1" 200 44063 "http://richinc.org/blog/" "Mozilla/5.0 (Windows NT 6.1; WOW64) AppleWebKit/537.36 (KHTML, like Gecko) Chrome/32.0.1700.107 Safari/537.36"
89.146.137.138 - - [20/Jun/2014:15:06:28 -0400] "GET /blog/wp-content/themes/jeans/images/showSidebar.png HTTP/1.1" 200 2838 "http://richinc.org/blog/" "Mozilla/5.0 (Windows NT 6.1; WOW64) AppleWebKit/537.36 (KHTML, like Gecko) Chrome/32.0.1700.107 Safari/537.36"
89.146.137.138 - - [20/Jun/2014:15:06:29 -0400] "GET /blog/wp-content/themes/jeans/images/content_bg.png HTTP/1.1" 200 126 "http://richinc.org/blog/" "Mozilla/5.0 (Windows NT 6.1; WOW64) AppleWebKit/537.36 (KHTML, like Gecko) Chrome/32.0.1700.107 Safari/537.36"
89.146.137.138 - - [20/Jun/2014:15:06:29 -0400] "GET /blog/wp-content/themes/jeans/images/content_bot.png HTTP/1.1" 200 6017 "http://richinc.org/blog/" "Mozilla/5.0 (Windows NT 6.1; WOW64) AppleWebKit/537.36 (KHTML, like Gecko) Chrome/32.0.1700.107 Safari/537.36"
180.76.6.49 - - [20/Jun/2014:18:51:14 -0400] "GET /administration/ HTTP/1.1" 302 210 "-" "Mozilla/5.0 (compatible; Baiduspider/2.0; +http://www.baidu.com/search/spider.html)"
157.55.39.245 - - [20/Jun/2014:01:06:14 -0400] "GET /robots.txt HTTP/1.1" 200 624 "-" "Mozilla/5.0 (compatible; bingbot/2.0; +http://www.bing.com/bingbot.htm)"
110.82.157.225 - - [20/Jun/2014:05:45:47 -0400] "GET /blog HTTP/1.1" 301 232 "-" "Mozilla/5.0 (Windows NT 6.1; rv:26.0) Gecko/20100101 Firefox/26.0"
50.163.36.107 - - [20/Jun/2014:18:18:52 -0400] "GET /favicon.ico HTTP/1.1" 302 210 "-" "Mozilla/5.0 (Windows NT 6.1; WOW64) AppleWebKit/537.36 (KHTML, like Gecko) Chrome/35.0.1916.153 Safari/537.36"
50.163.36.107 - - [20/Jun/2014:18:18:52 -0400] "GET /404.php HTTP/1.1" 200 272 "-" "Mozilla/5.0 (Windows NT 6.1; WOW64) AppleWebKit/537.36 (KHTML, like Gecko) Chrome/35.0.1916.153 Safari/537.36"
50.163.36.107 - - [20/Jun/2014:18:18:55 -0400] "GET /blog/?opentok-state=1&_wpnonce=fba09588f2 HTTP/1.1" 200 108 "http://richinc.org/blog/opportunities/" "Mozilla/5.0 (Windows NT 6.1; WOW64) AppleWebKit/537.36 (KHTML, like Gecko) Chrome/35.0.1916.153 Safari/537.36"
178.255.215.65 - - [20/Jun/2014:23:07:39 -0400] "GET /robots.txt HTTP/1.1" 200 624 "-" "Mozilla/5.0 (compatible; Exabot/3.0; +http://www.exabot.com/go/robot)"
134.249.36.118 - - [20/Jun/2014:09:33:32 -0400] "GET /discussion/ucp.php?mode=confirm&confirm_id=1d68ba36dc16adedbcf0a09e458c8d06&type=1 HTTP/1.0" 200 5240 "http://richinc.org/discussion/ucp.php?mode=register&sid=4b06236cc312a71466381e58a51a88d9" "Mozilla/5.0 (Windows NT 6.1; rv:27.0) Gecko/20100101 Firefox/27.0"
134.249.36.118 - - [20/Jun/2014:09:33:43 -0400] "GET /discussion/ucp.php?mode=confirm&confirm_id=1d68ba36dc16adedbcf0a09e458c8d06&type=1 HTTP/1.0" 200 5711 "http://richinc.org/discussion/ucp.php?mode=register&sid=4b06236cc312a71466381e58a51a88d9" "Mozilla/5.0 (Windows NT 6.1; rv:27.0) Gecko/20100101 Firefox/27.0"
157.55.39.184 - - [20/Jun/2014:01:07:38 -0400] "GET /blog/wp-content/plugins/mtouch-quiz/mtq_theme_style.min.css?ver=3.0.6 HTTP/1.1" 200 19965 "-" "Mozilla/5.0 (compatible; bingbot/2.0; +http://www.bing.com/bingbot.htm)"
157.55.39.184 - - [20/Jun/2014:01:07:38 -0400] "GET /blog/wp-content/plugins/opentok-video-chat/resources/chat/analytics.js?ver=3.8.3 HTTP/1.1" 200 1486 "-" "Mozilla/5.0 (compatible; bingbot/2.0; +http://www.bing.com/bingbot.htm)"
157.55.39.184 - - [20/Jun/2014:01:07:38 -0400] "GET /blog/wp-content/plugins/opentok-video-chat/resources/chat/opentok-utils.js?ver=1.0.3 HTTP/1.1" 200 33124 "-" "Mozilla/5.0 (compatible; bingbot/2.0; +http://www.bing.com/bingbot.htm)"
157.55.39.184 - - [20/Jun/2014:01:07:38 -0400] "GET /blog/wp-content/plugins/thethe-image-slider/style/css/thethe-image-slider.css?ver=3.8.3 HTTP/1.1" 200 16689 "-" "Mozilla/5.0 (compatible; bingbot/2.0; +http://www.bing.com/bingbot.htm)"
157.55.39.184 - - [20/Jun/2014:01:07:38 -0400] "GET /blog/wp-content/plugins/thethe-image-slider/style/js/thethe-image-slider.js?ver=3.8.3 HTTP/1.1" 200 31873 "-" "Mozilla/5.0 (compatible; bingbot/2.0; +http://www.bing.com/bingbot.htm)"
157.55.39.184 - - [20/Jun/2014:01:07:39 -0400] "GET /blog/wp-includes/js/jquery/jquery-migrate.min.js?ver=1.2.1 HTTP/1.1" 200 7200 "-" "Mozilla/5.0 (compatible; bingbot/2.0; +http://www.bing.com/bingbot.htm)"
157.55.39.184 - - [20/Jun/2014:01:07:39 -0400] "GET /blog/wp-includes/js/swfobject.js?ver=2.2-20120417 HTTP/1.1" 200 10231 "-" "Mozilla/5.0 (compatible; bingbot/2.0; +http://www.bing.com/bingbot.htm)"
110.82.157.225 - - [20/Jun/2014:03:40:47 -0400] "GET /blog HTTP/1.1" 301 232 "http://richinc.org/blog/" "Mozilla/5.0 (Windows NT 6.1; rv:26.0) Gecko/20100101 Firefox/26.0"
86.51.26.18 - - [20/Jun/2014:03:41:29 -0400] "GET /discussion/ucp.php?mode=register HTTP/1.0" 200 10139 "http://richinc.org/discussion/ucp.php?mode=register" "Mozilla/5.0 (Windows NT 6.1; WOW64; rv:26.0) Gecko/20100101 Firefox/26.0"
150.70.173.50 - - [20/Jun/2014:20:58:16 -0400] "GET /blog/category/chairman/ HTTP/1.1" 200 42681 "-" "Mozilla/4.0 (compatible; MSIE 8.0; Windows NT 5.1; Trident/4.0)"
37.59.29.48 - - [20/Jun/2014:23:35:57 -0400] "POST /blog/wp-login.php HTTP/1.1" 200 5437 "http://richinc.org/blog/wp-login.php" "Mozilla/5.0 (Windows NT 6.1; WOW64) AppleWebKit/537.36 (KHTML, like Gecko) Chrome/33.0.1750.154 Safari/537.36"
134.249.36.118 - - [20/Jun/2014:09:31:35 -0400] "GET /discussion/ HTTP/1.0" 200 14034 "http://richinc.org/discussion/" "Mozilla/5.0 (Windows NT 6.1; rv:27.0) Gecko/20100101 Firefox/27.0"
134.249.36.118 - - [20/Jun/2014:09:31:59 -0400] "GET /discussion/ucp.php?mode=confirm&confirm_id=1d68ba36dc16adedbcf0a09e458c8d06&type=1 HTTP/1.0" 200 8046 "http://richinc.org/discussion/ucp.php?mode=register&sid=4b06236cc312a71466381e58a51a88d9" "Mozilla/5.0 (Windows NT 6.1; rv:27.0) Gecko/20100101 Firefox/27.0"
134.249.36.118 - - [20/Jun/2014:09:32:17 -0400] "GET /discussion/ucp.php?mode=confirm&confirm_id=1d68ba36dc16adedbcf0a09e458c8d06&type=1 HTTP/1.0" 200 7213 "http://richinc.org/discussion/ucp.php?mode=register&sid=4b06236cc312a71466381e58a51a88d9" "Mozilla/5.0 (Windows NT 6.1; rv:27.0) Gecko/20100101 Firefox/27.0"
134.249.36.118 - - [20/Jun/2014:09:33:26 -0400] "POST /discussion/ucp.php?mode=register HTTP/1.0" 200 16538 "http://richinc.org/discussion/ucp.php?mode=register&sid=4b06236cc312a71466381e58a51a88d9" "Mozilla/5.0 (Windows NT 6.1; rv:27.0) Gecko/20100101 Firefox/27.0"
157.55.39.246 - - [20/Jun/2014:02:33:08 -0400] "GET / HTTP/1.1" 200 1197 "-" "Mozilla/5.0 (compatible; bingbot/2.0; +http://www.bing.com/bingbot.htm)"
180.76.5.59 - - [20/Jun/2014:04:57:56 -0400] "GET /blog/wp-content/plugins/revslider/rs-plugin/js/jquery.themepunch.revolution.min.js HTTP/1.1" 200 56235 "-" "Mozilla/5.0 (compatible; Baiduspider/2.0; +http://www.baidu.com/search/spider.html)"
66.249.65.96 - - [20/Jun/2014:18:43:17 -0400] "GET /robots.txt HTTP/1.1" 301 237 "-" "Mozilla/5.0 (compatible; Googlebot/2.1; +http://www.google.com/bot.html)"
10.30.72.4 - - [20/Jun/2014:09:08:14 -0400] "POST /blog/wp-cron.php?doing_wp_cron=1403269671.9388880729675292968750 HTTP/1.0" 200 - "-" "WordPress/3.8.3; http://richinc.org/blog"
202.46.51.61 - - [20/Jun/2014:00:20:31 -0400] "GET /Dear-Ernie-Banks-by-Tyler-L.php HTTP/1.1" 302 710 "-" "Mozilla/5.0 (Windows; U; Windows NT 5.1; zh-CN; rv:1.9.1.2) Firefox/3.5.2"
46.39.230.249 - - [20/Jun/2014:01:23:54 -0400] "GET http://richinc.org/discussion/ucp.php?mode=register HTTP/1.0" 200 10139 "http://richinc.org/discussion/ucp.php?mode=register" "Mozilla/5.0 (Windows NT 6.1) AppleWebKit/537.36 (KHTML, like Gecko) Chrome/33.0.1750.117 Safari/537.36"
199.30.25.85 - - [20/Jun/2014:02:07:31 -0400] "GET /blog/wp-content/plugins/events-calendar/css/ec-tooltips.css HTTP/1.1" 200 1548 "http://richinc.org/blog/2012/01/12/dr-gerald-w-deas/" "Mozilla/5.0 (Windows NT 6.1; WOW64) AppleWebKit/534+ (KHTML, like Gecko) BingPreview/1.0b"
199.30.25.85 - - [20/Jun/2014:02:07:33 -0400] "GET /blog/wp-content/plugins/wp-photo-album-plus/images/tick.png HTTP/1.1" 200 896 "http://richinc.org/blog/2012/01/12/dr-gerald-w-deas/" "Mozilla/5.0 (Windows NT 6.1; WOW64) AppleWebKit/534+ (KHTML, like Gecko) BingPreview/1.0b"
199.30.25.85 - - [20/Jun/2014:02:07:33 -0400] "GET /blog/wp-content/themes/jeans/images/content_bg.png HTTP/1.1" 200 126 "http://richinc.org/blog/2012/01/12/dr-gerald-w-deas/" "Mozilla/5.0 (Windows NT 6.1; WOW64) AppleWebKit/534+ (KHTML, like Gecko) BingPreview/1.0b"
199.30.25.85 - - [20/Jun/2014:02:07:34 -0400] "GET /blog/wp-content/themes/jeans/images/sidebarTitle.jpg HTTP/1.1" 200 2538 "http://richinc.org/blog/2012/01/12/dr-gerald-w-deas/" "Mozilla/5.0 (Windows NT 6.1; WOW64) AppleWebKit/534+ (KHTML, like Gecko) BingPreview/1.0b"
199.30.25.85 - - [20/Jun/2014:02:07:35 -0400] "GET /blog/wp-content/themes/jeans/images/content_bot.png HTTP/1.1" 200 6017 "http://richinc.org/blog/2012/01/12/dr-gerald-w-deas/" "Mozilla/5.0 (Windows NT 6.1; WOW64) AppleWebKit/534+ (KHTML, like Gecko) BingPreview/1.0b"
199.30.25.85 - - [20/Jun/2014:02:07:36 -0400] "GET /blog/wp-content/plugins/revslider/rs-plugin/assets/small_left.png HTTP/1.1" 200 670 "http://richinc.org/blog/2012/01/12/dr-gerald-w-deas/" "Mozilla/5.0 (Windows NT 6.1; WOW64) AppleWebKit/534+ (KHTML, like Gecko) BingPreview/1.0b"
110.82.157.225 - - [20/Jun/2014:03:40:27 -0400] "GET /blog/ HTTP/1.1" 200 29015 "http://richinc.org/blog" "Mozilla/5.0 (Windows NT 6.1; rv:26.0) Gecko/20100101 Firefox/26.0"
110.82.157.225 - - [20/Jun/2014:05:45:47 -0400] "GET /blog/ HTTP/1.1" 200 29015 "http://richinc.org/blog" "Mozilla/5.0 (Windows NT 6.1; rv:26.0) Gecko/20100101 Firefox/26.0"
110.82.157.225 - - [20/Jun/2014:05:45:52 -0400] "GET /blog HTTP/1.1" 301 232 "http://richinc.org/blog/" "Mozilla/5.0 (Windows NT 6.1; rv:26.0) Gecko/20100101 Firefox/26.0"
183.60.215.43 - - [20/Jun/2014:22:31:01 -0400] "GET /blog/2012/01/12/congressional-awardee-dr-gloria-black-recognized-in-rich-local-visionary-leadership-project/ HTTP/1.1" 200 26574 "-" "Mozilla/5.0 (compatible; EasouSpider; +http://www.easou.com/search/spider.html)"
10.30.72.4 - - [20/Jun/2014:00:05:01 -0400] "POST /blog/wp-cron.php?doing_wp_cron=1403237101.2826480865478515625000 HTTP/1.0" 200 - "-" "WordPress/3.8.3; http://richinc.org/blog"
10.30.72.4 - - [20/Jun/2014:13:38:45 -0400] "POST /blog/wp-cron.php?doing_wp_cron=1403285925.9530539512634277343750 HTTP/1.0" 200 - "-" "WordPress/3.8.3; http://richinc.org/blog"
89.146.137.138 - - [20/Jun/2014:15:06:19 -0400] "GET /blog/wp-content/themes/jeans/js/sidebar.js HTTP/1.1" 200 442 "http://richinc.org/blog/" "Mozilla/5.0 (Windows NT 6.1; WOW64) AppleWebKit/537.36 (KHTML, like Gecko) Chrome/32.0.1700.107 Safari/537.36"
89.146.137.138 - - [20/Jun/2014:15:06:19 -0400] "GET /blog/wp-content/plugins/player/js/jquery-ui.css?ver=3.8.3 HTTP/1.1" 200 31584 "http://richinc.org/blog/" "Mozilla/5.0 (Windows NT 6.1; WOW64) AppleWebKit/537.36 (KHTML, like Gecko) Chrome/32.0.1700.107 Safari/537.36"
89.146.137.138 - - [20/Jun/2014:15:06:20 -0400] "GET /blog/wp-content/plugins/wp-photo-album-plus/wppa.min.js?ver=5-2-10-000 HTTP/1.1" 200 72719 "http://richinc.org/blog/" "Mozilla/5.0 (Windows NT 6.1; WOW64) AppleWebKit/537.36 (KHTML, like Gecko) Chrome/32.0.1700.107 Safari/537.36"
89.146.137.138 - - [20/Jun/2014:15:06:21 -0400] "GET /blog/wp-content/plugins/revslider/rs-plugin/js/jquery.themepunch.plugins.min.js?ver=3.8.3 HTTP/1.1" 200 17331 "http://richinc.org/blog/" "Mozilla/5.0 (Windows NT 6.1; WOW64) AppleWebKit/537.36 (KHTML, like Gecko) Chrome/32.0.1700.107 Safari/537.36"
89.146.137.138 - - [20/Jun/2014:15:06:22 -0400] "GET /blog/wp-content/plugins/video-embed-thumbnail-generator/js/kgvid_video_embed.js?ver=4.29 HTTP/1.1" 200 10448 "http://richinc.org/blog/" "Mozilla/5.0 (Windows NT 6.1; WOW64) AppleWebKit/537.36 (KHTML, like Gecko) Chrome/32.0.1700.107 Safari/537.36"
89.146.137.138 - - [20/Jun/2014:15:06:23 -0400] "GET /blog/wp-content/plugins/opentok-video-chat/resources/chat/opentok.js?ver=1.0.3 HTTP/1.1" 200 5144 "http://richinc.org/blog/" "Mozilla/5.0 (Windows NT 6.1; WOW64) AppleWebKit/537.36 (KHTML, like Gecko) Chrome/32.0.1700.107 Safari/537.36"
89.146.137.138 - - [20/Jun/2014:15:06:23 -0400] "GET /blog/wp-content/plugins/events-calendar/css/events-calendar.css HTTP/1.1" 200 4144 "http://richinc.org/blog/" "Mozilla/5.0 (Windows NT 6.1; WOW64) AppleWebKit/537.36 (KHTML, like Gecko) Chrome/32.0.1700.107 Safari/537.36"
89.146.137.138 - - [20/Jun/2014:15:06:24 -0400] "GET /blog/wp-content/uploads/2013/01/backgr21.jpg HTTP/1.1" 200 82445 "http://richinc.org/blog/" "Mozilla/5.0 (Windows NT 6.1; WOW64) AppleWebKit/537.36 (KHTML, like Gecko) Chrome/32.0.1700.107 Safari/537.36"
89.146.137.138 - - [20/Jun/2014:15:06:26 -0400] "GET /blog/wp-content/uploads/2012/01/line3.png HTTP/1.1" 200 256 "http://richinc.org/blog/" "Mozilla/5.0 (Windows NT 6.1; WOW64) AppleWebKit/537.36 (KHTML, like Gecko) Chrome/32.0.1700.107 Safari/537.36"
89.146.137.138 - - [20/Jun/2014:15:06:26 -0400] "GET /blog/wp-content/uploads/2012/01/homeIconsGraduate2.png HTTP/1.1" 200 35394 "http://richinc.org/blog/" "Mozilla/5.0 (Windows NT 6.1; WOW64) AppleWebKit/537.36 (KHTML, like Gecko) Chrome/32.0.1700.107 Safari/537.36"
89.146.137.138 - - [20/Jun/2014:15:06:27 -0400] "GET /blog/wp-content/uploads/2012/01/homeIconsPIA1.png HTTP/1.1" 200 51404 "http://richinc.org/blog/" "Mozilla/5.0 (Windows NT 6.1; WOW64) AppleWebKit/537.36 (KHTML, like Gecko) Chrome/32.0.1700.107 Safari/537.36"
89.146.137.138 - - [20/Jun/2014:15:06:28 -0400] "GET /blog/wp-content/uploads/2012/01/mccreary1.jpg HTTP/1.1" 200 13777 "http://richinc.org/blog/" "Mozilla/5.0 (Windows NT 6.1; WOW64) AppleWebKit/537.36 (KHTML, like Gecko) Chrome/32.0.1700.107 Safari/537.36"
89.146.137.138 - - [20/Jun/2014:15:06:28 -0400] "GET /img/poweredbyCU.jpg HTTP/1.1" 200 6076 "http://richinc.org/blog/" "Mozilla/5.0 (Windows NT 6.1; WOW64) AppleWebKit/537.36 (KHTML, like Gecko) Chrome/32.0.1700.107 Safari/537.36"
208.115.113.82 - - [20/Jun/2014:15:38:23 -0400] "GET /blog/rich-photo-gallery/?wppa-album=1&wppa-cover=0&wppa-occur=1 HTTP/1.1" 200 33881 "-" "Mozilla/5.0 (compatible; DotBot/1.1; http://www.opensiteexplorer.org/dotbot, help@moz.com)"
202.46.61.36 - - [20/Jun/2014:18:49:43 -0400] "GET /blog/what-we-do/ HTTP/1.1" 301 - "-" "Mozilla/5.0 (Windows; U; Windows NT 5.1; zh-CN; rv:1.9.1.2) Firefox/3.5.2"
180.76.5.74 - - [20/Jun/2014:22:39:37 -0400] "GET /blog/wp-includes/js/comment-reply.min.js HTTP/1.1" 200 757 "-" "Mozilla/5.0 (compatible; Baiduspider/2.0; +http://www.baidu.com/search/spider.html)"
180.76.6.144 - - [20/Jun/2014:10:39:57 -0400] "GET /blog/rich-photo-gallery/ HTTP/1.1" 200 35561 "-" "Mozilla/5.0 (compatible; Baiduspider/2.0; +http://www.baidu.com/search/spider.html)"
199.30.25.85 - - [20/Jun/2014:02:07:33 -0400] "GET /blog/wp-content/plugins/wp-photo-album-plus/images/clock.png HTTP/1.1" 200 2716 "http://richinc.org/blog/2012/01/12/dr-gerald-w-deas/" "Mozilla/5.0 (Windows NT 6.1; WOW64) AppleWebKit/534+ (KHTML, like Gecko) BingPreview/1.0b"
199.30.25.85 - - [20/Jun/2014:02:07:35 -0400] "GET /blog/wp-content/plugins/revslider/rs-plugin/assets/loader.gif HTTP/1.1" 200 2545 "http://richinc.org/blog/2012/01/12/dr-gerald-w-deas/" "Mozilla/5.0 (Windows NT 6.1; WOW64) AppleWebKit/534+ (KHTML, like Gecko) BingPreview/1.0b"
199.30.25.85 - - [20/Jun/2014:02:07:36 -0400] "GET /blog/wp-content/plugins/revslider/rs-plugin/assets/small_right.png HTTP/1.1" 200 668 "http://richinc.org/blog/2012/01/12/dr-gerald-w-deas/" "Mozilla/5.0 (Windows NT 6.1; WOW64) AppleWebKit/534+ (KHTML, like Gecko) BingPreview/1.0b"
183.60.52.11 - - [20/Jun/2014:05:44:05 -0400] "GET /http://206.188.192.65/blog/wp-login.php HTTP/1.1" 302 710 "http://url.cn/LGRbkn" "Mozilla/4.0 (compatible; MSIE 7.0; Windows NT 5.1)"
157.55.39.245 - - [20/Jun/2014:06:23:52 -0400] "GET /guest_book.html HTTP/1.1" 302 210 "-" "Mozilla/5.0 (compatible; bingbot/2.0; +http://www.bing.com/bingbot.htm)"
66.249.65.161 - - [20/Jun/2014:18:43:18 -0400] "GET /robots.txt HTTP/1.1" 200 624 "-" "Mozilla/5.0 (compatible; Googlebot/2.1; +http://www.google.com/bot.html)"
66.249.65.161 - - [20/Jun/2014:18:47:25 -0400] "GET /blog HTTP/1.1" 301 232 "-" "Mozilla/5.0 (compatible; Googlebot/2.1; +http://www.google.com/bot.html)"
180.76.6.158 - - [20/Jun/2014:19:30:06 -0400] "GET /blog/what-we-do/?wppa-album=2&wppa-photo=40&wppa-occur=1 HTTP/1.1" 200 92310 "-" "Mozilla/5.0 (compatible; Baiduspider/2.0; +http://www.baidu.com/search/spider.html)"
10.30.72.4 - - [20/Jun/2014:22:24:48 -0400] "POST /blog/wp-cron.php?doing_wp_cron=1403317487.9711790084838867187500 HTTP/1.0" 200 - "-" "WordPress/3.8.3; http://richinc.org/blog"
134.249.36.118 - - [20/Jun/2014:09:32:05 -0400] "POST /discussion/ucp.php?mode=register HTTP/1.0" 200 16429 "http://richinc.org/discussion/ucp.php?mode=register&sid=4b06236cc312a71466381e58a51a88d9" "Mozilla/5.0 (Windows NT 6.1; rv:27.0) Gecko/20100101 Firefox/27.0"
180.76.6.61 - - [20/Jun/2014:10:30:08 -0400] "GET /blog/2012/01/12/dear-ossie-davis-by-nija-woods/ HTTP/1.1" 200 31518 "-" "Mozilla/5.0 (compatible; Baiduspider/2.0; +http://www.baidu.com/search/spider.html)"
180.76.5.63 - - [20/Jun/2014:10:45:05 -0400] "GET /blog/wp-content/plugins/wp-members/css/wp-members.css?ver=3.8.3 HTTP/1.1" 200 5434 "-" "Mozilla/5.0 (compatible; Baiduspider/2.0; +http://www.baidu.com/search/spider.html)"
208.115.113.92 - - [20/Jun/2014:00:21:11 -0400] "GET /robots.txt HTTP/1.1" 200 624 "-" "Mozilla/5.0 (compatible; DotBot/1.1; http://www.opensiteexplorer.org/dotbot, help@moz.com)"
180.76.5.152 - - [20/Jun/2014:02:10:08 -0400] "GET /blog/contact-us/ HTTP/1.1" 200 24722 "-" "Mozilla/5.0 (compatible; Baiduspider/2.0; +http://www.baidu.com/search/spider.html)"
10.30.72.4 - - [20/Jun/2014:17:05:15 -0400] "POST /blog/wp-cron.php?doing_wp_cron=1403298292.5271670818328857421875 HTTP/1.0" 200 - "-" "WordPress/3.8.3; http://richinc.org/blog"
134.249.36.118 - - [20/Jun/2014:09:32:23 -0400] "POST /discussion/ucp.php?mode=register HTTP/1.0" 200 16429 "http://richinc.org/discussion/ucp.php?mode=register&sid=4b06236cc312a71466381e58a51a88d9" "Mozilla/5.0 (Windows NT 6.1; rv:27.0) Gecko/20100101 Firefox/27.0"
68.173.247.104 - - [20/Jun/2014:20:23:29 -0400] "GET /blog/wp-content/uploads/2014/03/header.jpg HTTP/1.1" 200 93604 "http://richinc.org/blog/" "Mozilla/5.0 (Macintosh; Intel Mac OS X 10_9_3) AppleWebKit/537.76.4 (KHTML, like Gecko) Version/7.0.4 Safari/537.76.4"
87.255.57.169 - - [20/Jun/2014:09:37:54 -0400] "POST /blog/wp-login.php HTTP/1.1" 200 5437 "http://richinc.org/blog/wp-login.php" "Mozilla/5.0 (Windows NT 6.1; WOW64) AppleWebKit/537.36 (KHTML, like Gecko) Chrome/33.0.1750.154 Safari/537.36"
157.55.39.70 - - [20/Jun/2014:09:58:48 -0400] "GET /blog/2012/01/12/dear-mr-ray-charles-by-taj-johnson/ HTTP/1.1" 200 28144 "-" "Mozilla/5.0 (compatible; bingbot/2.0; +http://www.bing.com/bingbot.htm)"
208.115.113.82 - - [20/Jun/2014:14:19:17 -0400] "GET /robots.txt HTTP/1.1" 200 624 "-" "Mozilla/5.0 (compatible; DotBot/1.1; http://www.opensiteexplorer.org/dotbot, help@moz.com)"
180.76.6.20 - - [20/Jun/2014:18:03:01 -0400] "GET /blog/rich-photo-gallery/?wppa-album=2&wppa-photo=21&wppa-occur=1 HTTP/1.1" 200 72866 "-" "Mozilla/5.0 (compatible; Baiduspider/2.0; +http://www.baidu.com/search/spider.html)"
66.249.65.187 - - [20/Jun/2014:18:43:18 -0400] "GET /robots.txt HTTP/1.1" 200 624 "-" "Mozilla/5.0 (compatible; Googlebot/2.1; +http://www.google.com/bot.html)"
157.55.39.6 - - [20/Jun/2014:08:03:59 -0400] "GET /reach_.html HTTP/1.1" 302 210 "-" "Mozilla/5.0 (compatible; bingbot/2.0; +http://www.bing.com/bingbot.htm)"
134.249.36.118 - - [20/Jun/2014:09:31:57 -0400] "POST /discussion/ucp.php?mode=register HTTP/1.0" 200 16278 "http://richinc.org/discussion/ucp.php?mode=register&sid=4b06236cc312a71466381e58a51a88d9" "Mozilla/5.0 (Windows NT 6.1; rv:27.0) Gecko/20100101 Firefox/27.0"
64.34.173.227 - - [20/Jun/2014:02:17:47 -0400] "POST /blog/wp-login.php HTTP/1.1" 200 5437 "http://richinc.org/blog/wp-login.php" "Mozilla/5.0 (Windows NT 6.1; WOW64) AppleWebKit/537.36 (KHTML, like Gecko) Chrome/33.0.1750.154 Safari/537.36"
202.46.48.101 - - [20/Jun/2014:21:12:02 -0400] "GET /blog/2014/02/27/dear-chuck-brown-by-christian-hernandez/ HTTP/1.1" 200 29166 "-" "Mozilla/5.0 (Windows NT 6.1; WOW64; rv:22.0) Gecko/20100101 Firefox/22.0"
134.249.36.118 - - [20/Jun/2014:09:34:29 -0400] "GET /discussion/ucp.php?mode=confirm&confirm_id=1d68ba36dc16adedbcf0a09e458c8d06&type=1 HTTP/1.0" 200 5881 "http://richinc.org/discussion/ucp.php?mode=register&sid=4b06236cc312a71466381e58a51a88d9" "Mozilla/5.0 (Windows NT 6.1; rv:27.0) Gecko/20100101 Firefox/27.0"
10.30.72.4 - - [20/Jun/2014:12:08:35 -0400] "POST /blog/wp-cron.php?doing_wp_cron=1403280515.0598680973052978515625 HTTP/1.0" 200 - "-" "WordPress/3.8.3; http://richinc.org/blog"
66.249.65.187 - - [20/Jun/2014:00:04:58 -0400] "GET /blog HTTP/1.1" 301 232 "-" "Mozilla/5.0 (compatible; Googlebot/2.1; +http://www.google.com/bot.html)"
37.59.29.48 - - [20/Jun/2014:00:06:29 -0400] "POST /blog/wp-login.php HTTP/1.1" 200 5437 "http://richinc.org/blog/wp-login.php" "Mozilla/5.0 (Windows NT 6.1; WOW64) AppleWebKit/537.36 (KHTML, like Gecko) Chrome/33.0.1750.154 Safari/537.36"
207.46.13.98 - - [20/Jun/2014:01:06:26 -0400] "GET /blog/wp-content/plugins/contus-hd-flv-player/js/swfobject.js HTTP/1.1" 200 10254 "-" "Mozilla/5.0 (compatible; bingbot/2.0; +http://www.bing.com/bingbot.htm)"
207.46.13.98 - - [20/Jun/2014:01:06:27 -0400] "GET /blog/wp-content/plugins/events-calendar/js/jquery.tooltip.min.js?ver=1.3 HTTP/1.1" 200 4553 "-" "Mozilla/5.0 (compatible; bingbot/2.0; +http://www.bing.com/bingbot.htm)"
207.46.13.98 - - [20/Jun/2014:01:06:27 -0400] "GET /blog/wp-content/plugins/flash-video-player/swfobject.js HTTP/1.1" 200 9759 "-" "Mozilla/5.0 (compatible; bingbot/2.0; +http://www.bing.com/bingbot.htm)"
207.46.13.98 - - [20/Jun/2014:01:06:27 -0400] "GET /blog/wp-content/plugins/mtouch-quiz/mtq_core_style.min.css?ver=3.0.6 HTTP/1.1" 200 6399 "-" "Mozilla/5.0 (compatible; bingbot/2.0; +http://www.bing.com/bingbot.htm)"
207.46.13.98 - - [20/Jun/2014:01:06:27 -0400] "GET /blog/wp-content/plugins/player/js/jquery.transit.js?ver=3.8.3 HTTP/1.1" 200 18842 "-" "Mozilla/5.0 (compatible; bingbot/2.0; +http://www.bing.com/bingbot.htm)"
207.46.13.98 - - [20/Jun/2014:01:06:27 -0400] "GET /blog/wp-content/plugins/opentok-video-chat/resources/chat/opentok.css?ver=1.0.3 HTTP/1.1" 200 20649 "-" "Mozilla/5.0 (compatible; bingbot/2.0; +http://www.bing.com/bingbot.htm)"
207.46.13.98 - - [20/Jun/2014:01:06:28 -0400] "GET /blog/wp-content/plugins/video-embed-thumbnail-generator/video-js/kg-video-js-skin.css?ver=4.29 HTTP/1.1" 200 21272 "-" "Mozilla/5.0 (compatible; bingbot/2.0; +http://www.bing.com/bingbot.htm)"
207.46.13.98 - - [20/Jun/2014:01:06:28 -0400] "GET /blog/wp-content/uploads/2013/01/backgr21.jpg HTTP/1.1" 200 82445 "-" "Mozilla/5.0 (compatible; bingbot/2.0; +http://www.bing.com/bingbot.htm)"
207.46.13.98 - - [20/Jun/2014:01:06:28 -0400] "GET /blog/wp-content/plugins/revslider/rs-plugin/js/jquery.themepunch.plugins.min.js?ver=3.8.3 HTTP/1.1" 200 17331 "-" "Mozilla/5.0 (compatible; bingbot/2.0; +http://www.bing.com/bingbot.htm)"
207.46.13.98 - - [20/Jun/2014:01:06:28 -0400] "GET /blog/wp-content/plugins/revslider/rs-plugin/js/jquery.themepunch.revolution.min.js?ver=3.8.3 HTTP/1.1" 200 56235 "-" "Mozilla/5.0 (compatible; bingbot/2.0; +http://www.bing.com/bingbot.htm)"
207.46.13.98 - - [20/Jun/2014:01:06:28 -0400] "GET /blog/wp-content/plugins/wp-photo-album-plus/wppa.min.js?ver=5-2-10-000 HTTP/1.1" 200 72719 "-" "Mozilla/5.0 (compatible; bingbot/2.0; +http://www.bing.com/bingbot.htm)"
207.46.13.98 - - [20/Jun/2014:01:06:29 -0400] "GET /blog/wp-includes/js/thickbox/thickbox.css HTTP/1.1" 200 4501 "-" "Mozilla/5.0 (compatible; bingbot/2.0; +http://www.bing.com/bingbot.htm)"
207.46.13.98 - - [20/Jun/2014:01:06:29 -0400] "GET /blog/wp-content/plugins/wp-members/css/wp-members.css?ver=3.8.3 HTTP/1.1" 200 5434 "-" "Mozilla/5.0 (compatible; bingbot/2.0; +http://www.bing.com/bingbot.htm)"
183.60.215.43 - - [20/Jun/2014:15:13:51 -0400] "GET /blog/rich-photo-gallery/?wppa-cover=0&wppa-occur=1&wppa-album=2 HTTP/1.1" 200 67977 "-" "Mozilla/5.0 (compatible; EasouSpider; +http://www.easou.com/search/spider.html)"
100.43.81.130 - - [20/Jun/2014:16:48:26 -0400] "GET /Dear-Ossie-Davis-by-Nija-W.php HTTP/1.1" 302 710 "-" "Mozilla/5.0 (compatible; YandexBot/3.0; +http://yandex.com/bots)"
10.30.72.4 - - [20/Jun/2014:18:29:10 -0400] "POST /blog/wp-cron.php?doing_wp_cron=1403303350.6731081008911132812500 HTTP/1.0" 200 - "-" "WordPress/3.8.3; http://richinc.org/blog"
180.76.6.155 - - [20/Jun/2014:19:21:11 -0400] "GET /blog/wp-includes/js/jquery/jquery.js HTTP/1.1" 200 93085 "-" "Mozilla/5.0 (compatible; Baiduspider/2.0; +http://www.baidu.com/search/spider.html)"
68.173.247.104 - - [20/Jun/2014:20:27:01 -0400] "GET /blog/wp-content/uploads/2014/03/header_3.jpg HTTP/1.1" 200 74197 "http://richinc.org/blog/" "Mozilla/5.0 (Macintosh; Intel Mac OS X 10_9_3) AppleWebKit/537.76.4 (KHTML, like Gecko) Version/7.0.4 Safari/537.76.4"
202.46.63.149 - - [20/Jun/2014:22:24:56 -0400] "GET /privacy-policy/ HTTP/1.1" 302 210 "-" "Mozilla/5.0 (Windows; U; Windows NT 5.1; zh-CN; rv:1.9.1.2) Firefox/3.5.2"
166.63.127.244 - - [20/Jun/2014:12:08:31 -0400] "POST /blog/wp-login.php HTTP/1.1" 200 5437 "http://richinc.org/blog/wp-login.php" "Mozilla/5.0 (Windows NT 6.1; WOW64) AppleWebKit/537.36 (KHTML, like Gecko) Chrome/33.0.1750.154 Safari/537.36"
202.46.63.126 - - [20/Jun/2014:00:20:30 -0400] "GET /tyler-l-essay.html HTTP/1.1" 301 258 "-" "Mozilla/5.0 (Windows; U; Windows NT 5.1; zh-CN; rv:1.9.1.2) Firefox/3.5.2"
117.26.118.144 - - [20/Jun/2014:03:37:59 -0400] "GET /blog HTTP/1.1" 301 232 "-" "Mozilla/5.0 (Windows NT 6.1; rv:26.0) Gecko/20100101 Firefox/26.0"
10.30.72.4 - - [20/Jun/2014:15:38:25 -0400] "POST /blog/wp-cron.php?doing_wp_cron=1403293100.7991681098937988281250 HTTP/1.0" 200 - "-" "WordPress/3.8.3; http://richinc.org/blog"
202.46.62.58 - - [20/Jun/2014:00:20:38 -0400] "GET /blog/comments/feed/ HTTP/1.1" 301 - "-" "Mozilla/5.0 (Windows; U; Windows NT 5.1; zh-CN; rv:1.9.1.2) Firefox/3.5.2"
180.76.5.67 - - [20/Jun/2014:15:50:28 -0400] "GET /blog/2012/07/09/philipberry/feed/ HTTP/1.1" 200 798 "-" "Mozilla/5.0 (compatible; Baiduspider/2.0; +http://www.baidu.com/search/spider.html)"
100.43.81.130 - - [20/Jun/2014:16:48:23 -0400] "GET /robots.txt HTTP/1.1" 200 624 "-" "Mozilla/5.0 (compatible; YandexBot/3.0; +http://yandex.com/bots)"
50.97.52.131 - - [20/Jun/2014:18:41:39 -0400] "GET /robots.txt HTTP/1.1" 200 624 "-" "AddThis.com robot tech.support@clearspring.com"
50.97.52.131 - - [20/Jun/2014:18:41:39 -0400] "GET /blog/opportunities/ HTTP/1.1" 200 28596 "-" "AddThis.com robot tech.support@clearspring.com"
123.125.71.116 - - [20/Jun/2014:20:19:57 -0400] "GET / HTTP/1.1" 200 1197 "-" "Mozilla/5.0 (compatible; Baiduspider/2.0; +http://www.baidu.com/search/spider.html)"
208.115.113.82 - - [20/Jun/2014:22:22:25 -0400] "GET /robots.txt HTTP/1.1" 200 624 "-" "Mozilla/5.0 (compatible; DotBot/1.1; http://www.opensiteexplorer.org/dotbot, help@moz.com)"
54.80.66.146 - - [20/Jun/2014:23:01:42 -0400] "GET /blog/2012/03/22/parent-investment-alliance-pia-workshop-series-featuring-dr-jeremiah-c-gaffney-iii/ HTTP/1.1" 200 28773 "-" "Mozilla/5.0 (compatible; linkdexbot/2.0; +http://www.linkdex.com/bots/)"
180.76.5.151 - - [20/Jun/2014:08:00:06 -0400] "GET /blog/wp-content/plugins/thethe-image-slider/style/css/thethe-image-slider.css?ver=3.8.3 HTTP/1.1" 200 16689 "-" "Mozilla/5.0 (compatible; Baiduspider/2.0; +http://www.baidu.com/search/spider.html)"
134.249.36.118 - - [20/Jun/2014:09:34:25 -0400] "POST /discussion/ucp.php?mode=register HTTP/1.0" 200 16538 "http://richinc.org/discussion/ucp.php?mode=register&sid=4b06236cc312a71466381e58a51a88d9" "Mozilla/5.0 (Windows NT 6.1; rv:27.0) Gecko/20100101 Firefox/27.0"
117.26.118.144 - - [20/Jun/2014:03:38:00 -0400] "GET /blog/ HTTP/1.1" 200 29015 "http://richinc.org/blog" "Mozilla/5.0 (Windows NT 6.1; rv:26.0) Gecko/20100101 Firefox/26.0"
117.26.118.144 - - [20/Jun/2014:03:38:06 -0400] "GET /blog HTTP/1.1" 301 232 "http://richinc.org/blog/" "Mozilla/5.0 (Windows NT 6.1; rv:26.0) Gecko/20100101 Firefox/26.0"
5.135.165.206 - - [20/Jun/2014:19:18:43 -0400] "POST /blog/wp-login.php HTTP/1.1" 200 5437 "http://richinc.org/blog/wp-login.php" "Mozilla/5.0 (Windows NT 6.1; WOW64) AppleWebKit/537.36 (KHTML, like Gecko) Chrome/33.0.1750.154 Safari/537.36"
208.115.113.92 - - [20/Jun/2014:08:25:26 -0400] "GET /robots.txt HTTP/1.1" 200 624 "-" "Mozilla/5.0 (compatible; DotBot/1.1; http://www.opensiteexplorer.org/dotbot, help@moz.com)"
134.249.36.118 - - [20/Jun/2014:09:34:42 -0400] "GET /discussion/ucp.php?mode=confirm&confirm_id=1d68ba36dc16adedbcf0a09e458c8d06&type=1 HTTP/1.0" 200 5219 "http://richinc.org/discussion/ucp.php?mode=register&sid=4b06236cc312a71466381e58a51a88d9" "Mozilla/5.0 (Windows NT 6.1; rv:27.0) Gecko/20100101 Firefox/27.0"
10.30.72.4 - - [20/Jun/2014:20:58:18 -0400] "POST /blog/wp-cron.php?doing_wp_cron=1403312298.8830649852752685546875 HTTP/1.0" 200 - "-" "WordPress/3.8.3; http://richinc.org/blog"
134.249.36.118 - - [20/Jun/2014:09:33:15 -0400] "GET /discussion/ucp.php?mode=confirm&confirm_id=1d68ba36dc16adedbcf0a09e458c8d06&type=1 HTTP/1.0" 200 4708 "http://richinc.org/discussion/ucp.php?mode=register&sid=4b06236cc312a71466381e58a51a88d9" "Mozilla/5.0 (Windows NT 6.1; rv:27.0) Gecko/20100101 Firefox/27.0"
134.249.36.118 - - [20/Jun/2014:09:35:05 -0400] "GET /discussion/ HTTP/1.0" 200 12874 "http://richinc.org/discussion/" "Mozilla/5.0 (Windows NT 6.1; rv:27.0) Gecko/20100101 Firefox/27.0"
208.115.113.82 - - [20/Jun/2014:15:38:18 -0400] "GET /blog/program-chart/ HTTP/1.1" 200 24454 "-" "Mozilla/5.0 (compatible; DotBot/1.1; http://www.opensiteexplorer.org/dotbot, help@moz.com)"
100.43.81.130 - - [20/Jun/2014:18:17:42 -0400] "GET /robots.txt HTTP/1.1" 301 237 "-" "Mozilla/5.0 (compatible; YandexBot/3.0; +http://yandex.com/bots)"
199.30.25.85 - - [20/Jun/2014:02:07:32 -0400] "GET /blog/wp-content/themes/jeans/images/content_top.png HTTP/1.1" 200 247 "http://richinc.org/blog/2012/01/12/dr-gerald-w-deas/" "Mozilla/5.0 (Windows NT 6.1; WOW64) AppleWebKit/534+ (KHTML, like Gecko) BingPreview/1.0b"
199.30.25.85 - - [20/Jun/2014:02:07:34 -0400] "GET /blog/wp-content/plugins/revslider/rs-plugin/assets/timer.png HTTP/1.1" 200 125 "http://richinc.org/blog/2012/01/12/dr-gerald-w-deas/" "Mozilla/5.0 (Windows NT 6.1; WOW64) AppleWebKit/534+ (KHTML, like Gecko) BingPreview/1.0b"
180.76.6.16 - - [20/Jun/2014:03:24:48 -0400] "GET /blog/category/news/feed/ HTTP/1.1" 200 12355 "-" "Mozilla/5.0 (compatible; Baiduspider/2.0; +http://www.baidu.com/search/spider.html)"
64.34.173.227 - - [20/Jun/2014:05:14:35 -0400] "POST /blog/wp-login.php HTTP/1.1" 200 5437 "http://richinc.org/blog/wp-login.php" "Mozilla/5.0 (Windows NT 6.1; WOW64) AppleWebKit/537.36 (KHTML, like Gecko) Chrome/33.0.1750.154 Safari/537.36"
110.82.157.225 - - [20/Jun/2014:05:27:00 -0400] "GET /blog/ HTTP/1.1" 200 29015 "http://richinc.org/blog" "Mozilla/5.0 (Windows NT 6.1; rv:26.0) Gecko/20100101 Firefox/26.0"
110.82.157.225 - - [20/Jun/2014:05:27:05 -0400] "GET /blog HTTP/1.1" 301 232 "http://richinc.org/blog/" "Mozilla/5.0 (Windows NT 6.1; rv:26.0) Gecko/20100101 Firefox/26.0"
157.55.39.246 - - [20/Jun/2014:06:18:18 -0400] "GET /Dear-Maya-Angelou-by-Chrisann-A.php HTTP/1.1" 302 710 "-" "Mozilla/5.0 (compatible; bingbot/2.0; +http://www.bing.com/bingbot.htm)"
66.249.65.161 - - [20/Jun/2014:18:47:25 -0400] "GET /blog/ HTTP/1.1" 200 29021 "-" "Mozilla/5.0 (compatible; Googlebot/2.1; +http://www.google.com/bot.html)"
180.76.5.195 - - [20/Jun/2014:18:51:10 -0400] "GET /blog/administration/ HTTP/1.1" 301 - "-" "Mozilla/5.0 (compatible; Baiduspider/2.0; +http://www.baidu.com/search/spider.html)"
89.223.53.7 - - [20/Jun/2014:20:11:38 -0400] "GET / HTTP/1.1" 200 1197 "http://zerocash.msk.ru/5.htm?ref=Qmhy" "Mozilla/5.0 (Windows NT 5.1) AppleWebKit/537.36 (KHTML, like Gecko) Chrome/34.0.1847.131 Safari/537.36"
205.237.88.144 - - [20/Jun/2014:21:05:00 -0400] "GET / HTTP/1.0" 200 1197 "-" "=Mozilla/5.0 (Windows; U; Windows NT 6.1; en-US) AppleWebKit/534.16 (KHTML, like Gecko) Chrome/10.0.648.204 Safari/534.16"
64.34.173.227 - - [20/Jun/2014:10:50:58 -0400] "POST /blog/wp-login.php HTTP/1.1" 200 5437 "http://richinc.org/blog/wp-login.php" "Mozilla/5.0 (Windows NT 6.1; WOW64) AppleWebKit/537.36 (KHTML, like Gecko) Chrome/33.0.1750.154 Safari/537.36"
37.58.100.172 - - [20/Jun/2014:10:57:59 -0400] "GET /blog/2012/01/12/mr-bill-mccreary/ HTTP/1.1" 200 27922 "-" "Mozilla/5.0 (compatible; AhrefsBot/5.0; +http://ahrefs.com/robot/)"
10.30.72.4 - - [20/Jun/2014:06:31:27 -0400] "POST /blog/wp-cron.php?doing_wp_cron=1403260264.9787631034851074218750 HTTP/1.0" 200 - "-" "WordPress/3.8.3; http://richinc.org/blog"
202.46.63.167 - - [20/Jun/2014:18:49:46 -0400] "GET /what-we-do/ HTTP/1.1" 302 210 "-" "Mozilla/5.0 (Windows; U; Windows NT 5.1; zh-CN; rv:1.9.1.2) Firefox/3.5.2"
134.249.36.118 - - [20/Jun/2014:09:33:48 -0400] "POST /discussion/ucp.php?mode=register HTTP/1.0" 200 16538 "http://richinc.org/discussion/ucp.php?mode=register&sid=4b06236cc312a71466381e58a51a88d9" "Mozilla/5.0 (Windows NT 6.1; rv:27.0) Gecko/20100101 Firefox/27.0"
180.76.5.144 - - [20/Jun/2014:10:30:05 -0400] "GET /blog/?p=381 HTTP/1.1" 301 - "-" "Mozilla/5.0 (compatible; Baiduspider/2.0; +http://www.baidu.com/search/spider.html)"
37.58.100.162 - - [20/Jun/2014:01:00:02 -0400] "GET /blog/what-we-do/ HTTP/1.1" 200 91608 "-" "Mozilla/5.0 (compatible; AhrefsBot/5.0; +http://ahrefs.com/robot/)"
64.34.173.227 - - [20/Jun/2014:02:16:52 -0400] "POST /blog/wp-login.php HTTP/1.1" 200 5437 "http://richinc.org/blog/wp-login.php" "Mozilla/5.0 (Windows NT 6.1; WOW64) AppleWebKit/537.36 (KHTML, like Gecko) Chrome/33.0.1750.154 Safari/537.36"
110.82.157.225 - - [20/Jun/2014:03:40:21 -0400] "GET /blog HTTP/1.1" 301 232 "-" "Mozilla/5.0 (Windows NT 6.1; rv:26.0) Gecko/20100101 Firefox/26.0"
89.146.137.138 - - [20/Jun/2014:15:06:25 -0400] "GET /blog/wp-content/uploads/2014/03/header.jpg HTTP/1.1" 200 93604 "http://richinc.org/blog/" "Mozilla/5.0 (Windows NT 6.1; WOW64) AppleWebKit/537.36 (KHTML, like Gecko) Chrome/32.0.1700.107 Safari/537.36"
89.146.137.138 - - [20/Jun/2014:15:06:26 -0400] "GET /blog/wp-content/uploads/2012/01/homeIconsStudents1.png HTTP/1.1" 200 39260 "http://richinc.org/blog/" "Mozilla/5.0 (Windows NT 6.1; WOW64) AppleWebKit/537.36 (KHTML, like Gecko) Chrome/32.0.1700.107 Safari/537.36"
89.146.137.138 - - [20/Jun/2014:15:06:28 -0400] "GET /blog/wp-content/themes/jeans/images/HiddenSidebar.png HTTP/1.1" 200 2605 "http://richinc.org/blog/" "Mozilla/5.0 (Windows NT 6.1; WOW64) AppleWebKit/537.36 (KHTML, like Gecko) Chrome/32.0.1700.107 Safari/537.36"
89.146.137.138 - - [20/Jun/2014:15:06:28 -0400] "GET /blog/wp-content/themes/jeans/images/content_top.png HTTP/1.1" 200 247 "http://richinc.org/blog/" "Mozilla/5.0 (Windows NT 6.1; WOW64) AppleWebKit/537.36 (KHTML, like Gecko) Chrome/32.0.1700.107 Safari/537.36"
89.146.137.138 - - [20/Jun/2014:15:06:29 -0400] "GET /blog/wp-content/themes/jeans/images/sidebarTitle.jpg HTTP/1.1" 200 2538 "http://richinc.org/blog/" "Mozilla/5.0 (Windows NT 6.1; WOW64) AppleWebKit/537.36 (KHTML, like Gecko) Chrome/32.0.1700.107 Safari/537.36"
68.173.247.104 - - [20/Jun/2014:20:25:30 -0400] "GET /blog/wp-content/uploads/2014/03/header_4.jpg HTTP/1.1" 200 81528 "http://richinc.org/blog/" "Mozilla/5.0 (Macintosh; Intel Mac OS X 10_9_3) AppleWebKit/537.76.4 (KHTML, like Gecko) Version/7.0.4 Safari/537.76.4"
10.30.72.4 - - [20/Jun/2014:23:36:00 -0400] "POST /blog/wp-cron.php?doing_wp_cron=1403321760.2427420616149902343750 HTTP/1.0" 200 - "-" "WordPress/3.8.3; http://richinc.org/blog"
134.249.36.118 - - [20/Jun/2014:09:33:00 -0400] "POST /discussion/ucp.php?mode=register HTTP/1.0" 200 16429 "http://richinc.org/discussion/ucp.php?mode=register&sid=4b06236cc312a71466381e58a51a88d9" "Mozilla/5.0 (Windows NT 6.1; rv:27.0) Gecko/20100101 Firefox/27.0"
10.30.72.4 - - [20/Jun/2014:05:27:03 -0400] "POST /blog/wp-cron.php?doing_wp_cron=1403256422.1902060508728027343750 HTTP/1.0" 200 - "-" "WordPress/3.8.3; http://richinc.org/blog"
10.30.72.4 - - [20/Jun/2014:15:38:25 -0400] "POST /blog/wp-cron.php?doing_wp_cron=1403293105.6198740005493164062500 HTTP/1.0" 200 - "-" "WordPress/3.8.3; http://richinc.org/blog"
50.163.36.107 - - [20/Jun/2014:18:18:46 -0400] "GET /blog/opportunities/ HTTP/1.1" 200 28826 "https://www.google.com/" "Mozilla/5.0 (Windows NT 6.1; WOW64) AppleWebKit/537.36 (KHTML, like Gecko) Chrome/35.0.1916.153 Safari/537.36"
50.163.36.107 - - [20/Jun/2014:18:18:48 -0400] "GET /blog/wp-content/uploads/2012/01/line3.png HTTP/1.1" 200 256 "http://richinc.org/blog/opportunities/" "Mozilla/5.0 (Windows NT 6.1; WOW64) AppleWebKit/537.36 (KHTML, like Gecko) Chrome/35.0.1916.153 Safari/537.36"
180.76.6.60 - - [20/Jun/2014:12:47:29 -0400] "GET /blog/2014/02/27/dear-barbara-sizemore-by-imani-kirlew/ HTTP/1.1" 301 - "-" "Mozilla/5.0 (compatible; Baiduspider/2.0; +http://www.baidu.com/search/spider.html)"
61.135.189.179 - - [20/Jun/2014:17:32:56 -0400] "GET / HTTP/1.1" 304 - "-" "Sogou web spider/4.0(+http://www.sogou.com/docs/help/webmasters.htm#07)"
10.30.72.4 - - [20/Jun/2014:19:30:08 -0400] "POST /blog/wp-cron.php?doing_wp_cron=1403307008.7375159263610839843750 HTTP/1.0" 200 - "-" "WordPress/3.8.3; http://richinc.org/blog"
66.249.65.161 - - [20/Jun/2014:08:27:55 -0400] "GET /blog/wp-content/uploads/2012/01/rich-img-head-chrisaan1.jpg HTTP/1.1" 304 - "-" "Googlebot-Image/1.0"
64.34.173.227 - - [20/Jun/2014:06:35:25 -0400] "POST /blog/wp-login.php HTTP/1.1" 200 5437 "http://richinc.org/blog/wp-login.php" "Mozilla/5.0 (Windows NT 6.1; WOW64) AppleWebKit/537.36 (KHTML, like Gecko) Chrome/33.0.1750.154 Safari/537.36"
89.146.137.138 - - [20/Jun/2014:15:06:19 -0400] "GET /blog/wp-content/plugins/thethe-image-slider/style/css/thethe-image-slider.css?ver=3.8.3 HTTP/1.1" 200 16689 "http://richinc.org/blog/" "Mozilla/5.0 (Windows NT 6.1; WOW64) AppleWebKit/537.36 (KHTML, like Gecko) Chrome/32.0.1700.107 Safari/537.36"
89.146.137.138 - - [20/Jun/2014:15:06:20 -0400] "GET /blog/wp-content/plugins/wp-members/css/wp-members.css?ver=3.8.3 HTTP/1.1" 200 5434 "http://richinc.org/blog/" "Mozilla/5.0 (Windows NT 6.1; WOW64) AppleWebKit/537.36 (KHTML, like Gecko) Chrome/32.0.1700.107 Safari/537.36"
89.146.137.138 - - [20/Jun/2014:15:06:20 -0400] "GET /blog/wp-content/plugins/events-calendar/js/jquery.bgiframe.js?ver=2.1 HTTP/1.1" 200 5044 "http://richinc.org/blog/" "Mozilla/5.0 (Windows NT 6.1; WOW64) AppleWebKit/537.36 (KHTML, like Gecko) Chrome/32.0.1700.107 Safari/537.36"
89.146.137.138 - - [20/Jun/2014:15:06:20 -0400] "GET /blog/wp-includes/js/comment-reply.min.js?ver=3.8.3 HTTP/1.1" 200 757 "http://richinc.org/blog/" "Mozilla/5.0 (Windows NT 6.1; WOW64) AppleWebKit/537.36 (KHTML, like Gecko) Chrome/32.0.1700.107 Safari/537.36"
89.146.137.138 - - [20/Jun/2014:15:06:20 -0400] "GET /blog/wp-content/plugins/player/js/flash_detect.js?ver=3.8.3 HTTP/1.1" 200 7049 "http://richinc.org/blog/" "Mozilla/5.0 (Windows NT 6.1; WOW64) AppleWebKit/537.36 (KHTML, like Gecko) Chrome/32.0.1700.107 Safari/537.36"
89.146.137.138 - - [20/Jun/2014:15:06:21 -0400] "GET /blog/wp-content/plugins/revslider/rs-plugin/js/jquery.themepunch.revolution.min.js?ver=3.8.3 HTTP/1.1" 200 56235 "http://richinc.org/blog/" "Mozilla/5.0 (Windows NT 6.1; WOW64) AppleWebKit/537.36 (KHTML, like Gecko) Chrome/32.0.1700.107 Safari/537.36"
89.146.137.138 - - [20/Jun/2014:15:06:21 -0400] "GET /blog/wp-includes/js/swfobject.js?ver=2.2-20120417 HTTP/1.1" 200 10231 "http://richinc.org/blog/" "Mozilla/5.0 (Windows NT 6.1; WOW64) AppleWebKit/537.36 (KHTML, like Gecko) Chrome/32.0.1700.107 Safari/537.36"
89.146.137.138 - - [20/Jun/2014:15:06:23 -0400] "GET /blog/wp-content/plugins/opentok-video-chat/resources/chat/layout.js?ver=1.0.3 HTTP/1.1" 200 5310 "http://richinc.org/blog/" "Mozilla/5.0 (Windows NT 6.1; WOW64) AppleWebKit/537.36 (KHTML, like Gecko) Chrome/32.0.1700.107 Safari/537.36"
89.146.137.138 - - [20/Jun/2014:15:06:23 -0400] "GET /blog/wp-content/plugins/contus-hd-flv-player/js/swfobject.js HTTP/1.1" 200 10254 "http://richinc.org/blog/" "Mozilla/5.0 (Windows NT 6.1; WOW64) AppleWebKit/537.36 (KHTML, like Gecko) Chrome/32.0.1700.107 Safari/537.36"
89.146.137.138 - - [20/Jun/2014:15:06:25 -0400] "GET /blog/wp-content/uploads/2014/03/header_5.jpg HTTP/1.1" 200 77701 "http://richinc.org/blog/" "Mozilla/5.0 (Windows NT 6.1; WOW64) AppleWebKit/537.36 (KHTML, like Gecko) Chrome/32.0.1700.107 Safari/537.36"
10.30.72.4 - - [20/Jun/2014:17:32:24 -0400] "POST /blog/wp-cron.php?doing_wp_cron=1403299946.5829639434814453125000 HTTP/1.0" 200 - "-" "WordPress/3.8.3; http://richinc.org/blog"
180.76.6.148 - - [20/Jun/2014:19:06:11 -0400] "GET /blog/make-a-donation/ HTTP/1.1" 301 - "-" "Mozilla/5.0 (compatible; Baiduspider/2.0; +http://www.baidu.com/search/spider.html)"
202.46.62.55 - - [20/Jun/2014:21:11:58 -0400] "GET /blog/2014/02/27/dear-chuck-brown-by-christian-hernandez/ HTTP/1.1" 301 - "-" "Mozilla/5.0 (Windows NT 6.1; WOW64; rv:22.0) Gecko/20100101 Firefox/22.0"
134.249.36.118 - - [20/Jun/2014:09:32:53 -0400] "GET /discussion/ucp.php?mode=confirm&confirm_id=1d68ba36dc16adedbcf0a09e458c8d06&type=1 HTTP/1.0" 200 5960 "http://richinc.org/discussion/ucp.php?mode=register&sid=4b06236cc312a71466381e58a51a88d9" "Mozilla/5.0 (Windows NT 6.1; rv:27.0) Gecko/20100101 Firefox/27.0"
134.249.36.118 - - [20/Jun/2014:09:34:36 -0400] "POST /discussion/ucp.php?mode=register HTTP/1.0" 200 16538 "http://richinc.org/discussion/ucp.php?mode=register&sid=4b06236cc312a71466381e58a51a88d9" "Mozilla/5.0 (Windows NT 6.1; rv:27.0) Gecko/20100101 Firefox/27.0"
10.30.72.4 - - [20/Jun/2014:01:00:05 -0400] "POST /blog/wp-cron.php?doing_wp_cron=1403240405.2484529018402099609375 HTTP/1.0" 200 - "-" "WordPress/3.8.3; http://richinc.org/blog"
10.30.72.4 - - [20/Jun/2014:03:24:48 -0400] "POST /blog/wp-cron.php?doing_wp_cron=1403249085.9632411003112792968750 HTTP/1.0" 200 - "-" "WordPress/3.8.3; http://richinc.org/blog"
180.76.5.171 - - [20/Jun/2014:16:35:30 -0400] "GET /blog/wp-content/themes/jeans/js/sidebar.js HTTP/1.1" 200 442 "-" "Mozilla/5.0 (compatible; Baiduspider/2.0; +http://www.baidu.com/search/spider.html)"
