193.239.147.35 - - [12/Sep/2020:09:12:59 -0400] "GET /wp-content/plugins/wp-file-manager/lib/php/connector.minimal.php HTTP/1.0" 302 277 "www.google.com" "Mozlila/5.0 (Linux; Android 7.0; SM-G892A Bulid/NRD90M; wv) AppleWebKit/537.36 (KHTML, like Gecko) Version/4.0 Chrome/60.0.3112.107 Moblie Safari/537.36"
23.228.109.146 - - [12/Sep/2020:10:15:36 -0400] "GET /RICH/wp-content/plugins/aviary-image-editor-add-on-for-gravity-forms/includes/upload.php HTTP/1.0" 404 575 "http://www.google.com/" "Mozilla/5.0 (Windows NT 6.1; Win64; x64) AppleWebKit/537.36 (KHTML, like Gecko) Chrome/56.0.2896.3 Safari/537.36"
107.178.232.175 - - [12/Sep/2020:11:04:40 -0400] "GET /RICH/css/jquery-ui.css HTTP/1.0" 200 21738 "https://www.richinc.org/RICH/" "Mozilla/5.0 (X11; Linux x86_64) AppleWebKit/537.36 (KHTML, like Gecko) HeadlessChrome/72.0.3617.0 Safari/537.36"
107.178.232.175 - - [12/Sep/2020:11:04:42 -0400] "GET /RICH/images/richbot2.png HTTP/1.0" 200 11045 "https://www.richinc.org/RICH/" "Mozilla/5.0 (X11; Linux x86_64) AppleWebKit/537.36 (KHTML, like Gecko) HeadlessChrome/72.0.3617.0 Safari/537.36"
220.249.46.25 - - [12/Sep/2020:11:05:24 -0400] "GET /robots.txt HTTP/1.0" 302 223 "-" "Sogou web spider/4.0(+http://www.sogou.com/docs/help/webmasters.htm#07)"
217.160.241.170 - - [12/Sep/2020:13:18:55 -0400] "GET /wp-includes/js/jquery/jquery.js HTTP/1.0" 302 244 "-" "Mozilla/5.0 (X11; Ubuntu; Linux i686; rv:28.0) Gecko/20100101 Firefox/28.0"
217.160.241.170 - - [12/Sep/2020:13:19:17 -0400] "GET /RICH/.env HTTP/1.0" 404 575 "-" "Mozilla/5.0 (X11; Ubuntu; Linux i686; rv:28.0) Gecko/20100101 Firefox/28.0"
207.46.13.164 - - [12/Sep/2020:14:45:09 -0400] "GET /css/jquery-ui.css HTTP/1.0" 403 219 "-" "Mozilla/5.0 (compatible; bingbot/2.0; +http://www.bing.com/bingbot.htm)"
207.46.13.48 - - [12/Sep/2020:14:45:22 -0400] "GET /css/owl.theme.default.min.css HTTP/1.0" 403 231 "-" "Mozilla/5.0 (compatible; bingbot/2.0; +http://www.bing.com/bingbot.htm)"
40.77.167.121 - - [12/Sep/2020:14:45:26 -0400] "GET /robots.txt HTTP/1.0" 302 223 "-" "Mozilla/5.0 (compatible; bingbot/2.0; +http://www.bing.com/bingbot.htm)"
157.55.39.4 - - [12/Sep/2020:14:46:05 -0400] "GET /css/bootstrap.min.css HTTP/1.0" 403 223 "-" "Mozilla/5.0 (compatible; bingbot/2.0; +http://www.bing.com/bingbot.htm)"
66.160.140.184 - - [12/Sep/2020:15:15:27 -0400] "GET /RICH/news-articles.php HTTP/1.0" 404 575 "-" "The Knowledge AI"
114.119.133.53 - - [12/Sep/2020:15:52:09 -0400] "GET /RICH/gsuite-classroom.html HTTP/1.0" 200 10020 "-" "Mozilla/5.0 (Linux; Android 7.0;) AppleWebKit/537.36 (KHTML, like Gecko) Mobile Safari/537.36 (compatible; PetalBot;+http://aspiegel.com/petalbot)"
207.46.13.48 - - [12/Sep/2020:16:59:20 -0400] "GET /RICH/js/jquery.countdown.min.js HTTP/1.0" 200 5339 "-" "Mozilla/5.0 (compatible; bingbot/2.0; +http://www.bing.com/bingbot.htm)"
207.46.13.48 - - [12/Sep/2020:16:59:20 -0400] "GET /RICH/css/aos.css HTTP/1.0" 200 25983 "-" "Mozilla/5.0 (compatible; bingbot/2.0; +http://www.bing.com/bingbot.htm)"
157.55.39.215 - - [12/Sep/2020:16:59:58 -0400] "GET /RICH/js/popper.min.js HTTP/1.0" 200 20336 "-" "Mozilla/5.0 (compatible; bingbot/2.0; +http://www.bing.com/bingbot.htm)"
207.46.13.101 - - [12/Sep/2020:17:00:04 -0400] "GET /RICH/css/bot.css HTTP/1.0" 200 1399 "-" "Mozilla/5.0 (compatible; bingbot/2.0; +http://www.bing.com/bingbot.htm)"
34.242.46.215 - - [12/Sep/2020:17:36:01 -0400] "GET /RICH/robots.txt HTTP/1.0" 404 575 "-" "Pandalytics/1.0 (https://domainsbot.com/pandalytics/)"
185.191.171.2 - - [12/Sep/2020:18:19:58 -0400] "GET /robots.txt HTTP/1.0" 302 223 "-" "Mozilla/5.0 (compatible; SemrushBot/6~bl; +http://www.semrush.com/bot.html)"
185.191.171.2 - - [12/Sep/2020:18:19:58 -0400] "GET /RICH/robots.txt HTTP/1.0" 404 575 "-" "Mozilla/5.0 (compatible; SemrushBot/6~bl; +http://www.semrush.com/bot.html)"
34.73.96.141 - - [12/Sep/2020:18:58:52 -0400] "GET /RICH/gsuite-classroom.html HTTP/1.0" 200 10020 "-" "ZoominfoBot (zoominfobot at zoominfo dot com)"
34.73.96.141 - - [12/Sep/2020:19:14:43 -0400] "GET /RICH/page1.html HTTP/1.0" 200 53544 "-" "ZoominfoBot (zoominfobot at zoominfo dot com)"
34.74.17.125 - - [12/Sep/2020:20:35:25 -0400] "GET /RICH/graduate-testimonials.html HTTP/1.0" 200 15380 "-" "ZoominfoBot (zoominfobot at zoominfo dot com)"
34.74.17.125 - - [12/Sep/2020:20:51:13 -0400] "GET /RICH/annual-reports.html HTTP/1.0" 200 10564 "-" "ZoominfoBot (zoominfobot at zoominfo dot com)"
114.119.129.200 - - [12/Sep/2020:20:51:49 -0400] "GET /RICH/index.html HTTP/1.0" 200 52711 "-" "Mozilla/5.0 (Linux; Android 7.0;) AppleWebKit/537.36 (KHTML, like Gecko) Mobile Safari/537.36 (compatible; PetalBot;+http://aspiegel.com/petalbot)"
114.119.138.67 - - [12/Sep/2020:21:27:22 -0400] "GET /RICH/robots.txt HTTP/1.0" 404 575 "-" "(compatible;PetalBot;+http://aspiegel.com/petalbot)"
114.119.143.81 - - [12/Sep/2020:22:06:34 -0400] "GET /RICH/partnership-opportunities.html HTTP/1.0" 200 14323 "-" "Mozilla/5.0 (Linux; Android 7.0;) AppleWebKit/537.36 (KHTML, like Gecko) Mobile Safari/537.36 (compatible; PetalBot;+http://aspiegel.com/petalbot)"
62.210.188.218 - - [12/Sep/2020:22:12:17 -0400] "GET /about-us.php HTTP/1.0" 302 225 "-" "Mozilla/5.0 (compatible; Barkrowler/0.9; +https://babbar.tech/crawler)"
62.210.188.218 - - [12/Sep/2020:22:12:17 -0400] "GET /RICH/about-us.php HTTP/1.0" 404 575 "-" "Mozilla/5.0 (compatible; Barkrowler/0.9; +https://babbar.tech/crawler)"
66.160.140.184 - - [12/Sep/2020:22:36:49 -0400] "GET /RICH/taj-J-essay.html HTTP/1.0" 404 575 "-" "The Knowledge AI"
45.55.225.186 - - [12/Sep/2020:23:48:38 -0400] "GET /RICH/js/jquery-3.3.1.min.js HTTP/1.0" 200 86926 "https://www.richinc.org/RICH/" "Mozilla/5.0 (X11; Datanyze; Linux x86_64) AppleWebKit/537.36 (KHTML, like Gecko) Chrome/65.0.3325.181 Safari/537.36"
114.119.157.218 - - [12/Sep/2020:02:34:42 -0400] "GET /RICH/board-directors.html HTTP/1.0" 200 12545 "-" "Mozilla/5.0 (Linux; Android 7.0;) AppleWebKit/537.36 (KHTML, like Gecko) Mobile Safari/537.36 (compatible; PetalBot;+http://aspiegel.com/petalbot)"
34.220.162.88 - - [12/Sep/2020:00:50:03 -0400] "GET /RICH/www3/394d5108b1f616a605b7d305a3a53d69 HTTP/1.0" 404 575 "-" "Mozilla/5.0 (X11; Linux i686; rv:54.0) Gecko/20100101 Firefox/54.0"
74.125.212.64 - - [12/Sep/2020:03:01:05 -0400] "GET /RICH/ HTTP/1.0" 200 52711 "-" "Mozilla/5.0 (X11; Linux x86_64) AppleWebKit/537.36 (KHTML, like Gecko) Chrome/49.0.2623.75 Safari/537.36 Google Favicon"
74.125.212.94 - - [12/Sep/2020:03:01:06 -0400] "GET /RICH/images/favicon.ico HTTP/1.0" 200 4312 "-" "Mozilla/5.0 (X11; Linux x86_64) AppleWebKit/537.36 (KHTML, like Gecko) Chrome/49.0.2623.75 Safari/537.36 Google Favicon"
66.249.66.216 - - [12/Sep/2020:03:14:15 -0400] "GET /RICH/ HTTP/1.0" 200 52711 "-" "Mozilla/5.0 (compatible; Googlebot/2.1; +http://www.google.com/bot.html)"
184.154.36.170 - - [12/Sep/2020:07:19:12 -0400] "GET /RICH/chairman-message.html HTTP/1.0" 200 13505 "-" "SiteLockSpider [en] (WinNT; I ;Nav)"
184.154.36.170 - - [12/Sep/2020:07:19:18 -0400] "GET /RICH/page2.html HTTP/1.0" 200 48877 "-" "SiteLockSpider [en] (WinNT; I ;Nav)"
184.154.36.170 - - [12/Sep/2020:07:19:28 -0400] "GET /RICH/css/jquery-ui.css HTTP/1.0" 200 21738 "-" "SiteLockSpider [en] (WinNT; I ;Nav)"
31.206.162.238 - - [12/Sep/2020:07:19:34 -0400] "GET /?q=semalt.com HTTP/1.0" 302 226 "http://google.com/search?q=semalt.com" "Mozilla/5.0 (Windows NT 10.0; Win64; x64) AppleWebKit/537.36 (KHTML, like Gecko) Chrome/74.0.3729.169 Safari/537.36"
184.154.36.170 - - [12/Sep/2020:07:19:36 -0400] "GET /RICH/css/bootstrap.min.css HTTP/1.0" 200 159826 "-" "SiteLockSpider [en] (WinNT; I ;Nav)"
184.154.36.170 - - [12/Sep/2020:07:19:36 -0400] "GET /RICH/Account/SafeSpace.html HTTP/1.0" 200 25428 "-" "SiteLockSpider [en] (WinNT; I ;Nav)"
184.154.36.170 - - [12/Sep/2020:07:19:41 -0400] "GET /RICH/Account/profile.html HTTP/1.0" 200 28100 "-" "SiteLockSpider [en] (WinNT; I ;Nav)"
184.154.36.170 - - [12/Sep/2020:07:19:41 -0400] "GET /RICH/css/style.css HTTP/1.0" 200 48040 "-" "SiteLockSpider [en] (WinNT; I ;Nav)"
184.154.36.170 - - [12/Sep/2020:07:19:44 -0400] "GET /RICH/fonts/icomoon/style.css HTTP/1.0" 200 79820 "http://www.google.com/url?url=www.richinc.org&yahoo.com" "Mozilla/5.0 (compatible; MSIE 9.0; Windows NT 6.1; WOW64; Trident/6.0)"
184.154.36.170 - - [12/Sep/2020:07:19:48 -0400] "GET /RICH/mission.html HTTP/1.0" 200 15573 "-" "SiteLockSpider [en] (WinNT; I ;Nav)"
184.154.36.170 - - [12/Sep/2020:07:19:48 -0400] "GET /RICH/page3.html HTTP/1.0" 200 49217 "-" "SiteLockSpider [en] (WinNT; I ;Nav)"
184.154.36.170 - - [12/Sep/2020:07:19:48 -0400] "GET /RICH/rich-learning-system.html HTTP/1.0" 200 13174 "-" "SiteLockSpider [en] (WinNT; I ;Nav)"
184.154.36.170 - - [12/Sep/2020:07:19:49 -0400] "GET /RICH/js/mediaelement-and-player.min.js HTTP/1.0" 200 152469 "-" "SiteLockSpider [en] (WinNT; I ;Nav)"
121.89.204.243 - - [12/Sep/2020:07:30:15 -0400] "GET /public/js/wind.js HTTP/1.0" 302 230 "http://richinc.org/public/js/wind.js" "Mozilla/5.0 (compatible; MSIE 9.0; Windows NT 6.1; Win64; x64; Trident/5.0)"
193.239.147.35 - - [12/Sep/2020:09:13:55 -0400] "GET /RICH/wp-content/plugins/wp-file-manager/lib/php/connector.minimal.php HTTP/1.0" 404 575 "www.google.com" "Mozlila/5.0 (Linux; Android 7.0; SM-G892A Bulid/NRD90M; wv) AppleWebKit/537.36 (KHTML, like Gecko) Version/4.0 Chrome/60.0.3112.107 Moblie Safari/537.36"
107.178.232.175 - - [12/Sep/2020:11:04:41 -0400] "GET /RICH/css/owl.carousel.min.css HTTP/1.0" 200 2936 "https://www.richinc.org/RICH/" "Mozilla/5.0 (X11; Linux x86_64) AppleWebKit/537.36 (KHTML, like Gecko) HeadlessChrome/72.0.3617.0 Safari/537.36"
107.178.232.175 - - [12/Sep/2020:11:04:41 -0400] "GET /RICH/images/rich-image1.jpg HTTP/1.0" 200 99047 "https://www.richinc.org/RICH/" "Mozilla/5.0 (X11; Linux x86_64) AppleWebKit/537.36 (KHTML, like Gecko) HeadlessChrome/72.0.3617.0 Safari/537.36"
107.178.232.175 - - [12/Sep/2020:11:04:43 -0400] "GET /RICH/images/responsibility.png HTTP/1.0" 200 22581 "https://www.richinc.org/RICH/" "Mozilla/5.0 (X11; Linux x86_64) AppleWebKit/537.36 (KHTML, like Gecko) HeadlessChrome/72.0.3617.0 Safari/537.36"
114.119.149.232 - - [12/Sep/2020:12:00:36 -0400] "GET /RICH/rich-learning-system.html HTTP/1.0" 200 13174 "-" "Mozilla/5.0 (Linux; Android 7.0;) AppleWebKit/537.36 (KHTML, like Gecko) Mobile Safari/537.36 (compatible; PetalBot;+http://aspiegel.com/petalbot)"
157.55.39.4 - - [12/Sep/2020:12:24:35 -0400] "GET /annual-reports HTTP/1.0" 302 227 "-" "Mozilla/5.0 (compatible; bingbot/2.0; +http://www.bing.com/bingbot.htm)"
217.160.241.170 - - [12/Sep/2020:13:19:08 -0400] "GET /RICH/ HTTP/1.0" 200 52711 "-" "Mozilla/5.0 (X11; Ubuntu; Linux i686; rv:28.0) Gecko/20100101 Firefox/28.0"
66.249.70.21 - - [12/Sep/2020:13:40:21 -0400] "GET /robots.txt HTTP/1.0" 302 223 "-" "Mozilla/5.0 (compatible; Googlebot/2.1; +http://www.google.com/bot.html)"
66.249.64.88 - - [12/Sep/2020:13:51:56 -0400] "GET /RICH/cdn-cgi/scripts/5c5dd728/cloudflare-static/email-decode.min.js HTTP/1.0" 404 575 "https://www.richinc.org/RICH/" "Mozilla/5.0 AppleWebKit/537.36 (KHTML, like Gecko; compatible; Googlebot/2.1; +http://www.google.com/bot.html) Chrome/85.0.4183.105 Safari/537.36"
157.55.39.215 - - [12/Sep/2020:14:44:48 -0400] "GET /css/owl.carousel.min.css HTTP/1.0" 403 226 "-" "Mozilla/5.0 (compatible; bingbot/2.0; +http://www.bing.com/bingbot.htm)"
40.77.167.121 - - [12/Sep/2020:14:45:26 -0400] "GET /RICH/robots.txt HTTP/1.0" 404 575 "-" "Mozilla/5.0 (compatible; bingbot/2.0; +http://www.bing.com/bingbot.htm)"
40.77.167.121 - - [12/Sep/2020:14:45:26 -0400] "GET /RICH/robots.txt HTTP/1.0" 404 575 "-" "Mozilla/5.0 (compatible; bingbot/2.0; +http://www.bing.com/bingbot.htm)"
207.46.13.101 - - [12/Sep/2020:14:45:35 -0400] "GET /js/owl.carousel.min.js HTTP/1.0" 403 224 "-" "Mozilla/5.0 (compatible; bingbot/2.0; +http://www.bing.com/bingbot.htm)"
40.77.167.121 - - [12/Sep/2020:14:45:45 -0400] "GET /robots.txt HTTP/1.0" 302 223 "-" "Mozilla/5.0 (compatible; bingbot/2.0; +http://www.bing.com/bingbot.htm)"
40.77.167.121 - - [12/Sep/2020:14:45:45 -0400] "GET /js/jquery.countdown.min.js HTTP/1.0" 403 228 "-" "Mozilla/5.0 (compatible; bingbot/2.0; +http://www.bing.com/bingbot.htm)"
157.55.39.72 - - [12/Sep/2020:14:45:53 -0400] "GET /js/mediaelement-and-player.min.js HTTP/1.0" 403 235 "-" "Mozilla/5.0 (compatible; bingbot/2.0; +http://www.bing.com/bingbot.htm)"
66.160.140.184 - - [12/Sep/2020:15:15:27 -0400] "GET /robots.txt HTTP/1.0" 302 223 "-" "The Knowledge AI"
148.251.195.14 - - [12/Sep/2020:16:40:36 -0400] "GET /robots.txt HTTP/1.0" 302 223 "-" "Mozilla/5.0 (compatible; MJ12bot/v1.4.8; http://mj12bot.com/)"
207.46.13.48 - - [12/Sep/2020:16:59:21 -0400] "GET /RICH/css/aos.css HTTP/1.0" 200 25983 "-" "Mozilla/5.0 (compatible; bingbot/2.0; +http://www.bing.com/bingbot.htm)"
207.46.13.48 - - [12/Sep/2020:16:59:22 -0400] "GET /RICH/css/bootstrap-datepicker.css HTTP/1.0" 200 17144 "-" "Mozilla/5.0 (compatible; bingbot/2.0; +http://www.bing.com/bingbot.htm)"
207.46.13.120 - - [12/Sep/2020:16:59:25 -0400] "GET /RICH/js/aos.js HTTP/1.0" 200 14244 "-" "Mozilla/5.0 (compatible; bingbot/2.0; +http://www.bing.com/bingbot.htm)"
207.46.13.120 - - [12/Sep/2020:16:59:26 -0400] "GET /RICH/js/aos.js HTTP/1.0" 200 14244 "-" "Mozilla/5.0 (compatible; bingbot/2.0; +http://www.bing.com/bingbot.htm)"
157.55.39.215 - - [12/Sep/2020:16:59:59 -0400] "GET /RICH/js/popper.min.js HTTP/1.0" 200 20336 "-" "Mozilla/5.0 (compatible; bingbot/2.0; +http://www.bing.com/bingbot.htm)"
157.55.39.4 - - [12/Sep/2020:17:00:10 -0400] "GET /RICH/css/style.css HTTP/1.0" 200 48040 "-" "Mozilla/5.0 (compatible; bingbot/2.0; +http://www.bing.com/bingbot.htm)"
157.55.39.4 - - [12/Sep/2020:17:00:10 -0400] "GET /RICH/fonts/flaticon/font/flaticon.css HTTP/1.0" 200 1250 "-" "Mozilla/5.0 (compatible; bingbot/2.0; +http://www.bing.com/bingbot.htm)"
157.55.39.4 - - [12/Sep/2020:17:00:10 -0400] "GET /RICH/fonts/icomoon/style.css HTTP/1.0" 200 79820 "-" "Mozilla/5.0 (compatible; bingbot/2.0; +http://www.bing.com/bingbot.htm)"
157.55.39.4 - - [12/Sep/2020:17:00:11 -0400] "GET /RICH/css/owl.carousel.min.css HTTP/1.0" 200 2936 "-" "Mozilla/5.0 (compatible; bingbot/2.0; +http://www.bing.com/bingbot.htm)"
157.55.39.4 - - [12/Sep/2020:17:00:12 -0400] "GET /RICH/js/mediaelement-and-player.min.js HTTP/1.0" 200 152469 "-" "Mozilla/5.0 (compatible; bingbot/2.0; +http://www.bing.com/bingbot.htm)"
157.55.39.227 - - [12/Sep/2020:17:00:22 -0400] "GET /RICH/js/jquery-3.3.1.min.js HTTP/1.0" 200 86926 "-" "Mozilla/5.0 (compatible; bingbot/2.0; +http://www.bing.com/bingbot.htm)"
35.237.106.60 - - [12/Sep/2020:17:20:32 -0400] "GET /RICH/robots.txt HTTP/1.0" 404 575 "-" "ZoominfoBot (zoominfobot at zoominfo dot com)"
114.119.137.123 - - [12/Sep/2020:17:45:01 -0400] "GET /RICH/robots.txt HTTP/1.0" 404 575 "-" "(compatible;PetalBot;+http://aspiegel.com/petalbot)"
185.191.171.34 - - [12/Sep/2020:18:19:58 -0400] "GET /RICH/graduate-testimonials.html HTTP/1.0" 200 15380 "-" "Mozilla/5.0 (compatible; SemrushBot/6~bl; +http://www.semrush.com/bot.html)"
114.119.128.19 - - [12/Sep/2020:19:38:16 -0400] "GET /RICH/annual-reports.html HTTP/1.0" 200 10564 "-" "Mozilla/5.0 (Linux; Android 7.0;) AppleWebKit/537.36 (KHTML, like Gecko) Mobile Safari/537.36 (compatible; PetalBot;+http://aspiegel.com/petalbot)"
34.74.17.125 - - [12/Sep/2020:20:33:26 -0400] "GET /RICH/sdlp.html HTTP/1.0" 200 16959 "-" "ZoominfoBot (zoominfobot at zoominfo dot com)"
34.74.17.125 - - [12/Sep/2020:20:36:37 -0400] "GET /RICH/board-directors.html HTTP/1.0" 200 12545 "-" "ZoominfoBot (zoominfobot at zoominfo dot com)"
34.74.17.125 - - [12/Sep/2020:20:38:05 -0400] "GET /RICH/first-graduates.html HTTP/1.0" 200 17133 "-" "ZoominfoBot (zoominfobot at zoominfo dot com)"
34.74.17.125 - - [12/Sep/2020:20:43:07 -0400] "GET /RICH/projectsnack.html HTTP/1.0" 200 18989 "-" "ZoominfoBot (zoominfobot at zoominfo dot com)"
34.74.17.125 - - [12/Sep/2020:20:45:45 -0400] "GET /RICH/contact-us.html HTTP/1.0" 200 13639 "-" "ZoominfoBot (zoominfobot at zoominfo dot com)"
62.210.188.218 - - [12/Sep/2020:22:12:02 -0400] "GET /robots.txt HTTP/1.0" 302 223 "-" "Mozilla/5.0 (compatible; Barkrowler/0.9; +https://babbar.tech/crawler)"
62.210.188.218 - - [12/Sep/2020:22:12:02 -0400] "GET /RICH/robots.txt HTTP/1.0" 404 575 "-" "Mozilla/5.0 (compatible; Barkrowler/0.9; +https://babbar.tech/crawler)"
62.210.188.218 - - [12/Sep/2020:22:12:10 -0400] "GET /RICH/robots.txt HTTP/1.0" 404 575 "-" "Mozilla/5.0 (compatible; Barkrowler/0.9; +https://babbar.tech/crawler)"
62.210.188.218 - - [12/Sep/2020:22:15:37 -0400] "GET /RICH/ricardo-H-essay.html HTTP/1.0" 404 575 "-" "Mozilla/5.0 (compatible; Barkrowler/0.9; +https://babbar.tech/crawler)"
49.7.21.85 - - [12/Sep/2020:22:44:12 -0400] "GET /share.css HTTP/1.0" 302 222 "-" "Mozilla/4.0 (compatible; MSIE 7.0; Windows NT 6.0; Trident/4.0)"
114.119.157.218 - - [12/Sep/2020:23:34:52 -0400] "GET /ricardo-H-essay.html HTTP/1.0" 302 233 "-" "Mozilla/5.0 (Linux; Android 7.0;) AppleWebKit/537.36 (KHTML, like Gecko) Mobile Safari/537.36 (compatible; PetalBot;+http://aspiegel.com/petalbot)"
64.62.252.176 - - [12/Sep/2020:23:38:55 -0400] "GET /nija-W-essay.html HTTP/1.0" 302 230 "-" "The Knowledge AI"
45.55.225.186 - - [12/Sep/2020:23:48:38 -0400] "GET /RICH/js/owl.carousel.min.js HTTP/1.0" 200 42766 "https://www.richinc.org/RICH/" "Mozilla/5.0 (X11; Datanyze; Linux x86_64) AppleWebKit/537.36 (KHTML, like Gecko) Chrome/65.0.3325.181 Safari/537.36"
157.55.39.72 - - [12/Sep/2020:23:59:49 -0400] "GET /RICH/Image2.jpg HTTP/1.0" 200 2080867 "-" "Mozilla/5.0 (compatible; bingbot/2.0; +http://www.bing.com/bingbot.htm)"
66.249.66.216 - - [12/Sep/2020:03:14:20 -0400] "POST /RICH/php/UsersRICH.php HTTP/1.0" 500 706 "https://www.richinc.org/RICH/" "Mozilla/5.0 AppleWebKit/537.36 (KHTML, like Gecko; compatible; Googlebot/2.1; +http://www.google.com/bot.html) Chrome/85.0.4183.105 Safari/537.36"
52.53.184.173 - - [12/Sep/2020:03:28:08 -0400] "GET /RICH/index.html HTTP/1.0" 200 52711 "https:// www.richinc.org" "Mozilla/5.0 (Windows NT 10.0; Win64; x64) AppleWebKit/537.36 (KHTML, like Gecko) Chrome/85.0.4183.83 Safari/537.36 Edg/85.0.564.44"
184.154.36.170 - - [12/Sep/2020:07:19:32 -0400] "GET /RICH/js/jquery.countdown.min.js HTTP/1.0" 200 5339 "-" "SiteLockSpider [en] (WinNT; I ;Nav)"
157.55.39.227 - - [12/Sep/2020:08:23:20 -0400] "GET /RICH/mission.html HTTP/1.0" 200 15573 "-" "Mozilla/5.0 (compatible; bingbot/2.0; +http://www.bing.com/bingbot.htm)"
107.178.232.175 - - [12/Sep/2020:11:04:40 -0400] "GET /RICH/ HTTP/1.0" 200 52711 "-" "Mozilla/5.0 (X11; Linux x86_64) AppleWebKit/537.36 (KHTML, like Gecko) HeadlessChrome/72.0.3617.0 Safari/537.36"
107.178.232.175 - - [12/Sep/2020:11:04:41 -0400] "GET /RICH/css/aos.css HTTP/1.0" 200 25983 "https://www.richinc.org/RICH/" "Mozilla/5.0 (X11; Linux x86_64) AppleWebKit/537.36 (KHTML, like Gecko) HeadlessChrome/72.0.3617.0 Safari/537.36"
107.178.232.175 - - [12/Sep/2020:11:04:41 -0400] "GET /cdn-cgi/scripts/5c5dd728/cloudflare-static/email-decode.min.js HTTP/1.0" 302 275 "https://www.richinc.org/RICH/" "Mozilla/5.0 (X11; Linux x86_64) AppleWebKit/537.36 (KHTML, like Gecko) HeadlessChrome/72.0.3617.0 Safari/537.36"
107.178.232.175 - - [12/Sep/2020:11:04:41 -0400] "GET /RICH/js/jquery-migrate-3.0.1.min.js HTTP/1.0" 200 11421 "https://www.richinc.org/RICH/" "Mozilla/5.0 (X11; Linux x86_64) AppleWebKit/537.36 (KHTML, like Gecko) HeadlessChrome/72.0.3617.0 Safari/537.36"
107.178.232.175 - - [12/Sep/2020:11:04:41 -0400] "GET /RICH/js/owl.carousel.min.js HTTP/1.0" 200 42766 "https://www.richinc.org/RICH/" "Mozilla/5.0 (X11; Linux x86_64) AppleWebKit/537.36 (KHTML, like Gecko) HeadlessChrome/72.0.3617.0 Safari/537.36"
107.178.232.175 - - [12/Sep/2020:11:04:43 -0400] "GET /RICH/images/botimage.png HTTP/1.0" 200 3914 "https://www.richinc.org/RICH/" "Mozilla/5.0 (X11; Linux x86_64) AppleWebKit/537.36 (KHTML, like Gecko) HeadlessChrome/72.0.3617.0 Safari/537.36"
217.160.241.170 - - [12/Sep/2020:13:18:51 -0400] "GET / HTTP/1.0" 302 213 "-" "Mozilla/5.0 (X11; Ubuntu; Linux i686; rv:28.0) Gecko/20100101 Firefox/28.0"
217.160.241.170 - - [12/Sep/2020:13:18:55 -0400] "GET /RICH/wp-includes/js/jquery/jquery.js HTTP/1.0" 404 575 "-" "Mozilla/5.0 (X11; Ubuntu; Linux i686; rv:28.0) Gecko/20100101 Firefox/28.0"
217.160.241.170 - - [12/Sep/2020:13:19:00 -0400] "GET /plugins/system/debug/debug.xml HTTP/1.0" 302 243 "-" "Mozilla/5.0 (X11; Ubuntu; Linux i686; rv:28.0) Gecko/20100101 Firefox/28.0"
217.160.241.170 - - [12/Sep/2020:13:19:05 -0400] "GET /misc/ajax.js HTTP/1.0" 302 225 "-" "Mozilla/5.0 (X11; Ubuntu; Linux i686; rv:28.0) Gecko/20100101 Firefox/28.0"
217.160.241.170 - - [12/Sep/2020:13:19:12 -0400] "GET /admin/view/javascript/common.js HTTP/1.0" 302 244 "-" "Mozilla/5.0 (X11; Ubuntu; Linux i686; rv:28.0) Gecko/20100101 Firefox/28.0"
66.249.64.90 - - [12/Sep/2020:13:51:50 -0400] "GET /RICH/ HTTP/1.0" 200 52711 "-" "Mozilla/5.0 (compatible; Googlebot/2.1; +http://www.google.com/bot.html)"
207.46.13.101 - - [12/Sep/2020:14:45:35 -0400] "GET /css/style.css HTTP/1.0" 403 215 "-" "Mozilla/5.0 (compatible; bingbot/2.0; +http://www.bing.com/bingbot.htm)"
157.55.39.72 - - [12/Sep/2020:14:45:41 -0400] "GET /js/jquery.stellar.min.js HTTP/1.0" 403 226 "-" "Mozilla/5.0 (compatible; bingbot/2.0; +http://www.bing.com/bingbot.htm)"
157.55.39.4 - - [12/Sep/2020:14:46:05 -0400] "GET /RICH/cdn-cgi/scripts/5c5dd728/cloudflare-static/email-decode.min.js HTTP/1.0" 404 575 "-" "Mozilla/5.0 (compatible; bingbot/2.0; +http://www.bing.com/bingbot.htm)"
148.251.195.14 - - [12/Sep/2020:16:40:40 -0400] "GET /RICH/robots.txt HTTP/1.0" 404 575 "-" "Mozilla/5.0 (compatible; MJ12bot/v1.4.8; http://mj12bot.com/)"
157.55.39.4 - - [12/Sep/2020:17:00:09 -0400] "GET /RICH/js/mediaelement-and-player.min.js HTTP/1.0" 200 152469 "-" "Mozilla/5.0 (compatible; bingbot/2.0; +http://www.bing.com/bingbot.htm)"
157.55.39.4 - - [12/Sep/2020:17:00:10 -0400] "GET /RICH/fonts/flaticon/font/flaticon.css HTTP/1.0" 200 1250 "-" "Mozilla/5.0 (compatible; bingbot/2.0; +http://www.bing.com/bingbot.htm)"
157.55.39.4 - - [12/Sep/2020:17:00:10 -0400] "GET /RICH/fonts/icomoon/style.css HTTP/1.0" 200 79820 "-" "Mozilla/5.0 (compatible; bingbot/2.0; +http://www.bing.com/bingbot.htm)"
157.55.39.227 - - [12/Sep/2020:17:00:21 -0400] "GET /RICH/css/animate.css HTTP/1.0" 200 77748 "-" "Mozilla/5.0 (compatible; bingbot/2.0; +http://www.bing.com/bingbot.htm)"
35.237.106.60 - - [12/Sep/2020:17:18:24 -0400] "GET /RICH/robots.txt HTTP/1.0" 404 575 "-" "ZoominfoBot (zoominfobot at zoominfo dot com)"
34.73.96.141 - - [12/Sep/2020:18:54:24 -0400] "GET /RICH/privacy-policy.html HTTP/1.0" 200 14593 "-" "ZoominfoBot (zoominfobot at zoominfo dot com)"
62.210.188.218 - - [12/Sep/2020:22:14:40 -0400] "GET /RICH/taj-J-essay.html HTTP/1.0" 404 575 "-" "Mozilla/5.0 (compatible; Barkrowler/0.9; +https://babbar.tech/crawler)"
62.210.188.218 - - [12/Sep/2020:22:14:59 -0400] "GET /RICH/nija-W-essay.html HTTP/1.0" 404 575 "-" "Mozilla/5.0 (compatible; Barkrowler/0.9; +https://babbar.tech/crawler)"
45.55.225.186 - - [12/Sep/2020:23:48:38 -0400] "GET /cdn-cgi/scripts/5c5dd728/cloudflare-static/email-decode.min.js HTTP/1.0" 302 275 "https://www.richinc.org/RICH/" "Mozilla/5.0 (X11; Datanyze; Linux x86_64) AppleWebKit/537.36 (KHTML, like Gecko) Chrome/65.0.3325.181 Safari/537.36"
45.55.225.186 - - [12/Sep/2020:23:48:38 -0400] "POST /RICH/php/UsersRICH.php HTTP/1.0" 500 706 "https://www.richinc.org/RICH/" "Mozilla/5.0 (X11; Datanyze; Linux x86_64) AppleWebKit/537.36 (KHTML, like Gecko) Chrome/65.0.3325.181 Safari/537.36"
34.220.162.88 - - [12/Sep/2020:00:50:03 -0400] "GET /www3/394d5108b1f616a605b7d305a3a53d69 HTTP/1.0" 302 250 "-" "Mozilla/5.0 (X11; Linux i686; rv:54.0) Gecko/20100101 Firefox/54.0"
66.249.66.218 - - [12/Sep/2020:01:26:46 -0400] "GET /RICH/robots.txt HTTP/1.0" 404 575 "-" "Mozilla/5.0 (compatible; Googlebot/2.1; +http://www.google.com/bot.html)"
66.249.66.214 - - [12/Sep/2020:01:27:42 -0400] "GET /RICH/cdn-cgi/scripts/5c5dd728/cloudflare-static/email-decode.min.js HTTP/1.0" 404 575 "https://www.richinc.org/RICH/" "Mozilla/5.0 (Linux; Android 6.0.1; Nexus 5X Build/MMB29P) AppleWebKit/537.36 (KHTML, like Gecko) Chrome/85.0.4183.105 Mobile Safari/537.36 (compatible; Googlebot/2.1; +http://www.google.com/bot.html)"
114.119.153.49 - - [12/Sep/2020:03:07:19 -0400] "GET /RICH/chairman-message.html HTTP/1.0" 200 13505 "-" "Mozilla/5.0 (Linux; Android 7.0;) AppleWebKit/537.36 (KHTML, like Gecko) Mobile Safari/537.36 (compatible; PetalBot;+http://aspiegel.com/petalbot)"
52.53.184.173 - - [12/Sep/2020:03:28:08 -0400] "GET /contact-us.html HTTP/1.0" 302 228 "http:// www.richinc.org" "Mozilla/5.0 (Windows NT 10.0; Win64; x64) AppleWebKit/537.36 (KHTML, like Gecko) Chrome/85.0.4183.83 Safari/537.36 Edg/85.0.564.44"
52.53.184.173 - - [12/Sep/2020:03:28:08 -0400] "GET /RICH/mission.html HTTP/1.0" 200 15573 "https:// www.richinc.org" "Mozilla/5.0 (Windows NT 10.0; Win64; x64) AppleWebKit/537.36 (KHTML, like Gecko) Chrome/85.0.4183.83 Safari/537.36 Edg/85.0.564.44"
66.249.70.21 - - [12/Sep/2020:06:14:04 -0400] "GET /nija-W-essay.html HTTP/1.0" 302 230 "-" "Mozilla/5.0 (compatible; Googlebot/2.1; +http://www.google.com/bot.html)"
114.119.153.49 - - [12/Sep/2020:07:11:48 -0400] "GET /RICH/gsuite-classroom.html HTTP/1.0" 200 10020 "-" "Mozilla/5.0 (Linux; Android 7.0;) AppleWebKit/537.36 (KHTML, like Gecko) Mobile Safari/537.36 (compatible; PetalBot;+http://aspiegel.com/petalbot)"
184.154.36.170 - - [12/Sep/2020:07:19:03 -0400] "GET /robots.txt HTTP/1.0" 302 223 "-" "SiteLockSpider [en] (WinNT; I ;Nav)"
184.154.36.170 - - [12/Sep/2020:07:19:04 -0400] "GET /RICH/th1s_1s_a_4o4.html HTTP/1.0" 404 575 "-" "SiteLockSpider [en] (WinNT; I ;Nav)"
184.154.36.170 - - [12/Sep/2020:07:19:13 -0400] "GET /RICH/page1.html HTTP/1.0" 200 53544 "-" "SiteLockSpider [en] (WinNT; I ;Nav)"
184.154.36.170 - - [12/Sep/2020:07:19:17 -0400] "GET /RICH/peace-run.html HTTP/1.0" 200 14034 "-" "SiteLockSpider [en] (WinNT; I ;Nav)"
184.154.36.170 - - [12/Sep/2020:07:19:21 -0400] "GET /RICH/loginAdmin.html HTTP/1.0" 200 13596 "-" "SiteLockSpider [en] (WinNT; I ;Nav)"
184.154.36.170 - - [12/Sep/2020:07:19:22 -0400] "GET /RICH/js/jquery-3.3.1.min.js HTTP/1.0" 200 86926 "-" "SiteLockSpider [en] (WinNT; I ;Nav)"
184.154.36.170 - - [12/Sep/2020:07:19:29 -0400] "GET /RICH/js/aos.js HTTP/1.0" 200 14244 "-" "SiteLockSpider [en] (WinNT; I ;Nav)"
184.154.36.170 - - [12/Sep/2020:07:19:38 -0400] "GET /RICH/Account/projects.html HTTP/1.0" 200 23298 "-" "SiteLockSpider [en] (WinNT; I ;Nav)"
184.154.36.170 - - [12/Sep/2020:07:19:42 -0400] "GET /RICH/GoogleClassroom/oauth2callback.php HTTP/1.0" 200 649 "-" "SiteLockSpider [en] (WinNT; I ;Nav)"
184.154.36.170 - - [12/Sep/2020:07:19:46 -0400] "GET /RICH/Account/portal-home.html HTTP/1.0" 200 18428 "-" "SiteLockSpider [en] (WinNT; I ;Nav)"
184.154.36.170 - - [12/Sep/2020:07:19:48 -0400] "GET /RICH/parents-investment-alliance.html HTTP/1.0" 200 13078 "-" "SiteLockSpider [en] (WinNT; I ;Nav)"
184.154.36.170 - - [12/Sep/2020:07:19:51 -0400] "GET /RICH/js/jquery.countdown.min.js HTTP/1.0" 200 5339 "-" "SiteLockSpider [en] (WinNT; I ;Nav)"
54.36.148.34 - - [12/Sep/2020:08:40:24 -0400] "GET /RICH/robots.txt HTTP/1.0" 404 575 "-" "Mozilla/5.0 (compatible; AhrefsBot/6.1; +http://ahrefs.com/robot/)"
107.178.232.175 - - [12/Sep/2020:11:04:39 -0400] "GET / HTTP/1.0" 302 213 "-" "Mozilla/5.0 (X11; Linux x86_64) AppleWebKit/537.36 (KHTML, like Gecko) HeadlessChrome/72.0.3617.0 Safari/537.36"
107.178.232.175 - - [12/Sep/2020:11:04:41 -0400] "GET /RICH/css/magnific-popup.css HTTP/1.0" 200 6950 "https://www.richinc.org/RICH/" "Mozilla/5.0 (X11; Linux x86_64) AppleWebKit/537.36 (KHTML, like Gecko) HeadlessChrome/72.0.3617.0 Safari/537.36"
107.178.232.175 - - [12/Sep/2020:11:04:41 -0400] "GET /RICH/css/bootstrap.min.css HTTP/1.0" 200 159826 "https://www.richinc.org/RICH/" "Mozilla/5.0 (X11; Linux x86_64) AppleWebKit/537.36 (KHTML, like Gecko) HeadlessChrome/72.0.3617.0 Safari/537.36"
107.178.232.175 - - [12/Sep/2020:11:04:41 -0400] "GET /RICH/js/jquery-ui.js HTTP/1.0" 200 45799 "https://www.richinc.org/RICH/" "Mozilla/5.0 (X11; Linux x86_64) AppleWebKit/537.36 (KHTML, like Gecko) HeadlessChrome/72.0.3617.0 Safari/537.36"
107.178.232.175 - - [12/Sep/2020:11:04:41 -0400] "GET /RICH/js/jquery.magnific-popup.min.js HTTP/1.0" 200 20216 "https://www.richinc.org/RICH/" "Mozilla/5.0 (X11; Linux x86_64) AppleWebKit/537.36 (KHTML, like Gecko) HeadlessChrome/72.0.3617.0 Safari/537.36"
107.178.232.175 - - [12/Sep/2020:11:04:41 -0400] "GET /RICH/js/mediaelement-and-player.min.js HTTP/1.0" 200 152469 "https://www.richinc.org/RICH/" "Mozilla/5.0 (X11; Linux x86_64) AppleWebKit/537.36 (KHTML, like Gecko) HeadlessChrome/72.0.3617.0 Safari/537.36"
107.178.232.175 - - [12/Sep/2020:11:04:41 -0400] "GET /RICH/js/aos.js HTTP/1.0" 200 14244 "https://www.richinc.org/RICH/" "Mozilla/5.0 (X11; Linux x86_64) AppleWebKit/537.36 (KHTML, like Gecko) HeadlessChrome/72.0.3617.0 Safari/537.36"
107.178.232.175 - - [12/Sep/2020:11:04:42 -0400] "GET /RICH/QueensImage.jpg HTTP/1.0" 200 675817 "https://www.richinc.org/RICH/" "Mozilla/5.0 (X11; Linux x86_64) AppleWebKit/537.36 (KHTML, like Gecko) HeadlessChrome/72.0.3617.0 Safari/537.36"
107.178.232.175 - - [12/Sep/2020:11:04:43 -0400] "GET /RICH/images/matter.png HTTP/1.0" 200 20184 "https://www.richinc.org/RICH/" "Mozilla/5.0 (X11; Linux x86_64) AppleWebKit/537.36 (KHTML, like Gecko) HeadlessChrome/72.0.3617.0 Safari/537.36"
107.178.232.175 - - [12/Sep/2020:11:04:43 -0400] "GET /RICH/images/gameLogo.png HTTP/1.0" 200 42587 "https://www.richinc.org/RICH/" "Mozilla/5.0 (X11; Linux x86_64) AppleWebKit/537.36 (KHTML, like Gecko) HeadlessChrome/72.0.3617.0 Safari/537.36"
107.178.232.175 - - [12/Sep/2020:11:04:43 -0400] "GET /RICH/images/playButton.png HTTP/1.0" 200 327681 "https://www.richinc.org/RICH/" "Mozilla/5.0 (X11; Linux x86_64) AppleWebKit/537.36 (KHTML, like Gecko) HeadlessChrome/72.0.3617.0 Safari/537.36"
107.152.145.28 - - [12/Sep/2020:11:56:13 -0400] "GET /blog/contact-us/ HTTP/1.0" 302 229 "-" "Mozilla/5.0 (X11; Ubuntu; Linux i686 on x86_64; rv:51.0) Gecko/20100101 Firefox/51.0"
114.119.157.218 - - [12/Sep/2020:12:39:51 -0400] "GET / HTTP/1.0" 302 213 "-" "Mozilla/5.0 (Linux; Android 7.0;) AppleWebKit/537.36 (KHTML, like Gecko) Mobile Safari/537.36 (compatible; PetalBot;+http://aspiegel.com/petalbot)"
217.160.241.170 - - [12/Sep/2020:13:19:02 -0400] "GET /administrator/ HTTP/1.0" 302 227 "-" "Mozilla/5.0 (X11; Ubuntu; Linux i686; rv:28.0) Gecko/20100101 Firefox/28.0"
217.160.241.170 - - [12/Sep/2020:13:19:07 -0400] "GET / HTTP/1.0" 302 213 "-" "Mozilla/5.0 (X11; Ubuntu; Linux i686; rv:28.0) Gecko/20100101 Firefox/28.0"
217.160.241.170 - - [12/Sep/2020:13:19:11 -0400] "GET /RICH/ HTTP/1.0" 200 52711 "-" "Mozilla/5.0 (X11; Ubuntu; Linux i686; rv:28.0) Gecko/20100101 Firefox/28.0"
217.160.241.170 - - [12/Sep/2020:13:19:13 -0400] "GET /RICH/admin/view/javascript/common.js HTTP/1.0" 404 575 "-" "Mozilla/5.0 (X11; Ubuntu; Linux i686; rv:28.0) Gecko/20100101 Firefox/28.0"
217.160.241.170 - - [12/Sep/2020:13:19:15 -0400] "GET /js/header-rollup-554.js HTTP/1.0" 403 225 "-" "Mozilla/5.0 (X11; Ubuntu; Linux i686; rv:28.0) Gecko/20100101 Firefox/28.0"
217.160.241.170 - - [12/Sep/2020:13:19:16 -0400] "GET /.env HTTP/1.0" 302 217 "-" "Mozilla/5.0 (X11; Ubuntu; Linux i686; rv:28.0) Gecko/20100101 Firefox/28.0"
157.55.39.215 - - [12/Sep/2020:14:44:48 -0400] "GET /js/aos.js HTTP/1.0" 403 211 "-" "Mozilla/5.0 (compatible; bingbot/2.0; +http://www.bing.com/bingbot.htm)"
207.46.13.164 - - [12/Sep/2020:14:45:09 -0400] "GET /js/popper.min.js HTTP/1.0" 403 218 "-" "Mozilla/5.0 (compatible; bingbot/2.0; +http://www.bing.com/bingbot.htm)"
40.77.167.121 - - [12/Sep/2020:14:45:26 -0400] "GET /robots.txt HTTP/1.0" 302 223 "-" "Mozilla/5.0 (compatible; bingbot/2.0; +http://www.bing.com/bingbot.htm)"
207.46.13.101 - - [12/Sep/2020:14:45:35 -0400] "GET /js/jquery-3.3.1.min.js HTTP/1.0" 403 224 "-" "Mozilla/5.0 (compatible; bingbot/2.0; +http://www.bing.com/bingbot.htm)"
40.77.167.121 - - [12/Sep/2020:14:45:45 -0400] "GET /js/jquery.magnific-popup.min.js HTTP/1.0" 403 233 "-" "Mozilla/5.0 (compatible; bingbot/2.0; +http://www.bing.com/bingbot.htm)"
157.55.39.4 - - [12/Sep/2020:14:46:05 -0400] "GET /cdn-cgi/scripts/5c5dd728/cloudflare-static/email-decode.min.js HTTP/1.0" 302 275 "-" "Mozilla/5.0 (compatible; bingbot/2.0; +http://www.bing.com/bingbot.htm)"
34.76.201.137 - - [12/Sep/2020:14:51:01 -0400] "GET / HTTP/1.0" 302 213 "-" "Apache-HttpClient/4.5.5 (Java/1.8.0_151)"
114.119.157.218 - - [12/Sep/2020:16:10:14 -0400] "GET /RICH/graduate-testimonials.html HTTP/1.0" 200 15380 "-" "Mozilla/5.0 (Linux; Android 7.0;) AppleWebKit/537.36 (KHTML, like Gecko) Mobile Safari/537.36 (compatible; PetalBot;+http://aspiegel.com/petalbot)"
114.119.154.63 - - [12/Sep/2020:16:30:28 -0400] "GET /robots.txt HTTP/1.0" 302 223 "-" "(compatible;PetalBot;+http://aspiegel.com/petalbot)"
148.251.195.14 - - [12/Sep/2020:16:40:54 -0400] "GET /RICH/news-articles.php HTTP/1.0" 404 575 "-" "Mozilla/5.0 (compatible; MJ12bot/v1.4.8; http://mj12bot.com/)"
207.46.13.48 - - [12/Sep/2020:16:59:00 -0400] "GET / HTTP/1.0" 302 213 "-" "Mozilla/5.0 (compatible; bingbot/2.0; +http://www.bing.com/bingbot.htm)"
207.46.13.120 - - [12/Sep/2020:16:59:24 -0400] "GET /RICH/js/owl.carousel.min.js HTTP/1.0" 200 42766 "-" "Mozilla/5.0 (compatible; bingbot/2.0; +http://www.bing.com/bingbot.htm)"
207.46.13.164 - - [12/Sep/2020:16:59:52 -0400] "GET /RICH/js/main.js HTTP/1.0" 200 7761 "-" "Mozilla/5.0 (compatible; bingbot/2.0; +http://www.bing.com/bingbot.htm)"
157.55.39.4 - - [12/Sep/2020:17:00:10 -0400] "GET /RICH/css/style.css HTTP/1.0" 200 48040 "-" "Mozilla/5.0 (compatible; bingbot/2.0; +http://www.bing.com/bingbot.htm)"
66.160.140.184 - - [12/Sep/2020:18:07:08 -0400] "GET /RICH/about-us.php HTTP/1.0" 404 575 "-" "The Knowledge AI"
34.73.96.141 - - [12/Sep/2020:18:52:36 -0400] "GET /RICH/index.html HTTP/1.0" 200 52711 "-" "ZoominfoBot (zoominfobot at zoominfo dot com)"
34.73.96.141 - - [12/Sep/2020:19:00:23 -0400] "GET /RICH/overview.html HTTP/1.0" 200 11800 "-" "ZoominfoBot (zoominfobot at zoominfo dot com)"
34.73.96.141 - - [12/Sep/2020:19:02:23 -0400] "GET /RICH/board-directors.html HTTP/1.0" 200 12545 "-" "ZoominfoBot (zoominfobot at zoominfo dot com)"
34.73.96.141 - - [12/Sep/2020:19:08:53 -0400] "GET /RICH/projectsnack.html HTTP/1.0" 200 18989 "-" "ZoominfoBot (zoominfobot at zoominfo dot com)"
34.73.96.141 - - [12/Sep/2020:19:16:54 -0400] "GET /RICH/annual-reports.html HTTP/1.0" 200 10564 "-" "ZoominfoBot (zoominfobot at zoominfo dot com)"
39.98.158.5 - - [12/Sep/2020:19:31:47 -0400] "GET /RICH/e/data/js/ajax.js HTTP/1.0" 404 575 "-" "Mozilla/5.0 (Windows NT 10.0; WOW64; rv:48.0) Gecko/20100101 Firefox/48.0"
34.74.17.125 - - [12/Sep/2020:20:21:30 -0400] "GET /RICH/robots.txt HTTP/1.0" 404 575 "-" "ZoominfoBot (zoominfobot at zoominfo dot com)"
34.74.17.125 - - [12/Sep/2020:20:21:30 -0400] "GET /RICH/parents-investment-alliance.html HTTP/1.0" 200 13078 "-" "ZoominfoBot (zoominfobot at zoominfo dot com)"
114.119.128.19 - - [12/Sep/2020:20:27:16 -0400] "GET /RICH/first-graduates.html HTTP/1.0" 200 17133 "-" "Mozilla/5.0 (Linux; Android 7.0;) AppleWebKit/537.36 (KHTML, like Gecko) Mobile Safari/537.36 (compatible; PetalBot;+http://aspiegel.com/petalbot)"
66.249.64.86 - - [12/Sep/2020:20:32:40 -0400] "GET /RICH/ HTTP/1.0" 200 52711 "-" "Mozilla/5.0 (Linux; Android 6.0.1; Nexus 5X Build/MMB29P) AppleWebKit/537.36 (KHTML, like Gecko) Chrome/80.0.3987.92 Mobile Safari/537.36 (compatible; Googlebot/2.1; +http://www.google.com/bot.html)"
52.38.218.119 - - [12/Sep/2020:21:20:52 -0400] "GET /www3/394d5108b1f616a605b7d305a3a53d69 HTTP/1.0" 302 250 "-" "Mozilla/5.0 (Macintosh; PPC Mac OS X 10.8; rv:48.0) Gecko/20100101 Firefox/48.0"
62.210.188.218 - - [12/Sep/2020:22:12:00 -0400] "GET /RICH/robots.txt HTTP/1.0" 404 575 "-" "Mozilla/5.0 (compatible; Barkrowler/0.9; +https://babbar.tech/crawler)"
62.210.188.218 - - [12/Sep/2020:22:12:08 -0400] "GET /robots.txt HTTP/1.0" 302 223 "-" "Mozilla/5.0 (compatible; Barkrowler/0.9; +https://babbar.tech/crawler)"
62.210.188.218 - - [12/Sep/2020:22:12:08 -0400] "GET /robots.txt HTTP/1.0" 302 223 "-" "Mozilla/5.0 (compatible; Barkrowler/0.9; +https://babbar.tech/crawler)"
62.210.188.218 - - [12/Sep/2020:22:12:11 -0400] "GET / HTTP/1.0" 302 213 "-" "Mozilla/5.0 (compatible; Barkrowler/0.9; +https://babbar.tech/crawler)"
62.210.188.218 - - [12/Sep/2020:22:12:12 -0400] "GET /RICH/robots.txt HTTP/1.0" 404 575 "-" "Mozilla/5.0 (compatible; Barkrowler/0.9; +https://babbar.tech/crawler)"
62.210.188.218 - - [12/Sep/2020:22:12:25 -0400] "GET / HTTP/1.0" 302 213 "-" "Mozilla/5.0 (compatible; Barkrowler/0.9; +https://babbar.tech/crawler)"
62.210.188.218 - - [12/Sep/2020:22:12:26 -0400] "GET /RICH/ HTTP/1.0" 200 52711 "-" "Mozilla/5.0 (compatible; Barkrowler/0.9; +https://babbar.tech/crawler)"
62.210.188.218 - - [12/Sep/2020:22:16:00 -0400] "GET /RICH/ HTTP/1.0" 200 52711 "-" "Mozilla/5.0 (compatible; Barkrowler/0.9; +https://babbar.tech/crawler)"
58.250.125.159 - - [12/Sep/2020:22:41:09 -0400] "GET /RICH/ HTTP/1.0" 200 52711 "-" "Sogou web spider/4.0(+http://www.sogou.com/docs/help/webmasters.htm#07)"
64.62.252.176 - - [12/Sep/2020:23:38:54 -0400] "GET /RICH/robots.txt HTTP/1.0" 404 575 "-" "The Knowledge AI"
45.55.225.186 - - [12/Sep/2020:23:48:38 -0400] "GET /RICH/ HTTP/1.0" 200 52711 "-" "Mozilla/5.0 (X11; Datanyze; Linux x86_64) AppleWebKit/537.36 (KHTML, like Gecko) Chrome/65.0.3325.181 Safari/537.36"
45.55.225.186 - - [12/Sep/2020:23:48:38 -0400] "GET /RICH/js/bootstrap.min.js HTTP/1.0" 200 51039 "https://www.richinc.org/RICH/" "Mozilla/5.0 (X11; Datanyze; Linux x86_64) AppleWebKit/537.36 (KHTML, like Gecko) Chrome/65.0.3325.181 Safari/537.36"
45.55.225.186 - - [12/Sep/2020:23:48:38 -0400] "GET /RICH/js/jquery.stellar.min.js HTTP/1.0" 200 12597 "https://www.richinc.org/RICH/" "Mozilla/5.0 (X11; Datanyze; Linux x86_64) AppleWebKit/537.36 (KHTML, like Gecko) Chrome/65.0.3325.181 Safari/537.36"
45.55.225.186 - - [12/Sep/2020:23:48:38 -0400] "GET /RICH/cdn-cgi/scripts/5c5dd728/cloudflare-static/email-decode.min.js HTTP/1.0" 404 575 "https://www.richinc.org/RICH/" "Mozilla/5.0 (X11; Datanyze; Linux x86_64) AppleWebKit/537.36 (KHTML, like Gecko) Chrome/65.0.3325.181 Safari/537.36"
17.58.102.44 - - [12/Sep/2020:00:58:22 -0400] "GET /RICH/first-graduates.html HTTP/1.0" 200 17133 "-" "Mozilla/5.0 (Macintosh; Intel Mac OS X 10_15_5) AppleWebKit/605.1.15 (KHTML, like Gecko) Version/13.1.1 Safari/605.1.15 (Applebot/0.1; +http://www.apple.com/go/applebot)"
114.119.148.237 - - [12/Sep/2020:01:12:03 -0400] "GET /RICH/robots.txt HTTP/1.0" 404 575 "-" "(compatible;PetalBot;+http://aspiegel.com/petalbot)"
52.53.184.173 - - [12/Sep/2020:03:28:07 -0400] "GET /RICH/robots.txt HTTP/1.0" 404 575 "https:// www.richinc.org" "Mozilla/5.0 (Windows NT 10.0; Win64; x64) AppleWebKit/537.36 (KHTML, like Gecko) Chrome/85.0.4183.83 Safari/537.36 Edg/85.0.564.44"
52.53.184.173 - - [12/Sep/2020:03:28:08 -0400] "GET /RICH/ HTTP/1.0" 200 52711 "https:// www.richinc.org" "Mozilla/5.0 (Windows NT 10.0; Win64; x64) AppleWebKit/537.36 (KHTML, like Gecko) Chrome/85.0.4183.83 Safari/537.36 Edg/85.0.564.44"
52.53.184.173 - - [12/Sep/2020:03:28:08 -0400] "GET /annual-reports.html HTTP/1.0" 302 232 "http:// www.richinc.org" "Mozilla/5.0 (Windows NT 10.0; Win64; x64) AppleWebKit/537.36 (KHTML, like Gecko) Chrome/85.0.4183.83 Safari/537.36 Edg/85.0.564.44"
77.74.177.113 - - [12/Sep/2020:04:39:01 -0400] "GET / HTTP/1.0" 302 213 "-" "Mozilla/5.0 (Windows NT 10.0; Win64; x64) AppleWebKit/537.36 (KHTML, like Gecko) Chrome/71.0.3578.98 Safari/537.36"
95.163.255.167 - - [12/Sep/2020:07:16:07 -0400] "GET /robots.txt HTTP/1.0" 302 223 "-" "Mozilla/5.0 (compatible; Linux x86_64; Mail.RU_Bot/2.0; +http://go.mail.ru/help/robots)"
184.154.36.170 - - [12/Sep/2020:07:19:03 -0400] "GET / HTTP/1.0" 302 213 "http://www.google.com/url?url=www.richinc.org&yahoo.com" "Mozilla/5.0 (compatible; MSIE 9.0; Windows NT 6.1; WOW64; Trident/6.0)"
184.154.36.170 - - [12/Sep/2020:07:19:10 -0400] "GET /RICH/mission.html HTTP/1.0" 200 15573 "-" "SiteLockSpider [en] (WinNT; I ;Nav)"
184.154.36.170 - - [12/Sep/2020:07:19:18 -0400] "GET /RICH/login.html HTTP/1.0" 200 12888 "-" "SiteLockSpider [en] (WinNT; I ;Nav)"
184.154.36.170 - - [12/Sep/2020:07:19:19 -0400] "GET /RICH/page4.html HTTP/1.0" 200 19961 "-" "SiteLockSpider [en] (WinNT; I ;Nav)"
184.154.36.170 - - [12/Sep/2020:07:19:31 -0400] "GET /RICH/js/popper.min.js HTTP/1.0" 200 20336 "-" "SiteLockSpider [en] (WinNT; I ;Nav)"
184.154.36.170 - - [12/Sep/2020:07:19:34 -0400] "GET /RICH/css/bot.css HTTP/1.0" 200 1399 "-" "SiteLockSpider [en] (WinNT; I ;Nav)"
184.154.36.170 - - [12/Sep/2020:07:19:40 -0400] "GET /RICH/css/magnific-popup.css HTTP/1.0" 200 6950 "-" "SiteLockSpider [en] (WinNT; I ;Nav)"
184.154.36.170 - - [12/Sep/2020:07:19:42 -0400] "GET /RICH/Account/redirect.html HTTP/1.0" 200 2264 "-" "SiteLockSpider [en] (WinNT; I ;Nav)"
184.154.36.170 - - [12/Sep/2020:07:19:42 -0400] "GET /RICH/GoogleClassroom/classAPI.php?callback=processData HTTP/1.0" 302 - "http://www.google.com/url?url=www.richinc.org&yahoo.com" "Mozilla/5.0 (compatible; MSIE 9.0; Windows NT 6.1; WOW64; Trident/6.0)"
184.154.36.170 - - [12/Sep/2020:07:19:46 -0400] "GET /RICH/cdn-cgi/scripts/5c5dd728/cloudflare-static/email-decode.min.js HTTP/1.0" 404 575 "http://www.google.com/url?url=www.richinc.org&yahoo.com" "Mozilla/5.0 (compatible; MSIE 9.0; Windows NT 6.1; WOW64; Trident/6.0)"
184.154.36.170 - - [12/Sep/2020:07:19:46 -0400] "GET /RICH/fonts/flaticon/font/flaticon.css HTTP/1.0" 200 1250 "http://www.google.com/url?url=www.richinc.org&yahoo.com" "Mozilla/5.0 (compatible; MSIE 9.0; Windows NT 6.1; WOW64; Trident/6.0)"
184.154.36.170 - - [12/Sep/2020:07:19:46 -0400] "GET /RICH/peace-run.html HTTP/1.0" 200 14034 "http://www.google.com/url?url=www.richinc.org&yahoo.com" "Mozilla/5.0 (compatible; MSIE 9.0; Windows NT 6.1; WOW64; Trident/6.0)"
184.154.36.170 - - [12/Sep/2020:07:19:46 -0400] "GET /RICH/annual-reports.html HTTP/1.0" 200 10564 "-" "SiteLockSpider [en] (WinNT; I ;Nav)"
184.154.36.170 - - [12/Sep/2020:07:19:46 -0400] "GET /RICH/privacy-policy.html HTTP/1.0" 200 14593 "-" "SiteLockSpider [en] (WinNT; I ;Nav)"
184.154.36.170 - - [12/Sep/2020:07:19:47 -0400] "GET /RICH/overview.html HTTP/1.0" 200 11800 "-" "SiteLockSpider [en] (WinNT; I ;Nav)"
184.154.36.170 - - [12/Sep/2020:07:19:47 -0400] "GET /RICH/contact-us.html HTTP/1.0" 200 13639 "-" "SiteLockSpider [en] (WinNT; I ;Nav)"
184.154.36.170 - - [12/Sep/2020:07:19:48 -0400] "GET /RICH/page4.html HTTP/1.0" 200 19961 "-" "SiteLockSpider [en] (WinNT; I ;Nav)"
184.154.36.170 - - [12/Sep/2020:07:19:48 -0400] "GET /RICH/graduate-testimonials.html HTTP/1.0" 200 15380 "-" "SiteLockSpider [en] (WinNT; I ;Nav)"
184.154.36.170 - - [12/Sep/2020:07:19:49 -0400] "GET /RICH/chairman-message.html HTTP/1.0" 200 13505 "-" "SiteLockSpider [en] (WinNT; I ;Nav)"
184.154.36.170 - - [12/Sep/2020:07:19:50 -0400] "GET /RICH/js/jquery-3.3.1.min.js HTTP/1.0" 200 86926 "-" "SiteLockSpider [en] (WinNT; I ;Nav)"
184.154.36.170 - - [12/Sep/2020:07:19:51 -0400] "GET /RICH/css/bot.css HTTP/1.0" 200 1399 "-" "SiteLockSpider [en] (WinNT; I ;Nav)"
184.154.36.170 - - [12/Sep/2020:07:19:52 -0400] "GET /RICH/js/jquery.stellar.min.js HTTP/1.0" 200 12597 "-" "SiteLockSpider [en] (WinNT; I ;Nav)"
184.154.36.170 - - [12/Sep/2020:07:19:53 -0400] "GET /RICH/cdn-cgi/scripts/5c5dd728/cloudflare-static/email-decode.min.js HTTP/1.0" 404 575 "-" "SiteLockSpider [en] (WinNT; I ;Nav)"
54.36.148.34 - - [12/Sep/2020:08:40:24 -0400] "GET /robots.txt HTTP/1.0" 302 223 "-" "Mozilla/5.0 (compatible; AhrefsBot/6.1; +http://ahrefs.com/robot/)"
54.36.149.14 - - [12/Sep/2020:08:40:25 -0400] "GET /RICH/partnership-opportunities.html HTTP/1.0" 200 14323 "-" "Mozilla/5.0 (compatible; AhrefsBot/7.0; +http://ahrefs.com/robot/)"
107.178.232.175 - - [12/Sep/2020:11:04:41 -0400] "GET /RICH/css/bot.css HTTP/1.0" 200 1399 "https://www.richinc.org/RICH/" "Mozilla/5.0 (X11; Linux x86_64) AppleWebKit/537.36 (KHTML, like Gecko) HeadlessChrome/72.0.3617.0 Safari/537.36"
107.178.232.175 - - [12/Sep/2020:11:04:42 -0400] "GET /RICH/fonts/icomoon/fonts/icomoon.ttf?10si43 HTTP/1.0" 200 307168 "https://www.richinc.org/RICH/fonts/icomoon/style.css" "Mozilla/5.0 (X11; Linux x86_64) AppleWebKit/537.36 (KHTML, like Gecko) HeadlessChrome/72.0.3617.0 Safari/537.36"
107.178.232.175 - - [12/Sep/2020:11:04:41 -0400] "GET /RICH/image7.jpg HTTP/1.0" 200 568744 "https://www.richinc.org/RICH/" "Mozilla/5.0 (X11; Linux x86_64) AppleWebKit/537.36 (KHTML, like Gecko) HeadlessChrome/72.0.3617.0 Safari/537.36"
107.178.232.175 - - [12/Sep/2020:11:04:43 -0400] "GET /RICH/images/strategies.png HTTP/1.0" 200 22315 "https://www.richinc.org/RICH/" "Mozilla/5.0 (X11; Linux x86_64) AppleWebKit/537.36 (KHTML, like Gecko) HeadlessChrome/72.0.3617.0 Safari/537.36"
49.7.21.102 - - [12/Sep/2020:11:11:47 -0400] "GET / HTTP/1.0" 302 213 "-" "Sogou web spider/4.0(+http://www.sogou.com/docs/help/webmasters.htm#07)"
114.119.128.19 - - [12/Sep/2020:11:27:07 -0400] "GET /RICH/projectsnack.html HTTP/1.0" 200 18989 "-" "Mozilla/5.0 (Linux; Android 7.0;) AppleWebKit/537.36 (KHTML, like Gecko) Mobile Safari/537.36 (compatible; PetalBot;+http://aspiegel.com/petalbot)"
114.119.157.218 - - [12/Sep/2020:12:39:51 -0400] "GET /RICH/ HTTP/1.0" 200 52711 "-" "Mozilla/5.0 (Linux; Android 7.0;) AppleWebKit/537.36 (KHTML, like Gecko) Mobile Safari/537.36 (compatible; PetalBot;+http://aspiegel.com/petalbot)"
217.160.241.170 - - [12/Sep/2020:13:19:07 -0400] "GET /RICH/ HTTP/1.0" 200 52711 "-" "Mozilla/5.0 (X11; Ubuntu; Linux i686; rv:28.0) Gecko/20100101 Firefox/28.0"
217.160.241.170 - - [12/Sep/2020:13:19:15 -0400] "GET /vendor/phpunit/phpunit/LICENSE HTTP/1.0" 403 232 "-" "Mozilla/5.0 (X11; Ubuntu; Linux i686; rv:28.0) Gecko/20100101 Firefox/28.0"
40.77.167.121 - - [12/Sep/2020:14:45:26 -0400] "GET /robots.txt HTTP/1.0" 302 223 "-" "Mozilla/5.0 (compatible; bingbot/2.0; +http://www.bing.com/bingbot.htm)"
207.46.13.101 - - [12/Sep/2020:14:45:35 -0400] "GET /js/jquery-migrate-3.0.1.min.js HTTP/1.0" 403 232 "-" "Mozilla/5.0 (compatible; bingbot/2.0; +http://www.bing.com/bingbot.htm)"
157.55.39.72 - - [12/Sep/2020:14:45:40 -0400] "GET /css/aos.css HTTP/1.0" 403 213 "-" "Mozilla/5.0 (compatible; bingbot/2.0; +http://www.bing.com/bingbot.htm)"
157.55.39.72 - - [12/Sep/2020:14:48:53 -0400] "GET /RICH/ HTTP/1.0" 200 52711 "-" "Mozilla/5.0 (compatible; bingbot/2.0; +http://www.bing.com/bingbot.htm)"
34.76.201.137 - - [12/Sep/2020:14:51:01 -0400] "GET /RICH/ HTTP/1.0" 200 52711 "-" "Apache-HttpClient/4.5.5 (Java/1.8.0_151)"
40.77.189.16 - - [12/Sep/2020:15:45:45 -0400] "GET /js/main.js HTTP/1.0" 403 212 "-" "Mozilla/5.0 (Windows NT 6.1; WOW64) AppleWebKit/534+ (KHTML, like Gecko) BingPreview/1.0b"
54.36.148.77 - - [12/Sep/2020:16:27:32 -0400] "GET /robots.txt HTTP/1.0" 302 223 "-" "Mozilla/5.0 (compatible; AhrefsBot/6.1; +http://ahrefs.com/robot/)"
148.251.195.14 - - [12/Sep/2020:16:40:42 -0400] "GET /news-articles.php HTTP/1.0" 302 230 "-" "Mozilla/5.0 (compatible; MJ12bot/v1.4.8; http://mj12bot.com/)"
207.46.13.120 - - [12/Sep/2020:16:59:25 -0400] "GET /RICH/js/owl.carousel.min.js HTTP/1.0" 200 42766 "-" "Mozilla/5.0 (compatible; bingbot/2.0; +http://www.bing.com/bingbot.htm)"
207.46.13.164 - - [12/Sep/2020:16:59:52 -0400] "GET /RICH/css/jquery-ui.css HTTP/1.0" 200 21738 "-" "Mozilla/5.0 (compatible; bingbot/2.0; +http://www.bing.com/bingbot.htm)"
207.46.13.101 - - [12/Sep/2020:17:00:04 -0400] "GET /RICH/css/bot.css HTTP/1.0" 200 1399 "-" "Mozilla/5.0 (compatible; bingbot/2.0; +http://www.bing.com/bingbot.htm)"
157.55.39.4 - - [12/Sep/2020:17:00:09 -0400] "GET /RICH/js/jquery-migrate-3.0.1.min.js HTTP/1.0" 200 11421 "-" "Mozilla/5.0 (compatible; bingbot/2.0; +http://www.bing.com/bingbot.htm)"
157.55.39.227 - - [12/Sep/2020:17:00:20 -0400] "GET /RICH/css/animate.css HTTP/1.0" 200 77748 "-" "Mozilla/5.0 (compatible; bingbot/2.0; +http://www.bing.com/bingbot.htm)"
35.237.106.60 - - [12/Sep/2020:17:20:31 -0400] "GET /robots.txt HTTP/1.0" 302 223 "-" "ZoominfoBot (zoominfobot at zoominfo dot com)"
34.73.96.141 - - [12/Sep/2020:19:11:33 -0400] "GET /RICH/contact-us.html HTTP/1.0" 200 13639 "-" "ZoominfoBot (zoominfobot at zoominfo dot com)"
157.55.39.4 - - [12/Sep/2020:19:38:43 -0400] "GET /css/bootstrap.min.css HTTP/1.0" 403 223 "-" "Mozilla/5.0 (compatible; bingbot/2.0; +http://www.bing.com/bingbot.htm)"
1.46.45.28 - - [12/Sep/2020:19:48:46 -0400] "GET /?semalt.com HTTP/1.0" 302 224 "http://google.com/search?q=semalt.com" "Mozilla/5.0 (Windows NT 10.0; Win64; x64) AppleWebKit/537.36 (KHTML, like Gecko) Chrome/74.0.3729.169 Safari/537.36"
114.119.134.72 - - [12/Sep/2020:20:12:49 -0400] "GET /robots.txt HTTP/1.0" 302 223 "-" "(compatible;PetalBot;+http://aspiegel.com/petalbot)"
66.249.64.88 - - [12/Sep/2020:20:33:08 -0400] "GET /RICH/cdn-cgi/scripts/5c5dd728/cloudflare-static/email-decode.min.js HTTP/1.0" 404 575 "https://www.richinc.org/RICH/" "Mozilla/5.0 (Linux; Android 6.0.1; Nexus 5X Build/MMB29P) AppleWebKit/537.36 (KHTML, like Gecko) Chrome/85.0.4183.105 Mobile Safari/537.36 (compatible; Googlebot/2.1; +http://www.google.com/bot.html)"
34.74.17.125 - - [12/Sep/2020:20:34:39 -0400] "GET /RICH/overview.html HTTP/1.0" 200 11800 "-" "ZoominfoBot (zoominfobot at zoominfo dot com)"
34.74.17.125 - - [12/Sep/2020:20:41:17 -0400] "GET /RICH/rich-learning-system.html HTTP/1.0" 200 13174 "-" "ZoominfoBot (zoominfobot at zoominfo dot com)"
40.77.167.121 - - [12/Sep/2020:21:59:17 -0400] "GET /RICH/images/mission-image3.jpg HTTP/1.0" 200 18091 "-" "Mozilla/5.0 (compatible; bingbot/2.0; +http://www.bing.com/bingbot.htm)"
62.210.188.218 - - [12/Sep/2020:22:12:13 -0400] "GET /robots.txt HTTP/1.0" 302 223 "-" "Mozilla/5.0 (compatible; Barkrowler/0.9; +https://babbar.tech/crawler)"
