207.46.13.48 - - [12/Sep/2020:02:05:15 -0400] "GET /RICH/blog/2014/02/27/dear-chuck-brown-by-christian-hernandez/ HTTP/1.0" 404 575 "-" "Mozilla/5.0 (compatible; bingbot/2.0; +http://www.bing.com/bingbot.htm)"
66.249.66.218 - - [12/Sep/2020:01:27:25 -0400] "GET /RICH/ HTTP/1.0" 200 52711 "-" "Mozilla/5.0 (Linux; Android 6.0.1; Nexus 5X Build/MMB29P) AppleWebKit/537.36 (KHTML, like Gecko) Chrome/80.0.3987.92 Mobile Safari/537.36 (compatible; Googlebot/2.1; +http://www.google.com/bot.html)"
52.53.184.173 - - [12/Sep/2020:03:28:07 -0400] "GET /robots.txt HTTP/1.0" 302 223 "http:// richinc.org" "Mozilla/5.0 (Windows NT 10.0; Win64; x64) AppleWebKit/537.36 (KHTML, like Gecko) Chrome/85.0.4183.83 Safari/537.36 Edg/85.0.564.44"
52.53.184.173 - - [12/Sep/2020:03:28:07 -0400] "GET /robots.txt HTTP/1.0" 302 223 "http:// www.richinc.org" "Mozilla/5.0 (Windows NT 10.0; Win64; x64) AppleWebKit/537.36 (KHTML, like Gecko) Chrome/85.0.4183.83 Safari/537.36 Edg/85.0.564.44"
52.53.184.173 - - [12/Sep/2020:03:28:08 -0400] "GET /privacy-policy.html HTTP/1.0" 302 232 "http:// www.richinc.org" "Mozilla/5.0 (Windows NT 10.0; Win64; x64) AppleWebKit/537.36 (KHTML, like Gecko) Chrome/85.0.4183.83 Safari/537.36 Edg/85.0.564.44"
52.53.184.173 - - [12/Sep/2020:03:28:08 -0400] "GET /RICH/privacy-policy.html HTTP/1.0" 200 14593 "https:// www.richinc.org" "Mozilla/5.0 (Windows NT 10.0; Win64; x64) AppleWebKit/537.36 (KHTML, like Gecko) Chrome/85.0.4183.83 Safari/537.36 Edg/85.0.564.44"
77.74.177.113 - - [12/Sep/2020:04:39:01 -0400] "GET /RICH/ HTTP/1.0" 200 52711 "http://richinc.org" "Mozilla/5.0 (Windows NT 10.0; Win64; x64) AppleWebKit/537.36 (KHTML, like Gecko) Chrome/71.0.3578.98 Safari/537.36"
114.119.145.137 - - [12/Sep/2020:06:53:47 -0400] "GET /RICH/ HTTP/1.0" 200 52711 "-" "Mozilla/5.0 (Linux; Android 7.0;) AppleWebKit/537.36 (KHTML, like Gecko) Mobile Safari/537.36 (compatible; PetalBot;+http://aspiegel.com/petalbot)"
184.154.36.170 - - [12/Sep/2020:07:19:06 -0400] "GET /RICH/parents-investment-alliance.html HTTP/1.0" 200 13078 "-" "SiteLockSpider [en] (WinNT; I ;Nav)"
184.154.36.170 - - [12/Sep/2020:07:19:11 -0400] "GET /RICH/partnership-opportunities.html HTTP/1.0" 200 14323 "-" "SiteLockSpider [en] (WinNT; I ;Nav)"
184.154.36.170 - - [12/Sep/2020:07:19:14 -0400] "GET /RICH/sdlp.html HTTP/1.0" 200 16959 "-" "SiteLockSpider [en] (WinNT; I ;Nav)"
184.154.36.170 - - [12/Sep/2020:07:19:14 -0400] "GET /RICH/js/mediaelement-and-player.min.js HTTP/1.0" 200 152469 "http://www.google.com/url?url=www.richinc.org&yahoo.com" "Mozilla/5.0 (compatible; MSIE 9.0; Windows NT 6.1; WOW64; Trident/6.0)"
184.154.36.170 - - [12/Sep/2020:07:19:21 -0400] "GET /RICH/css/owl.carousel.min.css HTTP/1.0" 200 2936 "http://www.google.com/url?url=www.richinc.org&yahoo.com" "Mozilla/5.0 (compatible; MSIE 9.0; Windows NT 6.1; WOW64; Trident/6.0)"
184.154.36.170 - - [12/Sep/2020:07:19:22 -0400] "GET /RICH/css/owl.theme.default.min.css HTTP/1.0" 200 965 "-" "SiteLockSpider [en] (WinNT; I ;Nav)"
184.154.36.170 - - [12/Sep/2020:07:19:32 -0400] "GET /RICH/roster.html?=1 HTTP/1.0" 200 27402 "-" "SiteLockSpider [en] (WinNT; I ;Nav)"
184.154.36.170 - - [12/Sep/2020:07:19:33 -0400] "GET /RICH/css/animate.css HTTP/1.0" 200 77748 "-" "SiteLockSpider [en] (WinNT; I ;Nav)"
184.154.36.170 - - [12/Sep/2020:07:19:35 -0400] "GET /RICH/Account/daily-writings.html HTTP/1.0" 200 12763 "-" "SiteLockSpider [en] (WinNT; I ;Nav)"
184.154.36.170 - - [12/Sep/2020:07:19:35 -0400] "GET /RICH/Account/group-discussion.html HTTP/1.0" 200 31506 "-" "SiteLockSpider [en] (WinNT; I ;Nav)"
184.154.36.170 - - [12/Sep/2020:07:19:38 -0400] "GET /RICH/js/main.js HTTP/1.0" 200 7761 "-" "SiteLockSpider [en] (WinNT; I ;Nav)"
184.154.36.170 - - [12/Sep/2020:07:19:47 -0400] "GET /RICH/board-directors.html HTTP/1.0" 200 12545 "-" "SiteLockSpider [en] (WinNT; I ;Nav)"
184.154.36.170 - - [12/Sep/2020:07:19:47 -0400] "GET /RICH/first-graduates.html HTTP/1.0" 200 17133 "-" "SiteLockSpider [en] (WinNT; I ;Nav)"
184.154.36.170 - - [12/Sep/2020:07:19:47 -0400] "GET /RICH/partnership-opportunities.html HTTP/1.0" 200 14323 "-" "SiteLockSpider [en] (WinNT; I ;Nav)"
184.154.36.170 - - [12/Sep/2020:07:19:47 -0400] "GET /RICH/index.html HTTP/1.0" 200 52711 "-" "SiteLockSpider [en] (WinNT; I ;Nav)"
184.154.36.170 - - [12/Sep/2020:07:19:52 -0400] "GET /RICH/js/bootstrap.min.js HTTP/1.0" 200 51039 "-" "SiteLockSpider [en] (WinNT; I ;Nav)"
184.154.36.170 - - [12/Sep/2020:07:19:53 -0400] "GET /RICH/fonts/icomoon/style.css HTTP/1.0" 200 79820 "http://www.google.com/url?url=www.richinc.org&yahoo.com" "Mozilla/5.0 (compatible; MSIE 9.0; Windows NT 6.1; WOW64; Trident/6.0)"
184.154.36.170 - - [12/Sep/2020:07:19:53 -0400] "GET /RICH/fonts/flaticon/font/flaticon.css HTTP/1.0" 200 1250 "http://www.google.com/url?url=www.richinc.org&yahoo.com" "Mozilla/5.0 (compatible; MSIE 9.0; Windows NT 6.1; WOW64; Trident/6.0)"
49.36.47.113 - - [12/Sep/2020:09:19:18 -0400] "GET /?q=semalt.com HTTP/1.0" 302 226 "http://google.com/search?q=semalt.com" "Mozilla/5.0 (Windows NT 10.0; Win64; x64) AppleWebKit/537.36 (KHTML, like Gecko) Chrome/74.0.3729.169 Safari/537.36"
157.55.39.227 - - [12/Sep/2020:09:51:21 -0400] "GET /RICH/mission.html HTTP/1.0" 200 15573 "-" "Mozilla/5.0 (compatible; bingbot/2.0; +http://www.bing.com/bingbot.htm)"
114.119.129.200 - - [12/Sep/2020:10:04:52 -0400] "GET /RICH/page3.html HTTP/1.0" 200 49217 "-" "Mozilla/5.0 (Linux; Android 7.0;) AppleWebKit/537.36 (KHTML, like Gecko) Mobile Safari/537.36 (compatible; PetalBot;+http://aspiegel.com/petalbot)"
107.178.232.175 - - [12/Sep/2020:11:04:41 -0400] "GET /RICH/css/bootstrap-datepicker.css HTTP/1.0" 200 17144 "https://www.richinc.org/RICH/" "Mozilla/5.0 (X11; Linux x86_64) AppleWebKit/537.36 (KHTML, like Gecko) HeadlessChrome/72.0.3617.0 Safari/537.36"
107.178.232.175 - - [12/Sep/2020:11:04:41 -0400] "GET /RICH/css/animate.css HTTP/1.0" 200 77748 "https://www.richinc.org/RICH/" "Mozilla/5.0 (X11; Linux x86_64) AppleWebKit/537.36 (KHTML, like Gecko) HeadlessChrome/72.0.3617.0 Safari/537.36"
107.178.232.175 - - [12/Sep/2020:11:04:41 -0400] "GET /RICH/fonts/flaticon/font/flaticon.css HTTP/1.0" 200 1250 "https://www.richinc.org/RICH/" "Mozilla/5.0 (X11; Linux x86_64) AppleWebKit/537.36 (KHTML, like Gecko) HeadlessChrome/72.0.3617.0 Safari/537.36"
107.178.232.175 - - [12/Sep/2020:11:04:41 -0400] "GET /RICH/js/jquery-3.3.1.min.js HTTP/1.0" 200 86926 "https://www.richinc.org/RICH/" "Mozilla/5.0 (X11; Linux x86_64) AppleWebKit/537.36 (KHTML, like Gecko) HeadlessChrome/72.0.3617.0 Safari/537.36"
107.178.232.175 - - [12/Sep/2020:11:04:41 -0400] "GET /RICH/js/bootstrap-datepicker.min.js HTTP/1.0" 200 34172 "https://www.richinc.org/RICH/" "Mozilla/5.0 (X11; Linux x86_64) AppleWebKit/537.36 (KHTML, like Gecko) HeadlessChrome/72.0.3617.0 Safari/537.36"
107.178.232.175 - - [12/Sep/2020:11:04:41 -0400] "GET /RICH/Image5.jpg HTTP/1.0" 200 2409299 "https://www.richinc.org/RICH/" "Mozilla/5.0 (X11; Linux x86_64) AppleWebKit/537.36 (KHTML, like Gecko) HeadlessChrome/72.0.3617.0 Safari/537.36"
217.160.241.170 - - [12/Sep/2020:13:19:08 -0400] "GET / HTTP/1.0" 302 213 "-" "Mozilla/5.0 (X11; Ubuntu; Linux i686; rv:28.0) Gecko/20100101 Firefox/28.0"
66.249.64.88 - - [12/Sep/2020:13:51:54 -0400] "GET /RICH/js/jquery.stellar.min.js HTTP/1.0" 200 12597 "https://www.richinc.org/RICH/" "Mozilla/5.0 AppleWebKit/537.36 (KHTML, like Gecko; compatible; Googlebot/2.1; +http://www.google.com/bot.html) Chrome/85.0.4183.105 Safari/537.36"
207.46.13.120 - - [12/Sep/2020:14:45:16 -0400] "GET /js/bootstrap.min.js HTTP/1.0" 403 221 "-" "Mozilla/5.0 (compatible; bingbot/2.0; +http://www.bing.com/bingbot.htm)"
66.160.140.184 - - [12/Sep/2020:15:15:27 -0400] "GET /RICH/robots.txt HTTP/1.0" 404 575 "-" "The Knowledge AI"
40.77.189.16 - - [12/Sep/2020:15:45:46 -0400] "GET /RICH/fonts/icomoon/fonts/icomoon.ttf?10si43 HTTP/1.0" 200 307168 "-" "Mozilla/5.0 (Windows NT 6.1; WOW64) AppleWebKit/534+ (KHTML, like Gecko) BingPreview/1.0b"
114.119.145.137 - - [12/Sep/2020:15:46:28 -0400] "GET /RICH/index.html HTTP/1.0" 200 52711 "-" "Mozilla/5.0 (Linux; Android 7.0;) AppleWebKit/537.36 (KHTML, like Gecko) Mobile Safari/537.36 (compatible; PetalBot;+http://aspiegel.com/petalbot)"
157.55.39.72 - - [12/Sep/2020:16:59:11 -0400] "GET /RICH/php/UsersRICH.php HTTP/1.0" 200 - "-" "Mozilla/5.0 (compatible; bingbot/2.0; +http://www.bing.com/bingbot.htm)"
157.55.39.215 - - [12/Sep/2020:16:59:58 -0400] "GET /RICH/js/bootstrap.min.js HTTP/1.0" 200 51039 "-" "Mozilla/5.0 (compatible; bingbot/2.0; +http://www.bing.com/bingbot.htm)"
157.55.39.215 - - [12/Sep/2020:16:59:58 -0400] "GET /RICH/js/jquery-ui.js HTTP/1.0" 200 45799 "-" "Mozilla/5.0 (compatible; bingbot/2.0; +http://www.bing.com/bingbot.htm)"
157.55.39.215 - - [12/Sep/2020:16:59:58 -0400] "GET /RICH/js/bootstrap.min.js HTTP/1.0" 200 51039 "-" "Mozilla/5.0 (compatible; bingbot/2.0; +http://www.bing.com/bingbot.htm)"
157.55.39.4 - - [12/Sep/2020:17:00:09 -0400] "GET /RICH/css/owl.carousel.min.css HTTP/1.0" 200 2936 "-" "Mozilla/5.0 (compatible; bingbot/2.0; +http://www.bing.com/bingbot.htm)"
157.55.39.227 - - [12/Sep/2020:17:00:21 -0400] "GET /RICH/js/jquery.stellar.min.js HTTP/1.0" 200 12597 "-" "Mozilla/5.0 (compatible; bingbot/2.0; +http://www.bing.com/bingbot.htm)"
35.237.106.60 - - [12/Sep/2020:17:18:25 -0400] "GET / HTTP/1.0" 302 213 "-" "ZoominfoBot (zoominfobot at zoominfo dot com)"
149.28.252.230 - - [12/Sep/2020:17:24:30 -0400] "POST / HTTP/1.0" 302 213 "-" "Mozilla/5.0 (X11; Linux x86_64) AppleWebKit/537.36 (KHTML, like Gecko) Chrome/81.0.4044.129 Safari/537.36"
34.242.46.215 - - [12/Sep/2020:17:36:01 -0400] "GET /robots.txt HTTP/1.0" 302 223 "-" "Pandalytics/1.0 (https://domainsbot.com/pandalytics/)"
40.77.188.164 - - [12/Sep/2020:18:00:15 -0400] "GET /RICH/css/bootstrap.min.css HTTP/1.0" 200 159826 "-" "Mozilla/5.0 (Windows NT 6.1; WOW64) AppleWebKit/534+ (KHTML, like Gecko) BingPreview/1.0b"
66.160.140.184 - - [12/Sep/2020:18:07:08 -0400] "GET /RICH/tyler-l-essay.html HTTP/1.0" 404 575 "-" "The Knowledge AI"
34.73.96.141 - - [12/Sep/2020:18:47:39 -0400] "GET /RICH/mission.html HTTP/1.0" 200 15573 "-" "ZoominfoBot (zoominfobot at zoominfo dot com)"
34.73.96.141 - - [12/Sep/2020:19:01:08 -0400] "GET /RICH/graduate-testimonials.html HTTP/1.0" 200 15380 "-" "ZoominfoBot (zoominfobot at zoominfo dot com)"
111.202.101.133 - - [12/Sep/2020:19:10:01 -0400] "GET /RICH/ HTTP/1.0" 200 52711 "-" "Sogou web spider/4.0(+http://www.sogou.com/docs/help/webmasters.htm#07)"
157.55.39.4 - - [12/Sep/2020:19:38:43 -0400] "GET /fonts/icomoon/style.css HTTP/1.0" 302 236 "-" "Mozilla/5.0 (compatible; bingbot/2.0; +http://www.bing.com/bingbot.htm)"
34.74.17.125 - - [12/Sep/2020:20:21:30 -0400] "GET /robots.txt HTTP/1.0" 302 223 "-" "ZoominfoBot (zoominfobot at zoominfo dot com)"
52.38.218.119 - - [12/Sep/2020:21:20:53 -0400] "GET /RICH/www3/394d5108b1f616a605b7d305a3a53d69 HTTP/1.0" 404 575 "-" "Mozilla/5.0 (Macintosh; PPC Mac OS X 10.8; rv:48.0) Gecko/20100101 Firefox/48.0"
62.210.188.218 - - [12/Sep/2020:22:12:13 -0400] "GET /robots.txt HTTP/1.0" 302 223 "-" "Mozilla/5.0 (compatible; Barkrowler/0.9; +https://babbar.tech/crawler)"
62.210.188.218 - - [12/Sep/2020:22:12:13 -0400] "GET /RICH/robots.txt HTTP/1.0" 404 575 "-" "Mozilla/5.0 (compatible; Barkrowler/0.9; +https://babbar.tech/crawler)"
62.210.188.218 - - [12/Sep/2020:22:12:30 -0400] "GET /RICH/about-us.php HTTP/1.0" 404 575 "-" "Mozilla/5.0 (compatible; Barkrowler/0.9; +https://babbar.tech/crawler)"
62.210.188.218 - - [12/Sep/2020:22:15:15 -0400] "GET /RICH/chrisann-A-essay.html HTTP/1.0" 404 575 "-" "Mozilla/5.0 (compatible; Barkrowler/0.9; +https://babbar.tech/crawler)"
64.62.252.176 - - [12/Sep/2020:23:38:54 -0400] "GET /robots.txt HTTP/1.0" 302 223 "-" "The Knowledge AI"
45.55.225.186 - - [12/Sep/2020:23:48:38 -0400] "GET /RICH/js/jquery-migrate-3.0.1.min.js HTTP/1.0" 200 11421 "https://www.richinc.org/RICH/" "Mozilla/5.0 (X11; Datanyze; Linux x86_64) AppleWebKit/537.36 (KHTML, like Gecko) Chrome/65.0.3325.181 Safari/537.36"
45.55.225.186 - - [12/Sep/2020:23:48:38 -0400] "GET /RICH/js/jquery.countdown.min.js HTTP/1.0" 200 5339 "https://www.richinc.org/RICH/" "Mozilla/5.0 (X11; Datanyze; Linux x86_64) AppleWebKit/537.36 (KHTML, like Gecko) Chrome/65.0.3325.181 Safari/537.36"
45.55.225.186 - - [12/Sep/2020:23:48:38 -0400] "GET /RICH/js/bootstrap-datepicker.min.js HTTP/1.0" 200 34172 "https://www.richinc.org/RICH/" "Mozilla/5.0 (X11; Datanyze; Linux x86_64) AppleWebKit/537.36 (KHTML, like Gecko) Chrome/65.0.3325.181 Safari/537.36"
45.55.225.186 - - [12/Sep/2020:23:48:38 -0400] "GET /RICH/js/main.js HTTP/1.0" 200 7761 "https://www.richinc.org/RICH/" "Mozilla/5.0 (X11; Datanyze; Linux x86_64) AppleWebKit/537.36 (KHTML, like Gecko) Chrome/65.0.3325.181 Safari/537.36"
52.53.184.173 - - [12/Sep/2020:03:28:09 -0400] "GET /RICH/contact-us.html HTTP/1.0" 200 13639 "https:// www.richinc.org" "Mozilla/5.0 (Windows NT 10.0; Win64; x64) AppleWebKit/537.36 (KHTML, like Gecko) Chrome/85.0.4183.83 Safari/537.36 Edg/85.0.564.44"
114.119.145.137 - - [12/Sep/2020:04:36:43 -0400] "GET /RICH/ricardo-H-essay.html HTTP/1.0" 404 575 "-" "Mozilla/5.0 (Linux; Android 7.0;) AppleWebKit/537.36 (KHTML, like Gecko) Mobile Safari/537.36 (compatible; PetalBot;+http://aspiegel.com/petalbot)"
114.119.157.218 - - [12/Sep/2020:06:08:02 -0400] "GET /RICH/privacy-policy.html HTTP/1.0" 200 14593 "-" "Mozilla/5.0 (Linux; Android 7.0;) AppleWebKit/537.36 (KHTML, like Gecko) Mobile Safari/537.36 (compatible; PetalBot;+http://aspiegel.com/petalbot)"
184.154.36.170 - - [12/Sep/2020:07:19:08 -0400] "GET /RICH/board-directors.html HTTP/1.0" 200 12545 "-" "SiteLockSpider [en] (WinNT; I ;Nav)"
184.154.36.170 - - [12/Sep/2020:07:19:17 -0400] "GET /RICH/js/jquery.stellar.min.js HTTP/1.0" 200 12597 "-" "SiteLockSpider [en] (WinNT; I ;Nav)"
184.154.36.170 - - [12/Sep/2020:07:19:19 -0400] "GET /RICH/page3.html HTTP/1.0" 200 49217 "-" "SiteLockSpider [en] (WinNT; I ;Nav)"
184.154.36.170 - - [12/Sep/2020:07:19:20 -0400] "GET /RICH/js/bootstrap.min.js HTTP/1.0" 200 51039 "-" "SiteLockSpider [en] (WinNT; I ;Nav)"
184.154.36.170 - - [12/Sep/2020:07:19:30 -0400] "GET /RICH/js/owl.carousel.min.js HTTP/1.0" 200 42766 "-" "SiteLockSpider [en] (WinNT; I ;Nav)"
184.154.36.170 - - [12/Sep/2020:07:19:49 -0400] "GET /RICH/css/owl.theme.default.min.css HTTP/1.0" 200 965 "http://www.google.com/url?url=www.richinc.org&yahoo.com" "Mozilla/5.0 (compatible; MSIE 9.0; Windows NT 6.1; WOW64; Trident/6.0)"
184.154.36.170 - - [12/Sep/2020:07:19:50 -0400] "GET /RICH/css/jquery-ui.css HTTP/1.0" 200 21738 "-" "SiteLockSpider [en] (WinNT; I ;Nav)"
184.154.36.170 - - [12/Sep/2020:07:19:52 -0400] "GET /RICH/css/bootstrap-datepicker.css HTTP/1.0" 200 17144 "-" "SiteLockSpider [en] (WinNT; I ;Nav)"
184.154.36.170 - - [12/Sep/2020:07:19:52 -0400] "GET /RICH/js/main.js HTTP/1.0" 200 7761 "-" "SiteLockSpider [en] (WinNT; I ;Nav)"
66.249.70.23 - - [12/Sep/2020:07:25:11 -0400] "GET /news-articles.php HTTP/1.0" 302 230 "-" "Mozilla/5.0 (compatible; Googlebot/2.1; +http://www.google.com/bot.html)"
107.178.232.175 - - [12/Sep/2020:11:04:41 -0400] "GET /RICH/images/LOGO.png HTTP/1.0" 200 48308 "https://www.richinc.org/RICH/" "Mozilla/5.0 (X11; Linux x86_64) AppleWebKit/537.36 (KHTML, like Gecko) HeadlessChrome/72.0.3617.0 Safari/537.36"
157.55.39.4 - - [12/Sep/2020:12:24:47 -0400] "GET /RICH/annual-reports HTTP/1.0" 404 575 "-" "Mozilla/5.0 (compatible; bingbot/2.0; +http://www.bing.com/bingbot.htm)"
217.160.241.170 - - [12/Sep/2020:13:18:57 -0400] "GET /administrator/language/en-GB/install.xml HTTP/1.0" 302 253 "-" "Mozilla/5.0 (X11; Ubuntu; Linux i686; rv:28.0) Gecko/20100101 Firefox/28.0"
217.160.241.170 - - [12/Sep/2020:13:19:04 -0400] "GET /RICH/misc/ajax.js HTTP/1.0" 404 575 "-" "Mozilla/5.0 (X11; Ubuntu; Linux i686; rv:28.0) Gecko/20100101 Firefox/28.0"
217.160.241.170 - - [12/Sep/2020:13:19:13 -0400] "GET /images/editor/separator.gif HTTP/1.0" 403 229 "-" "Mozilla/5.0 (X11; Ubuntu; Linux i686; rv:28.0) Gecko/20100101 Firefox/28.0"
66.249.64.86 - - [12/Sep/2020:13:40:20 -0400] "GET /RICH/robots.txt HTTP/1.0" 404 575 "-" "Mozilla/5.0 (compatible; Googlebot/2.1; +http://www.google.com/bot.html)"
40.77.167.121 - - [12/Sep/2020:14:45:26 -0400] "GET /robots.txt HTTP/1.0" 302 223 "-" "Mozilla/5.0 (compatible; bingbot/2.0; +http://www.bing.com/bingbot.htm)"
40.77.167.121 - - [12/Sep/2020:14:45:26 -0400] "GET /RICH/robots.txt HTTP/1.0" 404 575 "-" "Mozilla/5.0 (compatible; bingbot/2.0; +http://www.bing.com/bingbot.htm)"
40.77.167.121 - - [12/Sep/2020:14:45:26 -0400] "GET /RICH/robots.txt HTTP/1.0" 404 575 "-" "Mozilla/5.0 (compatible; bingbot/2.0; +http://www.bing.com/bingbot.htm)"
207.46.13.101 - - [12/Sep/2020:14:45:35 -0400] "GET /js/bootstrap-datepicker.min.js HTTP/1.0" 403 232 "-" "Mozilla/5.0 (compatible; bingbot/2.0; +http://www.bing.com/bingbot.htm)"
157.55.39.72 - - [12/Sep/2020:14:45:40 -0400] "GET /css/animate.css HTTP/1.0" 403 217 "-" "Mozilla/5.0 (compatible; bingbot/2.0; +http://www.bing.com/bingbot.htm)"
157.55.39.72 - - [12/Sep/2020:14:45:41 -0400] "GET /fonts/flaticon/font/flaticon.css HTTP/1.0" 302 245 "-" "Mozilla/5.0 (compatible; bingbot/2.0; +http://www.bing.com/bingbot.htm)"
157.55.39.4 - - [12/Sep/2020:14:46:06 -0400] "GET /fonts/icomoon/style.css HTTP/1.0" 302 236 "-" "Mozilla/5.0 (compatible; bingbot/2.0; +http://www.bing.com/bingbot.htm)"
114.119.154.63 - - [12/Sep/2020:16:30:29 -0400] "GET /RICH/robots.txt HTTP/1.0" 404 575 "-" "(compatible;PetalBot;+http://aspiegel.com/petalbot)"
157.55.39.72 - - [12/Sep/2020:16:59:11 -0400] "GET /RICH/js/jquery.magnific-popup.min.js HTTP/1.0" 200 20216 "-" "Mozilla/5.0 (compatible; bingbot/2.0; +http://www.bing.com/bingbot.htm)"
157.55.39.72 - - [12/Sep/2020:16:59:30 -0400] "GET /RICH/js/bootstrap-datepicker.min.js HTTP/1.0" 200 34172 "-" "Mozilla/5.0 (compatible; bingbot/2.0; +http://www.bing.com/bingbot.htm)"
157.55.39.72 - - [12/Sep/2020:16:59:31 -0400] "GET /RICH/js/jquery.magnific-popup.min.js HTTP/1.0" 200 20216 "-" "Mozilla/5.0 (compatible; bingbot/2.0; +http://www.bing.com/bingbot.htm)"
207.46.13.164 - - [12/Sep/2020:16:59:52 -0400] "GET /RICH/css/jquery-ui.css HTTP/1.0" 200 21738 "-" "Mozilla/5.0 (compatible; bingbot/2.0; +http://www.bing.com/bingbot.htm)"
207.46.13.164 - - [12/Sep/2020:16:59:52 -0400] "GET /RICH/css/owl.theme.default.min.css HTTP/1.0" 200 965 "-" "Mozilla/5.0 (compatible; bingbot/2.0; +http://www.bing.com/bingbot.htm)"
207.46.13.164 - - [12/Sep/2020:16:59:52 -0400] "GET /RICH/js/main.js HTTP/1.0" 200 7761 "-" "Mozilla/5.0 (compatible; bingbot/2.0; +http://www.bing.com/bingbot.htm)"
157.55.39.5 - - [12/Sep/2020:17:17:13 -0400] "GET /robots.txt HTTP/1.0" 302 223 "-" "Mozilla/5.0 (compatible; bingbot/2.0; +http://www.bing.com/bingbot.htm)"
157.55.39.5 - - [12/Sep/2020:17:17:13 -0400] "GET /RICH/robots.txt HTTP/1.0" 404 575 "-" "Mozilla/5.0 (compatible; bingbot/2.0; +http://www.bing.com/bingbot.htm)"
35.237.106.60 - - [12/Sep/2020:17:18:25 -0400] "GET /robots.txt HTTP/1.0" 302 223 "-" "ZoominfoBot (zoominfobot at zoominfo dot com)"
35.237.106.60 - - [12/Sep/2020:17:20:31 -0400] "GET /RICH/robots.txt HTTP/1.0" 404 575 "-" "ZoominfoBot (zoominfobot at zoominfo dot com)"
149.28.252.230 - - [12/Sep/2020:17:24:25 -0400] "GET /.env HTTP/1.0" 302 217 "-" "Mozilla/5.0 (X11; Linux x86_64) AppleWebKit/537.36 (KHTML, like Gecko) Chrome/81.0.4044.129 Safari/537.36"
114.119.137.123 - - [12/Sep/2020:17:45:00 -0400] "GET /robots.txt HTTP/1.0" 302 223 "-" "(compatible;PetalBot;+http://aspiegel.com/petalbot)"
40.77.189.144 - - [12/Sep/2020:18:00:16 -0400] "GET /RICH/fonts/flaticon/font/flaticon.css HTTP/1.0" 200 1250 "-" "Mozilla/5.0 (Windows NT 6.1; WOW64) AppleWebKit/534+ (KHTML, like Gecko) BingPreview/1.0b"
34.73.96.141 - - [12/Sep/2020:18:46:55 -0400] "GET /robots.txt HTTP/1.0" 302 223 "-" "ZoominfoBot (zoominfobot at zoominfo dot com)"
34.73.96.141 - - [12/Sep/2020:18:46:55 -0400] "GET /RICH/robots.txt HTTP/1.0" 404 575 "-" "ZoominfoBot (zoominfobot at zoominfo dot com)"
34.73.96.141 - - [12/Sep/2020:18:46:55 -0400] "GET /RICH/parents-investment-alliance.html HTTP/1.0" 200 13078 "-" "ZoominfoBot (zoominfobot at zoominfo dot com)"
114.119.138.173 - - [12/Sep/2020:18:58:53 -0400] "GET /RICH/robots.txt HTTP/1.0" 404 575 "-" "(compatible;PetalBot;+http://aspiegel.com/petalbot)"
34.73.96.141 - - [12/Sep/2020:18:59:08 -0400] "GET /RICH/sdlp.html HTTP/1.0" 200 16959 "-" "ZoominfoBot (zoominfobot at zoominfo dot com)"
34.73.96.141 - - [12/Sep/2020:19:07:03 -0400] "GET /RICH/rich-learning-system.html HTTP/1.0" 200 13174 "-" "ZoominfoBot (zoominfobot at zoominfo dot com)"
111.202.101.133 - - [12/Sep/2020:19:09:59 -0400] "GET / HTTP/1.0" 302 213 "-" "Sogou web spider/4.0(+http://www.sogou.com/docs/help/webmasters.htm#07)"
34.73.96.141 - - [12/Sep/2020:19:16:47 -0400] "GET /RICH/partnership-opportunities.html HTTP/1.0" 200 14323 "-" "ZoominfoBot (zoominfobot at zoominfo dot com)"
39.98.158.5 - - [12/Sep/2020:19:31:45 -0400] "GET /e/data/js/ajax.js HTTP/1.0" 302 230 "-" "Mozilla/5.0 (Windows NT 10.0; WOW64; rv:48.0) Gecko/20100101 Firefox/48.0"
34.74.17.125 - - [12/Sep/2020:20:28:54 -0400] "GET /RICH/privacy-policy.html HTTP/1.0" 200 14593 "-" "ZoominfoBot (zoominfobot at zoominfo dot com)"
114.119.138.67 - - [12/Sep/2020:21:27:20 -0400] "GET /robots.txt HTTP/1.0" 302 223 "-" "(compatible;PetalBot;+http://aspiegel.com/petalbot)"
62.210.188.218 - - [12/Sep/2020:22:12:12 -0400] "GET / HTTP/1.0" 302 213 "-" "Mozilla/5.0 (compatible; Barkrowler/0.9; +https://babbar.tech/crawler)"
34.217.214.80 - - [12/Sep/2020:22:27:22 -0400] "GET /www3 HTTP/1.0" 302 217 "-" "Mozilla/5.0 (X11; Linux x86_64; rv:50.0) Gecko/20100101 Firefox/50.0"
34.217.214.80 - - [12/Sep/2020:22:27:23 -0400] "GET /RICH/www3 HTTP/1.0" 404 575 "-" "Mozilla/5.0 (X11; Linux x86_64; rv:50.0) Gecko/20100101 Firefox/50.0"
58.250.125.159 - - [12/Sep/2020:22:41:06 -0400] "GET / HTTP/1.0" 302 213 "-" "Sogou web spider/4.0(+http://www.sogou.com/docs/help/webmasters.htm#07)"
34.217.214.80 - - [12/Sep/2020:22:54:23 -0400] "GET /RICH/www3/bofa HTTP/1.0" 404 575 "-" "Mozilla/5.0 (Windows NT 6.1; WOW64; rv:55.0) Gecko/20100101 Firefox/55.0"
114.119.150.166 - - [12/Sep/2020:23:29:10 -0400] "GET /RICH/privacy-policy.html HTTP/1.0" 200 14593 "-" "Mozilla/5.0 (Linux; Android 7.0;) AppleWebKit/537.36 (KHTML, like Gecko) Mobile Safari/537.36 (compatible; PetalBot;+http://aspiegel.com/petalbot)"
45.55.225.186 - - [12/Sep/2020:23:48:38 -0400] "GET /RICH/js/mediaelement-and-player.min.js HTTP/1.0" 200 152469 "https://www.richinc.org/RICH/" "Mozilla/5.0 (X11; Datanyze; Linux x86_64) AppleWebKit/537.36 (KHTML, like Gecko) Chrome/65.0.3325.181 Safari/537.36"
35.167.85.80 - - [12/Sep/2020:00:06:43 -0400] "GET /www3/bofa HTTP/1.0" 302 222 "-" "Mozilla/5.0 (Windows NT 6.1; WOW64; rv:47.0) Gecko/20100101 Firefox/47.0"
35.167.85.80 - - [12/Sep/2020:00:06:46 -0400] "GET /RICH/www3/bofa HTTP/1.0" 404 575 "-" "Mozilla/5.0 (Windows NT 6.1; WOW64; rv:47.0) Gecko/20100101 Firefox/47.0"
66.249.70.25 - - [12/Sep/2020:01:26:46 -0400] "GET /robots.txt HTTP/1.0" 302 223 "-" "Mozilla/5.0 (compatible; Googlebot/2.1; +http://www.google.com/bot.html)"
66.249.66.214 - - [12/Sep/2020:01:26:46 -0400] "GET /robots.txt HTTP/1.0" 302 223 "-" "Mozilla/5.0 (compatible; Googlebot/2.1; +http://www.google.com/bot.html)"
207.46.13.48 - - [12/Sep/2020:02:05:10 -0400] "GET /blog/2014/02/27/dear-chuck-brown-by-christian-hernandez/ HTTP/1.0" 302 269 "-" "Mozilla/5.0 (compatible; bingbot/2.0; +http://www.bing.com/bingbot.htm)"
66.249.70.23 - - [12/Sep/2020:03:00:12 -0400] "GET / HTTP/1.0" 302 213 "-" "Mozilla/5.0 (compatible; Googlebot/2.1; +http://www.google.com/bot.html)"
66.102.6.87 - - [12/Sep/2020:03:01:05 -0400] "GET / HTTP/1.0" 302 213 "-" "Mozilla/5.0 (X11; Linux x86_64) AppleWebKit/537.36 (KHTML, like Gecko) Chrome/49.0.2623.75 Safari/537.36 Google Favicon"
114.119.153.49 - - [12/Sep/2020:03:01:45 -0400] "GET /RICH/mission.html HTTP/1.0" 200 15573 "-" "Mozilla/5.0 (Linux; Android 7.0;) AppleWebKit/537.36 (KHTML, like Gecko) Mobile Safari/537.36 (compatible; PetalBot;+http://aspiegel.com/petalbot)"
52.53.184.173 - - [12/Sep/2020:03:28:07 -0400] "GET /RICH/robots.txt HTTP/1.0" 404 575 "https:// www.richinc.org" "Mozilla/5.0 (Windows NT 10.0; Win64; x64) AppleWebKit/537.36 (KHTML, like Gecko) Chrome/85.0.4183.83 Safari/537.36 Edg/85.0.564.44"
95.163.255.181 - - [12/Sep/2020:07:15:50 -0400] "GET /team HTTP/1.0" 302 217 "-" "Mozilla/5.0 (compatible; Linux x86_64; Mail.RU_Bot/2.0; +http://go.mail.ru/help/robots)"
95.163.255.182 - - [12/Sep/2020:07:16:09 -0400] "GET /RICH/team HTTP/1.0" 404 575 "-" "Mozilla/5.0 (compatible; Linux x86_64; Mail.RU_Bot/2.0; +http://go.mail.ru/help/robots)"
184.154.36.170 - - [12/Sep/2020:07:19:05 -0400] "GET /RICH/rich-learning-system.html HTTP/1.0" 200 13174 "-" "SiteLockSpider [en] (WinNT; I ;Nav)"
184.154.36.170 - - [12/Sep/2020:07:19:09 -0400] "GET /RICH/contact-us.html HTTP/1.0" 200 13639 "-" "SiteLockSpider [en] (WinNT; I ;Nav)"
184.154.36.170 - - [12/Sep/2020:07:19:11 -0400] "GET /RICH/first-graduates.html HTTP/1.0" 200 17133 "-" "SiteLockSpider [en] (WinNT; I ;Nav)"
184.154.36.170 - - [12/Sep/2020:07:19:12 -0400] "GET /RICH/annual-reports.html HTTP/1.0" 200 10564 "-" "SiteLockSpider [en] (WinNT; I ;Nav)"
184.154.36.170 - - [12/Sep/2020:07:19:12 -0400] "GET /RICH/overview.html HTTP/1.0" 200 11800 "-" "SiteLockSpider [en] (WinNT; I ;Nav)"
184.154.36.170 - - [12/Sep/2020:07:19:12 -0400] "GET /RICH/index.html HTTP/1.0" 200 52711 "-" "SiteLockSpider [en] (WinNT; I ;Nav)"
184.154.36.170 - - [12/Sep/2020:07:19:14 -0400] "GET /RICH/projectsnack.html HTTP/1.0" 200 18989 "-" "SiteLockSpider [en] (WinNT; I ;Nav)"
184.154.36.170 - - [12/Sep/2020:07:19:33 -0400] "GET /RICH/js/bootstrap-datepicker.min.js HTTP/1.0" 200 34172 "-" "SiteLockSpider [en] (WinNT; I ;Nav)"
184.154.36.170 - - [12/Sep/2020:07:19:39 -0400] "GET /RICH/js/jquery-ui.js HTTP/1.0" 200 45799 "-" "SiteLockSpider [en] (WinNT; I ;Nav)"
184.154.36.170 - - [12/Sep/2020:07:19:49 -0400] "GET /RICH/css/style.css HTTP/1.0" 200 48040 "-" "SiteLockSpider [en] (WinNT; I ;Nav)"
184.154.36.170 - - [12/Sep/2020:07:19:50 -0400] "GET /RICH/css/magnific-popup.css HTTP/1.0" 200 6950 "-" "SiteLockSpider [en] (WinNT; I ;Nav)"
184.154.36.170 - - [12/Sep/2020:07:19:50 -0400] "GET /RICH/js/jquery-ui.js HTTP/1.0" 200 45799 "-" "SiteLockSpider [en] (WinNT; I ;Nav)"
184.154.36.170 - - [12/Sep/2020:07:19:52 -0400] "GET /RICH/js/aos.js HTTP/1.0" 200 14244 "-" "SiteLockSpider [en] (WinNT; I ;Nav)"
184.154.36.170 - - [12/Sep/2020:07:19:53 -0400] "GET /RICH/js/owl.carousel.min.js HTTP/1.0" 200 42766 "-" "SiteLockSpider [en] (WinNT; I ;Nav)"
184.154.36.170 - - [12/Sep/2020:07:19:53 -0400] "GET /cdn-cgi/scripts/5c5dd728/cloudflare-static/email-decode.min.js HTTP/1.0" 302 275 "http://www.google.com/url?url=www.richinc.org&yahoo.com" "Mozilla/5.0 (compatible; MSIE 9.0; Windows NT 6.1; WOW64; Trident/6.0)"
121.89.204.243 - - [12/Sep/2020:07:30:16 -0400] "GET /e/admin/index.php HTTP/1.0" 302 230 "http://richinc.org/e/admin/index.php" "Mozilla/5.0 (compatible; MSIE 9.0; Windows NT 6.1; Win64; x64; Trident/5.0)"
121.89.204.243 - - [12/Sep/2020:07:30:19 -0400] "GET /js/comm.js HTTP/1.0" 403 212 "http://richinc.org/js/comm.js" "Mozilla/5.0 (compatible; MSIE 9.0; Windows NT 6.1; Win64; x64; Trident/5.0)"
23.228.109.146 - - [12/Sep/2020:10:15:36 -0400] "GET /wp-content/plugins/aviary-image-editor-add-on-for-gravity-forms/includes/upload.php HTTP/1.0" 302 296 "http://www.google.com/" "Mozilla/5.0 (Windows NT 6.1; Win64; x64) AppleWebKit/537.36 (KHTML, like Gecko) Chrome/56.0.2896.3 Safari/537.36"
107.178.232.175 - - [12/Sep/2020:11:04:42 -0400] "GET /RICH/fonts/icomoon/style.css HTTP/1.0" 200 79820 "https://www.richinc.org/RICH/" "Mozilla/5.0 (X11; Linux x86_64) AppleWebKit/537.36 (KHTML, like Gecko) HeadlessChrome/72.0.3617.0 Safari/537.36"
107.178.232.175 - - [12/Sep/2020:11:04:42 -0400] "GET /RICH/css/style.css HTTP/1.0" 200 48040 "https://www.richinc.org/RICH/" "Mozilla/5.0 (X11; Linux x86_64) AppleWebKit/537.36 (KHTML, like Gecko) HeadlessChrome/72.0.3617.0 Safari/537.36"
107.178.232.175 - - [12/Sep/2020:11:04:43 -0400] "GET /RICH/js/jquery.stellar.min.js HTTP/1.0" 200 12597 "https://www.richinc.org/RICH/" "Mozilla/5.0 (X11; Linux x86_64) AppleWebKit/537.36 (KHTML, like Gecko) HeadlessChrome/72.0.3617.0 Safari/537.36"
107.178.232.175 - - [12/Sep/2020:11:04:43 -0400] "GET /RICH/js/bootstrap.min.js HTTP/1.0" 200 51039 "https://www.richinc.org/RICH/" "Mozilla/5.0 (X11; Linux x86_64) AppleWebKit/537.36 (KHTML, like Gecko) HeadlessChrome/72.0.3617.0 Safari/537.36"
107.178.232.175 - - [12/Sep/2020:11:04:43 -0400] "GET /RICH/js/main.js HTTP/1.0" 200 7761 "https://www.richinc.org/RICH/" "Mozilla/5.0 (X11; Linux x86_64) AppleWebKit/537.36 (KHTML, like Gecko) HeadlessChrome/72.0.3617.0 Safari/537.36"
107.178.232.175 - - [12/Sep/2020:11:04:43 -0400] "GET /RICH/Image1.jpg HTTP/1.0" 200 1421241 "https://www.richinc.org/RICH/" "Mozilla/5.0 (X11; Linux x86_64) AppleWebKit/537.36 (KHTML, like Gecko) HeadlessChrome/72.0.3617.0 Safari/537.36"
107.178.232.175 - - [12/Sep/2020:11:04:43 -0400] "GET /RICH/Image4.jpg HTTP/1.0" 200 2910175 "https://www.richinc.org/RICH/" "Mozilla/5.0 (X11; Linux x86_64) AppleWebKit/537.36 (KHTML, like Gecko) HeadlessChrome/72.0.3617.0 Safari/537.36"
49.7.21.102 - - [12/Sep/2020:11:11:51 -0400] "GET /RICH/ HTTP/1.0" 200 52711 "-" "Sogou web spider/4.0(+http://www.sogou.com/docs/help/webmasters.htm#07)"
49.7.21.102 - - [12/Sep/2020:11:13:27 -0400] "GET /RICH/ HTTP/1.0" 200 52711 "-" "Sogou web spider/4.0(+http://www.sogou.com/docs/help/webmasters.htm#07)"
217.160.241.170 - - [12/Sep/2020:13:18:55 -0400] "GET /RICH/ HTTP/1.0" 200 52711 "-" "Mozilla/5.0 (X11; Ubuntu; Linux i686; rv:28.0) Gecko/20100101 Firefox/28.0"
217.160.241.170 - - [12/Sep/2020:13:18:57 -0400] "GET /administrator/help/en-GB/toc.json HTTP/1.0" 302 246 "-" "Mozilla/5.0 (X11; Ubuntu; Linux i686; rv:28.0) Gecko/20100101 Firefox/28.0"
217.160.241.170 - - [12/Sep/2020:13:18:58 -0400] "GET /RICH/administrator/help/en-GB/toc.json HTTP/1.0" 404 575 "-" "Mozilla/5.0 (X11; Ubuntu; Linux i686; rv:28.0) Gecko/20100101 Firefox/28.0"
217.160.241.170 - - [12/Sep/2020:13:19:02 -0400] "GET /RICH/plugins/system/debug/debug.xml HTTP/1.0" 404 575 "-" "Mozilla/5.0 (X11; Ubuntu; Linux i686; rv:28.0) Gecko/20100101 Firefox/28.0"
217.160.241.170 - - [12/Sep/2020:13:19:03 -0400] "GET /RICH/administrator/ HTTP/1.0" 404 575 "-" "Mozilla/5.0 (X11; Ubuntu; Linux i686; rv:28.0) Gecko/20100101 Firefox/28.0"
157.55.39.72 - - [12/Sep/2020:14:45:43 -0400] "GET /RICH/fonts/flaticon/font/flaticon.css HTTP/1.0" 200 1250 "-" "Mozilla/5.0 (compatible; bingbot/2.0; +http://www.bing.com/bingbot.htm)"
40.77.167.121 - - [12/Sep/2020:14:45:46 -0400] "GET /js/jquery-ui.js HTTP/1.0" 403 217 "-" "Mozilla/5.0 (compatible; bingbot/2.0; +http://www.bing.com/bingbot.htm)"
157.55.39.4 - - [12/Sep/2020:14:46:07 -0400] "GET /css/magnific-popup.css HTTP/1.0" 403 224 "-" "Mozilla/5.0 (compatible; bingbot/2.0; +http://www.bing.com/bingbot.htm)"
157.55.39.72 - - [12/Sep/2020:14:48:39 -0400] "GET / HTTP/1.0" 302 213 "-" "Mozilla/5.0 (compatible; bingbot/2.0; +http://www.bing.com/bingbot.htm)"
66.160.140.184 - - [12/Sep/2020:16:47:16 -0400] "GET /RICH/chrisann-A-essay.html HTTP/1.0" 404 575 "-" "The Knowledge AI"
207.46.13.48 - - [12/Sep/2020:16:59:02 -0400] "GET /RICH/ HTTP/1.0" 200 52711 "-" "Mozilla/5.0 (compatible; bingbot/2.0; +http://www.bing.com/bingbot.htm)"
157.55.39.72 - - [12/Sep/2020:16:59:11 -0400] "GET /RICH/js/bootstrap-datepicker.min.js HTTP/1.0" 200 34172 "-" "Mozilla/5.0 (compatible; bingbot/2.0; +http://www.bing.com/bingbot.htm)"
207.46.13.48 - - [12/Sep/2020:16:59:36 -0400] "GET /RICH/js/jquery.countdown.min.js HTTP/1.0" 200 5339 "-" "Mozilla/5.0 (compatible; bingbot/2.0; +http://www.bing.com/bingbot.htm)"
157.55.39.227 - - [12/Sep/2020:17:00:22 -0400] "GET /RICH/js/jquery-3.3.1.min.js HTTP/1.0" 200 86926 "-" "Mozilla/5.0 (compatible; bingbot/2.0; +http://www.bing.com/bingbot.htm)"
35.237.106.60 - - [12/Sep/2020:17:20:32 -0400] "GET /robots.txt HTTP/1.0" 302 223 "-" "ZoominfoBot (zoominfobot at zoominfo dot com)"
34.242.46.215 - - [12/Sep/2020:17:36:02 -0400] "GET / HTTP/1.0" 302 213 "-" "Pandalytics/1.0 (https://domainsbot.com/pandalytics/)"
34.242.46.215 - - [12/Sep/2020:17:36:02 -0400] "GET /RICH/ HTTP/1.0" 200 52711 "-" "Pandalytics/1.0 (https://domainsbot.com/pandalytics/)"
34.73.96.141 - - [12/Sep/2020:19:03:53 -0400] "GET /RICH/first-graduates.html HTTP/1.0" 200 17133 "-" "ZoominfoBot (zoominfobot at zoominfo dot com)"
157.55.39.4 - - [12/Sep/2020:19:38:44 -0400] "GET /RICH/fonts/icomoon/style.css HTTP/1.0" 200 79820 "-" "Mozilla/5.0 (compatible; bingbot/2.0; +http://www.bing.com/bingbot.htm)"
34.74.17.125 - - [12/Sep/2020:20:22:20 -0400] "GET /RICH/mission.html HTTP/1.0" 200 15573 "-" "ZoominfoBot (zoominfobot at zoominfo dot com)"
34.74.17.125 - - [12/Sep/2020:20:27:12 -0400] "GET /RICH/index.html HTTP/1.0" 200 52711 "-" "ZoominfoBot (zoominfobot at zoominfo dot com)"
34.74.17.125 - - [12/Sep/2020:20:51:07 -0400] "GET /RICH/partnership-opportunities.html HTTP/1.0" 200 14323 "-" "ZoominfoBot (zoominfobot at zoominfo dot com)"
157.55.39.227 - - [12/Sep/2020:21:28:57 -0400] "GET /RICH/mission.html HTTP/1.0" 200 15573 "-" "Mozilla/5.0 (compatible; bingbot/2.0; +http://www.bing.com/bingbot.htm)"
114.119.143.81 - - [12/Sep/2020:22:06:34 -0400] "GET /partnership-opportunities.html HTTP/1.0" 302 243 "-" "Mozilla/5.0 (Linux; Android 7.0;) AppleWebKit/537.36 (KHTML, like Gecko) Mobile Safari/537.36 (compatible; PetalBot;+http://aspiegel.com/petalbot)"
62.210.188.218 - - [12/Sep/2020:22:12:09 -0400] "GET /RICH/robots.txt HTTP/1.0" 404 575 "-" "Mozilla/5.0 (compatible; Barkrowler/0.9; +https://babbar.tech/crawler)"
62.210.188.218 - - [12/Sep/2020:22:14:24 -0400] "GET /RICH/tyler-l-essay.html HTTP/1.0" 404 575 "-" "Mozilla/5.0 (compatible; Barkrowler/0.9; +https://babbar.tech/crawler)"
49.7.21.85 - - [12/Sep/2020:22:45:18 -0400] "GET /RICH/share.css HTTP/1.0" 404 575 "-" "Mozilla/4.0 (compatible; MSIE 7.0; Windows NT 6.0; Trident/4.0)"
45.55.225.186 - - [12/Sep/2020:23:48:38 -0400] "GET /RICH/js/jquery-ui.js HTTP/1.0" 200 45799 "https://www.richinc.org/RICH/" "Mozilla/5.0 (X11; Datanyze; Linux x86_64) AppleWebKit/537.36 (KHTML, like Gecko) Chrome/65.0.3325.181 Safari/537.36"
114.119.157.218 - - [12/Sep/2020:00:38:32 -0400] "GET /RICH/graduate-testimonials.html HTTP/1.0" 200 15380 "-" "Mozilla/5.0 (Linux; Android 7.0;) AppleWebKit/537.36 (KHTML, like Gecko) Mobile Safari/537.36 (compatible; PetalBot;+http://aspiegel.com/petalbot)"
17.58.98.75 - - [12/Sep/2020:00:58:20 -0400] "GET /robots.txt HTTP/1.0" 302 223 "-" "Mozilla/5.0 (Macintosh; Intel Mac OS X 10_15_5) AppleWebKit/605.1.15 (KHTML, like Gecko) Version/13.1.1 Safari/605.1.15 (Applebot/0.1; +http://www.apple.com/go/applebot)"
17.58.98.75 - - [12/Sep/2020:00:58:20 -0400] "GET /RICH/robots.txt HTTP/1.0" 404 575 "-" "Mozilla/5.0 (Macintosh; Intel Mac OS X 10_15_5) AppleWebKit/605.1.15 (KHTML, like Gecko) Version/13.1.1 Safari/605.1.15 (Applebot/0.1; +http://www.apple.com/go/applebot)"
52.53.184.173 - - [12/Sep/2020:03:28:07 -0400] "GET / HTTP/1.0" 302 213 "http:// www.richinc.org" "Mozilla/5.0 (Windows NT 10.0; Win64; x64) AppleWebKit/537.36 (KHTML, like Gecko) Chrome/85.0.4183.83 Safari/537.36 Edg/85.0.564.44"
52.53.184.173 - - [12/Sep/2020:03:28:08 -0400] "GET /RICH/annual-reports.html HTTP/1.0" 200 10564 "https:// www.richinc.org" "Mozilla/5.0 (Windows NT 10.0; Win64; x64) AppleWebKit/537.36 (KHTML, like Gecko) Chrome/85.0.4183.83 Safari/537.36 Edg/85.0.564.44"
114.119.153.49 - - [12/Sep/2020:04:42:12 -0400] "GET /RICH/graduate-testimonials.html HTTP/1.0" 200 15380 "-" "Mozilla/5.0 (Linux; Android 7.0;) AppleWebKit/537.36 (KHTML, like Gecko) Mobile Safari/537.36 (compatible; PetalBot;+http://aspiegel.com/petalbot)"
114.119.149.232 - - [12/Sep/2020:07:02:59 -0400] "GET /RICH/index.html HTTP/1.0" 200 52711 "-" "Mozilla/5.0 (Linux; Android 7.0;) AppleWebKit/537.36 (KHTML, like Gecko) Mobile Safari/537.36 (compatible; PetalBot;+http://aspiegel.com/petalbot)"
69.171.249.24 - - [12/Sep/2020:07:17:30 -0400] "GET /RICH/ HTTP/1.0" 200 52711 "-" "facebookexternalhit/1.1 (+http://www.facebook.com/externalhit_uatext.php)"
184.154.36.170 - - [12/Sep/2020:07:19:07 -0400] "GET /RICH/privacy-policy.html HTTP/1.0" 200 14593 "-" "SiteLockSpider [en] (WinNT; I ;Nav)"
184.154.36.170 - - [12/Sep/2020:07:19:29 -0400] "GET /RICH/css/bootstrap-datepicker.css HTTP/1.0" 200 17144 "-" "SiteLockSpider [en] (WinNT; I ;Nav)"
184.154.36.170 - - [12/Sep/2020:07:19:38 -0400] "GET /RICH/js/jquery-migrate-3.0.1.min.js HTTP/1.0" 200 11421 "-" "SiteLockSpider [en] (WinNT; I ;Nav)"
184.154.36.170 - - [12/Sep/2020:07:19:46 -0400] "GET /RICH/roster.html HTTP/1.0" 200 27402 "-" "SiteLockSpider [en] (WinNT; I ;Nav)"
184.154.36.170 - - [12/Sep/2020:07:19:47 -0400] "GET /RICH/page1.html HTTP/1.0" 200 53544 "-" "SiteLockSpider [en] (WinNT; I ;Nav)"
184.154.36.170 - - [12/Sep/2020:07:19:48 -0400] "GET /RICH/page2.html HTTP/1.0" 200 48877 "-" "SiteLockSpider [en] (WinNT; I ;Nav)"
184.154.36.170 - - [12/Sep/2020:07:19:49 -0400] "GET /RICH/js/jquery.magnific-popup.min.js HTTP/1.0" 200 20216 "-" "SiteLockSpider [en] (WinNT; I ;Nav)"
184.154.36.170 - - [12/Sep/2020:07:19:51 -0400] "GET /RICH/css/bootstrap.min.css HTTP/1.0" 200 159826 "-" "SiteLockSpider [en] (WinNT; I ;Nav)"
184.154.36.170 - - [12/Sep/2020:07:19:52 -0400] "GET /RICH/css/aos.css HTTP/1.0" 200 25983 "-" "SiteLockSpider [en] (WinNT; I ;Nav)"
184.154.36.170 - - [12/Sep/2020:07:19:52 -0400] "GET /RICH/css/owl.carousel.min.css HTTP/1.0" 200 2936 "-" "SiteLockSpider [en] (WinNT; I ;Nav)"
66.249.70.21 - - [12/Sep/2020:08:40:58 -0400] "GET /chrisann-A-essay.html HTTP/1.0" 302 234 "-" "Mozilla/5.0 (compatible; Googlebot/2.1; +http://www.google.com/bot.html)"
107.178.232.175 - - [12/Sep/2020:11:04:41 -0400] "GET /RICH/css/owl.theme.default.min.css HTTP/1.0" 200 965 "https://www.richinc.org/RICH/" "Mozilla/5.0 (X11; Linux x86_64) AppleWebKit/537.36 (KHTML, like Gecko) HeadlessChrome/72.0.3617.0 Safari/537.36"
107.178.232.175 - - [12/Sep/2020:11:04:41 -0400] "GET /RICH/js/popper.min.js HTTP/1.0" 200 20336 "https://www.richinc.org/RICH/" "Mozilla/5.0 (X11; Linux x86_64) AppleWebKit/537.36 (KHTML, like Gecko) HeadlessChrome/72.0.3617.0 Safari/537.36"
107.178.232.175 - - [12/Sep/2020:11:04:41 -0400] "GET /RICH/js/jquery.countdown.min.js HTTP/1.0" 200 5339 "https://www.richinc.org/RICH/" "Mozilla/5.0 (X11; Linux x86_64) AppleWebKit/537.36 (KHTML, like Gecko) HeadlessChrome/72.0.3617.0 Safari/537.36"
107.178.232.175 - - [12/Sep/2020:11:04:41 -0400] "GET /RICH/cdn-cgi/scripts/5c5dd728/cloudflare-static/email-decode.min.js HTTP/1.0" 404 575 "https://www.richinc.org/RICH/" "Mozilla/5.0 (X11; Linux x86_64) AppleWebKit/537.36 (KHTML, like Gecko) HeadlessChrome/72.0.3617.0 Safari/537.36"
107.178.232.175 - - [12/Sep/2020:11:04:43 -0400] "GET /RICH/images/botbutton-crop.png HTTP/1.0" 200 7864 "https://www.richinc.org/RICH/" "Mozilla/5.0 (X11; Linux x86_64) AppleWebKit/537.36 (KHTML, like Gecko) HeadlessChrome/72.0.3617.0 Safari/537.36"
107.178.232.175 - - [12/Sep/2020:11:04:43 -0400] "GET /RICH/images/considerate.png HTTP/1.0" 200 22730 "https://www.richinc.org/RICH/" "Mozilla/5.0 (X11; Linux x86_64) AppleWebKit/537.36 (KHTML, like Gecko) HeadlessChrome/72.0.3617.0 Safari/537.36"
217.160.241.170 - - [12/Sep/2020:13:18:52 -0400] "GET /RICH/ HTTP/1.0" 200 52711 "-" "Mozilla/5.0 (X11; Ubuntu; Linux i686; rv:28.0) Gecko/20100101 Firefox/28.0"
217.160.241.170 - - [12/Sep/2020:13:18:53 -0400] "GET / HTTP/1.0" 302 213 "-" "Mozilla/5.0 (X11; Ubuntu; Linux i686; rv:28.0) Gecko/20100101 Firefox/28.0"
217.160.241.170 - - [12/Sep/2020:13:18:59 -0400] "GET /RICH/administrator/language/en-GB/install.xml HTTP/1.0" 404 575 "-" "Mozilla/5.0 (X11; Ubuntu; Linux i686; rv:28.0) Gecko/20100101 Firefox/28.0"
217.160.241.170 - - [12/Sep/2020:13:19:06 -0400] "GET / HTTP/1.0" 302 213 "-" "Mozilla/5.0 (X11; Ubuntu; Linux i686; rv:28.0) Gecko/20100101 Firefox/28.0"
66.249.70.21 - - [12/Sep/2020:13:40:21 -0400] "GET / HTTP/1.0" 302 213 "-" "Mozilla/5.0 (compatible; Googlebot/2.1; +http://www.google.com/bot.html)"
66.249.64.88 - - [12/Sep/2020:13:40:22 -0400] "GET /robots.txt HTTP/1.0" 302 223 "-" "Mozilla/5.0 (compatible; Googlebot/2.1; +http://www.google.com/bot.html)"
104.199.75.27 - - [12/Sep/2020:14:32:52 -0400] "GET / HTTP/1.0" 302 213 "-" "Mozilla/5.0 (Macintosh; Intel Mac OS X 10.11; rv:52.0) Gecko/20100101 Firefox/52.0"
104.199.75.27 - - [12/Sep/2020:14:32:52 -0400] "GET /RICH/ HTTP/1.0" 200 52711 "-" "Mozilla/5.0 (Macintosh; Intel Mac OS X 10.11; rv:52.0) Gecko/20100101 Firefox/52.0"
207.46.13.101 - - [12/Sep/2020:14:45:35 -0400] "GET /css/bootstrap-datepicker.css HTTP/1.0" 403 230 "-" "Mozilla/5.0 (compatible; bingbot/2.0; +http://www.bing.com/bingbot.htm)"
40.77.167.121 - - [12/Sep/2020:14:45:45 -0400] "GET /RICH/robots.txt HTTP/1.0" 404 575 "-" "Mozilla/5.0 (compatible; bingbot/2.0; +http://www.bing.com/bingbot.htm)"
157.55.39.4 - - [12/Sep/2020:14:46:15 -0400] "GET /RICH/fonts/icomoon/style.css HTTP/1.0" 200 79820 "-" "Mozilla/5.0 (compatible; bingbot/2.0; +http://www.bing.com/bingbot.htm)"
40.77.189.16 - - [12/Sep/2020:15:45:45 -0400] "GET /fonts/icomoon/fonts/icomoon.ttf?10si43 HTTP/1.0" 302 251 "-" "Mozilla/5.0 (Windows NT 6.1; WOW64) AppleWebKit/534+ (KHTML, like Gecko) BingPreview/1.0b"
54.36.148.77 - - [12/Sep/2020:16:27:32 -0400] "GET /RICH/robots.txt HTTP/1.0" 404 575 "-" "Mozilla/5.0 (compatible; AhrefsBot/6.1; +http://ahrefs.com/robot/)"
66.160.140.184 - - [12/Sep/2020:16:47:16 -0400] "GET /RICH/ricardo-H-essay.html HTTP/1.0" 404 575 "-" "The Knowledge AI"
207.46.13.48 - - [12/Sep/2020:16:59:20 -0400] "GET /RICH/css/bootstrap-datepicker.css HTTP/1.0" 200 17144 "-" "Mozilla/5.0 (compatible; bingbot/2.0; +http://www.bing.com/bingbot.htm)"
157.55.39.72 - - [12/Sep/2020:16:59:30 -0400] "GET /RICH/php/UsersRICH.php HTTP/1.0" 200 - "-" "Mozilla/5.0 (compatible; bingbot/2.0; +http://www.bing.com/bingbot.htm)"
207.46.13.164 - - [12/Sep/2020:16:59:52 -0400] "GET /RICH/css/owl.theme.default.min.css HTTP/1.0" 200 965 "-" "Mozilla/5.0 (compatible; bingbot/2.0; +http://www.bing.com/bingbot.htm)"
157.55.39.215 - - [12/Sep/2020:16:59:58 -0400] "GET /RICH/js/jquery-ui.js HTTP/1.0" 200 45799 "-" "Mozilla/5.0 (compatible; bingbot/2.0; +http://www.bing.com/bingbot.htm)"
157.55.39.4 - - [12/Sep/2020:17:00:11 -0400] "GET /RICH/js/jquery-migrate-3.0.1.min.js HTTP/1.0" 200 11421 "-" "Mozilla/5.0 (compatible; bingbot/2.0; +http://www.bing.com/bingbot.htm)"
157.55.39.227 - - [12/Sep/2020:17:00:21 -0400] "GET /RICH/js/jquery.stellar.min.js HTTP/1.0" 200 12597 "-" "Mozilla/5.0 (compatible; bingbot/2.0; +http://www.bing.com/bingbot.htm)"
35.237.106.60 - - [12/Sep/2020:17:20:30 -0400] "GET / HTTP/1.0" 302 213 "-" "ZoominfoBot (zoominfobot at zoominfo dot com)"
35.237.106.60 - - [12/Sep/2020:17:20:31 -0400] "GET /RICH/ HTTP/1.0" 200 52711 "-" "ZoominfoBot (zoominfobot at zoominfo dot com)"
40.77.188.105 - - [12/Sep/2020:18:00:15 -0400] "GET /RICH/fonts/icomoon/style.css HTTP/1.0" 200 79820 "-" "Mozilla/5.0 (Windows NT 6.1; WOW64) AppleWebKit/534+ (KHTML, like Gecko) BingPreview/1.0b"
40.77.188.16 - - [12/Sep/2020:18:00:15 -0400] "GET /RICH/css/magnific-popup.css HTTP/1.0" 200 6950 "-" "Mozilla/5.0 (Windows NT 6.1; WOW64) AppleWebKit/534+ (KHTML, like Gecko) BingPreview/1.0b"
114.119.138.173 - - [12/Sep/2020:18:58:51 -0400] "GET /robots.txt HTTP/1.0" 302 223 "-" "(compatible;PetalBot;+http://aspiegel.com/petalbot)"
114.119.134.72 - - [12/Sep/2020:20:12:50 -0400] "GET /RICH/robots.txt HTTP/1.0" 404 575 "-" "(compatible;PetalBot;+http://aspiegel.com/petalbot)"
66.249.70.21 - - [12/Sep/2020:20:32:37 -0400] "GET / HTTP/1.0" 302 213 "-" "Mozilla/5.0 (Linux; Android 6.0.1; Nexus 5X Build/MMB29P) AppleWebKit/537.36 (KHTML, like Gecko) Chrome/80.0.3987.92 Mobile Safari/537.36 (compatible; Googlebot/2.1; +http://www.google.com/bot.html)"
34.74.17.125 - - [12/Sep/2020:20:33:08 -0400] "GET /RICH/gsuite-classroom.html HTTP/1.0" 200 10020 "-" "ZoominfoBot (zoominfobot at zoominfo dot com)"
114.119.157.218 - - [12/Sep/2020:20:46:07 -0400] "GET /RICH/www.richinc.org HTTP/1.0" 404 575 "-" "Mozilla/5.0 (Linux; Android 7.0;) AppleWebKit/537.36 (KHTML, like Gecko) Mobile Safari/537.36 (compatible; PetalBot;+http://aspiegel.com/petalbot)"
34.74.17.125 - - [12/Sep/2020:20:48:57 -0400] "GET /RICH/page1.html HTTP/1.0" 200 53544 "-" "ZoominfoBot (zoominfobot at zoominfo dot com)"
62.210.188.218 - - [12/Sep/2020:22:12:01 -0400] "GET /robots.txt HTTP/1.0" 302 223 "-" "Mozilla/5.0 (compatible; Barkrowler/0.9; +https://babbar.tech/crawler)"
62.210.188.218 - - [12/Sep/2020:22:12:12 -0400] "GET /RICH/ HTTP/1.0" 200 52711 "-" "Mozilla/5.0 (compatible; Barkrowler/0.9; +https://babbar.tech/crawler)"
62.210.188.218 - - [12/Sep/2020:22:12:18 -0400] "GET /about-us.php HTTP/1.0" 302 225 "-" "Mozilla/5.0 (compatible; Barkrowler/0.9; +https://babbar.tech/crawler)"
114.119.148.237 - - [12/Sep/2020:01:12:03 -0400] "GET /robots.txt HTTP/1.0" 302 223 "-" "(compatible;PetalBot;+http://aspiegel.com/petalbot)"
66.249.70.21 - - [12/Sep/2020:01:26:46 -0400] "GET / HTTP/1.0" 302 213 "-" "Mozilla/5.0 (Linux; Android 6.0.1; Nexus 5X Build/MMB29P) AppleWebKit/537.36 (KHTML, like Gecko) Chrome/80.0.3987.92 Mobile Safari/537.36 (compatible; Googlebot/2.1; +http://www.google.com/bot.html)"
114.119.153.49 - - [12/Sep/2020:03:01:44 -0400] "GET /mission.html HTTP/1.0" 302 225 "-" "Mozilla/5.0 (Linux; Android 7.0;) AppleWebKit/537.36 (KHTML, like Gecko) Mobile Safari/537.36 (compatible; PetalBot;+http://aspiegel.com/petalbot)"
52.53.184.173 - - [12/Sep/2020:03:28:08 -0400] "GET /index.html HTTP/1.0" 302 223 "http:// www.richinc.org" "Mozilla/5.0 (Windows NT 10.0; Win64; x64) AppleWebKit/537.36 (KHTML, like Gecko) Chrome/85.0.4183.83 Safari/537.36 Edg/85.0.564.44"
52.53.184.173 - - [12/Sep/2020:03:28:08 -0400] "GET /mission.html HTTP/1.0" 302 225 "http:// www.richinc.org" "Mozilla/5.0 (Windows NT 10.0; Win64; x64) AppleWebKit/537.36 (KHTML, like Gecko) Chrome/85.0.4183.83 Safari/537.36 Edg/85.0.564.44"
114.119.145.137 - - [12/Sep/2020:04:36:41 -0400] "GET /ricardo-H-essay.html HTTP/1.0" 302 233 "-" "Mozilla/5.0 (Linux; Android 7.0;) AppleWebKit/537.36 (KHTML, like Gecko) Mobile Safari/537.36 (compatible; PetalBot;+http://aspiegel.com/petalbot)"
221.213.75.190 - - [12/Sep/2020:06:44:31 -0400] "GET / HTTP/1.0" 302 213 "-" "Mozilla/5.0 (iPhone; CPU iPhone OS 9_1 like Mac OS X) AppleWebKit/601.1.46 (KHTML, like Gecko) Version/9.0 Mobile/13B143 Safari/601.1"
95.163.255.157 - - [12/Sep/2020:07:15:48 -0400] "GET /robots.txt HTTP/1.0" 302 223 "-" "Mozilla/5.0 (compatible; Linux x86_64; Mail.RU_Bot/2.0; +http://go.mail.ru/help/robots)"
184.154.36.170 - - [12/Sep/2020:07:19:03 -0400] "GET /RICH/ HTTP/1.0" 200 52711 "http://www.google.com/url?url=www.richinc.org&yahoo.com" "Mozilla/5.0 (compatible; MSIE 9.0; Windows NT 6.1; WOW64; Trident/6.0)"
184.154.36.170 - - [12/Sep/2020:07:19:04 -0400] "GET /th1s_1s_a_4o4.html HTTP/1.0" 302 231 "http://www.google.com/url?url=www.richinc.org&yahoo.com" "Mozilla/5.0 (compatible; MSIE 9.0; Windows NT 6.1; WOW64; Trident/6.0)"
184.154.36.170 - - [12/Sep/2020:07:19:05 -0400] "GET / HTTP/1.0" 302 213 "http://www.google.com/url?url=www.richinc.org&yahoo.com" "Mozilla/5.0 (compatible; MSIE 9.0; Windows NT 6.1; WOW64; Trident/6.0)"
184.154.36.170 - - [12/Sep/2020:07:19:10 -0400] "GET /RICH/gsuite-classroom.html HTTP/1.0" 200 10020 "-" "SiteLockSpider [en] (WinNT; I ;Nav)"
184.154.36.170 - - [12/Sep/2020:07:19:12 -0400] "GET /RICH/graduate-testimonials.html HTTP/1.0" 200 15380 "-" "SiteLockSpider [en] (WinNT; I ;Nav)"
184.154.36.170 - - [12/Sep/2020:07:19:21 -0400] "GET /RICH/Account/portal-home.html?=1 HTTP/1.0" 200 18428 "http://www.google.com/url?url=www.richinc.org&yahoo.com" "Mozilla/5.0 (compatible; MSIE 9.0; Windows NT 6.1; WOW64; Trident/6.0)"
184.154.36.170 - - [12/Sep/2020:07:19:40 -0400] "GET /RICH/css/aos.css HTTP/1.0" 200 25983 "-" "SiteLockSpider [en] (WinNT; I ;Nav)"
184.154.36.170 - - [12/Sep/2020:07:19:43 -0400] "GET /RICH/js/jquery.magnific-popup.min.js HTTP/1.0" 200 20216 "-" "SiteLockSpider [en] (WinNT; I ;Nav)"
184.154.36.170 - - [12/Sep/2020:07:19:45 -0400] "GET /cdn-cgi/scripts/5c5dd728/cloudflare-static/email-decode.min.js HTTP/1.0" 302 275 "http://www.google.com/url?url=www.richinc.org&yahoo.com" "Mozilla/5.0 (compatible; MSIE 9.0; Windows NT 6.1; WOW64; Trident/6.0)"
184.154.36.170 - - [12/Sep/2020:07:19:46 -0400] "GET /RICH/projectsnack.html HTTP/1.0" 200 18989 "-" "SiteLockSpider [en] (WinNT; I ;Nav)"
184.154.36.170 - - [12/Sep/2020:07:19:47 -0400] "GET /RICH/gsuite-classroom.html HTTP/1.0" 200 10020 "-" "SiteLockSpider [en] (WinNT; I ;Nav)"
184.154.36.170 - - [12/Sep/2020:07:19:48 -0400] "GET /RICH/sdlp.html HTTP/1.0" 200 16959 "-" "SiteLockSpider [en] (WinNT; I ;Nav)"
184.154.36.170 - - [12/Sep/2020:07:19:49 -0400] "GET /RICH/css/animate.css HTTP/1.0" 200 77748 "-" "SiteLockSpider [en] (WinNT; I ;Nav)"
184.154.36.170 - - [12/Sep/2020:07:19:49 -0400] "GET /RICH/js/popper.min.js HTTP/1.0" 200 20336 "http://www.google.com/url?url=www.richinc.org&yahoo.com" "Mozilla/5.0 (compatible; MSIE 9.0; Windows NT 6.1; WOW64; Trident/6.0)"
184.154.36.170 - - [12/Sep/2020:07:19:51 -0400] "GET /RICH/js/bootstrap-datepicker.min.js HTTP/1.0" 200 34172 "-" "SiteLockSpider [en] (WinNT; I ;Nav)"
184.154.36.170 - - [12/Sep/2020:07:19:52 -0400] "GET /RICH/js/jquery-migrate-3.0.1.min.js HTTP/1.0" 200 11421 "-" "SiteLockSpider [en] (WinNT; I ;Nav)"
121.89.204.243 - - [12/Sep/2020:07:30:16 -0400] "GET /js/common.js HTTP/1.0" 403 214 "http://richinc.org/js/common.js" "Mozilla/5.0 (compatible; MSIE 9.0; Windows NT 6.1; Win64; x64; Trident/5.0)"
