49.7.20.114 - - [11/Oct/2023:02:37:02 -0400] "GET / HTTP/1.0" 302 213 "-" "Sogou web spider/4.0(+http://www.sogou.com/docs/help/webmasters.htm#07)"
49.7.20.123 - - [11/Oct/2023:02:37:03 -0400] "GET /RICH/ HTTP/1.0" 200 61623 "-" "Sogou web spider/4.0(+http://www.sogou.com/docs/help/webmasters.htm#07)"
66.249.66.197 - - [11/Oct/2023:03:08:01 -0400] "GET /RICH/ HTTP/1.0" 200 61623 "-" "Mozilla/5.0 (compatible; Googlebot/2.1; +http://www.google.com/bot.html)"
37.19.223.106 - - [11/Oct/2023:03:51:44 -0400] "GET /RICH/contact-us.html HTTP/1.0" 200 20921 "https://www.richinc.org/RICH/contact-us.html" "Mozilla/5.0 (Windows NT 6.1; Win64; x64) AppleWebKit/537.36 (KHTML, like Gecko) Chrome/66.0.3359.170 Safari/537.36 OPR/53.0.2907.99"
37.19.223.106 - - [11/Oct/2023:03:51:46 -0400] "GET /RICH/contact-success.html HTTP/1.0" 200 15299 "https://www.richinc.org/contact-success.html" "Mozilla/5.0 (Windows NT 6.1; Win64; x64) AppleWebKit/537.36 (KHTML, like Gecko) Chrome/66.0.3359.170 Safari/537.36 OPR/53.0.2907.99"
52.167.144.23 - - [11/Oct/2023:04:37:40 -0400] "GET /RICH/css/animate.css HTTP/1.0" 200 77748 "-" "Mozilla/5.0 AppleWebKit/537.36 (KHTML, like Gecko; compatible; bingbot/2.0; +http://www.bing.com/bingbot.htm) Chrome/103.0.5060.134 Safari/537.36"
52.167.144.238 - - [11/Oct/2023:04:37:57 -0400] "GET /RICH/css/magnific-popup.css HTTP/1.0" 200 6950 "-" "Mozilla/5.0 AppleWebKit/537.36 (KHTML, like Gecko; compatible; bingbot/2.0; +http://www.bing.com/bingbot.htm) Chrome/103.0.5060.134 Safari/537.36"
52.167.144.238 - - [11/Oct/2023:04:37:59 -0400] "GET /RICH/js/jquery-migrate-3.0.1.min.js HTTP/1.0" 200 11421 "-" "Mozilla/5.0 AppleWebKit/537.36 (KHTML, like Gecko; compatible; bingbot/2.0; +http://www.bing.com/bingbot.htm) Chrome/103.0.5060.134 Safari/537.36"
52.167.144.238 - - [11/Oct/2023:04:37:59 -0400] "GET /RICH/js/jquery.stellar.min.js HTTP/1.0" 200 12597 "-" "Mozilla/5.0 AppleWebKit/537.36 (KHTML, like Gecko; compatible; bingbot/2.0; +http://www.bing.com/bingbot.htm) Chrome/103.0.5060.134 Safari/537.36"
52.167.144.238 - - [11/Oct/2023:04:38:00 -0400] "GET /RICH/php/UsersRICH.php HTTP/1.0" 200 - "-" "Mozilla/5.0 AppleWebKit/537.36 (KHTML, like Gecko; compatible; bingbot/2.0; +http://www.bing.com/bingbot.htm) Chrome/103.0.5060.134 Safari/537.36"
52.167.144.238 - - [11/Oct/2023:04:38:03 -0400] "GET /RICH/php/UsersRICH.php HTTP/1.0" 200 - "-" "Mozilla/5.0 AppleWebKit/537.36 (KHTML, like Gecko; compatible; bingbot/2.0; +http://www.bing.com/bingbot.htm) Chrome/103.0.5060.134 Safari/537.36"
66.249.92.197 - - [11/Oct/2023:04:49:53 -0400] "GET /RICH/ HTTP/1.0" 200 61623 "-" "Google-Edu"
66.249.92.199 - - [11/Oct/2023:04:49:54 -0400] "GET /RICH/css/magnific-popup.css HTTP/1.0" 200 6950 "https://www.richinc.org/RICH/" "Google-Edu"
66.249.92.199 - - [11/Oct/2023:04:49:55 -0400] "GET /RICH/fonts/icomoon/style.css HTTP/1.0" 200 79820 "https://www.richinc.org/RICH/" "Google-Edu"
66.249.92.197 - - [11/Oct/2023:04:50:00 -0400] "GET /RICH/fonts/flaticon/font/flaticon.css HTTP/1.0" 200 1250 "https://www.richinc.org/RICH/" "Google-Edu"
66.249.92.197 - - [11/Oct/2023:04:50:07 -0400] "GET /RICH/3decade.png HTTP/1.0" 200 27730 "https://www.richinc.org/RICH/" "Google-Edu"
66.249.92.197 - - [11/Oct/2023:04:50:09 -0400] "GET /RICH/js/popper.min.js HTTP/1.0" 200 20336 "https://www.richinc.org/RICH/" "Google-Edu"
66.249.92.197 - - [11/Oct/2023:04:50:11 -0400] "GET /RICH/images/right-arrow.png HTTP/1.0" 200 2601 "https://www.richinc.org/RICH/" "Google-Edu"
40.77.188.56 - - [11/Oct/2023:04:53:12 -0400] "GET /RICH/audio/RICH_Considerate.mp3 HTTP/1.0" 200 5168945 "-" "Mozilla/5.0 AppleWebKit/537.36 (KHTML, like Gecko; compatible; bingbot/2.0; +http://www.bing.com/bingbot.htm) Chrome/100.0.4896.127 Safari/537.36"
66.249.66.197 - - [11/Oct/2023:05:07:42 -0400] "GET /RICH/ HTTP/1.0" 200 61623 "-" "Mozilla/5.0 (compatible; Googlebot/2.1; +http://www.google.com/bot.html)"
66.249.66.199 - - [11/Oct/2023:05:07:44 -0400] "POST /RICH/php/UsersRICH.php HTTP/1.0" 200 - "https://www.richinc.org/RICH/" "Mozilla/5.0 AppleWebKit/537.36 (KHTML, like Gecko; compatible; Googlebot/2.1; +http://www.google.com/bot.html) Chrome/117.0.5938.132 Safari/537.36"
66.249.66.33 - - [11/Oct/2023:06:11:06 -0400] "GET / HTTP/1.0" 302 213 "-" "Mozilla/5.0 (compatible; Googlebot/2.1; +http://www.google.com/bot.html)"
66.249.66.197 - - [11/Oct/2023:06:15:53 -0400] "GET /RICH/cdn-cgi/scripts/5c5dd728/cloudflare-static/email-decode.min.js HTTP/1.0" 404 575 "https://www.richinc.org/RICH/" "Mozilla/5.0 AppleWebKit/537.36 (KHTML, like Gecko; compatible; Googlebot/2.1; +http://www.google.com/bot.html) Chrome/117.0.5938.132 Safari/537.36"
216.244.66.200 - - [11/Oct/2023:07:58:29 -0400] "GET /robots.txt HTTP/1.0" 302 223 "-" "Mozilla/5.0 (compatible; DotBot/1.2; +https://opensiteexplorer.org/dotbot; help@moz.com)"
123.126.68.125 - - [11/Oct/2023:08:27:38 -0400] "GET /RICH/ HTTP/1.0" 200 61623 "-" "Sogou web spider/4.0(+http://www.sogou.com/docs/help/webmasters.htm#07)"
66.249.66.197 - - [11/Oct/2023:08:45:14 -0400] "GET /RICH/rich-learning-system.html HTTP/1.0" 200 16211 "-" "Mozilla/5.0 (Linux; Android 6.0.1; Nexus 5X Build/MMB29P) AppleWebKit/537.36 (KHTML, like Gecko) Chrome/117.0.5938.132 Mobile Safari/537.36 (compatible; Googlebot/2.1; +http://www.google.com/bot.html)"
66.249.66.197 - - [11/Oct/2023:10:45:54 -0400] "GET /js/jquery-migrate-3.0.1.min.js HTTP/1.0" 403 261 "https://www.richinc.org/RICH/interns.html" "Mozilla/5.0 AppleWebKit/537.36 (KHTML, like Gecko; compatible; Googlebot/2.1; +http://www.google.com/bot.html) Chrome/117.0.5938.132 Safari/537.36"
173.237.190.208 - - [11/Oct/2023:13:38:03 -0400] "GET /?a=1 HTTP/1.0" 302 217 "richinc.org" "Mozilla/5.0 (Windows NT 10.0; Win64; x64) AppleWebKit/537.36 (KHTML, like Gecko) colonel Chrome/196.3.1597.530 Safari/537.36"
66.249.66.199 - - [11/Oct/2023:14:43:52 -0400] "GET /RICH/cdn-cgi/scripts/5c5dd728/cloudflare-static/email-decode.min.js HTTP/1.0" 404 575 "https://www.richinc.org/RICH/nvlpessay1.html" "Mozilla/5.0 (Linux; Android 6.0.1; Nexus 5X Build/MMB29P) AppleWebKit/537.36 (KHTML, like Gecko) Chrome/117.0.5938.132 Mobile Safari/537.36 (compatible; Googlebot/2.1; +http://www.google.com/bot.html)"
146.95.32.89 - - [11/Oct/2023:14:53:49 -0400] "GET /RICH/fonts/icomoon/style.css HTTP/1.0" 200 79820 "https://www.richinc.org/RICH/" "Mozilla/5.0 (Macintosh; Intel Mac OS X 10_15_7) AppleWebKit/537.36 (KHTML, like Gecko) Chrome/116.0.0.0 Safari/537.36"
146.95.32.89 - - [11/Oct/2023:14:53:49 -0400] "GET /RICH/js/aos.js HTTP/1.0" 200 14244 "https://www.richinc.org/RICH/" "Mozilla/5.0 (Macintosh; Intel Mac OS X 10_15_7) AppleWebKit/537.36 (KHTML, like Gecko) Chrome/116.0.0.0 Safari/537.36"
146.95.32.89 - - [11/Oct/2023:14:53:49 -0400] "GET /RICH/js/jquery.magnific-popup.min.js HTTP/1.0" 200 20216 "https://www.richinc.org/RICH/" "Mozilla/5.0 (Macintosh; Intel Mac OS X 10_15_7) AppleWebKit/537.36 (KHTML, like Gecko) Chrome/116.0.0.0 Safari/537.36"
146.95.32.89 - - [11/Oct/2023:14:53:49 -0400] "GET /RICH/Image5.jpg HTTP/1.0" 200 2409299 "https://www.richinc.org/RICH/" "Mozilla/5.0 (Macintosh; Intel Mac OS X 10_15_7) AppleWebKit/537.36 (KHTML, like Gecko) Chrome/116.0.0.0 Safari/537.36"
37.139.53.13 - - [11/Oct/2023:14:59:03 -0400] "GET /RICH/ HTTP/1.0" 200 61623 "https://www.richinc.org/RICH/" "Mozilla/4.0 (compatible; MSIE 6.0; Windows NT 5.1; SV1)"
167.99.225.192 - - [11/Oct/2023:15:11:05 -0400] "GET / HTTP/1.0" 302 213 "-" "Mozilla/5.0 (X11; Linux x86_64) AppleWebKit/537.36 (KHTML, like Gecko) Chrome/108.0.0.0 Safari/537.36"
109.169.85.38 - - [11/Oct/2023:15:58:57 -0400] "GET /RICH/js/bootstrap-datepicker.min.js HTTP/1.0" 200 34172 "https://www.richinc.org/RICH/" "Mozilla/5.0 (Windows NT 10.0; Win64; x64) AppleWebKit/537.36 (KHTML, like Gecko, Foregenix) Chrome/91.0.4472.77 Safari/537.36"
109.169.85.38 - - [11/Oct/2023:15:58:57 -0400] "GET /RICH/images/LOGO.png HTTP/1.0" 200 48308 "https://www.richinc.org/RICH/" "Mozilla/5.0 (Windows NT 10.0; Win64; x64) AppleWebKit/537.36 (KHTML, like Gecko, Foregenix) Chrome/91.0.4472.77 Safari/537.36"
109.169.85.38 - - [11/Oct/2023:15:58:58 -0400] "GET /js/js.js HTTP/1.0" 403 261 "-" "Mozilla/5.0 (Windows NT 10.0; Win64; x64) AppleWebKit/537.36 (KHTML, like Gecko, Foregenix) Chrome/91.0.4472.77 Safari/537.36"
109.169.85.38 - - [11/Oct/2023:15:59:02 -0400] "GET /RICH/catalog/view/javascript/common.js HTTP/1.0" 404 575 "https://www.richinc.org/catalog/view/javascript/common.js" "Mozilla/5.0 (Windows NT 10.0; Win64; x64) AppleWebKit/537.36 (KHTML, like Gecko, Foregenix) Chrome/91.0.4472.77 Safari/537.36"
109.169.85.38 - - [11/Oct/2023:15:59:02 -0400] "GET /RICH/README.md HTTP/1.0" 404 575 "https://www.richinc.org/README.md" "Mozilla/5.0 (Windows NT 10.0; Win64; x64) AppleWebKit/537.36 (KHTML, like Gecko, Foregenix) Chrome/91.0.4472.77 Safari/537.36"
109.169.85.38 - - [11/Oct/2023:15:59:03 -0400] "GET /js/site.js HTTP/1.0" 403 261 "-" "Mozilla/5.0 (Windows NT 10.0; Win64; x64) AppleWebKit/537.36 (KHTML, like Gecko, Foregenix) Chrome/91.0.4472.77 Safari/537.36"
109.169.85.38 - - [11/Oct/2023:15:59:04 -0400] "GET /RICH/user_data/packages/default/img/common/favicon.ico HTTP/1.0" 404 575 "https://www.richinc.org/user_data/packages/default/img/common/favicon.ico" "Mozilla/5.0 (Windows NT 10.0; Win64; x64) AppleWebKit/537.36 (KHTML, like Gecko, Foregenix) Chrome/91.0.4472.77 Safari/537.36"
109.169.85.38 - - [11/Oct/2023:15:59:04 -0400] "GET /administrator/manifests/files/joomla.xml HTTP/1.0" 302 253 "-" "Mozilla/5.0 (Windows NT 10.0; Win64; x64) AppleWebKit/537.36 (KHTML, like Gecko, Foregenix) Chrome/91.0.4472.77 Safari/537.36"
191.252.111.55 - - [11/Oct/2023:16:22:40 -0400] "GET /wp-login.php HTTP/1.0" 302 225 "-" "Mozilla/5.0 (Macintosh; Intel Mac OS X 10_8_0) AppleWebKit/537.36 (KHTML, like Gecko) Chrome/32.0.1664.3 Safari/537.36"
191.252.111.55 - - [11/Oct/2023:16:22:43 -0400] "GET /RICH/wp-login.php HTTP/1.0" 404 575 "-" "Mozilla/5.0 (Macintosh; Intel Mac OS X 10_8_0) AppleWebKit/537.36 (KHTML, like Gecko) Chrome/32.0.1664.3 Safari/537.36"
66.249.66.199 - - [11/Oct/2023:17:41:03 -0400] "GET /cdn-cgi/scripts/5c5dd728/cloudflare-static/email-decode.min.js HTTP/1.0" 302 275 "https://www.richinc.org/RICH/" "Mozilla/5.0 AppleWebKit/537.36 (KHTML, like Gecko; compatible; Googlebot/2.1; +http://www.google.com/bot.html) Chrome/117.0.5938.132 Safari/537.36"
66.249.66.198 - - [11/Oct/2023:17:47:26 -0400] "POST /RICH/php/UsersRICH.php HTTP/1.0" 200 - "https://www.richinc.org/RICH/" "Mozilla/5.0 AppleWebKit/537.36 (KHTML, like Gecko; compatible; Googlebot/2.1; +http://www.google.com/bot.html) Chrome/117.0.5938.132 Safari/537.36"
17.241.75.211 - - [11/Oct/2023:19:28:53 -0400] "GET /RICH/parents-investment-alliance.html HTTP/1.0" 200 15817 "-" "Mozilla/5.0 (Macintosh; Intel Mac OS X 10_15_5) AppleWebKit/605.1.15 (KHTML, like Gecko) Version/13.1.1 Safari/605.1.15 (Applebot/0.1; +http://www.apple.com/go/applebot)"
17.246.15.41 - - [11/Oct/2023:19:36:25 -0400] "GET /RICH/css/bootstrap-datepicker.css HTTP/1.0" 200 17144 "https://www.richinc.org/RICH/parents-investment-alliance.html" "Mozilla/5.0 (Macintosh; Intel Mac OS X 10_15_5) AppleWebKit/605.1.15 (KHTML, like Gecko) Version/13.1.1 Safari/605.1.15 (Applebot/0.1; +http://www.apple.com/go/applebot)"
40.77.167.63 - - [11/Oct/2023:20:12:50 -0400] "GET /RICH/mission.html HTTP/1.0" 200 18383 "-" "Mozilla/5.0 AppleWebKit/537.36 (KHTML, like Gecko; compatible; bingbot/2.0; +http://www.bing.com/bingbot.htm) Chrome/103.0.5060.134 Safari/537.36"
66.249.66.197 - - [11/Oct/2023:20:52:44 -0400] "GET /RICH/js/owl.carousel.min.js HTTP/1.0" 200 42766 "https://www.richinc.org/RICH/gsuite-classroom.html" "Mozilla/5.0 (Linux; Android 6.0.1; Nexus 5X Build/MMB29P) AppleWebKit/537.36 (KHTML, like Gecko) Chrome/117.0.5938.132 Mobile Safari/537.36 (compatible; Googlebot/2.1; +http://www.google.com/bot.html)"
66.249.66.197 - - [11/Oct/2023:21:23:37 -0400] "GET /ads.txt HTTP/1.0" 302 220 "-" "Mozilla/5.0 (compatible; Googlebot/2.1; +http://www.google.com/bot.html)"
66.249.66.196 - - [11/Oct/2023:21:35:55 -0400] "GET /RICH/js/jquery-migrate-3.0.1.min.js HTTP/1.0" 200 11421 "http://www.richinc.org/RICH/page1.html" "Mozilla/5.0 (Linux; Android 6.0.1; Nexus 5X Build/MMB29P) AppleWebKit/537.36 (KHTML, like Gecko) Chrome/117.0.5938.132 Mobile Safari/537.36 (compatible; Googlebot/2.1; +http://www.google.com/bot.html)"
66.249.66.196 - - [11/Oct/2023:21:35:56 -0400] "POST /RICH/php/UsersRICH.php HTTP/1.0" 200 - "http://www.richinc.org/RICH/page1.html" "Mozilla/5.0 (Linux; Android 6.0.1; Nexus 5X Build/MMB29P) AppleWebKit/537.36 (KHTML, like Gecko) Chrome/117.0.5938.132 Mobile Safari/537.36 (compatible; Googlebot/2.1; +http://www.google.com/bot.html)"
77.75.77.95 - - [11/Oct/2023:23:31:45 -0400] "GET /robots.txt HTTP/1.0" 302 223 "-" "Mozilla/5.0 (compatible; SeznamBot/4.0; +http://napoveda.seznam.cz/seznambot-intro/)"
66.249.66.198 - - [11/Oct/2023:23:53:25 -0400] "GET /RICH/graduate-testimonials.html HTTP/1.0" 200 31111 "-" "Mozilla/5.0 (compatible; Googlebot/2.1; +http://www.google.com/bot.html)"
66.249.66.43 - - [11/Oct/2023:03:53:34 -0400] "GET / HTTP/1.0" 302 213 "-" "Mozilla/5.0 (compatible; Googlebot/2.1; +http://www.google.com/bot.html)"
52.167.144.137 - - [11/Oct/2023:04:36:51 -0400] "GET /RICH/podcasts.html HTTP/1.0" 200 40645 "-" "Mozilla/5.0 AppleWebKit/537.36 (KHTML, like Gecko; compatible; bingbot/2.0; +http://www.bing.com/bingbot.htm) Chrome/103.0.5060.134 Safari/537.36"
40.77.167.78 - - [11/Oct/2023:04:37:21 -0400] "GET /RICH/css/jquery-ui.css HTTP/1.0" 200 21738 "-" "Mozilla/5.0 AppleWebKit/537.36 (KHTML, like Gecko; compatible; bingbot/2.0; +http://www.bing.com/bingbot.htm) Chrome/103.0.5060.134 Safari/537.36"
40.77.167.78 - - [11/Oct/2023:04:37:23 -0400] "GET /RICH/js/jquery.countdown.min.js HTTP/1.0" 200 5339 "-" "Mozilla/5.0 AppleWebKit/537.36 (KHTML, like Gecko; compatible; bingbot/2.0; +http://www.bing.com/bingbot.htm) Chrome/103.0.5060.134 Safari/537.36"
52.167.144.23 - - [11/Oct/2023:04:37:42 -0400] "GET /RICH/js/popper.min.js HTTP/1.0" 200 20336 "-" "Mozilla/5.0 AppleWebKit/537.36 (KHTML, like Gecko; compatible; bingbot/2.0; +http://www.bing.com/bingbot.htm) Chrome/103.0.5060.134 Safari/537.36"
52.167.144.238 - - [11/Oct/2023:04:37:59 -0400] "GET /RICH/js/main.js HTTP/1.0" 200 7761 "-" "Mozilla/5.0 AppleWebKit/537.36 (KHTML, like Gecko; compatible; bingbot/2.0; +http://www.bing.com/bingbot.htm) Chrome/103.0.5060.134 Safari/537.36"
52.167.144.238 - - [11/Oct/2023:04:38:01 -0400] "GET /RICH/audio/RICH_I_Matter.mp3 HTTP/1.0" 200 3480647 "-" "Mozilla/5.0 AppleWebKit/537.36 (KHTML, like Gecko; compatible; bingbot/2.0; +http://www.bing.com/bingbot.htm) Chrome/103.0.5060.134 Safari/537.36"
66.249.92.197 - - [11/Oct/2023:04:50:01 -0400] "GET /RICH/css/bot.css HTTP/1.0" 200 1399 "https://www.richinc.org/RICH/" "Google-Edu"
66.249.92.197 - - [11/Oct/2023:04:50:03 -0400] "GET /RICH/css/aos.css HTTP/1.0" 200 25983 "https://www.richinc.org/RICH/" "Google-Edu"
66.249.92.197 - - [11/Oct/2023:04:50:05 -0400] "GET /RICH/css/owl.carousel.min.css HTTP/1.0" 200 2936 "https://www.richinc.org/RICH/" "Google-Edu"
66.249.92.198 - - [11/Oct/2023:04:50:12 -0400] "GET /RICH/images/botbutton-crop.png HTTP/1.0" 200 7864 "https://www.richinc.org/RICH/" "Google-Edu"
66.249.92.197 - - [11/Oct/2023:04:50:15 -0400] "GET /RICH/images/responsibility.png HTTP/1.0" 200 22581 "https://www.richinc.org/RICH/" "Google-Edu"
66.249.66.197 - - [11/Oct/2023:05:07:43 -0400] "GET /cdn-cgi/scripts/5c5dd728/cloudflare-static/email-decode.min.js HTTP/1.0" 302 275 "https://www.richinc.org/RICH/" "Mozilla/5.0 AppleWebKit/537.36 (KHTML, like Gecko; compatible; Googlebot/2.1; +http://www.google.com/bot.html) Chrome/117.0.5938.132 Safari/537.36"
3.109.3.4 - - [11/Oct/2023:05:56:05 -0400] "GET /RICH/ HTTP/1.0" 200 61623 "-" "Mozilla/5.0 (Macintosh; Intel Mac OS X 10_15_7) AppleWebKit/537.36 (KHTML, like Gecko) Chrome/108.0.0.0 Safari/537.36"
66.249.66.197 - - [11/Oct/2023:06:11:13 -0400] "GET /RICH/fonts/icomoon/fonts/icomoon.ttf?10si43 HTTP/1.0" 200 307168 "https://www.richinc.org/RICH/fonts/icomoon/style.css" "Mozilla/5.0 AppleWebKit/537.36 (KHTML, like Gecko; compatible; Googlebot/2.1; +http://www.google.com/bot.html) Chrome/117.0.5938.132 Safari/537.36"
66.249.66.197 - - [11/Oct/2023:06:15:55 -0400] "POST /RICH/php/UsersRICH.php HTTP/1.0" 200 - "https://www.richinc.org/RICH/" "Mozilla/5.0 AppleWebKit/537.36 (KHTML, like Gecko; compatible; Googlebot/2.1; +http://www.google.com/bot.html) Chrome/117.0.5938.132 Safari/537.36"
64.124.8.55 - - [11/Oct/2023:07:22:50 -0400] "GET /RICH/images/richbot2.png HTTP/1.0" 200 11045 "-" "Mozilla/5.0 (Macintosh; Intel Mac OS X 10_15_7) AppleWebKit/537.36 (KHTML, like Gecko) Chrome/107.0.0.0 Safari/537.36"
216.244.66.200 - - [11/Oct/2023:07:58:29 -0400] "GET /RICH/robots.txt HTTP/1.0" 404 575 "-" "Mozilla/5.0 (compatible; DotBot/1.2; +https://opensiteexplorer.org/dotbot; help@moz.com)"
66.249.66.198 - - [11/Oct/2023:08:12:15 -0400] "GET /js/bootstrap.min.js HTTP/1.0" 403 261 "https://www.richinc.org/RICH/interns.html" "Mozilla/5.0 (Linux; Android 6.0.1; Nexus 5X Build/MMB29P) AppleWebKit/537.36 (KHTML, like Gecko) Chrome/117.0.5938.132 Mobile Safari/537.36 (compatible; Googlebot/2.1; +http://www.google.com/bot.html)"
49.7.21.92 - - [11/Oct/2023:11:29:15 -0400] "GET / HTTP/1.0" 302 213 "-" "Sogou web spider/4.0(+http://www.sogou.com/docs/help/webmasters.htm#07)"
66.249.66.43 - - [11/Oct/2023:11:56:42 -0400] "GET / HTTP/1.0" 302 213 "-" "Mozilla/5.0 (compatible; Googlebot/2.1; +http://www.google.com/bot.html)"
66.249.66.198 - - [11/Oct/2023:14:23:33 -0400] "GET /RICH/nvlpessay1.html HTTP/1.0" 200 76972 "-" "Mozilla/5.0 (Linux; Android 6.0.1; Nexus 5X Build/MMB29P) AppleWebKit/537.36 (KHTML, like Gecko) Chrome/117.0.5938.132 Mobile Safari/537.36 (compatible; Googlebot/2.1; +http://www.google.com/bot.html)"
146.95.32.89 - - [11/Oct/2023:14:53:49 -0400] "GET /RICH/css/magnific-popup.css HTTP/1.0" 200 6950 "https://www.richinc.org/RICH/" "Mozilla/5.0 (Macintosh; Intel Mac OS X 10_15_7) AppleWebKit/537.36 (KHTML, like Gecko) Chrome/116.0.0.0 Safari/537.36"
146.95.32.89 - - [11/Oct/2023:14:53:49 -0400] "GET /RICH/css/bootstrap-datepicker.css HTTP/1.0" 200 17144 "https://www.richinc.org/RICH/" "Mozilla/5.0 (Macintosh; Intel Mac OS X 10_15_7) AppleWebKit/537.36 (KHTML, like Gecko) Chrome/116.0.0.0 Safari/537.36"
146.95.32.89 - - [11/Oct/2023:14:53:49 -0400] "GET /RICH/css/bootstrap.min.css HTTP/1.0" 200 159826 "https://www.richinc.org/RICH/" "Mozilla/5.0 (Macintosh; Intel Mac OS X 10_15_7) AppleWebKit/537.36 (KHTML, like Gecko) Chrome/116.0.0.0 Safari/537.36"
146.95.32.89 - - [11/Oct/2023:14:53:49 -0400] "GET /RICH/js/bootstrap-datepicker.min.js HTTP/1.0" 200 34172 "https://www.richinc.org/RICH/" "Mozilla/5.0 (Macintosh; Intel Mac OS X 10_15_7) AppleWebKit/537.36 (KHTML, like Gecko) Chrome/116.0.0.0 Safari/537.36"
146.95.32.89 - - [11/Oct/2023:14:53:49 -0400] "GET /RICH/js/jquery.countdown.min.js HTTP/1.0" 200 5339 "https://www.richinc.org/RICH/" "Mozilla/5.0 (Macintosh; Intel Mac OS X 10_15_7) AppleWebKit/537.36 (KHTML, like Gecko) Chrome/116.0.0.0 Safari/537.36"
146.95.32.89 - - [11/Oct/2023:14:53:49 -0400] "GET /RICH/images/Chrisann.jpg HTTP/1.0" 200 386140 "https://www.richinc.org/RICH/" "Mozilla/5.0 (Macintosh; Intel Mac OS X 10_15_7) AppleWebKit/537.36 (KHTML, like Gecko) Chrome/116.0.0.0 Safari/537.36"
146.95.32.89 - - [11/Oct/2023:14:53:49 -0400] "GET /RICH/cdn-cgi/scripts/5c5dd728/cloudflare-static/email-decode.min.js HTTP/1.0" 404 575 "https://www.richinc.org/RICH/" "Mozilla/5.0 (Macintosh; Intel Mac OS X 10_15_7) AppleWebKit/537.36 (KHTML, like Gecko) Chrome/116.0.0.0 Safari/537.36"
146.95.32.89 - - [11/Oct/2023:14:53:50 -0400] "POST /RICH/php/UsersRICH.php HTTP/1.0" 200 - "https://www.richinc.org/RICH/" "Mozilla/5.0 (Macintosh; Intel Mac OS X 10_15_7) AppleWebKit/537.36 (KHTML, like Gecko) Chrome/116.0.0.0 Safari/537.36"
146.95.32.89 - - [11/Oct/2023:14:53:49 -0400] "GET /RICH/Image1.jpg HTTP/1.0" 200 1421241 "https://www.richinc.org/RICH/" "Mozilla/5.0 (Macintosh; Intel Mac OS X 10_15_7) AppleWebKit/537.36 (KHTML, like Gecko) Chrome/116.0.0.0 Safari/537.36"
146.95.32.89 - - [11/Oct/2023:14:54:07 -0400] "GET /RICH/images/favicon.ico HTTP/1.0" 200 4312 "https://www.richinc.org/RICH/" "Mozilla/5.0 (Macintosh; Intel Mac OS X 10_15_7) AppleWebKit/537.36 (KHTML, like Gecko) Chrome/116.0.0.0 Safari/537.36"
49.7.21.69 - - [11/Oct/2023:15:27:04 -0400] "GET /RICH/ HTTP/1.0" 200 61623 "-" "Sogou web spider/4.0(+http://www.sogou.com/docs/help/webmasters.htm#07)"
109.169.85.38 - - [11/Oct/2023:15:58:57 -0400] "GET /RICH/css/jquery-ui.css HTTP/1.0" 200 21738 "https://www.richinc.org/RICH/" "Mozilla/5.0 (Windows NT 10.0; Win64; x64) AppleWebKit/537.36 (KHTML, like Gecko, Foregenix) Chrome/91.0.4472.77 Safari/537.36"
109.169.85.38 - - [11/Oct/2023:15:58:57 -0400] "GET /RICH/css/animate.css HTTP/1.0" 200 77748 "https://www.richinc.org/RICH/" "Mozilla/5.0 (Windows NT 10.0; Win64; x64) AppleWebKit/537.36 (KHTML, like Gecko, Foregenix) Chrome/91.0.4472.77 Safari/537.36"
109.169.85.38 - - [11/Oct/2023:15:58:57 -0400] "GET /RICH/css/bootstrap.min.css HTTP/1.0" 200 159826 "https://www.richinc.org/RICH/" "Mozilla/5.0 (Windows NT 10.0; Win64; x64) AppleWebKit/537.36 (KHTML, like Gecko, Foregenix) Chrome/91.0.4472.77 Safari/537.36"
109.169.85.38 - - [11/Oct/2023:15:58:57 -0400] "GET /RICH/js/jquery-3.3.1.min.js HTTP/1.0" 200 86926 "https://www.richinc.org/RICH/" "Mozilla/5.0 (Windows NT 10.0; Win64; x64) AppleWebKit/537.36 (KHTML, like Gecko, Foregenix) Chrome/91.0.4472.77 Safari/537.36"
109.169.85.38 - - [11/Oct/2023:15:58:57 -0400] "GET /RICH/images/rich-image1.jpg HTTP/1.0" 200 99047 "https://www.richinc.org/RICH/" "Mozilla/5.0 (Windows NT 10.0; Win64; x64) AppleWebKit/537.36 (KHTML, like Gecko, Foregenix) Chrome/91.0.4472.77 Safari/537.36"
109.169.85.38 - - [11/Oct/2023:15:58:57 -0400] "GET /RICH/images/considerate.png HTTP/1.0" 200 22730 "https://www.richinc.org/RICH/" "Mozilla/5.0 (Windows NT 10.0; Win64; x64) AppleWebKit/537.36 (KHTML, like Gecko, Foregenix) Chrome/91.0.4472.77 Safari/537.36"
109.169.85.38 - - [11/Oct/2023:15:58:57 -0400] "GET /RICH/images/botimage.png HTTP/1.0" 200 3914 "https://www.richinc.org/RICH/" "Mozilla/5.0 (Windows NT 10.0; Win64; x64) AppleWebKit/537.36 (KHTML, like Gecko, Foregenix) Chrome/91.0.4472.77 Safari/537.36"
109.169.85.38 - - [11/Oct/2023:15:58:58 -0400] "GET /RICH/images/joseph-barclay.jpeg HTTP/1.0" 200 9717 "https://www.richinc.org/RICH/" "Mozilla/5.0 (Windows NT 10.0; Win64; x64) AppleWebKit/537.36 (KHTML, like Gecko, Foregenix) Chrome/91.0.4472.77 Safari/537.36"
109.169.85.38 - - [11/Oct/2023:15:58:58 -0400] "GET /js/prototype/validation.js HTTP/1.0" 403 261 "-" "Mozilla/5.0 (Windows NT 10.0; Win64; x64) AppleWebKit/537.36 (KHTML, like Gecko, Foregenix) Chrome/91.0.4472.77 Safari/537.36"
109.169.85.38 - - [11/Oct/2023:15:58:59 -0400] "GET /RICH/wp-includes/wlwmanifest.xml HTTP/1.0" 404 575 "https://www.richinc.org/wp-includes/wlwmanifest.xml" "Mozilla/5.0 (Windows NT 10.0; Win64; x64) AppleWebKit/537.36 (KHTML, like Gecko, Foregenix) Chrome/91.0.4472.77 Safari/537.36"
109.169.85.38 - - [11/Oct/2023:15:59:00 -0400] "GET /RICH/CHANGELOG.txt HTTP/1.0" 404 575 "https://www.richinc.org/CHANGELOG.txt" "Mozilla/5.0 (Windows NT 10.0; Win64; x64) AppleWebKit/537.36 (KHTML, like Gecko, Foregenix) Chrome/91.0.4472.77 Safari/537.36"
109.169.85.38 - - [11/Oct/2023:15:59:01 -0400] "GET /admin HTTP/1.0" 302 218 "-" "Mozilla/5.0 (Windows NT 10.0; Win64; x64) AppleWebKit/537.36 (KHTML, like Gecko, Foregenix) Chrome/91.0.4472.77 Safari/537.36"
109.169.85.38 - - [11/Oct/2023:15:59:01 -0400] "GET /RICH/catalog/view/theme/default/stylesheet/stylesheet.css HTTP/1.0" 404 575 "https://www.richinc.org/catalog/view/theme/default/stylesheet/stylesheet.css" "Mozilla/5.0 (Windows NT 10.0; Win64; x64) AppleWebKit/537.36 (KHTML, like Gecko, Foregenix) Chrome/91.0.4472.77 Safari/537.36"
109.169.85.38 - - [11/Oct/2023:15:59:01 -0400] "GET /order/catalog/view/theme/default/stylesheet/stylesheet.css HTTP/1.0" 302 271 "-" "Mozilla/5.0 (Windows NT 10.0; Win64; x64) AppleWebKit/537.36 (KHTML, like Gecko, Foregenix) Chrome/91.0.4472.77 Safari/537.36"
109.169.85.38 - - [11/Oct/2023:15:59:03 -0400] "GET /js/eccube.legacy.js HTTP/1.0" 403 261 "-" "Mozilla/5.0 (Windows NT 10.0; Win64; x64) AppleWebKit/537.36 (KHTML, like Gecko, Foregenix) Chrome/91.0.4472.77 Safari/537.36"
109.169.85.38 - - [11/Oct/2023:15:59:03 -0400] "GET /js/css.js HTTP/1.0" 403 261 "-" "Mozilla/5.0 (Windows NT 10.0; Win64; x64) AppleWebKit/537.36 (KHTML, like Gecko, Foregenix) Chrome/91.0.4472.77 Safari/537.36"
77.75.79.95 - - [11/Oct/2023:16:47:35 -0400] "GET /RICH/rich-learning-system.html HTTP/1.0" 200 16211 "-" "Mozilla/5.0 (compatible; SeznamBot/4.0; +http://napoveda.seznam.cz/seznambot-intro/)"
66.249.66.33 - - [11/Oct/2023:18:40:42 -0400] "GET /robots.txt HTTP/1.0" 302 223 "-" "Mozilla/5.0 (compatible; Googlebot/2.1; +http://www.google.com/bot.html)"
66.249.66.197 - - [11/Oct/2023:18:53:01 -0400] "GET /RICH/cdn-cgi/scripts/5c5dd728/cloudflare-static/email-decode.min.js HTTP/1.0" 404 575 "https://www.richinc.org/RICH/" "Mozilla/5.0 AppleWebKit/537.36 (KHTML, like Gecko; compatible; Googlebot/2.1; +http://www.google.com/bot.html) Chrome/117.0.5938.132 Safari/537.36"
17.246.15.41 - - [11/Oct/2023:19:36:22 -0400] "GET /RICH/fonts/icomoon/style.css HTTP/1.0" 200 79820 "https://www.richinc.org/RICH/parents-investment-alliance.html" "Mozilla/5.0 (Macintosh; Intel Mac OS X 10_15_5) AppleWebKit/605.1.15 (KHTML, like Gecko) Version/13.1.1 Safari/605.1.15 (Applebot/0.1; +http://www.apple.com/go/applebot)"
17.246.23.240 - - [11/Oct/2023:19:36:30 -0400] "GET /RICH/js/bootstrap.min.js HTTP/1.0" 200 51039 "https://www.richinc.org/RICH/parents-investment-alliance.html" "Mozilla/5.0 (Macintosh; Intel Mac OS X 10_15_5) AppleWebKit/605.1.15 (KHTML, like Gecko) Version/13.1.1 Safari/605.1.15 (Applebot/0.1; +http://www.apple.com/go/applebot)"
52.167.144.15 - - [11/Oct/2023:23:42:44 -0400] "GET / HTTP/1.0" 302 213 "-" "Mozilla/5.0 AppleWebKit/537.36 (KHTML, like Gecko; compatible; bingbot/2.0; +http://www.bing.com/bingbot.htm) Chrome/103.0.5060.134 Safari/537.36"
52.167.144.145 - - [11/Oct/2023:23:46:10 -0400] "GET /images/right-arrow.png HTTP/1.0" 403 261 "-" "Mozilla/5.0 AppleWebKit/537.36 (KHTML, like Gecko; compatible; bingbot/2.0; +http://www.bing.com/bingbot.htm) Chrome/103.0.5060.134 Safari/537.36"
77.75.77.95 - - [11/Oct/2023:02:18:03 -0400] "GET /snackimages/2.jpg HTTP/1.0" 302 230 "-" "Mozilla/5.0 (compatible; SeznamBot/4.0; +http://napoveda.seznam.cz/seznambot-intro/)"
40.77.167.78 - - [11/Oct/2023:04:37:21 -0400] "GET /RICH/css/aos.css HTTP/1.0" 200 25983 "-" "Mozilla/5.0 AppleWebKit/537.36 (KHTML, like Gecko; compatible; bingbot/2.0; +http://www.bing.com/bingbot.htm) Chrome/103.0.5060.134 Safari/537.36"
40.77.167.78 - - [11/Oct/2023:04:37:22 -0400] "GET /RICH/fonts/flaticon/font/flaticon.css HTTP/1.0" 200 1250 "-" "Mozilla/5.0 AppleWebKit/537.36 (KHTML, like Gecko; compatible; bingbot/2.0; +http://www.bing.com/bingbot.htm) Chrome/103.0.5060.134 Safari/537.36"
40.77.167.78 - - [11/Oct/2023:04:37:22 -0400] "GET /RICH/js/jquery-ui.js HTTP/1.0" 200 45799 "-" "Mozilla/5.0 AppleWebKit/537.36 (KHTML, like Gecko; compatible; bingbot/2.0; +http://www.bing.com/bingbot.htm) Chrome/103.0.5060.134 Safari/537.36"
52.167.144.23 - - [11/Oct/2023:04:37:40 -0400] "GET /RICH/css/style.css HTTP/1.0" 200 52779 "-" "Mozilla/5.0 AppleWebKit/537.36 (KHTML, like Gecko; compatible; bingbot/2.0; +http://www.bing.com/bingbot.htm) Chrome/103.0.5060.134 Safari/537.36"
52.167.144.23 - - [11/Oct/2023:04:37:40 -0400] "GET /RICH/js/aos.js HTTP/1.0" 200 14244 "-" "Mozilla/5.0 AppleWebKit/537.36 (KHTML, like Gecko; compatible; bingbot/2.0; +http://www.bing.com/bingbot.htm) Chrome/103.0.5060.134 Safari/537.36"
52.167.144.23 - - [11/Oct/2023:04:37:41 -0400] "GET /RICH/js/bootstrap-datepicker.min.js HTTP/1.0" 200 34172 "-" "Mozilla/5.0 AppleWebKit/537.36 (KHTML, like Gecko; compatible; bingbot/2.0; +http://www.bing.com/bingbot.htm) Chrome/103.0.5060.134 Safari/537.36"
52.167.144.238 - - [11/Oct/2023:04:37:56 -0400] "GET /RICH/css/bootstrap-datepicker.css HTTP/1.0" 200 17144 "-" "Mozilla/5.0 AppleWebKit/537.36 (KHTML, like Gecko; compatible; bingbot/2.0; +http://www.bing.com/bingbot.htm) Chrome/103.0.5060.134 Safari/537.36"
52.167.144.238 - - [11/Oct/2023:04:37:58 -0400] "GET /RICH/css/owl.carousel.min.css HTTP/1.0" 200 2936 "-" "Mozilla/5.0 AppleWebKit/537.36 (KHTML, like Gecko; compatible; bingbot/2.0; +http://www.bing.com/bingbot.htm) Chrome/103.0.5060.134 Safari/537.36"
66.249.92.197 - - [11/Oct/2023:04:50:06 -0400] "GET /RICH/images/LOGO.png HTTP/1.0" 200 48308 "https://www.richinc.org/RICH/" "Google-Edu"
66.249.92.197 - - [11/Oct/2023:04:50:10 -0400] "GET /RICH/Image4.jpg HTTP/1.0" 200 2910175 "https://www.richinc.org/RICH/" "Google-Edu"
66.249.92.198 - - [11/Oct/2023:04:50:17 -0400] "GET /cdn-cgi/scripts/5c5dd728/cloudflare-static/email-decode.min.js HTTP/1.0" 302 275 "https://www.richinc.org/RICH/" "Google-Edu"
66.249.92.198 - - [11/Oct/2023:04:50:22 -0400] "GET /RICH/js/jquery-3.3.1.min.js HTTP/1.0" 200 86926 "https://www.richinc.org/RICH/" "Google-Edu"
66.249.92.197 - - [11/Oct/2023:04:50:24 -0400] "GET /RICH/cdn-cgi/scripts/5c5dd728/cloudflare-static/email-decode.min.js HTTP/1.0" 404 575 "https://www.richinc.org/RICH/" "Google-Edu"
66.249.66.199 - - [11/Oct/2023:05:05:19 -0400] "GET /RICH/ HTTP/1.0" 200 61623 "-" "Mozilla/5.0 (compatible; Googlebot/2.1; +http://www.google.com/bot.html)"
66.249.66.197 - - [11/Oct/2023:05:07:43 -0400] "GET /RICH/cdn-cgi/scripts/5c5dd728/cloudflare-static/email-decode.min.js HTTP/1.0" 404 575 "https://www.richinc.org/RICH/" "Mozilla/5.0 AppleWebKit/537.36 (KHTML, like Gecko; compatible; Googlebot/2.1; +http://www.google.com/bot.html) Chrome/117.0.5938.132 Safari/537.36"
3.109.3.4 - - [11/Oct/2023:05:56:05 -0400] "GET / HTTP/1.0" 302 213 "-" "Mozilla/5.0 (Macintosh; Intel Mac OS X 10_15_7) AppleWebKit/537.36 (KHTML, like Gecko) Chrome/108.0.0.0 Safari/537.36"
66.249.66.198 - - [11/Oct/2023:06:11:08 -0400] "GET /cdn-cgi/scripts/5c5dd728/cloudflare-static/email-decode.min.js HTTP/1.0" 302 275 "https://www.richinc.org/RICH/" "Mozilla/5.0 AppleWebKit/537.36 (KHTML, like Gecko; compatible; Googlebot/2.1; +http://www.google.com/bot.html) Chrome/117.0.5938.132 Safari/537.36"
66.249.66.43 - - [11/Oct/2023:06:15:50 -0400] "GET / HTTP/1.0" 302 213 "-" "Mozilla/5.0 (compatible; Googlebot/2.1; +http://www.google.com/bot.html)"
66.249.66.198 - - [11/Oct/2023:08:12:11 -0400] "GET /js/popper.min.js HTTP/1.0" 403 261 "https://www.richinc.org/RICH/interns.html" "Mozilla/5.0 (Linux; Android 6.0.1; Nexus 5X Build/MMB29P) AppleWebKit/537.36 (KHTML, like Gecko) Chrome/117.0.5938.132 Mobile Safari/537.36 (compatible; Googlebot/2.1; +http://www.google.com/bot.html)"
66.249.66.198 - - [11/Oct/2023:08:12:13 -0400] "GET /js/jquery.stellar.min.js HTTP/1.0" 403 261 "https://www.richinc.org/RICH/interns.html" "Mozilla/5.0 (Linux; Android 6.0.1; Nexus 5X Build/MMB29P) AppleWebKit/537.36 (KHTML, like Gecko) Chrome/117.0.5938.132 Mobile Safari/537.36 (compatible; Googlebot/2.1; +http://www.google.com/bot.html)"
66.249.66.197 - - [11/Oct/2023:08:12:21 -0400] "GET /js/main.js HTTP/1.0" 403 261 "https://www.richinc.org/RICH/interns.html" "Mozilla/5.0 (Linux; Android 6.0.1; Nexus 5X Build/MMB29P) AppleWebKit/537.36 (KHTML, like Gecko) Chrome/117.0.5938.132 Mobile Safari/537.36 (compatible; Googlebot/2.1; +http://www.google.com/bot.html)"
66.249.66.199 - - [11/Oct/2023:08:45:16 -0400] "GET /RICH/cdn-cgi/scripts/5c5dd728/cloudflare-static/email-decode.min.js HTTP/1.0" 404 575 "https://www.richinc.org/RICH/rich-learning-system.html" "Mozilla/5.0 (Linux; Android 6.0.1; Nexus 5X Build/MMB29P) AppleWebKit/537.36 (KHTML, like Gecko) Chrome/117.0.5938.132 Mobile Safari/537.36 (compatible; Googlebot/2.1; +http://www.google.com/bot.html)"
77.75.79.95 - - [11/Oct/2023:10:09:26 -0400] "GET /RICH/podcasts.html HTTP/1.0" 200 40645 "-" "Mozilla/5.0 (compatible; SeznamBot/4.0; +http://napoveda.seznam.cz/seznambot-intro/)"
66.249.66.199 - - [11/Oct/2023:10:23:49 -0400] "GET /RICH/rich-learning-system.html HTTP/1.0" 200 16211 "-" "Mozilla/5.0 (compatible; Googlebot/2.1; +http://www.google.com/bot.html)"
66.249.66.198 - - [11/Oct/2023:10:45:48 -0400] "GET /js/owl.carousel.min.js HTTP/1.0" 403 261 "https://www.richinc.org/RICH/interns.html" "Mozilla/5.0 AppleWebKit/537.36 (KHTML, like Gecko; compatible; Googlebot/2.1; +http://www.google.com/bot.html) Chrome/117.0.5938.132 Safari/537.36"
66.249.66.198 - - [11/Oct/2023:10:45:49 -0400] "GET /js/main.js HTTP/1.0" 403 261 "https://www.richinc.org/RICH/interns.html" "Mozilla/5.0 AppleWebKit/537.36 (KHTML, like Gecko; compatible; Googlebot/2.1; +http://www.google.com/bot.html) Chrome/117.0.5938.132 Safari/537.36"
66.249.66.197 - - [11/Oct/2023:10:45:53 -0400] "GET /js/jquery.countdown.min.js HTTP/1.0" 403 261 "https://www.richinc.org/RICH/interns.html" "Mozilla/5.0 AppleWebKit/537.36 (KHTML, like Gecko; compatible; Googlebot/2.1; +http://www.google.com/bot.html) Chrome/117.0.5938.132 Safari/537.36"
146.95.32.89 - - [11/Oct/2023:14:53:49 -0400] "GET /RICH/css/style.css HTTP/1.0" 200 52779 "https://www.richinc.org/RICH/" "Mozilla/5.0 (Macintosh; Intel Mac OS X 10_15_7) AppleWebKit/537.36 (KHTML, like Gecko) Chrome/116.0.0.0 Safari/537.36"
146.95.32.89 - - [11/Oct/2023:14:53:49 -0400] "GET /RICH/fonts/flaticon/font/flaticon.css HTTP/1.0" 200 1250 "https://www.richinc.org/RICH/" "Mozilla/5.0 (Macintosh; Intel Mac OS X 10_15_7) AppleWebKit/537.36 (KHTML, like Gecko) Chrome/116.0.0.0 Safari/537.36"
146.95.32.89 - - [11/Oct/2023:14:53:49 -0400] "GET /RICH/images/botbutton-crop.png HTTP/1.0" 200 7864 "https://www.richinc.org/RICH/" "Mozilla/5.0 (Macintosh; Intel Mac OS X 10_15_7) AppleWebKit/537.36 (KHTML, like Gecko) Chrome/116.0.0.0 Safari/537.36"
146.95.32.89 - - [11/Oct/2023:14:53:49 -0400] "GET /RICH/js/main.js HTTP/1.0" 200 7761 "https://www.richinc.org/RICH/" "Mozilla/5.0 (Macintosh; Intel Mac OS X 10_15_7) AppleWebKit/537.36 (KHTML, like Gecko) Chrome/116.0.0.0 Safari/537.36"
146.95.32.89 - - [11/Oct/2023:14:53:49 -0400] "GET /RICH/images/playButton.png HTTP/1.0" 200 327681 "https://www.richinc.org/RICH/" "Mozilla/5.0 (Macintosh; Intel Mac OS X 10_15_7) AppleWebKit/537.36 (KHTML, like Gecko) Chrome/116.0.0.0 Safari/537.36"
109.169.85.38 - - [11/Oct/2023:15:58:57 -0400] "GET / HTTP/1.0" 302 213 "-" "Mozilla/5.0 (Windows NT 10.0; Win64; x64) AppleWebKit/537.36 (KHTML, like Gecko, Foregenix) Chrome/91.0.4472.77 Safari/537.36"
109.169.85.38 - - [11/Oct/2023:15:58:57 -0400] "GET /RICH/css/owl.carousel.min.css HTTP/1.0" 200 2936 "https://www.richinc.org/RICH/" "Mozilla/5.0 (Windows NT 10.0; Win64; x64) AppleWebKit/537.36 (KHTML, like Gecko, Foregenix) Chrome/91.0.4472.77 Safari/537.36"
109.169.85.38 - - [11/Oct/2023:15:58:57 -0400] "GET /RICH/js/main.js HTTP/1.0" 200 7761 "https://www.richinc.org/RICH/" "Mozilla/5.0 (Windows NT 10.0; Win64; x64) AppleWebKit/537.36 (KHTML, like Gecko, Foregenix) Chrome/91.0.4472.77 Safari/537.36"
109.169.85.38 - - [11/Oct/2023:15:58:57 -0400] "GET /RICH/js/bootstrap.min.js HTTP/1.0" 200 51039 "https://www.richinc.org/RICH/" "Mozilla/5.0 (Windows NT 10.0; Win64; x64) AppleWebKit/537.36 (KHTML, like Gecko, Foregenix) Chrome/91.0.4472.77 Safari/537.36"
109.169.85.38 - - [11/Oct/2023:15:58:59 -0400] "GET /wp-admin HTTP/1.0" 302 221 "-" "Mozilla/5.0 (Windows NT 10.0; Win64; x64) AppleWebKit/537.36 (KHTML, like Gecko, Foregenix) Chrome/91.0.4472.77 Safari/537.36"
109.169.85.38 - - [11/Oct/2023:15:59:00 -0400] "GET /RICH/core/CHANGELOG.txt HTTP/1.0" 404 575 "https://www.richinc.org/core/CHANGELOG.txt" "Mozilla/5.0 (Windows NT 10.0; Win64; x64) AppleWebKit/537.36 (KHTML, like Gecko, Foregenix) Chrome/91.0.4472.77 Safari/537.36"
109.169.85.38 - - [11/Oct/2023:15:59:01 -0400] "GET /catalog/view/theme/default/stylesheet/stylesheet.css HTTP/1.0" 302 265 "-" "Mozilla/5.0 (Windows NT 10.0; Win64; x64) AppleWebKit/537.36 (KHTML, like Gecko, Foregenix) Chrome/91.0.4472.77 Safari/537.36"
109.169.85.38 - - [11/Oct/2023:15:59:04 -0400] "GET /template/admin/assets/img/logo2.png HTTP/1.0" 302 248 "-" "Mozilla/5.0 (Windows NT 10.0; Win64; x64) AppleWebKit/537.36 (KHTML, like Gecko, Foregenix) Chrome/91.0.4472.77 Safari/537.36"
109.169.85.38 - - [11/Oct/2023:15:59:04 -0400] "GET /user_data/packages/default/img/common/favicon.ico HTTP/1.0" 302 262 "-" "Mozilla/5.0 (Windows NT 10.0; Win64; x64) AppleWebKit/537.36 (KHTML, like Gecko, Foregenix) Chrome/91.0.4472.77 Safari/537.36"
35.81.82.236 - - [11/Oct/2023:17:10:58 -0400] "GET /RICH/ HTTP/1.0" 200 61623 "-" "Mozilla/5.0 (Windows NT 10.0; Win64; x64) AppleWebKit/537.36 (KHTML, like Gecko) Chrome/109.0.0.0 Safari/537.3"
66.249.66.197 - - [11/Oct/2023:17:41:14 -0400] "POST /RICH/php/UsersRICH.php HTTP/1.0" 200 - "https://www.richinc.org/RICH/" "Mozilla/5.0 AppleWebKit/537.36 (KHTML, like Gecko; compatible; Googlebot/2.1; +http://www.google.com/bot.html) Chrome/117.0.5938.132 Safari/537.36"
17.246.19.173 - - [11/Oct/2023:19:36:23 -0400] "GET /RICH/css/magnific-popup.css HTTP/1.0" 200 6950 "https://www.richinc.org/RICH/parents-investment-alliance.html" "Mozilla/5.0 (Macintosh; Intel Mac OS X 10_15_5) AppleWebKit/605.1.15 (KHTML, like Gecko) Version/13.1.1 Safari/605.1.15 (Applebot/0.1; +http://www.apple.com/go/applebot)"
17.246.15.41 - - [11/Oct/2023:19:36:27 -0400] "GET /cdn-cgi/scripts/5c5dd728/cloudflare-static/email-decode.min.js HTTP/1.0" 302 275 "https://www.richinc.org/RICH/parents-investment-alliance.html" "Mozilla/5.0 (Macintosh; Intel Mac OS X 10_15_5) AppleWebKit/605.1.15 (KHTML, like Gecko) Version/13.1.1 Safari/605.1.15 (Applebot/0.1; +http://www.apple.com/go/applebot)"
17.246.15.236 - - [11/Oct/2023:19:36:29 -0400] "GET /RICH/js/popper.min.js HTTP/1.0" 200 20336 "https://www.richinc.org/RICH/parents-investment-alliance.html" "Mozilla/5.0 (Macintosh; Intel Mac OS X 10_15_5) AppleWebKit/605.1.15 (KHTML, like Gecko) Version/13.1.1 Safari/605.1.15 (Applebot/0.1; +http://www.apple.com/go/applebot)"
66.249.66.198 - - [11/Oct/2023:21:23:35 -0400] "GET /ads.txt HTTP/1.0" 302 220 "-" "Mozilla/5.0 (compatible; Googlebot/2.1; +http://www.google.com/bot.html)"
66.249.66.44 - - [11/Oct/2023:21:23:37 -0400] "GET /ads.txt HTTP/1.0" 302 220 "-" "Mozilla/5.0 (compatible; Googlebot/2.1; +http://www.google.com/bot.html)"
66.249.66.196 - - [11/Oct/2023:21:35:50 -0400] "GET /RICH/page1.html HTTP/1.0" 200 73419 "-" "Mozilla/5.0 (Linux; Android 6.0.1; Nexus 5X Build/MMB29P) AppleWebKit/537.36 (KHTML, like Gecko) Chrome/117.0.5938.132 Mobile Safari/537.36 (compatible; Googlebot/2.1; +http://www.google.com/bot.html)"
66.249.66.196 - - [11/Oct/2023:21:35:54 -0400] "GET /RICH/css/bootstrap.min.css HTTP/1.0" 200 159826 "http://www.richinc.org/RICH/page1.html" "Mozilla/5.0 (Linux; Android 6.0.1; Nexus 5X Build/MMB29P) AppleWebKit/537.36 (KHTML, like Gecko) Chrome/117.0.5938.132 Mobile Safari/537.36 (compatible; Googlebot/2.1; +http://www.google.com/bot.html)"
66.249.66.196 - - [11/Oct/2023:21:35:54 -0400] "GET /RICH/css/animate.css HTTP/1.0" 200 77748 "http://www.richinc.org/RICH/page1.html" "Mozilla/5.0 (Linux; Android 6.0.1; Nexus 5X Build/MMB29P) AppleWebKit/537.36 (KHTML, like Gecko) Chrome/117.0.5938.132 Mobile Safari/537.36 (compatible; Googlebot/2.1; +http://www.google.com/bot.html)"
14.168.79.159 - - [11/Oct/2023:22:43:30 -0400] "GET /staging/wp-login.php HTTP/1.0" 403 261 "-" "Mozilla/5.0 (Windows; U; Windows NT 6.1; en-US) AppleWebKit/534.10 (KHTML, like Gecko) Chrome/8.0.552.224 Safari/534.10"
66.249.66.197 - - [11/Oct/2023:03:19:38 -0400] "POST /RICH/php/UsersRICH.php HTTP/1.0" 200 - "https://www.richinc.org/RICH/annual-reports.html" "Mozilla/5.0 AppleWebKit/537.36 (KHTML, like Gecko; compatible; Googlebot/2.1; +http://www.google.com/bot.html) Chrome/117.0.5938.132 Safari/537.36"
40.77.167.78 - - [11/Oct/2023:04:37:19 -0400] "GET /RICH/audio/RICH_Responsible.mp3 HTTP/1.0" 200 5177304 "-" "Mozilla/5.0 AppleWebKit/537.36 (KHTML, like Gecko; compatible; bingbot/2.0; +http://www.bing.com/bingbot.htm) Chrome/103.0.5060.134 Safari/537.36"
52.167.144.23 - - [11/Oct/2023:04:37:42 -0400] "GET /RICH/js/bootstrap.min.js HTTP/1.0" 200 51039 "-" "Mozilla/5.0 AppleWebKit/537.36 (KHTML, like Gecko; compatible; bingbot/2.0; +http://www.bing.com/bingbot.htm) Chrome/103.0.5060.134 Safari/537.36"
52.167.144.23 - - [11/Oct/2023:04:37:43 -0400] "GET /RICH/js/aos.js HTTP/1.0" 200 14244 "-" "Mozilla/5.0 AppleWebKit/537.36 (KHTML, like Gecko; compatible; bingbot/2.0; +http://www.bing.com/bingbot.htm) Chrome/103.0.5060.134 Safari/537.36"
52.167.144.238 - - [11/Oct/2023:04:37:53 -0400] "GET /RICH/audio/RICH_Considerate.mp3 HTTP/1.0" 200 5168945 "-" "Mozilla/5.0 AppleWebKit/537.36 (KHTML, like Gecko; compatible; bingbot/2.0; +http://www.bing.com/bingbot.htm) Chrome/103.0.5060.134 Safari/537.36"
52.167.144.238 - - [11/Oct/2023:04:37:58 -0400] "GET /RICH/css/owl.theme.default.min.css HTTP/1.0" 200 965 "-" "Mozilla/5.0 AppleWebKit/537.36 (KHTML, like Gecko; compatible; bingbot/2.0; +http://www.bing.com/bingbot.htm) Chrome/103.0.5060.134 Safari/537.36"
52.167.144.238 - - [11/Oct/2023:04:38:02 -0400] "GET /RICH/css/owl.carousel.min.css HTTP/1.0" 200 2936 "-" "Mozilla/5.0 AppleWebKit/537.36 (KHTML, like Gecko; compatible; bingbot/2.0; +http://www.bing.com/bingbot.htm) Chrome/103.0.5060.134 Safari/537.36"
52.167.144.238 - - [11/Oct/2023:04:38:03 -0400] "GET /RICH/js/jquery.stellar.min.js HTTP/1.0" 200 12597 "-" "Mozilla/5.0 AppleWebKit/537.36 (KHTML, like Gecko; compatible; bingbot/2.0; +http://www.bing.com/bingbot.htm) Chrome/103.0.5060.134 Safari/537.36"
66.249.92.198 - - [11/Oct/2023:04:49:58 -0400] "GET /RICH/css/jquery-ui.css HTTP/1.0" 200 21738 "https://www.richinc.org/RICH/" "Google-Edu"
66.249.66.197 - - [11/Oct/2023:06:11:13 -0400] "POST /RICH/php/UsersRICH.php HTTP/1.0" 200 - "https://www.richinc.org/RICH/" "Mozilla/5.0 AppleWebKit/537.36 (KHTML, like Gecko; compatible; Googlebot/2.1; +http://www.google.com/bot.html) Chrome/117.0.5938.132 Safari/537.36"
66.249.66.197 - - [11/Oct/2023:08:12:16 -0400] "GET /js/jquery.countdown.min.js HTTP/1.0" 403 261 "https://www.richinc.org/RICH/interns.html" "Mozilla/5.0 (Linux; Android 6.0.1; Nexus 5X Build/MMB29P) AppleWebKit/537.36 (KHTML, like Gecko) Chrome/117.0.5938.132 Mobile Safari/537.36 (compatible; Googlebot/2.1; +http://www.google.com/bot.html)"
66.249.66.197 - - [11/Oct/2023:08:12:20 -0400] "GET /js/mediaelement-and-player.min.js HTTP/1.0" 403 261 "https://www.richinc.org/RICH/interns.html" "Mozilla/5.0 (Linux; Android 6.0.1; Nexus 5X Build/MMB29P) AppleWebKit/537.36 (KHTML, like Gecko) Chrome/117.0.5938.132 Mobile Safari/537.36 (compatible; Googlebot/2.1; +http://www.google.com/bot.html)"
66.249.66.198 - - [11/Oct/2023:10:45:51 -0400] "GET /js/jquery-3.3.1.min.js HTTP/1.0" 403 261 "https://www.richinc.org/RICH/interns.html" "Mozilla/5.0 AppleWebKit/537.36 (KHTML, like Gecko; compatible; Googlebot/2.1; +http://www.google.com/bot.html) Chrome/117.0.5938.132 Safari/537.36"
34.218.253.244 - - [11/Oct/2023:11:04:07 -0400] "GET /RICH/ HTTP/1.0" 200 61623 "-" "Mozilla/5.0 (Macintosh; Intel Mac OS X 13_3_1) AppleWebKit/537.36 (KHTML, like Gecko) Chrome/113.0.0.0 Safari/537.36"
66.249.66.199 - - [11/Oct/2023:11:52:42 -0400] "GET /RICH/ HTTP/1.0" 200 61623 "-" "Mozilla/5.0 (compatible; Googlebot/2.1; +http://www.google.com/bot.html)"
66.249.66.198 - - [11/Oct/2023:11:57:08 -0400] "POST /RICH/php/UsersRICH.php HTTP/1.0" 200 - "https://www.richinc.org/RICH/" "Mozilla/5.0 AppleWebKit/537.36 (KHTML, like Gecko; compatible; Googlebot/2.1; +http://www.google.com/bot.html) Chrome/117.0.5938.132 Safari/537.36"
146.95.32.89 - - [11/Oct/2023:14:53:49 -0400] "GET /RICH/images/botimage.png HTTP/1.0" 200 3914 "https://www.richinc.org/RICH/" "Mozilla/5.0 (Macintosh; Intel Mac OS X 10_15_7) AppleWebKit/537.36 (KHTML, like Gecko) Chrome/116.0.0.0 Safari/537.36"
146.95.32.89 - - [11/Oct/2023:14:53:49 -0400] "GET /RICH/images/strategies.png HTTP/1.0" 200 22315 "https://www.richinc.org/RICH/" "Mozilla/5.0 (Macintosh; Intel Mac OS X 10_15_7) AppleWebKit/537.36 (KHTML, like Gecko) Chrome/116.0.0.0 Safari/537.36"
146.95.32.89 - - [11/Oct/2023:14:53:49 -0400] "GET /RICH/images/responsibility.png HTTP/1.0" 200 22581 "https://www.richinc.org/RICH/" "Mozilla/5.0 (Macintosh; Intel Mac OS X 10_15_7) AppleWebKit/537.36 (KHTML, like Gecko) Chrome/116.0.0.0 Safari/537.36"
146.95.32.89 - - [11/Oct/2023:14:53:50 -0400] "GET /RICH/fonts/icomoon/fonts/icomoon.ttf?10si43 HTTP/1.0" 200 307168 "https://www.richinc.org/RICH/fonts/icomoon/style.css" "Mozilla/5.0 (Macintosh; Intel Mac OS X 10_15_7) AppleWebKit/537.36 (KHTML, like Gecko) Chrome/116.0.0.0 Safari/537.36"
167.99.225.192 - - [11/Oct/2023:15:11:05 -0400] "GET / HTTP/1.0" 302 213 "-" "Mozilla/5.0 (X11; Linux x86_64) AppleWebKit/537.36 (KHTML, like Gecko) Chrome/108.0.0.0 Safari/537.36"
109.169.85.38 - - [11/Oct/2023:15:58:56 -0400] "GET / HTTP/1.0" 302 213 "-" "Mozilla/5.0 (Windows NT 10.0; Win64; x64) AppleWebKit/537.36 (KHTML, like Gecko, Foregenix) Chrome/91.0.4472.77 Safari/537.36"
109.169.85.38 - - [11/Oct/2023:15:58:57 -0400] "GET /js/mage/translate_inline.js HTTP/1.0" 403 261 "-" "Mozilla/5.0 (Windows NT 10.0; Win64; x64) AppleWebKit/537.36 (KHTML, like Gecko, Foregenix) Chrome/91.0.4472.77 Safari/537.36"
109.169.85.38 - - [11/Oct/2023:15:58:57 -0400] "GET /js/mage/adminhtml/sales.js HTTP/1.0" 403 261 "-" "Mozilla/5.0 (Windows NT 10.0; Win64; x64) AppleWebKit/537.36 (KHTML, like Gecko, Foregenix) Chrome/91.0.4472.77 Safari/537.36"
109.169.85.38 - - [11/Oct/2023:15:58:57 -0400] "GET /skin/adminhtml/default/default/boxes.css HTTP/1.0" 302 253 "-" "Mozilla/5.0 (Windows NT 10.0; Win64; x64) AppleWebKit/537.36 (KHTML, like Gecko, Foregenix) Chrome/91.0.4472.77 Safari/537.36"
109.169.85.38 - - [11/Oct/2023:15:58:57 -0400] "GET /RICH/css/magnific-popup.css HTTP/1.0" 200 6950 "https://www.richinc.org/RICH/" "Mozilla/5.0 (Windows NT 10.0; Win64; x64) AppleWebKit/537.36 (KHTML, like Gecko, Foregenix) Chrome/91.0.4472.77 Safari/537.36"
109.169.85.38 - - [11/Oct/2023:15:58:57 -0400] "GET /RICH/nvl.png HTTP/1.0" 200 24822 "https://www.richinc.org/RICH/" "Mozilla/5.0 (Windows NT 10.0; Win64; x64) AppleWebKit/537.36 (KHTML, like Gecko, Foregenix) Chrome/91.0.4472.77 Safari/537.36"
109.169.85.38 - - [11/Oct/2023:15:58:58 -0400] "GET /js/mage/adminhtml/product.js HTTP/1.0" 403 261 "-" "Mozilla/5.0 (Windows NT 10.0; Win64; x64) AppleWebKit/537.36 (KHTML, like Gecko, Foregenix) Chrome/91.0.4472.77 Safari/537.36"
109.169.85.38 - - [11/Oct/2023:15:58:58 -0400] "GET /RICH/fonts/flaticon/font/flaticon.css HTTP/1.0" 200 1250 "https://www.richinc.org/RICH/" "Mozilla/5.0 (Windows NT 10.0; Win64; x64) AppleWebKit/537.36 (KHTML, like Gecko, Foregenix) Chrome/91.0.4472.77 Safari/537.36"
109.169.85.38 - - [11/Oct/2023:15:59:00 -0400] "GET /INSTALL.txt HTTP/1.0" 302 224 "-" "Mozilla/5.0 (Windows NT 10.0; Win64; x64) AppleWebKit/537.36 (KHTML, like Gecko, Foregenix) Chrome/91.0.4472.77 Safari/537.36"
109.169.85.38 - - [11/Oct/2023:15:59:00 -0400] "GET /a/j/volusion.js HTTP/1.0" 302 228 "-" "Mozilla/5.0 (Windows NT 10.0; Win64; x64) AppleWebKit/537.36 (KHTML, like Gecko, Foregenix) Chrome/91.0.4472.77 Safari/537.36"
109.169.85.38 - - [11/Oct/2023:15:58:57 -0400] "GET /RICH/Image5.jpg HTTP/1.0" 200 2409299 "https://www.richinc.org/RICH/" "Mozilla/5.0 (Windows NT 10.0; Win64; x64) AppleWebKit/537.36 (KHTML, like Gecko, Foregenix) Chrome/91.0.4472.77 Safari/537.36"
109.169.85.38 - - [11/Oct/2023:15:59:01 -0400] "GET /misc/drupal.js HTTP/1.0" 302 227 "-" "Mozilla/5.0 (Windows NT 10.0; Win64; x64) AppleWebKit/537.36 (KHTML, like Gecko, Foregenix) Chrome/91.0.4472.77 Safari/537.36"
109.169.85.38 - - [11/Oct/2023:15:59:02 -0400] "GET /themes/Frontend/Responsive/frontend/_public/src/fonts/shopware.woff2 HTTP/1.0" 302 281 "-" "Mozilla/5.0 (Windows NT 10.0; Win64; x64) AppleWebKit/537.36 (KHTML, like Gecko, Foregenix) Chrome/91.0.4472.77 Safari/537.36"
109.169.85.38 - - [11/Oct/2023:15:59:02 -0400] "GET /robots.txt HTTP/1.0" 302 223 "-" "Mozilla/5.0 (Windows NT 10.0; Win64; x64) AppleWebKit/537.36 (KHTML, like Gecko, Foregenix) Chrome/91.0.4472.77 Safari/537.36"
109.169.85.38 - - [11/Oct/2023:15:59:02 -0400] "GET /RICH/robots.txt HTTP/1.0" 404 575 "https://www.richinc.org/robots.txt" "Mozilla/5.0 (Windows NT 10.0; Win64; x64) AppleWebKit/537.36 (KHTML, like Gecko, Foregenix) Chrome/91.0.4472.77 Safari/537.36"
66.249.66.197 - - [11/Oct/2023:17:47:44 -0400] "GET /RICH/ HTTP/1.0" 200 61623 "-" "Mozilla/5.0 (compatible; Googlebot/2.1; +http://www.google.com/bot.html)"
66.249.66.199 - - [11/Oct/2023:18:40:46 -0400] "POST /RICH/php/UsersRICH.php HTTP/1.0" 200 - "https://www.richinc.org/RICH/" "Mozilla/5.0 AppleWebKit/537.36 (KHTML, like Gecko; compatible; Googlebot/2.1; +http://www.google.com/bot.html) Chrome/117.0.5938.132 Safari/537.36"
66.249.66.197 - - [11/Oct/2023:18:53:01 -0400] "GET /cdn-cgi/scripts/5c5dd728/cloudflare-static/email-decode.min.js HTTP/1.0" 302 275 "https://www.richinc.org/RICH/" "Mozilla/5.0 AppleWebKit/537.36 (KHTML, like Gecko; compatible; Googlebot/2.1; +http://www.google.com/bot.html) Chrome/117.0.5938.132 Safari/537.36"
66.249.66.197 - - [11/Oct/2023:18:53:05 -0400] "POST /RICH/php/UsersRICH.php HTTP/1.0" 200 - "https://www.richinc.org/RICH/" "Mozilla/5.0 AppleWebKit/537.36 (KHTML, like Gecko; compatible; Googlebot/2.1; +http://www.google.com/bot.html) Chrome/117.0.5938.132 Safari/537.36"
17.241.75.211 - - [11/Oct/2023:19:28:53 -0400] "GET /robots.txt HTTP/1.0" 302 223 "-" "Mozilla/5.0 (Macintosh; Intel Mac OS X 10_15_5) AppleWebKit/605.1.15 (KHTML, like Gecko) Version/13.1.1 Safari/605.1.15 (Applebot/0.1; +http://www.apple.com/go/applebot)"
