209.17.114.44 - - [09/Sep/2020:12:58:56 -0400] "GET /RICH/fonts/icomoon/style.css HTTP/1.0" 200 79820 "https://www.richinc.org/RICH/" "Mozilla/5.0 (Windows NT 10.0; Win64; x64) AppleWebKit/537.36 (KHTML, like Gecko) Chrome/85.0.4183.102 Safari/537.36"
209.17.114.44 - - [09/Sep/2020:12:58:57 -0400] "GET /RICH/fonts/flaticon/font/flaticon.css HTTP/1.0" 200 1250 "https://www.richinc.org/RICH/" "Mozilla/5.0 (Windows NT 10.0; Win64; x64) AppleWebKit/537.36 (KHTML, like Gecko) Chrome/85.0.4183.102 Safari/537.36"
209.17.114.44 - - [09/Sep/2020:12:58:57 -0400] "GET /RICH/cdn-cgi/scripts/5c5dd728/cloudflare-static/email-decode.min.js HTTP/1.0" 404 575 "https://www.richinc.org/RICH/" "Mozilla/5.0 (Windows NT 10.0; Win64; x64) AppleWebKit/537.36 (KHTML, like Gecko) Chrome/85.0.4183.102 Safari/537.36"
209.17.114.44 - - [09/Sep/2020:12:58:57 -0400] "GET /RICH/js/jquery.stellar.min.js HTTP/1.0" 200 12597 "https://www.richinc.org/RICH/" "Mozilla/5.0 (Windows NT 10.0; Win64; x64) AppleWebKit/537.36 (KHTML, like Gecko) Chrome/85.0.4183.102 Safari/537.36"
209.17.114.44 - - [09/Sep/2020:12:58:57 -0400] "GET /RICH/js/bootstrap-datepicker.min.js HTTP/1.0" 200 34172 "https://www.richinc.org/RICH/" "Mozilla/5.0 (Windows NT 10.0; Win64; x64) AppleWebKit/537.36 (KHTML, like Gecko) Chrome/85.0.4183.102 Safari/537.36"
209.17.114.44 - - [09/Sep/2020:12:58:57 -0400] "GET /RICH/images/LOGO.png HTTP/1.0" 200 48308 "https://www.richinc.org/RICH/" "Mozilla/5.0 (Windows NT 10.0; Win64; x64) AppleWebKit/537.36 (KHTML, like Gecko) Chrome/85.0.4183.102 Safari/537.36"
209.17.114.44 - - [09/Sep/2020:12:58:57 -0400] "GET /RICH/images/rich-image1.jpg HTTP/1.0" 200 99047 "https://www.richinc.org/RICH/" "Mozilla/5.0 (Windows NT 10.0; Win64; x64) AppleWebKit/537.36 (KHTML, like Gecko) Chrome/85.0.4183.102 Safari/537.36"
209.17.114.44 - - [09/Sep/2020:12:58:57 -0400] "GET /RICH/images/richbot2.png HTTP/1.0" 200 11045 "https://www.richinc.org/RICH/" "Mozilla/5.0 (Windows NT 10.0; Win64; x64) AppleWebKit/537.36 (KHTML, like Gecko) Chrome/85.0.4183.102 Safari/537.36"
209.17.114.44 - - [09/Sep/2020:12:58:57 -0400] "GET /RICH/images/gameLogo.png HTTP/1.0" 200 42587 "https://www.richinc.org/RICH/" "Mozilla/5.0 (Windows NT 10.0; Win64; x64) AppleWebKit/537.36 (KHTML, like Gecko) Chrome/85.0.4183.102 Safari/537.36"
209.17.114.44 - - [09/Sep/2020:12:58:59 -0400] "GET /RICH/images/favicon.ico HTTP/1.0" 200 4312 "https://www.richinc.org/RICH/" "Mozilla/5.0 (Windows NT 10.0; Win64; x64) AppleWebKit/537.36 (KHTML, like Gecko) Chrome/85.0.4183.102 Safari/537.36"
100.2.132.194 - - [09/Sep/2020:13:04:31 -0400] "GET /RICH/images/LOGO.png HTTP/1.0" 200 48308 "https://www.richinc.org/RICH/" "Mozilla/5.0 (Windows NT 10.0; Win64; x64) AppleWebKit/537.36 (KHTML, like Gecko) Chrome/85.0.4183.83 Safari/537.36"
3.15.230.98 - - [09/Sep/2020:13:32:20 -0400] "GET /RICH/css/jquery-ui.css HTTP/1.0" 200 21738 "https://www.richinc.org/RICH/overview.html" "Mozilla/5.0 (X11; Linux x86_64) AppleWebKit/537.36 (KHTML, like Gecko) Chrome/79.0.3945.0 Safari/537.36"
3.20.222.241 - - [09/Sep/2020:13:32:20 -0400] "GET /RICH/css/bootstrap.min.css HTTP/1.0" 200 159826 "https://www.richinc.org/RICH/index.html" "Mozilla/5.0 (X11; Linux x86_64) AppleWebKit/537.36 (KHTML, like Gecko) Chrome/79.0.3945.0 Safari/537.36"
3.131.97.71 - - [09/Sep/2020:13:32:20 -0400] "GET /RICH/mission.html HTTP/1.0" 200 15573 "-" "Mozilla/5.0 (X11; Linux x86_64) AppleWebKit/537.36 (KHTML, like Gecko) Chrome/79.0.3945.0 Safari/537.36"
3.15.230.98 - - [09/Sep/2020:13:32:20 -0400] "GET /RICH/css/animate.css HTTP/1.0" 200 77748 "https://www.richinc.org/RICH/overview.html" "Mozilla/5.0 (X11; Linux x86_64) AppleWebKit/537.36 (KHTML, like Gecko) Chrome/79.0.3945.0 Safari/537.36"
3.20.222.241 - - [09/Sep/2020:13:32:20 -0400] "GET /RICH/css/animate.css HTTP/1.0" 200 77748 "https://www.richinc.org/RICH/index.html" "Mozilla/5.0 (X11; Linux x86_64) AppleWebKit/537.36 (KHTML, like Gecko) Chrome/79.0.3945.0 Safari/537.36"
3.20.222.241 - - [09/Sep/2020:13:32:20 -0400] "GET /RICH/css/bot.css HTTP/1.0" 200 1399 "https://www.richinc.org/RICH/index.html" "Mozilla/5.0 (X11; Linux x86_64) AppleWebKit/537.36 (KHTML, like Gecko) Chrome/79.0.3945.0 Safari/537.36"
18.223.190.20 - - [09/Sep/2020:13:32:20 -0400] "GET /RICH/annual-reports.html HTTP/1.0" 200 10564 "-" "Mozilla/5.0 (X11; Linux x86_64) AppleWebKit/537.36 (KHTML, like Gecko) Chrome/79.0.3945.0 Safari/537.36"
3.20.222.241 - - [09/Sep/2020:13:32:20 -0400] "GET /RICH/fonts/flaticon/font/flaticon.css HTTP/1.0" 200 1250 "https://www.richinc.org/RICH/index.html" "Mozilla/5.0 (X11; Linux x86_64) AppleWebKit/537.36 (KHTML, like Gecko) Chrome/79.0.3945.0 Safari/537.36"
3.20.222.241 - - [09/Sep/2020:13:32:20 -0400] "GET /RICH/js/jquery-3.3.1.min.js HTTP/1.0" 200 86926 "https://www.richinc.org/RICH/index.html" "Mozilla/5.0 (X11; Linux x86_64) AppleWebKit/537.36 (KHTML, like Gecko) Chrome/79.0.3945.0 Safari/537.36"
18.219.219.170 - - [09/Sep/2020:13:32:20 -0400] "GET /RICH/css/jquery-ui.css HTTP/1.0" 200 21738 "https://www.richinc.org/RICH/parents-investment-alliance.html" "Mozilla/5.0 (X11; Linux x86_64) AppleWebKit/537.36 (KHTML, like Gecko) Chrome/79.0.3945.0 Safari/537.36"
18.219.219.170 - - [09/Sep/2020:13:32:20 -0400] "GET /cdn-cgi/scripts/5c5dd728/cloudflare-static/email-decode.min.js HTTP/1.0" 302 275 "https://www.richinc.org/RICH/parents-investment-alliance.html" "Mozilla/5.0 (X11; Linux x86_64) AppleWebKit/537.36 (KHTML, like Gecko) Chrome/79.0.3945.0 Safari/537.36"
3.131.97.71 - - [09/Sep/2020:13:32:20 -0400] "GET /RICH/css/bootstrap-datepicker.css HTTP/1.0" 200 17144 "https://www.richinc.org/RICH/mission.html" "Mozilla/5.0 (X11; Linux x86_64) AppleWebKit/537.36 (KHTML, like Gecko) Chrome/79.0.3945.0 Safari/537.36"
18.223.190.20 - - [09/Sep/2020:13:32:20 -0400] "GET /RICH/css/bootstrap.min.css HTTP/1.0" 200 159826 "https://www.richinc.org/RICH/annual-reports.html" "Mozilla/5.0 (X11; Linux x86_64) AppleWebKit/537.36 (KHTML, like Gecko) Chrome/79.0.3945.0 Safari/537.36"
3.131.97.71 - - [09/Sep/2020:13:32:20 -0400] "GET /cdn-cgi/scripts/5c5dd728/cloudflare-static/email-decode.min.js HTTP/1.0" 302 275 "https://www.richinc.org/RICH/mission.html" "Mozilla/5.0 (X11; Linux x86_64) AppleWebKit/537.36 (KHTML, like Gecko) Chrome/79.0.3945.0 Safari/537.36"
18.223.190.20 - - [09/Sep/2020:13:32:20 -0400] "GET /RICH/css/animate.css HTTP/1.0" 200 77748 "https://www.richinc.org/RICH/annual-reports.html" "Mozilla/5.0 (X11; Linux x86_64) AppleWebKit/537.36 (KHTML, like Gecko) Chrome/79.0.3945.0 Safari/537.36"
3.15.230.98 - - [09/Sep/2020:13:32:20 -0400] "GET /RICH/js/main.js HTTP/1.0" 200 7761 "https://www.richinc.org/RICH/overview.html" "Mozilla/5.0 (X11; Linux x86_64) AppleWebKit/537.36 (KHTML, like Gecko) Chrome/79.0.3945.0 Safari/537.36"
18.223.190.20 - - [09/Sep/2020:13:32:20 -0400] "GET /RICH/css/style.css HTTP/1.0" 200 48040 "https://www.richinc.org/RICH/annual-reports.html" "Mozilla/5.0 (X11; Linux x86_64) AppleWebKit/537.36 (KHTML, like Gecko) Chrome/79.0.3945.0 Safari/537.36"
18.223.190.20 - - [09/Sep/2020:13:32:20 -0400] "GET /RICH/cdn-cgi/scripts/5c5dd728/cloudflare-static/email-decode.min.js HTTP/1.0" 404 575 "https://www.richinc.org/RICH/annual-reports.html" "Mozilla/5.0 (X11; Linux x86_64) AppleWebKit/537.36 (KHTML, like Gecko) Chrome/79.0.3945.0 Safari/537.36"
18.223.190.20 - - [09/Sep/2020:13:32:20 -0400] "GET /RICH/js/jquery-ui.js HTTP/1.0" 200 45799 "https://www.richinc.org/RICH/annual-reports.html" "Mozilla/5.0 (X11; Linux x86_64) AppleWebKit/537.36 (KHTML, like Gecko) Chrome/79.0.3945.0 Safari/537.36"
18.223.190.20 - - [09/Sep/2020:13:32:20 -0400] "GET /RICH/js/popper.min.js HTTP/1.0" 200 20336 "https://www.richinc.org/RICH/annual-reports.html" "Mozilla/5.0 (X11; Linux x86_64) AppleWebKit/537.36 (KHTML, like Gecko) Chrome/79.0.3945.0 Safari/537.36"
18.219.219.170 - - [09/Sep/2020:13:32:20 -0400] "GET /RICH/js/main.js HTTP/1.0" 200 7761 "https://www.richinc.org/RICH/parents-investment-alliance.html" "Mozilla/5.0 (X11; Linux x86_64) AppleWebKit/537.36 (KHTML, like Gecko) Chrome/79.0.3945.0 Safari/537.36"
3.131.97.71 - - [09/Sep/2020:13:32:20 -0400] "GET /RICH/js/jquery.countdown.min.js HTTP/1.0" 200 5339 "https://www.richinc.org/RICH/mission.html" "Mozilla/5.0 (X11; Linux x86_64) AppleWebKit/537.36 (KHTML, like Gecko) Chrome/79.0.3945.0 Safari/537.36"
3.131.97.71 - - [09/Sep/2020:13:32:20 -0400] "GET /RICH/js/jquery.magnific-popup.min.js HTTP/1.0" 200 20216 "https://www.richinc.org/RICH/mission.html" "Mozilla/5.0 (X11; Linux x86_64) AppleWebKit/537.36 (KHTML, like Gecko) Chrome/79.0.3945.0 Safari/537.36"
3.131.97.71 - - [09/Sep/2020:13:32:20 -0400] "GET /RICH/js/bootstrap-datepicker.min.js HTTP/1.0" 200 34172 "https://www.richinc.org/RICH/mission.html" "Mozilla/5.0 (X11; Linux x86_64) AppleWebKit/537.36 (KHTML, like Gecko) Chrome/79.0.3945.0 Safari/537.36"
3.131.97.71 - - [09/Sep/2020:13:32:20 -0400] "GET /RICH/js/aos.js HTTP/1.0" 200 14244 "https://www.richinc.org/RICH/mission.html" "Mozilla/5.0 (X11; Linux x86_64) AppleWebKit/537.36 (KHTML, like Gecko) Chrome/79.0.3945.0 Safari/537.36"
18.223.190.20 - - [09/Sep/2020:13:32:20 -0400] "GET /RICH/js/main.js HTTP/1.0" 200 7761 "https://www.richinc.org/RICH/annual-reports.html" "Mozilla/5.0 (X11; Linux x86_64) AppleWebKit/537.36 (KHTML, like Gecko) Chrome/79.0.3945.0 Safari/537.36"
18.223.190.20 - - [09/Sep/2020:13:32:20 -0400] "GET /RICH/js/mediaelement-and-player.min.js HTTP/1.0" 200 152469 "https://www.richinc.org/RICH/annual-reports.html" "Mozilla/5.0 (X11; Linux x86_64) AppleWebKit/537.36 (KHTML, like Gecko) Chrome/79.0.3945.0 Safari/537.36"
3.17.144.121 - - [09/Sep/2020:13:32:22 -0400] "GET /RICH/graduate-testimonials.html HTTP/1.0" 200 15380 "-" "Mozilla/5.0 (X11; Linux x86_64) AppleWebKit/537.36 (KHTML, like Gecko) Chrome/79.0.3945.0 Safari/537.36"
3.17.144.121 - - [09/Sep/2020:13:32:22 -0400] "GET /RICH/css/magnific-popup.css HTTP/1.0" 200 6950 "https://www.richinc.org/RICH/graduate-testimonials.html" "Mozilla/5.0 (X11; Linux x86_64) AppleWebKit/537.36 (KHTML, like Gecko) Chrome/79.0.3945.0 Safari/537.36"
3.17.144.121 - - [09/Sep/2020:13:32:22 -0400] "GET /RICH/css/owl.carousel.min.css HTTP/1.0" 200 2936 "https://www.richinc.org/RICH/graduate-testimonials.html" "Mozilla/5.0 (X11; Linux x86_64) AppleWebKit/537.36 (KHTML, like Gecko) Chrome/79.0.3945.0 Safari/537.36"
3.17.144.121 - - [09/Sep/2020:13:32:22 -0400] "GET /RICH/css/owl.theme.default.min.css HTTP/1.0" 200 965 "https://www.richinc.org/RICH/graduate-testimonials.html" "Mozilla/5.0 (X11; Linux x86_64) AppleWebKit/537.36 (KHTML, like Gecko) Chrome/79.0.3945.0 Safari/537.36"
3.17.144.121 - - [09/Sep/2020:13:32:22 -0400] "GET /RICH/js/jquery.magnific-popup.min.js HTTP/1.0" 200 20216 "https://www.richinc.org/RICH/graduate-testimonials.html" "Mozilla/5.0 (X11; Linux x86_64) AppleWebKit/537.36 (KHTML, like Gecko) Chrome/79.0.3945.0 Safari/537.36"
77.88.5.246 - - [09/Sep/2020:15:18:35 -0400] "GET /RICH/robots.txt HTTP/1.0" 404 575 "-" "Mozilla/5.0 (compatible; YandexBot/3.0; +http://yandex.com/bots)"
42.236.10.107 - - [09/Sep/2020:15:22:07 -0400] "GET / HTTP/1.0" 302 213 "http://www.richinc.org/" "Mozilla/5.0 (Windows NT 6.1; WOW64) AppleWebKit/537.36 (KHTML, like Gecko) Chrome/50.4.2661.102 Safari/537.36; 360Spider"
206.253.224.14 - - [09/Sep/2020:15:45:38 -0400] "GET / HTTP/1.0" 302 213 "-" "Mozilla/5.0 (compatible; oBot/2.3.1; http://www.xforce-security.com/crawler/)"
93.158.161.49 - - [09/Sep/2020:15:51:15 -0400] "GET /RICH/index.html HTTP/1.0" 200 52711 "-" "Mozilla/5.0 (compatible; YandexBot/3.0; +http://yandex.com/bots)"
77.88.5.222 - - [09/Sep/2020:15:51:24 -0400] "GET /RICH/index.html HTTP/1.0" 200 52711 "-" "Mozilla/5.0 (compatible; YandexBot/3.0; +http://yandex.com/bots)"
77.88.5.57 - - [09/Sep/2020:17:24:57 -0400] "GET /robots.txt HTTP/1.0" 302 223 "-" "Mozilla/5.0 (compatible; YandexBot/3.0; +http://yandex.com/bots)"
77.88.5.103 - - [09/Sep/2020:17:25:01 -0400] "GET /RICH/index.html HTTP/1.0" 200 52711 "-" "Mozilla/5.0 (compatible; YandexBot/3.0; +http://yandex.com/bots)"
35.231.179.228 - - [09/Sep/2020:20:02:56 -0400] "GET /robots.txt HTTP/1.0" 302 223 "-" "ZoominfoBot (zoominfobot at zoominfo dot com)"
35.231.179.228 - - [09/Sep/2020:20:05:00 -0400] "GET /robots.txt HTTP/1.0" 302 223 "-" "ZoominfoBot (zoominfobot at zoominfo dot com)"
35.231.179.228 - - [09/Sep/2020:20:05:00 -0400] "GET /robots.txt HTTP/1.0" 302 223 "-" "ZoominfoBot (zoominfobot at zoominfo dot com)"
77.75.77.32 - - [09/Sep/2020:20:36:30 -0400] "GET /RICH/chairman-message.html HTTP/1.0" 200 13505 "-" "Mozilla/5.0 (compatible; SeznamBot/3.2; +http://napoveda.seznam.cz/en/seznambot-intro/)"
151.138.13.148 - - [09/Sep/2020:22:34:56 -0400] "GET /staging/ HTTP/1.0" 403 210 "http://redaumertrucking.com" "Mozilla/5.0 (Windows NT 10.0; Win64; x64) Gecko/20100101 Firefox superpagesbot2.0"
122.53.58.79 - - [09/Sep/2020:22:55:34 -0400] "GET /?q=semalt.com HTTP/1.0" 302 226 "http://google.com/search?q=semalt.com" "Mozilla/5.0 (Windows NT 10.0; Win64; x64) AppleWebKit/537.36 (KHTML, like Gecko) Chrome/74.0.3729.169 Safari/537.36"
114.119.146.36 - - [09/Sep/2020:23:20:54 -0400] "GET /RICH/sdlp.html HTTP/1.0" 200 16959 "-" "Mozilla/5.0 (Linux; Android 7.0;) AppleWebKit/537.36 (KHTML, like Gecko) Mobile Safari/537.36 (compatible; PetalBot;+http://aspiegel.com/petalbot)"
49.7.21.84 - - [09/Sep/2020:23:47:00 -0400] "GET /RICH/css/bot.css HTTP/1.0" 200 1399 "-" "Mozilla/4.0 (compatible; MSIE 7.0; Windows NT 6.0; Trident/4.0)"
114.119.133.53 - - [09/Sep/2020:04:16:56 -0400] "GET /blog HTTP/1.0" 302 217 "-" "Mozilla/5.0 (Linux; Android 7.0;) AppleWebKit/537.36 (KHTML, like Gecko) Mobile Safari/537.36 (compatible; PetalBot;+http://aspiegel.com/petalbot)"
114.119.128.19 - - [09/Sep/2020:08:04:30 -0400] "GET /RICH/projectsnack.html HTTP/1.0" 200 18989 "-" "Mozilla/5.0 (Linux; Android 7.0;) AppleWebKit/537.36 (KHTML, like Gecko) Mobile Safari/537.36 (compatible; PetalBot;+http://aspiegel.com/petalbot)"
66.249.66.214 - - [09/Sep/2020:10:08:40 -0400] "GET /robots.txt HTTP/1.0" 302 223 "-" "Mozilla/5.0 (compatible; Googlebot/2.1; +http://www.google.com/bot.html)"
114.119.150.27 - - [09/Sep/2020:10:10:05 -0400] "GET /robots.txt HTTP/1.0" 302 223 "-" "(compatible;PetalBot;+http://aspiegel.com/petalbot)"
69.160.160.50 - - [09/Sep/2020:10:39:01 -0400] "GET /RICH/ HTTP/1.0" 200 52711 "-" "Mozilla/5.0 (X11; Linux x86_64) AppleWebKit/537.36 (KHTML, like Gecko) HeadlessChrome/78.0.3904.70 Safari/537.36"
69.160.160.50 - - [09/Sep/2020:10:39:01 -0400] "GET /RICH/css/jquery-ui.css HTTP/1.0" 200 21738 "https://www.richinc.org/RICH/" "Mozilla/5.0 (X11; Linux x86_64) AppleWebKit/537.36 (KHTML, like Gecko) HeadlessChrome/78.0.3904.70 Safari/537.36"
69.160.160.50 - - [09/Sep/2020:10:39:01 -0400] "GET /RICH/css/owl.theme.default.min.css HTTP/1.0" 200 965 "https://www.richinc.org/RICH/" "Mozilla/5.0 (X11; Linux x86_64) AppleWebKit/537.36 (KHTML, like Gecko) HeadlessChrome/78.0.3904.70 Safari/537.36"
69.160.160.50 - - [09/Sep/2020:10:39:02 -0400] "GET /RICH/js/bootstrap-datepicker.min.js HTTP/1.0" 200 34172 "https://www.richinc.org/RICH/" "Mozilla/5.0 (X11; Linux x86_64) AppleWebKit/537.36 (KHTML, like Gecko) HeadlessChrome/78.0.3904.70 Safari/537.36"
69.160.160.50 - - [09/Sep/2020:10:39:02 -0400] "GET /RICH/images/responsibility.png HTTP/1.0" 200 22581 "https://www.richinc.org/RICH/" "Mozilla/5.0 (X11; Linux x86_64) AppleWebKit/537.36 (KHTML, like Gecko) HeadlessChrome/78.0.3904.70 Safari/537.36"
69.160.160.50 - - [09/Sep/2020:10:39:15 -0400] "GET /RICH/first-graduates.html HTTP/1.0" 200 17133 "-" "Mozilla/5.0 (Windows NT 10.0; Win64; x64) AppleWebKit/537.36 (KHTML, like Gecko) Chrome/79.0.3945.130 Safari/537.36"
69.160.160.50 - - [09/Sep/2020:10:39:16 -0400] "GET /RICH/gsuite-classroom.html HTTP/1.0" 200 10020 "-" "Mozilla/5.0 (Windows NT 10.0; Win64; x64) AppleWebKit/537.36 (KHTML, like Gecko) Chrome/79.0.3945.130 Safari/537.36"
69.160.160.50 - - [09/Sep/2020:10:39:17 -0400] "GET /RICH/overview.html HTTP/1.0" 200 11800 "-" "Mozilla/5.0 (Windows NT 10.0; Win64; x64) AppleWebKit/537.36 (KHTML, like Gecko) Chrome/79.0.3945.130 Safari/537.36"
69.160.160.50 - - [09/Sep/2020:10:39:17 -0400] "GET /RICH/mission.html HTTP/1.0" 200 15573 "-" "Mozilla/5.0 (Windows NT 10.0; Win64; x64) AppleWebKit/537.36 (KHTML, like Gecko) Chrome/79.0.3945.130 Safari/537.36"
54.36.148.215 - - [09/Sep/2020:11:10:11 -0400] "GET /robots.txt HTTP/1.0" 302 223 "-" "Mozilla/5.0 (compatible; AhrefsBot/6.1; +http://ahrefs.com/robot/)"
123.183.224.159 - - [09/Sep/2020:11:12:02 -0400] "GET / HTTP/1.0" 302 213 "-" "Sogou web spider/4.0(+http://www.sogou.com/docs/help/webmasters.htm#07)"
96.246.25.24 - - [09/Sep/2020:11:12:25 -0400] "GET /RICH/css/bootstrap.min.css HTTP/1.0" 200 159826 "https://www.richinc.org/RICH/" "Mozilla/5.0 (Macintosh; Intel Mac OS X 10_15_5) AppleWebKit/605.1.15 (KHTML, like Gecko) Version/13.1.1 Safari/605.1.15"
96.246.25.24 - - [09/Sep/2020:11:12:25 -0400] "GET /RICH/css/animate.css HTTP/1.0" 200 77748 "https://www.richinc.org/RICH/" "Mozilla/5.0 (Macintosh; Intel Mac OS X 10_15_5) AppleWebKit/605.1.15 (KHTML, like Gecko) Version/13.1.1 Safari/605.1.15"
96.246.25.24 - - [09/Sep/2020:11:12:26 -0400] "GET /RICH/js/aos.js HTTP/1.0" 200 14244 "https://www.richinc.org/RICH/" "Mozilla/5.0 (Macintosh; Intel Mac OS X 10_15_5) AppleWebKit/605.1.15 (KHTML, like Gecko) Version/13.1.1 Safari/605.1.15"
96.246.25.24 - - [09/Sep/2020:11:12:26 -0400] "GET /RICH/cdn-cgi/scripts/5c5dd728/cloudflare-static/email-decode.min.js HTTP/1.0" 404 575 "https://www.richinc.org/RICH/" "Mozilla/5.0 (Macintosh; Intel Mac OS X 10_15_5) AppleWebKit/605.1.15 (KHTML, like Gecko) Version/13.1.1 Safari/605.1.15"
96.246.25.24 - - [09/Sep/2020:11:12:26 -0400] "GET /RICH/images/LOGO.png HTTP/1.0" 200 48308 "https://www.richinc.org/RICH/" "Mozilla/5.0 (Macintosh; Intel Mac OS X 10_15_5) AppleWebKit/605.1.15 (KHTML, like Gecko) Version/13.1.1 Safari/605.1.15"
96.246.25.24 - - [09/Sep/2020:11:12:26 -0400] "GET /RICH/image7.jpg HTTP/1.0" 200 568744 "https://www.richinc.org/RICH/" "Mozilla/5.0 (Macintosh; Intel Mac OS X 10_15_5) AppleWebKit/605.1.15 (KHTML, like Gecko) Version/13.1.1 Safari/605.1.15"
96.246.25.24 - - [09/Sep/2020:11:12:26 -0400] "GET /RICH/images/richbot2.png HTTP/1.0" 200 11045 "https://www.richinc.org/RICH/" "Mozilla/5.0 (Macintosh; Intel Mac OS X 10_15_5) AppleWebKit/605.1.15 (KHTML, like Gecko) Version/13.1.1 Safari/605.1.15"
96.246.25.24 - - [09/Sep/2020:11:12:26 -0400] "GET /RICH/images/botimage.png HTTP/1.0" 200 3914 "https://www.richinc.org/RICH/" "Mozilla/5.0 (Macintosh; Intel Mac OS X 10_15_5) AppleWebKit/605.1.15 (KHTML, like Gecko) Version/13.1.1 Safari/605.1.15"
96.246.25.24 - - [09/Sep/2020:11:12:26 -0400] "GET /RICH/Image4.jpg HTTP/1.0" 200 2910175 "https://www.richinc.org/RICH/" "Mozilla/5.0 (Macintosh; Intel Mac OS X 10_15_5) AppleWebKit/605.1.15 (KHTML, like Gecko) Version/13.1.1 Safari/605.1.15"
96.246.25.24 - - [09/Sep/2020:11:12:32 -0400] "GET /RICH/images/graduate-image1-TEST.jpg HTTP/1.0" 200 148604 "https://www.richinc.org/RICH/graduate-testimonials.html" "Mozilla/5.0 (Macintosh; Intel Mac OS X 10_15_5) AppleWebKit/605.1.15 (KHTML, like Gecko) Version/13.1.1 Safari/605.1.15"
96.246.25.24 - - [09/Sep/2020:11:12:32 -0400] "GET /RICH/images/graduate-image3-TEST.jpg HTTP/1.0" 200 91538 "https://www.richinc.org/RICH/graduate-testimonials.html" "Mozilla/5.0 (Macintosh; Intel Mac OS X 10_15_5) AppleWebKit/605.1.15 (KHTML, like Gecko) Version/13.1.1 Safari/605.1.15"
35.203.245.123 - - [09/Sep/2020:11:34:51 -0400] "GET /RICH/ HTTP/1.0" 200 52711 "-" "Mozilla/5.0 (X11; Linux x86_64) AppleWebKit/537.36 (KHTML, like Gecko) HeadlessChrome/72.0.3617.0 Safari/537.36"
35.203.245.123 - - [09/Sep/2020:11:34:52 -0400] "GET /RICH/fonts/icomoon/style.css HTTP/1.0" 200 79820 "https://www.richinc.org/RICH/" "Mozilla/5.0 (X11; Linux x86_64) AppleWebKit/537.36 (KHTML, like Gecko) HeadlessChrome/72.0.3617.0 Safari/537.36"
35.203.245.123 - - [09/Sep/2020:11:34:53 -0400] "GET /RICH/cdn-cgi/scripts/5c5dd728/cloudflare-static/email-decode.min.js HTTP/1.0" 404 575 "https://www.richinc.org/RICH/" "Mozilla/5.0 (X11; Linux x86_64) AppleWebKit/537.36 (KHTML, like Gecko) HeadlessChrome/72.0.3617.0 Safari/537.36"
35.203.245.123 - - [09/Sep/2020:11:34:54 -0400] "GET /RICH/images/richbot2.png HTTP/1.0" 200 11045 "https://www.richinc.org/RICH/" "Mozilla/5.0 (X11; Linux x86_64) AppleWebKit/537.36 (KHTML, like Gecko) HeadlessChrome/72.0.3617.0 Safari/537.36"
39.115.158.146 - - [09/Sep/2020:11:59:36 -0400] "GET /robots.txt HTTP/1.0" 302 223 "-" "Scrapy/2.3.0 (+https://scrapy.org)"
39.115.158.146 - - [09/Sep/2020:11:59:38 -0400] "GET /blog/wp-content/uploads/2012/01/mccreary1.jpg HTTP/1.0" 302 258 "-" "Scrapy/2.3.0 (+https://scrapy.org)"
39.115.158.146 - - [09/Sep/2020:11:59:40 -0400] "GET /RICH/robots.txt HTTP/1.0" 404 575 "-" "Scrapy/2.3.0 (+https://scrapy.org)"
209.17.114.44 - - [09/Sep/2020:12:58:56 -0400] "GET / HTTP/1.0" 302 213 "-" "Mozilla/5.0 (Windows NT 10.0; Win64; x64) AppleWebKit/537.36 (KHTML, like Gecko) Chrome/85.0.4183.102 Safari/537.36"
209.17.114.44 - - [09/Sep/2020:12:58:56 -0400] "GET /RICH/css/bot.css HTTP/1.0" 200 1399 "https://www.richinc.org/RICH/" "Mozilla/5.0 (Windows NT 10.0; Win64; x64) AppleWebKit/537.36 (KHTML, like Gecko) Chrome/85.0.4183.102 Safari/537.36"
209.17.114.44 - - [09/Sep/2020:12:58:56 -0400] "GET /RICH/js/jquery-3.3.1.min.js HTTP/1.0" 200 86926 "https://www.richinc.org/RICH/" "Mozilla/5.0 (Windows NT 10.0; Win64; x64) AppleWebKit/537.36 (KHTML, like Gecko) Chrome/85.0.4183.102 Safari/537.36"
209.17.114.44 - - [09/Sep/2020:12:58:57 -0400] "GET /RICH/js/jquery.magnific-popup.min.js HTTP/1.0" 200 20216 "https://www.richinc.org/RICH/" "Mozilla/5.0 (Windows NT 10.0; Win64; x64) AppleWebKit/537.36 (KHTML, like Gecko) Chrome/85.0.4183.102 Safari/537.36"
209.17.114.44 - - [09/Sep/2020:12:58:57 -0400] "GET /RICH/js/main.js HTTP/1.0" 200 7761 "https://www.richinc.org/RICH/" "Mozilla/5.0 (Windows NT 10.0; Win64; x64) AppleWebKit/537.36 (KHTML, like Gecko) Chrome/85.0.4183.102 Safari/537.36"
209.17.114.44 - - [09/Sep/2020:12:58:57 -0400] "GET /RICH/QueensImage.jpg HTTP/1.0" 200 675817 "https://www.richinc.org/RICH/" "Mozilla/5.0 (Windows NT 10.0; Win64; x64) AppleWebKit/537.36 (KHTML, like Gecko) Chrome/85.0.4183.102 Safari/537.36"
209.17.114.44 - - [09/Sep/2020:12:58:57 -0400] "GET /RICH/fonts/icomoon/fonts/icomoon.ttf?10si43 HTTP/1.0" 200 307168 "https://www.richinc.org/RICH/fonts/icomoon/style.css" "Mozilla/5.0 (Windows NT 10.0; Win64; x64) AppleWebKit/537.36 (KHTML, like Gecko) Chrome/85.0.4183.102 Safari/537.36"
209.17.114.44 - - [09/Sep/2020:12:58:57 -0400] "POST /RICH/php/UsersRICH.php HTTP/1.0" 200 - "https://www.richinc.org/RICH/" "Mozilla/5.0 (Windows NT 10.0; Win64; x64) AppleWebKit/537.36 (KHTML, like Gecko) Chrome/85.0.4183.102 Safari/537.36"
100.2.132.194 - - [09/Sep/2020:13:04:31 -0400] "GET /RICH/cdn-cgi/scripts/5c5dd728/cloudflare-static/email-decode.min.js HTTP/1.0" 404 575 "https://www.richinc.org/RICH/" "Mozilla/5.0 (Windows NT 10.0; Win64; x64) AppleWebKit/537.36 (KHTML, like Gecko) Chrome/85.0.4183.83 Safari/537.36"
3.20.222.241 - - [09/Sep/2020:13:32:20 -0400] "GET /RICH/css/jquery-ui.css HTTP/1.0" 200 21738 "https://www.richinc.org/RICH/index.html" "Mozilla/5.0 (X11; Linux x86_64) AppleWebKit/537.36 (KHTML, like Gecko) Chrome/79.0.3945.0 Safari/537.36"
18.219.219.170 - - [09/Sep/2020:13:32:20 -0400] "GET /RICH/js/bootstrap.min.js HTTP/1.0" 200 51039 "https://www.richinc.org/RICH/parents-investment-alliance.html" "Mozilla/5.0 (X11; Linux x86_64) AppleWebKit/537.36 (KHTML, like Gecko) Chrome/79.0.3945.0 Safari/537.36"
3.15.230.98 - - [09/Sep/2020:13:32:20 -0400] "GET /RICH/js/jquery-3.3.1.min.js HTTP/1.0" 200 86926 "https://www.richinc.org/RICH/overview.html" "Mozilla/5.0 (X11; Linux x86_64) AppleWebKit/537.36 (KHTML, like Gecko) Chrome/79.0.3945.0 Safari/537.36"
18.219.219.170 - - [09/Sep/2020:13:32:20 -0400] "GET /RICH/js/bootstrap-datepicker.min.js HTTP/1.0" 200 34172 "https://www.richinc.org/RICH/parents-investment-alliance.html" "Mozilla/5.0 (X11; Linux x86_64) AppleWebKit/537.36 (KHTML, like Gecko) Chrome/79.0.3945.0 Safari/537.36"
18.223.190.20 - - [09/Sep/2020:13:32:20 -0400] "GET /RICH/js/jquery.countdown.min.js HTTP/1.0" 200 5339 "https://www.richinc.org/RICH/annual-reports.html" "Mozilla/5.0 (X11; Linux x86_64) AppleWebKit/537.36 (KHTML, like Gecko) Chrome/79.0.3945.0 Safari/537.36"
3.17.144.121 - - [09/Sep/2020:13:32:22 -0400] "GET /RICH/css/jquery-ui.css HTTP/1.0" 200 21738 "https://www.richinc.org/RICH/graduate-testimonials.html" "Mozilla/5.0 (X11; Linux x86_64) AppleWebKit/537.36 (KHTML, like Gecko) Chrome/79.0.3945.0 Safari/537.36"
3.17.144.121 - - [09/Sep/2020:13:32:22 -0400] "GET /cdn-cgi/scripts/5c5dd728/cloudflare-static/email-decode.min.js HTTP/1.0" 302 275 "https://www.richinc.org/RICH/graduate-testimonials.html" "Mozilla/5.0 (X11; Linux x86_64) AppleWebKit/537.36 (KHTML, like Gecko) Chrome/79.0.3945.0 Safari/537.36"
3.17.144.121 - - [09/Sep/2020:13:32:22 -0400] "GET /RICH/js/jquery-ui.js HTTP/1.0" 200 45799 "https://www.richinc.org/RICH/graduate-testimonials.html" "Mozilla/5.0 (X11; Linux x86_64) AppleWebKit/537.36 (KHTML, like Gecko) Chrome/79.0.3945.0 Safari/537.36"
77.75.77.17 - - [09/Sep/2020:14:21:03 -0400] "GET /snackimages/30.jpg HTTP/1.0" 302 231 "-" "Mozilla/5.0 (compatible; SeznamBot/3.2; +http://napoveda.seznam.cz/en/seznambot-intro/)"
206.253.224.14 - - [09/Sep/2020:15:45:38 -0400] "GET /RICH/robots.txt HTTP/1.0" 404 575 "-" "Mozilla/5.0 (compatible; oBot/2.3.1; http://www.xforce-security.com/crawler/)"
93.158.161.21 - - [09/Sep/2020:15:51:11 -0400] "GET /RICH/ HTTP/1.0" 200 52711 "-" "Mozilla/5.0 (compatible; YandexBot/3.0; +http://yandex.com/bots)"
77.88.5.73 - - [09/Sep/2020:16:26:49 -0400] "GET / HTTP/1.0" 302 213 "-" "Mozilla/5.0 (compatible; YandexBot/3.0; +http://yandex.com/bots)"
116.179.32.209 - - [09/Sep/2020:16:32:06 -0400] "GET /RICH/board-directors.html HTTP/1.0" 200 12545 "-" "Mozilla/5.0 (compatible; Baiduspider/2.0; +http://www.baidu.com/search/spider.html)"
157.55.39.4 - - [09/Sep/2020:17:22:08 -0400] "GET /RICH/privacy-policy.html HTTP/1.0" 200 14593 "-" "Mozilla/5.0 (compatible; bingbot/2.0; +http://www.bing.com/bingbot.htm)"
40.124.38.101 - - [09/Sep/2020:17:24:33 -0400] "GET / HTTP/1.0" 302 213 "-" "Mozilla/5.0 (Macintosh; Intel Mac OS X 10_10_1) AppleWebKit/537.36 (KHTML, like Gecko) Chrome/39.0.2171.95 Safari/537.36"
40.124.38.101 - - [09/Sep/2020:17:24:37 -0400] "GET /new/ HTTP/1.0" 302 217 "-" "Mozilla/5.0 (Macintosh; Intel Mac OS X 10_10_1) AppleWebKit/537.36 (KHTML, like Gecko) Chrome/39.0.2171.95 Safari/537.36"
40.124.38.101 - - [09/Sep/2020:17:24:39 -0400] "GET /old/ HTTP/1.0" 302 217 "-" "Mozilla/5.0 (Macintosh; Intel Mac OS X 10_10_1) AppleWebKit/537.36 (KHTML, like Gecko) Chrome/39.0.2171.95 Safari/537.36"
40.124.38.101 - - [09/Sep/2020:17:24:41 -0400] "GET /backup/ HTTP/1.0" 302 220 "-" "Mozilla/5.0 (Macintosh; Intel Mac OS X 10_10_1) AppleWebKit/537.36 (KHTML, like Gecko) Chrome/39.0.2171.95 Safari/537.36"
77.88.5.96 - - [09/Sep/2020:17:24:58 -0400] "GET /RICH/robots.txt HTTP/1.0" 404 575 "-" "Mozilla/5.0 (compatible; YandexBot/3.0; +http://yandex.com/bots)"
93.158.161.1 - - [09/Sep/2020:18:08:03 -0400] "GET / HTTP/1.0" 302 213 "-" "Mozilla/5.0 (compatible; YandexBot/3.0; +http://yandex.com/bots)"
52.26.163.1 - - [09/Sep/2020:18:50:13 -0400] "GET /RICH/ HTTP/1.0" 200 52711 "-" "Mozilla/5.0 (Macintosh; Intel Mac OS X 10_10_3) AppleWebKit/537.36 (KHTML, like Gecko) Chrome/42.0.2311.135 Safari/537.36"
124.206.180.133 - - [09/Sep/2020:18:51:17 -0400] "GET / HTTP/1.0" 302 213 "-" "Mozilla/5.0 Firefox/35.0"
114.119.157.43 - - [09/Sep/2020:19:24:11 -0400] "GET /robots.txt HTTP/1.0" 302 223 "-" "(compatible;PetalBot;+http://aspiegel.com/petalbot)"
35.231.179.228 - - [09/Sep/2020:20:05:00 -0400] "GET /RICH/robots.txt HTTP/1.0" 404 575 "-" "ZoominfoBot (zoominfobot at zoominfo dot com)"
35.231.179.228 - - [09/Sep/2020:20:05:00 -0400] "GET /RICH/robots.txt HTTP/1.0" 404 575 "-" "ZoominfoBot (zoominfobot at zoominfo dot com)"
114.119.129.200 - - [09/Sep/2020:20:07:00 -0400] "GET /RICH/login.html HTTP/1.0" 200 12888 "-" "Mozilla/5.0 (Linux; Android 7.0;) AppleWebKit/537.36 (KHTML, like Gecko) Mobile Safari/537.36 (compatible; PetalBot;+http://aspiegel.com/petalbot)"
77.88.5.60 - - [09/Sep/2020:21:03:05 -0400] "GET /robots.txt HTTP/1.0" 302 223 "-" "Mozilla/5.0 (compatible; YandexBot/3.0; +http://yandex.com/bots)"
114.119.135.224 - - [09/Sep/2020:21:51:23 -0400] "GET /robots.txt HTTP/1.0" 302 223 "-" "(compatible;PetalBot;+http://aspiegel.com/petalbot)"
66.249.70.25 - - [09/Sep/2020:22:05:35 -0400] "GET / HTTP/1.0" 302 213 "-" "Mozilla/5.0 (Linux; Android 6.0.1; Nexus 5X Build/MMB29P) AppleWebKit/537.36 (KHTML, like Gecko) Chrome/80.0.3987.92 Mobile Safari/537.36 (compatible; Googlebot/2.1; +http://www.google.com/bot.html)"
66.249.66.214 - - [09/Sep/2020:22:06:33 -0400] "GET /RICH/ HTTP/1.0" 200 52711 "-" "Mozilla/5.0 (Linux; Android 6.0.1; Nexus 5X Build/MMB29P) AppleWebKit/537.36 (KHTML, like Gecko) Chrome/80.0.3987.92 Mobile Safari/537.36 (compatible; Googlebot/2.1; +http://www.google.com/bot.html)"
34.219.117.215 - - [09/Sep/2020:22:53:15 -0400] "GET /RICH/www3/bofa HTTP/1.0" 404 575 "-" "Mozilla/5.0 (Macintosh; PPC Mac OS X 10.11; rv:49.0) Gecko/20100101 Firefox/49.0"
114.119.158.144 - - [09/Sep/2020:23:03:21 -0400] "GET /robots.txt HTTP/1.0" 302 223 "-" "(compatible;PetalBot;+http://aspiegel.com/petalbot)"
54.149.179.24 - - [09/Sep/2020:23:24:08 -0400] "GET /RICH/www3 HTTP/1.0" 404 575 "-" "Mozilla/5.0 (Macintosh; PPC Mac OS X 10.12; rv:54.0) Gecko/20100101 Firefox/54.0"
49.7.21.85 - - [09/Sep/2020:23:48:05 -0400] "GET /RICH/css/jquery-ui.css HTTP/1.0" 200 21738 "-" "Mozilla/4.0 (compatible; MSIE 7.0; Windows NT 6.0; Trident/4.0)"
66.102.6.88 - - [09/Sep/2020:00:20:10 -0400] "GET / HTTP/1.0" 302 213 "-" "Mozilla/5.0 (X11; Linux x86_64) AppleWebKit/537.36 (KHTML, like Gecko) Chrome/49.0.2623.75 Safari/537.36 Google Favicon"
114.119.133.53 - - [09/Sep/2020:05:00:57 -0400] "GET /RICH/page1.html HTTP/1.0" 200 53544 "-" "Mozilla/5.0 (Linux; Android 7.0;) AppleWebKit/537.36 (KHTML, like Gecko) Mobile Safari/537.36 (compatible; PetalBot;+http://aspiegel.com/petalbot)"
77.75.76.164 - - [09/Sep/2020:10:22:08 -0400] "GET /snackimages/41.jpg HTTP/1.0" 302 231 "-" "Mozilla/5.0 (compatible; SeznamBot/3.2; +http://napoveda.seznam.cz/en/seznambot-intro/)"
69.160.160.50 - - [09/Sep/2020:10:39:01 -0400] "GET /cdn-cgi/scripts/5c5dd728/cloudflare-static/email-decode.min.js HTTP/1.0" 302 275 "https://www.richinc.org/RICH/" "Mozilla/5.0 (X11; Linux x86_64) AppleWebKit/537.36 (KHTML, like Gecko) HeadlessChrome/78.0.3904.70 Safari/537.36"
69.160.160.50 - - [09/Sep/2020:10:39:01 -0400] "GET /RICH/js/jquery-ui.js HTTP/1.0" 200 45799 "https://www.richinc.org/RICH/" "Mozilla/5.0 (X11; Linux x86_64) AppleWebKit/537.36 (KHTML, like Gecko) HeadlessChrome/78.0.3904.70 Safari/537.36"
69.160.160.50 - - [09/Sep/2020:10:39:02 -0400] "GET /RICH/js/aos.js HTTP/1.0" 200 14244 "https://www.richinc.org/RICH/" "Mozilla/5.0 (X11; Linux x86_64) AppleWebKit/537.36 (KHTML, like Gecko) HeadlessChrome/78.0.3904.70 Safari/537.36"
69.160.160.50 - - [09/Sep/2020:10:39:02 -0400] "GET /RICH/js/mediaelement-and-player.min.js HTTP/1.0" 200 152469 "https://www.richinc.org/RICH/" "Mozilla/5.0 (X11; Linux x86_64) AppleWebKit/537.36 (KHTML, like Gecko) HeadlessChrome/78.0.3904.70 Safari/537.36"
69.160.160.50 - - [09/Sep/2020:10:39:02 -0400] "GET /RICH/image7.jpg HTTP/1.0" 200 568744 "https://www.richinc.org/RICH/" "Mozilla/5.0 (X11; Linux x86_64) AppleWebKit/537.36 (KHTML, like Gecko) HeadlessChrome/78.0.3904.70 Safari/537.36"
69.160.160.50 - - [09/Sep/2020:10:39:02 -0400] "GET /RICH/Image1.jpg HTTP/1.0" 200 1421241 "https://www.richinc.org/RICH/" "Mozilla/5.0 (X11; Linux x86_64) AppleWebKit/537.36 (KHTML, like Gecko) HeadlessChrome/78.0.3904.70 Safari/537.36"
69.160.160.50 - - [09/Sep/2020:10:39:02 -0400] "GET /RICH/images/gameLogo.png HTTP/1.0" 200 42587 "https://www.richinc.org/RICH/" "Mozilla/5.0 (X11; Linux x86_64) AppleWebKit/537.36 (KHTML, like Gecko) HeadlessChrome/78.0.3904.70 Safari/537.36"
69.160.160.50 - - [09/Sep/2020:10:39:02 -0400] "GET /RICH/Image4.jpg HTTP/1.0" 200 2910175 "https://www.richinc.org/RICH/" "Mozilla/5.0 (X11; Linux x86_64) AppleWebKit/537.36 (KHTML, like Gecko) HeadlessChrome/78.0.3904.70 Safari/537.36"
69.160.160.50 - - [09/Sep/2020:10:39:16 -0400] "GET /RICH/Account/redirect.html HTTP/1.0" 200 2264 "-" "Mozilla/5.0 (Windows NT 10.0; Win64; x64) AppleWebKit/537.36 (KHTML, like Gecko) Chrome/79.0.3945.130 Safari/537.36"
69.160.160.50 - - [09/Sep/2020:10:39:17 -0400] "GET /RICH/peace-run.html HTTP/1.0" 200 14034 "-" "Mozilla/5.0 (Windows NT 10.0; Win64; x64) AppleWebKit/537.36 (KHTML, like Gecko) Chrome/79.0.3945.130 Safari/537.36"
96.246.25.24 - - [09/Sep/2020:11:12:26 -0400] "GET /RICH/images/botbutton-crop.png HTTP/1.0" 200 7864 "https://www.richinc.org/RICH/" "Mozilla/5.0 (Macintosh; Intel Mac OS X 10_15_5) AppleWebKit/605.1.15 (KHTML, like Gecko) Version/13.1.1 Safari/605.1.15"
96.246.25.24 - - [09/Sep/2020:11:12:26 -0400] "GET /RICH/Image1.jpg HTTP/1.0" 200 1421241 "https://www.richinc.org/RICH/" "Mozilla/5.0 (Macintosh; Intel Mac OS X 10_15_5) AppleWebKit/605.1.15 (KHTML, like Gecko) Version/13.1.1 Safari/605.1.15"
96.246.25.24 - - [09/Sep/2020:11:12:26 -0400] "GET /RICH/images/considerate.png HTTP/1.0" 200 22730 "https://www.richinc.org/RICH/" "Mozilla/5.0 (Macintosh; Intel Mac OS X 10_15_5) AppleWebKit/605.1.15 (KHTML, like Gecko) Version/13.1.1 Safari/605.1.15"
35.203.245.123 - - [09/Sep/2020:11:34:52 -0400] "GET /RICH/css/magnific-popup.css HTTP/1.0" 200 6950 "https://www.richinc.org/RICH/" "Mozilla/5.0 (X11; Linux x86_64) AppleWebKit/537.36 (KHTML, like Gecko) HeadlessChrome/72.0.3617.0 Safari/537.36"
35.203.245.123 - - [09/Sep/2020:11:34:52 -0400] "GET /RICH/css/owl.theme.default.min.css HTTP/1.0" 200 965 "https://www.richinc.org/RICH/" "Mozilla/5.0 (X11; Linux x86_64) AppleWebKit/537.36 (KHTML, like Gecko) HeadlessChrome/72.0.3617.0 Safari/537.36"
35.203.245.123 - - [09/Sep/2020:11:34:52 -0400] "GET /RICH/js/jquery-ui.js HTTP/1.0" 200 45799 "https://www.richinc.org/RICH/" "Mozilla/5.0 (X11; Linux x86_64) AppleWebKit/537.36 (KHTML, like Gecko) HeadlessChrome/72.0.3617.0 Safari/537.36"
35.203.245.123 - - [09/Sep/2020:11:34:52 -0400] "GET /RICH/js/owl.carousel.min.js HTTP/1.0" 200 42766 "https://www.richinc.org/RICH/" "Mozilla/5.0 (X11; Linux x86_64) AppleWebKit/537.36 (KHTML, like Gecko) HeadlessChrome/72.0.3617.0 Safari/537.36"
35.203.245.123 - - [09/Sep/2020:11:34:52 -0400] "GET /RICH/images/LOGO.png HTTP/1.0" 200 48308 "https://www.richinc.org/RICH/" "Mozilla/5.0 (X11; Linux x86_64) AppleWebKit/537.36 (KHTML, like Gecko) HeadlessChrome/72.0.3617.0 Safari/537.36"
35.203.245.123 - - [09/Sep/2020:11:34:53 -0400] "GET /RICH/Image1.jpg HTTP/1.0" 200 1421241 "https://www.richinc.org/RICH/" "Mozilla/5.0 (X11; Linux x86_64) AppleWebKit/537.36 (KHTML, like Gecko) HeadlessChrome/72.0.3617.0 Safari/537.36"
35.203.245.123 - - [09/Sep/2020:11:34:54 -0400] "GET /RICH/images/playButton.png HTTP/1.0" 200 327681 "https://www.richinc.org/RICH/" "Mozilla/5.0 (X11; Linux x86_64) AppleWebKit/537.36 (KHTML, like Gecko) HeadlessChrome/72.0.3617.0 Safari/537.36"
114.119.133.53 - - [09/Sep/2020:11:48:25 -0400] "GET /RICH/login.html HTTP/1.0" 200 12888 "-" "Mozilla/5.0 (Linux; Android 7.0;) AppleWebKit/537.36 (KHTML, like Gecko) Mobile Safari/537.36 (compatible; PetalBot;+http://aspiegel.com/petalbot)"
77.75.77.32 - - [09/Sep/2020:12:18:46 -0400] "GET /robots.txt HTTP/1.0" 302 223 "-" "Mozilla/5.0 (compatible; SeznamBot/3.2; +http://napoveda.seznam.cz/en/seznambot-intro/)"
209.17.114.44 - - [09/Sep/2020:12:58:56 -0400] "GET /RICH/css/owl.carousel.min.css HTTP/1.0" 200 2936 "https://www.richinc.org/RICH/" "Mozilla/5.0 (Windows NT 10.0; Win64; x64) AppleWebKit/537.36 (KHTML, like Gecko) Chrome/85.0.4183.102 Safari/537.36"
209.17.114.44 - - [09/Sep/2020:12:58:56 -0400] "GET /RICH/css/bootstrap-datepicker.css HTTP/1.0" 200 17144 "https://www.richinc.org/RICH/" "Mozilla/5.0 (Windows NT 10.0; Win64; x64) AppleWebKit/537.36 (KHTML, like Gecko) Chrome/85.0.4183.102 Safari/537.36"
209.17.114.44 - - [09/Sep/2020:12:58:56 -0400] "GET /RICH/css/bootstrap.min.css HTTP/1.0" 200 159826 "https://www.richinc.org/RICH/" "Mozilla/5.0 (Windows NT 10.0; Win64; x64) AppleWebKit/537.36 (KHTML, like Gecko) Chrome/85.0.4183.102 Safari/537.36"
209.17.114.44 - - [09/Sep/2020:12:58:56 -0400] "GET /RICH/css/style.css HTTP/1.0" 200 48040 "https://www.richinc.org/RICH/" "Mozilla/5.0 (Windows NT 10.0; Win64; x64) AppleWebKit/537.36 (KHTML, like Gecko) Chrome/85.0.4183.102 Safari/537.36"
209.17.114.44 - - [09/Sep/2020:12:58:56 -0400] "GET /RICH/js/aos.js HTTP/1.0" 200 14244 "https://www.richinc.org/RICH/" "Mozilla/5.0 (Windows NT 10.0; Win64; x64) AppleWebKit/537.36 (KHTML, like Gecko) Chrome/85.0.4183.102 Safari/537.36"
209.17.114.44 - - [09/Sep/2020:12:58:56 -0400] "GET /RICH/js/mediaelement-and-player.min.js HTTP/1.0" 200 152469 "https://www.richinc.org/RICH/" "Mozilla/5.0 (Windows NT 10.0; Win64; x64) AppleWebKit/537.36 (KHTML, like Gecko) Chrome/85.0.4183.102 Safari/537.36"
209.17.114.44 - - [09/Sep/2020:12:58:56 -0400] "GET /RICH/js/jquery-ui.js HTTP/1.0" 200 45799 "https://www.richinc.org/RICH/" "Mozilla/5.0 (Windows NT 10.0; Win64; x64) AppleWebKit/537.36 (KHTML, like Gecko) Chrome/85.0.4183.102 Safari/537.36"
209.17.114.44 - - [09/Sep/2020:12:58:56 -0400] "GET /RICH/image7.jpg HTTP/1.0" 200 568744 "https://www.richinc.org/RICH/" "Mozilla/5.0 (Windows NT 10.0; Win64; x64) AppleWebKit/537.36 (KHTML, like Gecko) Chrome/85.0.4183.102 Safari/537.36"
209.17.114.44 - - [09/Sep/2020:12:58:57 -0400] "GET /RICH/images/matter.png HTTP/1.0" 200 20184 "https://www.richinc.org/RICH/" "Mozilla/5.0 (Windows NT 10.0; Win64; x64) AppleWebKit/537.36 (KHTML, like Gecko) Chrome/85.0.4183.102 Safari/537.36"
100.2.132.194 - - [09/Sep/2020:13:04:29 -0400] "GET /RICH/ HTTP/1.0" 200 52711 "-" "Mozilla/5.0 (Windows NT 10.0; Win64; x64) AppleWebKit/537.36 (KHTML, like Gecko) Chrome/85.0.4183.83 Safari/537.36"
100.2.132.194 - - [09/Sep/2020:13:04:30 -0400] "GET /cdn-cgi/scripts/5c5dd728/cloudflare-static/email-decode.min.js HTTP/1.0" 302 275 "https://www.richinc.org/RICH/" "Mozilla/5.0 (Windows NT 10.0; Win64; x64) AppleWebKit/537.36 (KHTML, like Gecko) Chrome/85.0.4183.83 Safari/537.36"
100.2.132.194 - - [09/Sep/2020:13:04:30 -0400] "GET /RICH/Image4.jpg HTTP/1.0" 200 2910175 "https://www.richinc.org/RICH/" "Mozilla/5.0 (Windows NT 10.0; Win64; x64) AppleWebKit/537.36 (KHTML, like Gecko) Chrome/85.0.4183.83 Safari/537.36"
100.2.132.194 - - [09/Sep/2020:13:04:31 -0400] "GET /RICH/QueensImage.jpg HTTP/1.0" 200 675817 "https://www.richinc.org/RICH/" "Mozilla/5.0 (Windows NT 10.0; Win64; x64) AppleWebKit/537.36 (KHTML, like Gecko) Chrome/85.0.4183.83 Safari/537.36"
3.20.222.241 - - [09/Sep/2020:13:32:20 -0400] "GET /RICH/css/bootstrap-datepicker.css HTTP/1.0" 200 17144 "https://www.richinc.org/RICH/index.html" "Mozilla/5.0 (X11; Linux x86_64) AppleWebKit/537.36 (KHTML, like Gecko) Chrome/79.0.3945.0 Safari/537.36"
3.20.222.241 - - [09/Sep/2020:13:32:20 -0400] "GET /RICH/css/aos.css HTTP/1.0" 200 25983 "https://www.richinc.org/RICH/index.html" "Mozilla/5.0 (X11; Linux x86_64) AppleWebKit/537.36 (KHTML, like Gecko) Chrome/79.0.3945.0 Safari/537.36"
3.131.97.71 - - [09/Sep/2020:13:32:20 -0400] "GET /RICH/css/jquery-ui.css HTTP/1.0" 200 21738 "https://www.richinc.org/RICH/mission.html" "Mozilla/5.0 (X11; Linux x86_64) AppleWebKit/537.36 (KHTML, like Gecko) Chrome/79.0.3945.0 Safari/537.36"
3.15.230.98 - - [09/Sep/2020:13:32:20 -0400] "GET /RICH/js/popper.min.js HTTP/1.0" 200 20336 "https://www.richinc.org/RICH/overview.html" "Mozilla/5.0 (X11; Linux x86_64) AppleWebKit/537.36 (KHTML, like Gecko) Chrome/79.0.3945.0 Safari/537.36"
3.20.222.241 - - [09/Sep/2020:13:32:20 -0400] "GET /RICH/js/jquery.stellar.min.js HTTP/1.0" 200 12597 "https://www.richinc.org/RICH/index.html" "Mozilla/5.0 (X11; Linux x86_64) AppleWebKit/537.36 (KHTML, like Gecko) Chrome/79.0.3945.0 Safari/537.36"
18.223.190.20 - - [09/Sep/2020:13:32:20 -0400] "GET /RICH/css/owl.theme.default.min.css HTTP/1.0" 200 965 "https://www.richinc.org/RICH/annual-reports.html" "Mozilla/5.0 (X11; Linux x86_64) AppleWebKit/537.36 (KHTML, like Gecko) Chrome/79.0.3945.0 Safari/537.36"
18.219.219.170 - - [09/Sep/2020:13:32:21 -0400] "GET /RICH/cdn-cgi/scripts/5c5dd728/cloudflare-static/email-decode.min.js HTTP/1.0" 404 575 "https://www.richinc.org/RICH/parents-investment-alliance.html" "Mozilla/5.0 (X11; Linux x86_64) AppleWebKit/537.36 (KHTML, like Gecko) Chrome/79.0.3945.0 Safari/537.36"
3.15.230.98 - - [09/Sep/2020:13:32:21 -0400] "GET /RICH/js/bootstrap-datepicker.min.js HTTP/1.0" 200 34172 "https://www.richinc.org/RICH/overview.html" "Mozilla/5.0 (X11; Linux x86_64) AppleWebKit/537.36 (KHTML, like Gecko) Chrome/79.0.3945.0 Safari/537.36"
18.223.190.20 - - [09/Sep/2020:13:32:21 -0400] "GET /RICH/css/aos.css HTTP/1.0" 200 25983 "https://www.richinc.org/RICH/annual-reports.html" "Mozilla/5.0 (X11; Linux x86_64) AppleWebKit/537.36 (KHTML, like Gecko) Chrome/79.0.3945.0 Safari/537.36"
18.223.190.20 - - [09/Sep/2020:13:32:21 -0400] "GET /RICH/fonts/flaticon/font/flaticon.css HTTP/1.0" 200 1250 "https://www.richinc.org/RICH/annual-reports.html" "Mozilla/5.0 (X11; Linux x86_64) AppleWebKit/537.36 (KHTML, like Gecko) Chrome/79.0.3945.0 Safari/537.36"
3.131.97.71 - - [09/Sep/2020:13:32:21 -0400] "GET /RICH/js/popper.min.js HTTP/1.0" 200 20336 "https://www.richinc.org/RICH/mission.html" "Mozilla/5.0 (X11; Linux x86_64) AppleWebKit/537.36 (KHTML, like Gecko) Chrome/79.0.3945.0 Safari/537.36"
18.223.190.20 - - [09/Sep/2020:13:32:21 -0400] "GET /RICH/js/jquery.stellar.min.js HTTP/1.0" 200 12597 "https://www.richinc.org/RICH/annual-reports.html" "Mozilla/5.0 (X11; Linux x86_64) AppleWebKit/537.36 (KHTML, like Gecko) Chrome/79.0.3945.0 Safari/537.36"
3.17.144.121 - - [09/Sep/2020:13:32:22 -0400] "GET /RICH/js/mediaelement-and-player.min.js HTTP/1.0" 200 152469 "https://www.richinc.org/RICH/graduate-testimonials.html" "Mozilla/5.0 (X11; Linux x86_64) AppleWebKit/537.36 (KHTML, like Gecko) Chrome/79.0.3945.0 Safari/537.36"
42.236.10.91 - - [09/Sep/2020:15:05:14 -0400] "GET / HTTP/1.0" 302 213 "http://richinc.org/" "Mozilla/5.0 (Windows NT 6.1; WOW64) AppleWebKit/537.36 (KHTML, like Gecko) Chrome/50.4.2661.102 Safari/537.36; 360Spider"
77.88.5.91 - - [09/Sep/2020:15:18:28 -0400] "GET /RICH/robots.txt HTTP/1.0" 404 575 "-" "Mozilla/5.0 (compatible; YandexBot/3.0; +http://yandex.com/bots)"
206.253.224.14 - - [09/Sep/2020:15:45:36 -0400] "GET /robots.txt HTTP/1.0" 302 223 "-" "Mozilla/5.0 (compatible; oBot/2.3.1; http://www.xforce-security.com/crawler/)"
206.253.224.14 - - [09/Sep/2020:15:45:36 -0400] "GET /RICH/robots.txt HTTP/1.0" 404 575 "-" "Mozilla/5.0 (compatible; oBot/2.3.1; http://www.xforce-security.com/crawler/)"
206.253.224.14 - - [09/Sep/2020:15:45:37 -0400] "GET /RICH/ HTTP/1.0" 200 52711 "-" "Mozilla/5.0 (compatible; oBot/2.3.1; http://www.xforce-security.com/crawler/)"
185.191.171.6 - - [09/Sep/2020:16:25:53 -0400] "GET /robots.txt HTTP/1.0" 302 223 "-" "Mozilla/5.0 (compatible; SemrushBot/6~bl; +http://www.semrush.com/bot.html)"
77.75.76.166 - - [09/Sep/2020:17:28:46 -0400] "GET /robots.txt HTTP/1.0" 302 223 "-" "Mozilla/5.0 (compatible; SeznamBot/3.2; +http://napoveda.seznam.cz/en/seznambot-intro/)"
124.206.180.133 - - [09/Sep/2020:18:51:23 -0400] "GET /RICH/ HTTP/1.0" 200 52711 "-" "Mozilla/5.0 Firefox/35.0"
35.231.179.228 - - [09/Sep/2020:20:05:01 -0400] "GET /RICH/ HTTP/1.0" 200 52711 "-" "ZoominfoBot (zoominfobot at zoominfo dot com)"
49.7.21.113 - - [09/Sep/2020:22:27:17 -0400] "GET / HTTP/1.0" 302 213 "-" "Sogou web spider/4.0(+http://www.sogou.com/docs/help/webmasters.htm#07)"
77.88.5.227 - - [09/Sep/2020:22:51:52 -0400] "GET /robots.txt HTTP/1.0" 302 223 "-" "Mozilla/5.0 (compatible; YandexBot/3.0; +http://yandex.com/bots)"
93.158.161.1 - - [09/Sep/2020:22:51:57 -0400] "GET /RICH/images/favicon.ico HTTP/1.0" 200 4312 "-" "Mozilla/5.0 (compatible; YandexImages/3.0; +http://yandex.com/bots)"
114.119.140.13 - - [09/Sep/2020:06:23:35 -0400] "GET /robots.txt HTTP/1.0" 302 223 "-" "(compatible;PetalBot;+http://aspiegel.com/petalbot)"
69.160.160.50 - - [09/Sep/2020:10:38:59 -0400] "GET /RICH/ HTTP/1.0" 200 52711 "http://richinc.org" "Mozilla/5.0 (Macintosh; Intel Mac OS X 10_12_1) AppleWebKit/537.36 (KHTML, like Gecko) Chrome/58.0.3029.110 Safari/537.36"
69.160.160.50 - - [09/Sep/2020:10:39:01 -0400] "GET /RICH/css/bot.css HTTP/1.0" 200 1399 "https://www.richinc.org/RICH/" "Mozilla/5.0 (X11; Linux x86_64) AppleWebKit/537.36 (KHTML, like Gecko) HeadlessChrome/78.0.3904.70 Safari/537.36"
69.160.160.50 - - [09/Sep/2020:10:39:01 -0400] "GET /RICH/js/jquery-migrate-3.0.1.min.js HTTP/1.0" 200 11421 "https://www.richinc.org/RICH/" "Mozilla/5.0 (X11; Linux x86_64) AppleWebKit/537.36 (KHTML, like Gecko) HeadlessChrome/78.0.3904.70 Safari/537.36"
69.160.160.50 - - [09/Sep/2020:10:39:02 -0400] "GET /RICH/js/bootstrap.min.js HTTP/1.0" 200 51039 "https://www.richinc.org/RICH/" "Mozilla/5.0 (X11; Linux x86_64) AppleWebKit/537.36 (KHTML, like Gecko) HeadlessChrome/78.0.3904.70 Safari/537.36"
96.246.25.24 - - [09/Sep/2020:11:12:25 -0400] "GET /RICH/css/jquery-ui.css HTTP/1.0" 200 21738 "https://www.richinc.org/RICH/" "Mozilla/5.0 (Macintosh; Intel Mac OS X 10_15_5) AppleWebKit/605.1.15 (KHTML, like Gecko) Version/13.1.1 Safari/605.1.15"
96.246.25.24 - - [09/Sep/2020:11:12:25 -0400] "GET /RICH/js/jquery-migrate-3.0.1.min.js HTTP/1.0" 200 11421 "https://www.richinc.org/RICH/" "Mozilla/5.0 (Macintosh; Intel Mac OS X 10_15_5) AppleWebKit/605.1.15 (KHTML, like Gecko) Version/13.1.1 Safari/605.1.15"
35.203.245.123 - - [09/Sep/2020:11:34:52 -0400] "GET /RICH/css/style.css HTTP/1.0" 200 48040 "https://www.richinc.org/RICH/" "Mozilla/5.0 (X11; Linux x86_64) AppleWebKit/537.36 (KHTML, like Gecko) HeadlessChrome/72.0.3617.0 Safari/537.36"
35.203.245.123 - - [09/Sep/2020:11:34:52 -0400] "GET /RICH/js/jquery-3.3.1.min.js HTTP/1.0" 200 86926 "https://www.richinc.org/RICH/" "Mozilla/5.0 (X11; Linux x86_64) AppleWebKit/537.36 (KHTML, like Gecko) HeadlessChrome/72.0.3617.0 Safari/537.36"
35.203.245.123 - - [09/Sep/2020:11:34:54 -0400] "GET /RICH/images/matter.png HTTP/1.0" 200 20184 "https://www.richinc.org/RICH/" "Mozilla/5.0 (X11; Linux x86_64) AppleWebKit/537.36 (KHTML, like Gecko) HeadlessChrome/72.0.3617.0 Safari/537.36"
35.203.245.123 - - [09/Sep/2020:11:34:54 -0400] "GET /RICH/images/strategies.png HTTP/1.0" 200 22315 "https://www.richinc.org/RICH/" "Mozilla/5.0 (X11; Linux x86_64) AppleWebKit/537.36 (KHTML, like Gecko) HeadlessChrome/72.0.3617.0 Safari/537.36"
209.17.114.44 - - [09/Sep/2020:12:58:57 -0400] "GET /RICH/css/jquery-ui.css HTTP/1.0" 200 21738 "https://www.richinc.org/RICH/" "Mozilla/5.0 (Windows NT 10.0; Win64; x64) AppleWebKit/537.36 (KHTML, like Gecko) Chrome/85.0.4183.102 Safari/537.36"
209.17.114.44 - - [09/Sep/2020:12:58:58 -0400] "GET /RICH/css/aos.css HTTP/1.0" 200 25983 "https://www.richinc.org/RICH/" "Mozilla/5.0 (Windows NT 10.0; Win64; x64) AppleWebKit/537.36 (KHTML, like Gecko) Chrome/85.0.4183.102 Safari/537.36"
209.17.114.44 - - [09/Sep/2020:12:58:58 -0400] "GET /RICH/js/bootstrap.min.js HTTP/1.0" 200 51039 "https://www.richinc.org/RICH/" "Mozilla/5.0 (Windows NT 10.0; Win64; x64) AppleWebKit/537.36 (KHTML, like Gecko) Chrome/85.0.4183.102 Safari/537.36"
3.15.230.98 - - [09/Sep/2020:13:32:21 -0400] "GET /RICH/js/jquery-migrate-3.0.1.min.js HTTP/1.0" 200 11421 "https://www.richinc.org/RICH/overview.html" "Mozilla/5.0 (X11; Linux x86_64) AppleWebKit/537.36 (KHTML, like Gecko) Chrome/79.0.3945.0 Safari/537.36"
3.131.97.71 - - [09/Sep/2020:13:32:21 -0400] "GET /RICH/css/owl.theme.default.min.css HTTP/1.0" 200 965 "https://www.richinc.org/RICH/mission.html" "Mozilla/5.0 (X11; Linux x86_64) AppleWebKit/537.36 (KHTML, like Gecko) Chrome/79.0.3945.0 Safari/537.36"
3.20.222.241 - - [09/Sep/2020:13:32:21 -0400] "GET /RICH/js/bootstrap.min.js HTTP/1.0" 200 51039 "https://www.richinc.org/RICH/index.html" "Mozilla/5.0 (X11; Linux x86_64) AppleWebKit/537.36 (KHTML, like Gecko) Chrome/79.0.3945.0 Safari/537.36"
3.20.222.241 - - [09/Sep/2020:13:32:21 -0400] "GET /RICH/js/jquery.countdown.min.js HTTP/1.0" 200 5339 "https://www.richinc.org/RICH/index.html" "Mozilla/5.0 (X11; Linux x86_64) AppleWebKit/537.36 (KHTML, like Gecko) Chrome/79.0.3945.0 Safari/537.36"
18.219.219.170 - - [09/Sep/2020:13:32:21 -0400] "GET /RICH/js/jquery.countdown.min.js HTTP/1.0" 200 5339 "https://www.richinc.org/RICH/parents-investment-alliance.html" "Mozilla/5.0 (X11; Linux x86_64) AppleWebKit/537.36 (KHTML, like Gecko) Chrome/79.0.3945.0 Safari/537.36"
3.15.230.98 - - [09/Sep/2020:13:32:21 -0400] "GET /RICH/js/jquery.stellar.min.js HTTP/1.0" 200 12597 "https://www.richinc.org/RICH/overview.html" "Mozilla/5.0 (X11; Linux x86_64) AppleWebKit/537.36 (KHTML, like Gecko) Chrome/79.0.3945.0 Safari/537.36"
3.131.97.71 - - [09/Sep/2020:13:32:21 -0400] "GET /RICH/css/style.css HTTP/1.0" 200 48040 "https://www.richinc.org/RICH/mission.html" "Mozilla/5.0 (X11; Linux x86_64) AppleWebKit/537.36 (KHTML, like Gecko) Chrome/79.0.3945.0 Safari/537.36"
3.17.144.121 - - [09/Sep/2020:13:32:23 -0400] "GET /RICH/fonts/icomoon/style.css HTTP/1.0" 200 79820 "https://www.richinc.org/RICH/graduate-testimonials.html" "Mozilla/5.0 (X11; Linux x86_64) AppleWebKit/537.36 (KHTML, like Gecko) Chrome/79.0.3945.0 Safari/537.36"
3.17.144.121 - - [09/Sep/2020:13:32:23 -0400] "GET /RICH/css/animate.css HTTP/1.0" 200 77748 "https://www.richinc.org/RICH/graduate-testimonials.html" "Mozilla/5.0 (X11; Linux x86_64) AppleWebKit/537.36 (KHTML, like Gecko) Chrome/79.0.3945.0 Safari/537.36"
77.88.5.9 - - [09/Sep/2020:15:18:27 -0400] "GET /robots.txt HTTP/1.0" 302 223 "-" "Mozilla/5.0 (compatible; YandexBot/3.0; +http://yandex.com/bots)"
