192.99.4.140 - - [10/Sep/2020:02:56:47 -0400] "GET /robots.txt HTTP/1.0" 302 223 "-" "Mozilla/5.0 (compatible; MJ12bot/v1.4.8; http://mj12bot.com/)"
220.181.77.162 - - [10/Sep/2020:07:21:36 -0400] "GET /RICH/js/jquery.stellar.min.js HTTP/1.0" 200 12597 "http://www.richinc.org/RICH/parents-investment-alliance.html" "Mozilla/5.0 (Linux; U; Android 2.2; en-ca; GT-P1000M Build/FROYO) AppleWebKit/533.1 (KHTML, like Gecko) Version/4.0 Mobile Safari/533.1"
220.181.77.162 - - [10/Sep/2020:07:21:58 -0400] "GET /RICH/css/style.css HTTP/1.0" 200 48040 "http://www.richinc.org/RICH/parents-investment-alliance.html" "Mozilla/5.0 (Linux; U; Android 2.2; en-ca; GT-P1000M Build/FROYO) AppleWebKit/533.1 (KHTML, like Gecko) Version/4.0 Mobile Safari/533.1"
220.181.77.162 - - [10/Sep/2020:07:22:00 -0400] "GET /RICH/js/owl.carousel.min.js HTTP/1.0" 200 42766 "http://www.richinc.org/RICH/parents-investment-alliance.html" "Mozilla/5.0 (Linux; U; Android 2.2; en-ca; GT-P1000M Build/FROYO) AppleWebKit/533.1 (KHTML, like Gecko) Version/4.0 Mobile Safari/533.1"
220.181.77.162 - - [10/Sep/2020:07:22:01 -0400] "GET /RICH/js/jquery-ui.js HTTP/1.0" 200 45799 "http://www.richinc.org/RICH/parents-investment-alliance.html" "Mozilla/5.0 (Linux; U; Android 2.2; en-ca; GT-P1000M Build/FROYO) AppleWebKit/533.1 (KHTML, like Gecko) Version/4.0 Mobile Safari/533.1"
220.181.77.162 - - [10/Sep/2020:07:22:02 -0400] "GET /RICH/js/jquery.stellar.min.js HTTP/1.0" 200 12597 "http://www.richinc.org/RICH/parents-investment-alliance.html" "Mozilla/5.0 (Linux; U; Android 2.2; en-ca; GT-P1000M Build/FROYO) AppleWebKit/533.1 (KHTML, like Gecko) Version/4.0 Mobile Safari/533.1"
220.181.77.162 - - [10/Sep/2020:07:22:06 -0400] "GET /RICH/js/aos.js HTTP/1.0" 200 14244 "http://www.richinc.org/RICH/parents-investment-alliance.html" "Mozilla/5.0 (Linux; U; Android 2.2; en-ca; GT-P1000M Build/FROYO) AppleWebKit/533.1 (KHTML, like Gecko) Version/4.0 Mobile Safari/533.1"
184.154.139.16 - - [10/Sep/2020:07:23:33 -0400] "GET /RICH/annual-reports.html HTTP/1.0" 200 10564 "-" "SiteLockSpider [en] (WinNT; I ;Nav)"
184.154.139.16 - - [10/Sep/2020:07:23:35 -0400] "GET /RICH/graduate-testimonials.html HTTP/1.0" 200 15380 "-" "SiteLockSpider [en] (WinNT; I ;Nav)"
184.154.139.16 - - [10/Sep/2020:07:23:43 -0400] "GET /RICH/css/owl.carousel.min.css HTTP/1.0" 200 2936 "http://www.google.com/url?url=www.richinc.org&yahoo.com" "Mozilla/5.0 (compatible; MSIE 9.0; Windows NT 6.1; WOW64; Trident/6.0)"
184.154.139.16 - - [10/Sep/2020:07:23:44 -0400] "GET /RICH/css/owl.theme.default.min.css HTTP/1.0" 200 965 "-" "SiteLockSpider [en] (WinNT; I ;Nav)"
184.154.139.16 - - [10/Sep/2020:07:23:51 -0400] "GET /RICH/js/aos.js HTTP/1.0" 200 14244 "-" "SiteLockSpider [en] (WinNT; I ;Nav)"
184.154.139.16 - - [10/Sep/2020:07:24:07 -0400] "GET /RICH/js/jquery.magnific-popup.min.js HTTP/1.0" 200 20216 "-" "SiteLockSpider [en] (WinNT; I ;Nav)"
184.154.139.16 - - [10/Sep/2020:07:24:09 -0400] "GET /RICH/fonts/flaticon/font/flaticon.css HTTP/1.0" 200 1250 "http://www.google.com/url?url=www.richinc.org&yahoo.com" "Mozilla/5.0 (compatible; MSIE 9.0; Windows NT 6.1; WOW64; Trident/6.0)"
184.154.139.16 - - [10/Sep/2020:07:24:10 -0400] "GET /RICH/roster.html HTTP/1.0" 200 27402 "-" "SiteLockSpider [en] (WinNT; I ;Nav)"
184.154.139.16 - - [10/Sep/2020:07:24:11 -0400] "GET /RICH/overview.html HTTP/1.0" 200 11800 "-" "SiteLockSpider [en] (WinNT; I ;Nav)"
184.154.139.16 - - [10/Sep/2020:07:24:11 -0400] "GET /RICH/board-directors.html HTTP/1.0" 200 12545 "-" "SiteLockSpider [en] (WinNT; I ;Nav)"
184.154.139.16 - - [10/Sep/2020:07:24:12 -0400] "GET /RICH/page4.html HTTP/1.0" 200 19961 "-" "SiteLockSpider [en] (WinNT; I ;Nav)"
184.154.139.16 - - [10/Sep/2020:07:24:13 -0400] "GET /RICH/page3.html HTTP/1.0" 200 49217 "-" "SiteLockSpider [en] (WinNT; I ;Nav)"
184.154.139.16 - - [10/Sep/2020:07:24:14 -0400] "GET /RICH/js/jquery-3.3.1.min.js HTTP/1.0" 200 86926 "-" "SiteLockSpider [en] (WinNT; I ;Nav)"
184.154.139.16 - - [10/Sep/2020:07:24:16 -0400] "GET /RICH/js/jquery-migrate-3.0.1.min.js HTTP/1.0" 200 11421 "-" "SiteLockSpider [en] (WinNT; I ;Nav)"
184.154.139.16 - - [10/Sep/2020:07:24:16 -0400] "GET /RICH/css/aos.css HTTP/1.0" 200 25983 "-" "SiteLockSpider [en] (WinNT; I ;Nav)"
184.154.139.16 - - [10/Sep/2020:07:24:18 -0400] "GET /RICH/cdn-cgi/scripts/5c5dd728/cloudflare-static/email-decode.min.js HTTP/1.0" 404 575 "-" "SiteLockSpider [en] (WinNT; I ;Nav)"
114.119.145.88 - - [10/Sep/2020:08:35:49 -0400] "GET /RICH/robots.txt HTTP/1.0" 404 575 "-" "(compatible;PetalBot;+http://aspiegel.com/petalbot)"
114.119.129.200 - - [10/Sep/2020:09:43:11 -0400] "GET /RICH/register.html HTTP/1.0" 200 15847 "-" "Mozilla/5.0 (Linux; Android 7.0;) AppleWebKit/537.36 (KHTML, like Gecko) Mobile Safari/537.36 (compatible; PetalBot;+http://aspiegel.com/petalbot)"
95.216.96.243 - - [10/Sep/2020:09:50:20 -0400] "GET /RICH/board-directors.html HTTP/1.0" 200 12545 "https://www.richinc.org/RICH/" "Mozilla/5.0 (compatible; SEOkicks; +https://www.seokicks.de/robot.html)"
176.9.47.122 - - [10/Sep/2020:09:57:30 -0400] "GET / HTTP/1.0" 302 213 "-" "Mozilla/5.0 (Windows NT 10.0; Win64; x64; rv:79.0) Gecko/20100101 Firefox/79.0"
176.9.47.122 - - [10/Sep/2020:09:57:31 -0400] "GET /RICH/js/popper.min.js HTTP/1.0" 200 20336 "https://www.richinc.org/RICH/" "Mozilla/5.0 (Windows NT 10.0; Win64; x64; rv:79.0) Gecko/20100101 Firefox/79.0"
95.216.96.243 - - [10/Sep/2020:10:20:45 -0400] "GET /RICH/snack.MOV HTTP/1.0" 200 3763741 "https://www.richinc.org/RICH/projectsnack.html" "Mozilla/5.0 (compatible; SEOkicks; +https://www.seokicks.de/robot.html)"
95.216.96.243 - - [10/Sep/2020:10:20:48 -0400] "GET /RICH/first-graduates.html HTTP/1.0" 200 17133 "https://www.richinc.org/RICH/" "Mozilla/5.0 (compatible; SEOkicks; +https://www.seokicks.de/robot.html)"
107.178.238.28 - - [10/Sep/2020:11:16:10 -0400] "GET /RICH/css/owl.theme.default.min.css HTTP/1.0" 200 965 "https://www.richinc.org/RICH/" "Mozilla/5.0 (X11; Linux x86_64) AppleWebKit/537.36 (KHTML, like Gecko) HeadlessChrome/72.0.3617.0 Safari/537.36"
107.178.238.28 - - [10/Sep/2020:11:16:11 -0400] "GET /RICH/css/bootstrap-datepicker.css HTTP/1.0" 200 17144 "https://www.richinc.org/RICH/" "Mozilla/5.0 (X11; Linux x86_64) AppleWebKit/537.36 (KHTML, like Gecko) HeadlessChrome/72.0.3617.0 Safari/537.36"
107.178.238.28 - - [10/Sep/2020:11:16:11 -0400] "GET /RICH/css/style.css HTTP/1.0" 200 48040 "https://www.richinc.org/RICH/" "Mozilla/5.0 (X11; Linux x86_64) AppleWebKit/537.36 (KHTML, like Gecko) HeadlessChrome/72.0.3617.0 Safari/537.36"
107.178.238.28 - - [10/Sep/2020:11:16:11 -0400] "GET /RICH/js/jquery.countdown.min.js HTTP/1.0" 200 5339 "https://www.richinc.org/RICH/" "Mozilla/5.0 (X11; Linux x86_64) AppleWebKit/537.36 (KHTML, like Gecko) HeadlessChrome/72.0.3617.0 Safari/537.36"
107.178.238.28 - - [10/Sep/2020:11:16:11 -0400] "GET /RICH/images/rich-image1.jpg HTTP/1.0" 200 99047 "https://www.richinc.org/RICH/" "Mozilla/5.0 (X11; Linux x86_64) AppleWebKit/537.36 (KHTML, like Gecko) HeadlessChrome/72.0.3617.0 Safari/537.36"
107.178.238.28 - - [10/Sep/2020:11:16:13 -0400] "GET /RICH/images/matter.png HTTP/1.0" 200 20184 "https://www.richinc.org/RICH/" "Mozilla/5.0 (X11; Linux x86_64) AppleWebKit/537.36 (KHTML, like Gecko) HeadlessChrome/72.0.3617.0 Safari/537.36"
107.178.238.28 - - [10/Sep/2020:11:16:14 -0400] "GET /RICH/images/gameLogo.png HTTP/1.0" 200 42587 "https://www.richinc.org/RICH/" "Mozilla/5.0 (X11; Linux x86_64) AppleWebKit/537.36 (KHTML, like Gecko) HeadlessChrome/72.0.3617.0 Safari/537.36"
54.36.148.23 - - [10/Sep/2020:11:21:30 -0400] "GET /RICH/robots.txt HTTP/1.0" 404 575 "-" "Mozilla/5.0 (compatible; AhrefsBot/6.1; +http://ahrefs.com/robot/)"
49.7.20.131 - - [10/Sep/2020:11:27:07 -0400] "GET / HTTP/1.0" 302 213 "-" "Sogou web spider/4.0(+http://www.sogou.com/docs/help/webmasters.htm#07)"
49.7.20.131 - - [10/Sep/2020:11:31:25 -0400] "GET /RICH/ HTTP/1.0" 200 52711 "-" "Sogou web spider/4.0(+http://www.sogou.com/docs/help/webmasters.htm#07)"
72.79.42.130 - - [10/Sep/2020:11:36:19 -0400] "GET / HTTP/1.0" 302 213 "https://www.google.com/" "Mozilla/5.0 (Windows NT 10.0; Win64; x64) AppleWebKit/537.36 (KHTML, like Gecko) Chrome/85.0.4183.102 Safari/537.36"
72.79.42.130 - - [10/Sep/2020:11:36:19 -0400] "GET /RICH/images/botbutton-crop.png HTTP/1.0" 200 7864 "https://www.richinc.org/RICH/" "Mozilla/5.0 (Windows NT 10.0; Win64; x64) AppleWebKit/537.36 (KHTML, like Gecko) Chrome/85.0.4183.102 Safari/537.36"
72.79.42.130 - - [10/Sep/2020:11:36:20 -0400] "GET /RICH/images/considerate.png HTTP/1.0" 200 22730 "https://www.richinc.org/RICH/" "Mozilla/5.0 (Windows NT 10.0; Win64; x64) AppleWebKit/537.36 (KHTML, like Gecko) Chrome/85.0.4183.102 Safari/537.36"
72.79.42.130 - - [10/Sep/2020:11:36:19 -0400] "GET /RICH/Image5.jpg HTTP/1.0" 200 2409299 "https://www.richinc.org/RICH/" "Mozilla/5.0 (Windows NT 10.0; Win64; x64) AppleWebKit/537.36 (KHTML, like Gecko) Chrome/85.0.4183.102 Safari/537.36"
77.88.5.62 - - [10/Sep/2020:11:38:06 -0400] "GET /RICH/robots.txt HTTP/1.0" 404 575 "-" "Mozilla/5.0 (compatible; YandexBot/3.0; +http://yandex.com/bots)"
35.231.61.14 - - [10/Sep/2020:11:41:27 -0400] "GET /RICH/privacy-policy.html HTTP/1.0" 200 14593 "-" "ZoominfoBot (zoominfobot at zoominfo dot com)"
35.231.61.14 - - [10/Sep/2020:12:08:23 -0400] "GET /RICH/partnership-opportunities.html HTTP/1.0" 200 14323 "-" "ZoominfoBot (zoominfobot at zoominfo dot com)"
157.55.39.32 - - [10/Sep/2020:14:44:04 -0400] "GET /robots.txt HTTP/1.0" 302 223 "-" "Mozilla/5.0 (compatible; bingbot/2.0; +http://www.bing.com/bingbot.htm)"
34.73.120.62 - - [10/Sep/2020:15:46:24 -0400] "GET /RICH/robots.txt HTTP/1.0" 404 575 "-" "ZoominfoBot (zoominfobot at zoominfo dot com)"
34.73.120.62 - - [10/Sep/2020:15:46:24 -0400] "GET /RICH/parents-investment-alliance.html HTTP/1.0" 200 13078 "-" "ZoominfoBot (zoominfobot at zoominfo dot com)"
34.73.120.62 - - [10/Sep/2020:15:58:49 -0400] "GET /RICH/sdlp.html HTTP/1.0" 200 16959 "-" "ZoominfoBot (zoominfobot at zoominfo dot com)"
34.73.120.62 - - [10/Sep/2020:16:00:42 -0400] "GET /RICH/graduate-testimonials.html HTTP/1.0" 200 15380 "-" "ZoominfoBot (zoominfobot at zoominfo dot com)"
34.73.120.62 - - [10/Sep/2020:16:07:04 -0400] "GET /RICH/rich-learning-system.html HTTP/1.0" 200 13174 "-" "ZoominfoBot (zoominfobot at zoominfo dot com)"
34.73.120.62 - - [10/Sep/2020:16:11:46 -0400] "GET /RICH/contact-us.html HTTP/1.0" 200 13639 "-" "ZoominfoBot (zoominfobot at zoominfo dot com)"
34.73.120.62 - - [10/Sep/2020:16:17:06 -0400] "GET /RICH/partnership-opportunities.html HTTP/1.0" 200 14323 "-" "ZoominfoBot (zoominfobot at zoominfo dot com)"
114.119.150.166 - - [10/Sep/2020:17:30:19 -0400] "GET /RICH/page2.html HTTP/1.0" 200 48877 "-" "Mozilla/5.0 (Linux; Android 7.0;) AppleWebKit/537.36 (KHTML, like Gecko) Mobile Safari/537.36 (compatible; PetalBot;+http://aspiegel.com/petalbot)"
185.191.171.1 - - [10/Sep/2020:18:38:38 -0400] "GET /RICH/ HTTP/1.0" 200 52711 "-" "Mozilla/5.0 (compatible; SemrushBot/6~bl; +http://www.semrush.com/bot.html)"
54.36.148.185 - - [10/Sep/2020:19:29:57 -0400] "GET / HTTP/1.0" 302 213 "-" "Mozilla/5.0 (compatible; AhrefsBot/7.0; +http://ahrefs.com/robot/)"
173.231.59.205 - - [10/Sep/2020:20:11:10 -0400] "GET /RICH/index.html HTTP/1.0" 200 52711 "https://www.richinc.org/" "Mozilla/5.0 (compatible; Adsbot/3.1)"
173.231.59.205 - - [10/Sep/2020:20:13:08 -0400] "GET /RICH/projectsnack.html HTTP/1.0" 200 18989 "https://www.richinc.org/" "Mozilla/5.0 (compatible; Adsbot/3.1)"
78.47.238.17 - - [10/Sep/2020:21:15:44 -0400] "GET /RICH/ricardo-H-essay.html HTTP/1.0" 404 575 "-" "pimeyes.com crawler"
78.47.238.17 - - [10/Sep/2020:21:15:44 -0400] "GET /RICH/nija-W-essay.html HTTP/1.0" 404 575 "-" "pimeyes.com crawler"
173.231.59.205 - - [10/Sep/2020:21:19:21 -0400] "GET /RICH/page2.html HTTP/1.0" 200 48877 "https://www.richinc.org/" "Mozilla/5.0 (compatible; Adsbot/3.1)"
173.231.59.205 - - [10/Sep/2020:21:28:04 -0400] "GET /snackimages/11.jpg HTTP/1.0" 302 231 "https://www.richinc.org/" "Mozilla/5.0 (compatible; Adsbot/3.1)"
173.231.59.205 - - [10/Sep/2020:21:28:41 -0400] "GET /snackimages/19.jpg HTTP/1.0" 302 231 "https://www.richinc.org/" "Mozilla/5.0 (compatible; Adsbot/3.1)"
173.231.59.205 - - [10/Sep/2020:21:28:46 -0400] "GET /snackimages/21.jpg HTTP/1.0" 302 231 "https://www.richinc.org/" "Mozilla/5.0 (compatible; Adsbot/3.1)"
173.231.59.205 - - [10/Sep/2020:21:34:04 -0400] "GET /RICH/www.richinc.org HTTP/1.0" 404 575 "https://www.richinc.org/" "Mozilla/5.0 (compatible; Adsbot/3.1)"
106.38.241.170 - - [10/Sep/2020:22:21:09 -0400] "GET /RICH/ HTTP/1.0" 200 52711 "-" "Sogou web spider/4.0(+http://www.sogou.com/docs/help/webmasters.htm#07)"
173.231.59.205 - - [10/Sep/2020:22:21:30 -0400] "GET /RICH/snackimages/22.png HTTP/1.0" 200 3614818 "https://www.richinc.org/" "Mozilla/5.0 (compatible; Adsbot/3.1)"
173.231.59.205 - - [10/Sep/2020:22:22:02 -0400] "GET /RICH/snackimages/30.jpg HTTP/1.0" 200 8112 "https://www.richinc.org/" "Mozilla/5.0 (compatible; Adsbot/3.1)"
173.231.59.205 - - [10/Sep/2020:22:22:50 -0400] "GET /RICH/snackimages/39.jpg HTTP/1.0" 200 57839 "https://www.richinc.org/" "Mozilla/5.0 (compatible; Adsbot/3.1)"
114.119.159.87 - - [10/Sep/2020:22:34:11 -0400] "GET /RICH/robots.txt HTTP/1.0" 404 575 "-" "(compatible;PetalBot;+http://aspiegel.com/petalbot)"
88.218.17.117 - - [10/Sep/2020:22:40:32 -0400] "GET /xmlrpc.php HTTP/1.0" 302 223 "http://richinc.org/xmlrpc.php" "\"Mozilla/5.0 (Windows NT 6.1; WOW64; rv:32.0) Gecko/20100101 Firefox/32.0\""
88.218.17.117 - - [10/Sep/2020:22:40:32 -0400] "GET /blog/xmlrpc.php HTTP/1.0" 302 228 "http://richinc.org/blog/xmlrpc.php" "\"Mozilla/5.0 (Windows NT 6.1; WOW64; rv:32.0) Gecko/20100101 Firefox/32.0\""
114.119.129.200 - - [10/Sep/2020:22:48:42 -0400] "GET / HTTP/1.0" 302 213 "-" "Mozilla/5.0 (Linux; Android 7.0;) AppleWebKit/537.36 (KHTML, like Gecko) Mobile Safari/537.36 (compatible; PetalBot;+http://aspiegel.com/petalbot)"
24.90.48.127 - - [10/Sep/2020:22:56:28 -0400] "GET /RICH/css/magnific-popup.css HTTP/1.0" 200 6950 "https://www.richinc.org/RICH/" "Mozilla/5.0 (Windows NT 10.0; Win64; x64) AppleWebKit/537.36 (KHTML, like Gecko) Chrome/84.0.4147.135 Safari/537.36"
24.90.48.127 - - [10/Sep/2020:22:56:28 -0400] "GET /RICH/fonts/flaticon/font/flaticon.css HTTP/1.0" 200 1250 "https://www.richinc.org/RICH/" "Mozilla/5.0 (Windows NT 10.0; Win64; x64) AppleWebKit/537.36 (KHTML, like Gecko) Chrome/84.0.4147.135 Safari/537.36"
24.90.48.127 - - [10/Sep/2020:22:56:28 -0400] "GET /RICH/QueensImage.jpg HTTP/1.0" 200 675817 "https://www.richinc.org/RICH/" "Mozilla/5.0 (Windows NT 10.0; Win64; x64) AppleWebKit/537.36 (KHTML, like Gecko) Chrome/84.0.4147.135 Safari/537.36"
24.90.48.127 - - [10/Sep/2020:22:56:29 -0400] "GET /cdn-cgi/scripts/5c5dd728/cloudflare-static/email-decode.min.js HTTP/1.0" 302 275 "https://www.richinc.org/RICH/" "Mozilla/5.0 (Windows NT 10.0; Win64; x64) AppleWebKit/537.36 (KHTML, like Gecko) Chrome/84.0.4147.135 Safari/537.36"
24.90.48.127 - - [10/Sep/2020:22:56:30 -0400] "GET /RICH/js/aos.js HTTP/1.0" 200 14244 "https://www.richinc.org/RICH/" "Mozilla/5.0 (Windows NT 10.0; Win64; x64) AppleWebKit/537.36 (KHTML, like Gecko) Chrome/84.0.4147.135 Safari/537.36"
24.90.48.127 - - [10/Sep/2020:22:56:43 -0400] "GET /RICH/images/gameAnswers/considerate-10.png HTTP/1.0" 200 82409 "https://www.richinc.org/RICH/" "Mozilla/5.0 (Windows NT 10.0; Win64; x64) AppleWebKit/537.36 (KHTML, like Gecko) Chrome/84.0.4147.135 Safari/537.36"
24.90.48.127 - - [10/Sep/2020:22:56:43 -0400] "GET /RICH/images/gameAnswers/strategies-13.png HTTP/1.0" 200 92128 "https://www.richinc.org/RICH/" "Mozilla/5.0 (Windows NT 10.0; Win64; x64) AppleWebKit/537.36 (KHTML, like Gecko) Chrome/84.0.4147.135 Safari/537.36"
24.90.48.127 - - [10/Sep/2020:22:56:44 -0400] "GET /RICH/images/gameAnswers/considerate-16.png HTTP/1.0" 200 88747 "https://www.richinc.org/RICH/" "Mozilla/5.0 (Windows NT 10.0; Win64; x64) AppleWebKit/537.36 (KHTML, like Gecko) Chrome/84.0.4147.135 Safari/537.36"
24.90.48.127 - - [10/Sep/2020:22:57:01 -0400] "GET /RICH/images/mission-image2.jpg HTTP/1.0" 200 44846 "https://www.richinc.org/RICH/mission.html" "Mozilla/5.0 (Windows NT 10.0; Win64; x64) AppleWebKit/537.36 (KHTML, like Gecko) Chrome/84.0.4147.135 Safari/537.36"
24.90.48.127 - - [10/Sep/2020:22:57:11 -0400] "GET /cdn-cgi/scripts/5c5dd728/cloudflare-static/email-decode.min.js HTTP/1.0" 302 275 "https://www.richinc.org/RICH/graduate-testimonials.html" "Mozilla/5.0 (Windows NT 10.0; Win64; x64) AppleWebKit/537.36 (KHTML, like Gecko) Chrome/84.0.4147.135 Safari/537.36"
66.249.66.216 - - [10/Sep/2020:23:17:36 -0400] "GET /RICH/parents-investment-alliance.html HTTP/1.0" 200 13078 "-" "Mozilla/5.0 (Linux; Android 6.0.1; Nexus 5X Build/MMB29P) AppleWebKit/537.36 (KHTML, like Gecko) Chrome/85.0.4183.97 Mobile Safari/537.36 (compatible; Googlebot/2.1; +http://www.google.com/bot.html)"
66.249.66.216 - - [10/Sep/2020:23:17:39 -0400] "GET /RICH/css/aos.css HTTP/1.0" 200 25983 "https://www.richinc.org/RICH/parents-investment-alliance.html" "Mozilla/5.0 (Linux; Android 6.0.1; Nexus 5X Build/MMB29P) AppleWebKit/537.36 (KHTML, like Gecko) Chrome/85.0.4183.105 Mobile Safari/537.36 (compatible; Googlebot/2.1; +http://www.google.com/bot.html)"
66.249.66.214 - - [10/Sep/2020:23:17:39 -0400] "GET /RICH/js/jquery-migrate-3.0.1.min.js HTTP/1.0" 200 11421 "https://www.richinc.org/RICH/parents-investment-alliance.html" "Mozilla/5.0 (Linux; Android 6.0.1; Nexus 5X Build/MMB29P) AppleWebKit/537.36 (KHTML, like Gecko) Chrome/85.0.4183.105 Mobile Safari/537.36 (compatible; Googlebot/2.1; +http://www.google.com/bot.html)"
66.249.66.218 - - [10/Sep/2020:23:20:35 -0400] "GET /RICH/cdn-cgi/scripts/5c5dd728/cloudflare-static/email-decode.min.js HTTP/1.0" 404 575 "https://www.richinc.org/RICH/parents-investment-alliance.html" "Mozilla/5.0 AppleWebKit/537.36 (KHTML, like Gecko; compatible; Googlebot/2.1; +http://www.google.com/bot.html) Chrome/85.0.4183.105 Safari/537.36"
114.119.146.36 - - [10/Sep/2020:01:51:12 -0400] "GET /graduate-testimonials.html HTTP/1.0" 302 239 "-" "Mozilla/5.0 (Linux; Android 7.0;) AppleWebKit/537.36 (KHTML, like Gecko) Mobile Safari/537.36 (compatible; PetalBot;+http://aspiegel.com/petalbot)"
114.119.145.137 - - [10/Sep/2020:03:57:28 -0400] "GET /partnership-opportunities.html HTTP/1.0" 302 243 "-" "Mozilla/5.0 (Linux; Android 7.0;) AppleWebKit/537.36 (KHTML, like Gecko) Mobile Safari/537.36 (compatible; PetalBot;+http://aspiegel.com/petalbot)"
114.119.143.81 - - [10/Sep/2020:04:47:41 -0400] "GET /gsuite-classroom.html HTTP/1.0" 302 234 "-" "Mozilla/5.0 (Linux; Android 7.0;) AppleWebKit/537.36 (KHTML, like Gecko) Mobile Safari/537.36 (compatible; PetalBot;+http://aspiegel.com/petalbot)"
54.36.148.123 - - [10/Sep/2020:06:18:23 -0400] "GET /robots.txt HTTP/1.0" 302 223 "-" "Mozilla/5.0 (compatible; AhrefsBot/6.1; +http://ahrefs.com/robot/)"
54.36.148.123 - - [10/Sep/2020:06:18:23 -0400] "GET /RICH/robots.txt HTTP/1.0" 404 575 "-" "Mozilla/5.0 (compatible; AhrefsBot/6.1; +http://ahrefs.com/robot/)"
220.181.77.162 - - [10/Sep/2020:07:21:34 -0400] "GET /RICH/js/popper.min.js HTTP/1.0" 200 20336 "http://www.richinc.org/RICH/parents-investment-alliance.html" "Mozilla/5.0 (Linux; U; Android 2.2; en-ca; GT-P1000M Build/FROYO) AppleWebKit/533.1 (KHTML, like Gecko) Version/4.0 Mobile Safari/533.1"
220.181.77.162 - - [10/Sep/2020:07:21:39 -0400] "GET /RICH/js/aos.js HTTP/1.0" 200 14244 "http://www.richinc.org/RICH/parents-investment-alliance.html" "Mozilla/5.0 (Linux; U; Android 2.2; en-ca; GT-P1000M Build/FROYO) AppleWebKit/533.1 (KHTML, like Gecko) Version/4.0 Mobile Safari/533.1"
220.181.77.162 - - [10/Sep/2020:07:21:55 -0400] "GET /RICH/css/owl.theme.default.min.css HTTP/1.0" 200 965 "http://www.richinc.org/RICH/parents-investment-alliance.html" "Mozilla/5.0 (Linux; U; Android 2.2; en-ca; GT-P1000M Build/FROYO) AppleWebKit/533.1 (KHTML, like Gecko) Version/4.0 Mobile Safari/533.1"
220.181.77.162 - - [10/Sep/2020:07:21:55 -0400] "GET /RICH/css/aos.css HTTP/1.0" 200 25983 "http://www.richinc.org/RICH/parents-investment-alliance.html" "Mozilla/5.0 (Linux; U; Android 2.2; en-ca; GT-P1000M Build/FROYO) AppleWebKit/533.1 (KHTML, like Gecko) Version/4.0 Mobile Safari/533.1"
220.181.77.162 - - [10/Sep/2020:07:21:58 -0400] "GET /RICH/js/jquery-3.3.1.min.js HTTP/1.0" 200 86926 "http://www.richinc.org/RICH/parents-investment-alliance.html" "Mozilla/5.0 (Linux; U; Android 2.2; en-ca; GT-P1000M Build/FROYO) AppleWebKit/533.1 (KHTML, like Gecko) Version/4.0 Mobile Safari/533.1"
220.181.77.162 - - [10/Sep/2020:07:21:59 -0400] "GET /RICH/js/popper.min.js HTTP/1.0" 200 20336 "http://www.richinc.org/RICH/parents-investment-alliance.html" "Mozilla/5.0 (Linux; U; Android 2.2; en-ca; GT-P1000M Build/FROYO) AppleWebKit/533.1 (KHTML, like Gecko) Version/4.0 Mobile Safari/533.1"
184.154.139.16 - - [10/Sep/2020:07:23:56 -0400] "GET /RICH/js/bootstrap-datepicker.min.js HTTP/1.0" 200 34172 "-" "SiteLockSpider [en] (WinNT; I ;Nav)"
184.154.139.16 - - [10/Sep/2020:07:23:58 -0400] "GET /RICH/Account/daily-writings.html HTTP/1.0" 200 12763 "-" "SiteLockSpider [en] (WinNT; I ;Nav)"
184.154.139.16 - - [10/Sep/2020:07:24:12 -0400] "GET /RICH/sdlp.html HTTP/1.0" 200 16959 "-" "SiteLockSpider [en] (WinNT; I ;Nav)"
184.154.139.16 - - [10/Sep/2020:07:24:12 -0400] "GET /RICH/mission.html HTTP/1.0" 200 15573 "-" "SiteLockSpider [en] (WinNT; I ;Nav)"
184.154.139.16 - - [10/Sep/2020:07:24:13 -0400] "GET /RICH/css/animate.css HTTP/1.0" 200 77748 "-" "SiteLockSpider [en] (WinNT; I ;Nav)"
184.154.139.16 - - [10/Sep/2020:07:24:13 -0400] "GET /RICH/chairman-message.html HTTP/1.0" 200 13505 "-" "SiteLockSpider [en] (WinNT; I ;Nav)"
95.216.96.243 - - [10/Sep/2020:09:50:11 -0400] "GET /robots.txt HTTP/1.0" 302 223 "-" "Mozilla/5.0 (compatible; SEOkicks; +https://www.seokicks.de/robot.html)"
176.9.47.122 - - [10/Sep/2020:09:57:30 -0400] "GET /cdn-cgi/scripts/5c5dd728/cloudflare-static/email-decode.min.js HTTP/1.0" 302 275 "https://www.richinc.org/RICH/" "Mozilla/5.0 (Windows NT 10.0; Win64; x64; rv:79.0) Gecko/20100101 Firefox/79.0"
176.9.47.122 - - [10/Sep/2020:09:57:31 -0400] "GET /RICH/cdn-cgi/scripts/5c5dd728/cloudflare-static/email-decode.min.js HTTP/1.0" 404 575 "https://www.richinc.org/RICH/" "Mozilla/5.0 (Windows NT 10.0; Win64; x64; rv:79.0) Gecko/20100101 Firefox/79.0"
176.9.47.122 - - [10/Sep/2020:09:57:31 -0400] "GET /RICH/js/jquery.countdown.min.js HTTP/1.0" 200 5339 "https://www.richinc.org/RICH/" "Mozilla/5.0 (Windows NT 10.0; Win64; x64; rv:79.0) Gecko/20100101 Firefox/79.0"
95.216.96.243 - - [10/Sep/2020:10:20:43 -0400] "GET /RICH/projectsnack.html HTTP/1.0" 200 18989 "https://www.richinc.org/RICH/" "Mozilla/5.0 (compatible; SEOkicks; +https://www.seokicks.de/robot.html)"
95.216.96.243 - - [10/Sep/2020:10:20:46 -0400] "GET /RICH/graduate-testimonials.html HTTP/1.0" 200 15380 "https://www.richinc.org/RICH/" "Mozilla/5.0 (compatible; SEOkicks; +https://www.seokicks.de/robot.html)"
95.216.96.243 - - [10/Sep/2020:10:45:00 -0400] "GET /RICH/GoogleClassroom/oauth2callback.php HTTP/1.0" 200 649 "https://www.richinc.org/RICH/GoogleClassroom/classAPI.php?callback=processData" "Mozilla/5.0 (compatible; SEOkicks; +https://www.seokicks.de/robot.html)"
107.178.238.28 - - [10/Sep/2020:11:16:11 -0400] "GET /RICH/js/jquery-3.3.1.min.js HTTP/1.0" 200 86926 "https://www.richinc.org/RICH/" "Mozilla/5.0 (X11; Linux x86_64) AppleWebKit/537.36 (KHTML, like Gecko) HeadlessChrome/72.0.3617.0 Safari/537.36"
107.178.238.28 - - [10/Sep/2020:11:16:11 -0400] "GET /RICH/js/jquery-migrate-3.0.1.min.js HTTP/1.0" 200 11421 "https://www.richinc.org/RICH/" "Mozilla/5.0 (X11; Linux x86_64) AppleWebKit/537.36 (KHTML, like Gecko) HeadlessChrome/72.0.3617.0 Safari/537.36"
107.178.238.28 - - [10/Sep/2020:11:16:11 -0400] "GET /RICH/js/jquery.stellar.min.js HTTP/1.0" 200 12597 "https://www.richinc.org/RICH/" "Mozilla/5.0 (X11; Linux x86_64) AppleWebKit/537.36 (KHTML, like Gecko) HeadlessChrome/72.0.3617.0 Safari/537.36"
107.178.238.28 - - [10/Sep/2020:11:16:11 -0400] "GET /RICH/cdn-cgi/scripts/5c5dd728/cloudflare-static/email-decode.min.js HTTP/1.0" 404 575 "https://www.richinc.org/RICH/" "Mozilla/5.0 (X11; Linux x86_64) AppleWebKit/537.36 (KHTML, like Gecko) HeadlessChrome/72.0.3617.0 Safari/537.36"
107.178.238.28 - - [10/Sep/2020:11:16:11 -0400] "GET /RICH/js/bootstrap-datepicker.min.js HTTP/1.0" 200 34172 "https://www.richinc.org/RICH/" "Mozilla/5.0 (X11; Linux x86_64) AppleWebKit/537.36 (KHTML, like Gecko) HeadlessChrome/72.0.3617.0 Safari/537.36"
107.178.238.28 - - [10/Sep/2020:11:16:11 -0400] "GET /RICH/Image5.jpg HTTP/1.0" 200 2409299 "https://www.richinc.org/RICH/" "Mozilla/5.0 (X11; Linux x86_64) AppleWebKit/537.36 (KHTML, like Gecko) HeadlessChrome/72.0.3617.0 Safari/537.36"
72.79.42.130 - - [10/Sep/2020:11:36:19 -0400] "GET /RICH/css/magnific-popup.css HTTP/1.0" 200 6950 "https://www.richinc.org/RICH/" "Mozilla/5.0 (Windows NT 10.0; Win64; x64) AppleWebKit/537.36 (KHTML, like Gecko) Chrome/85.0.4183.102 Safari/537.36"
72.79.42.130 - - [10/Sep/2020:11:36:19 -0400] "GET /RICH/css/owl.carousel.min.css HTTP/1.0" 200 2936 "https://www.richinc.org/RICH/" "Mozilla/5.0 (Windows NT 10.0; Win64; x64) AppleWebKit/537.36 (KHTML, like Gecko) Chrome/85.0.4183.102 Safari/537.36"
72.79.42.130 - - [10/Sep/2020:11:36:19 -0400] "GET /RICH/css/animate.css HTTP/1.0" 200 77748 "https://www.richinc.org/RICH/" "Mozilla/5.0 (Windows NT 10.0; Win64; x64) AppleWebKit/537.36 (KHTML, like Gecko) Chrome/85.0.4183.102 Safari/537.36"
72.79.42.130 - - [10/Sep/2020:11:36:19 -0400] "GET /RICH/css/aos.css HTTP/1.0" 200 25983 "https://www.richinc.org/RICH/" "Mozilla/5.0 (Windows NT 10.0; Win64; x64) AppleWebKit/537.36 (KHTML, like Gecko) Chrome/85.0.4183.102 Safari/537.36"
72.79.42.130 - - [10/Sep/2020:11:36:19 -0400] "GET /RICH/Image1.jpg HTTP/1.0" 200 1421241 "https://www.richinc.org/RICH/" "Mozilla/5.0 (Windows NT 10.0; Win64; x64) AppleWebKit/537.36 (KHTML, like Gecko) Chrome/85.0.4183.102 Safari/537.36"
72.79.42.130 - - [10/Sep/2020:11:36:20 -0400] "GET /RICH/images/gameLogo.png HTTP/1.0" 200 42587 "https://www.richinc.org/RICH/" "Mozilla/5.0 (Windows NT 10.0; Win64; x64) AppleWebKit/537.36 (KHTML, like Gecko) Chrome/85.0.4183.102 Safari/537.36"
72.79.42.130 - - [10/Sep/2020:11:36:20 -0400] "GET /cdn-cgi/scripts/5c5dd728/cloudflare-static/email-decode.min.js HTTP/1.0" 302 275 "https://www.richinc.org/RICH/" "Mozilla/5.0 (Windows NT 10.0; Win64; x64) AppleWebKit/537.36 (KHTML, like Gecko) Chrome/85.0.4183.102 Safari/537.36"
77.88.5.223 - - [10/Sep/2020:11:38:14 -0400] "GET /RICH/ HTTP/1.0" 200 52711 "-" "Mozilla/5.0 (compatible; YandexBot/3.0; +http://yandex.com/bots)"
35.231.61.14 - - [10/Sep/2020:11:59:34 -0400] "GET /RICH/projectsnack.html HTTP/1.0" 200 18989 "-" "ZoominfoBot (zoominfobot at zoominfo dot com)"
35.231.61.14 - - [10/Sep/2020:12:02:35 -0400] "GET /RICH/contact-us.html HTTP/1.0" 200 13639 "-" "ZoominfoBot (zoominfobot at zoominfo dot com)"
114.119.141.133 - - [10/Sep/2020:12:27:24 -0400] "GET /robots.txt HTTP/1.0" 302 223 "-" "(compatible;PetalBot;+http://aspiegel.com/petalbot)"
157.55.39.32 - - [10/Sep/2020:14:44:05 -0400] "GET /RICH/robots.txt HTTP/1.0" 404 575 "-" "Mozilla/5.0 (compatible; bingbot/2.0; +http://www.bing.com/bingbot.htm)"
185.191.171.35 - - [10/Sep/2020:15:49:32 -0400] "GET /RICH/robots.txt HTTP/1.0" 404 575 "-" "Mozilla/5.0 (compatible; SemrushBot/6~bl; +http://www.semrush.com/bot.html)"
34.73.120.62 - - [10/Sep/2020:16:17:15 -0400] "GET /RICH/annual-reports.html HTTP/1.0" 200 10564 "-" "ZoominfoBot (zoominfobot at zoominfo dot com)"
173.231.59.205 - - [10/Sep/2020:18:18:52 -0400] "GET /robots.txt HTTP/1.0" 302 223 "-" "Mozilla/5.0 (compatible; Adsbot/3.1)"
185.191.171.5 - - [10/Sep/2020:18:38:27 -0400] "GET / HTTP/1.0" 302 213 "-" "Mozilla/5.0 (compatible; SemrushBot/6~bl; +http://www.semrush.com/bot.html)"
114.119.157.218 - - [10/Sep/2020:18:43:21 -0400] "GET /RICH/overview.html HTTP/1.0" 200 11800 "-" "Mozilla/5.0 (Linux; Android 7.0;) AppleWebKit/537.36 (KHTML, like Gecko) Mobile Safari/537.36 (compatible; PetalBot;+http://aspiegel.com/petalbot)"
77.75.77.101 - - [10/Sep/2020:20:47:53 -0400] "GET /RICH/QueensImage.jpg HTTP/1.0" 200 675817 "-" "Mozilla/5.0 (compatible; SeznamBot/3.2; +http://napoveda.seznam.cz/en/seznambot-intro/)"
78.47.238.17 - - [10/Sep/2020:21:15:45 -0400] "GET /RICH/about-us.php HTTP/1.0" 404 575 "-" "pimeyes.com crawler"
114.119.130.240 - - [10/Sep/2020:21:23:39 -0400] "GET /RICH/robots.txt HTTP/1.0" 404 575 "-" "(compatible;PetalBot;+http://aspiegel.com/petalbot)"
173.231.59.205 - - [10/Sep/2020:21:29:11 -0400] "GET /snackimages/26.jpg HTTP/1.0" 302 231 "https://www.richinc.org/" "Mozilla/5.0 (compatible; Adsbot/3.1)"
54.36.149.78 - - [10/Sep/2020:21:44:06 -0400] "GET /robots.txt HTTP/1.0" 302 223 "-" "Mozilla/5.0 (compatible; AhrefsBot/6.1; +http://ahrefs.com/robot/)"
173.231.59.205 - - [10/Sep/2020:22:20:20 -0400] "GET /RICH/snackimages/7.jpg HTTP/1.0" 200 61246 "https://www.richinc.org/" "Mozilla/5.0 (compatible; Adsbot/3.1)"
173.231.59.205 - - [10/Sep/2020:22:20:26 -0400] "GET /RICH/snackimages/8.jpg HTTP/1.0" 200 366713 "https://www.richinc.org/" "Mozilla/5.0 (compatible; Adsbot/3.1)"
173.231.59.205 - - [10/Sep/2020:22:20:36 -0400] "GET /RICH/snackimages/10.jpg HTTP/1.0" 200 632911 "https://www.richinc.org/" "Mozilla/5.0 (compatible; Adsbot/3.1)"
173.231.59.205 - - [10/Sep/2020:22:20:42 -0400] "GET /RICH/snackimages/11.jpg HTTP/1.0" 200 8029 "https://www.richinc.org/" "Mozilla/5.0 (compatible; Adsbot/3.1)"
173.231.59.205 - - [10/Sep/2020:22:20:52 -0400] "GET /RICH/snackimages/13.jpg HTTP/1.0" 200 4664579 "https://www.richinc.org/" "Mozilla/5.0 (compatible; Adsbot/3.1)"
173.231.59.205 - - [10/Sep/2020:22:21:34 -0400] "GET /RICH/snackimages/23.png HTTP/1.0" 200 427470 "https://www.richinc.org/" "Mozilla/5.0 (compatible; Adsbot/3.1)"
173.231.59.205 - - [10/Sep/2020:22:22:17 -0400] "GET /RICH/snackimages/33.jpg HTTP/1.0" 200 277686 "https://www.richinc.org/" "Mozilla/5.0 (compatible; Adsbot/3.1)"
173.231.59.205 - - [10/Sep/2020:22:22:22 -0400] "GET /RICH/snackimages/34.jpg HTTP/1.0" 200 60242 "https://www.richinc.org/" "Mozilla/5.0 (compatible; Adsbot/3.1)"
173.231.59.205 - - [10/Sep/2020:22:22:33 -0400] "GET /RICH/snackimages/36.jpg HTTP/1.0" 200 82067 "https://www.richinc.org/" "Mozilla/5.0 (compatible; Adsbot/3.1)"
173.231.59.205 - - [10/Sep/2020:22:22:54 -0400] "GET /RICH/snackimages/4.jpeg HTTP/1.0" 200 22483 "https://www.richinc.org/" "Mozilla/5.0 (compatible; Adsbot/3.1)"
173.231.59.205 - - [10/Sep/2020:22:23:20 -0400] "GET /RICH/snackimages/20.jpeg HTTP/1.0" 200 398555 "https://www.richinc.org/" "Mozilla/5.0 (compatible; Adsbot/3.1)"
24.90.48.127 - - [10/Sep/2020:22:56:27 -0400] "GET /RICH/css/bootstrap-datepicker.css HTTP/1.0" 200 17144 "https://www.richinc.org/RICH/" "Mozilla/5.0 (Windows NT 10.0; Win64; x64) AppleWebKit/537.36 (KHTML, like Gecko) Chrome/84.0.4147.135 Safari/537.36"
24.90.48.127 - - [10/Sep/2020:22:56:27 -0400] "GET /RICH/images/LOGO.png HTTP/1.0" 200 48308 "https://www.richinc.org/RICH/" "Mozilla/5.0 (Windows NT 10.0; Win64; x64) AppleWebKit/537.36 (KHTML, like Gecko) Chrome/84.0.4147.135 Safari/537.36"
24.90.48.127 - - [10/Sep/2020:22:56:27 -0400] "GET /RICH/images/rich-image1.jpg HTTP/1.0" 200 99047 "https://www.richinc.org/RICH/" "Mozilla/5.0 (Windows NT 10.0; Win64; x64) AppleWebKit/537.36 (KHTML, like Gecko) Chrome/84.0.4147.135 Safari/537.36"
24.90.48.127 - - [10/Sep/2020:22:56:28 -0400] "GET /RICH/images/botbutton-crop.png HTTP/1.0" 200 7864 "https://www.richinc.org/RICH/" "Mozilla/5.0 (Windows NT 10.0; Win64; x64) AppleWebKit/537.36 (KHTML, like Gecko) Chrome/84.0.4147.135 Safari/537.36"
24.90.48.127 - - [10/Sep/2020:22:56:28 -0400] "GET /RICH/images/richbot2.png HTTP/1.0" 200 11045 "https://www.richinc.org/RICH/" "Mozilla/5.0 (Windows NT 10.0; Win64; x64) AppleWebKit/537.36 (KHTML, like Gecko) Chrome/84.0.4147.135 Safari/537.36"
24.90.48.127 - - [10/Sep/2020:22:56:28 -0400] "GET /RICH/images/responsibility.png HTTP/1.0" 200 22581 "https://www.richinc.org/RICH/" "Mozilla/5.0 (Windows NT 10.0; Win64; x64) AppleWebKit/537.36 (KHTML, like Gecko) Chrome/84.0.4147.135 Safari/537.36"
24.90.48.127 - - [10/Sep/2020:22:56:29 -0400] "GET /RICH/js/jquery-3.3.1.min.js HTTP/1.0" 200 86926 "https://www.richinc.org/RICH/" "Mozilla/5.0 (Windows NT 10.0; Win64; x64) AppleWebKit/537.36 (KHTML, like Gecko) Chrome/84.0.4147.135 Safari/537.36"
24.90.48.127 - - [10/Sep/2020:22:56:30 -0400] "GET /RICH/js/main.js HTTP/1.0" 200 7761 "https://www.richinc.org/RICH/" "Mozilla/5.0 (Windows NT 10.0; Win64; x64) AppleWebKit/537.36 (KHTML, like Gecko) Chrome/84.0.4147.135 Safari/537.36"
24.90.48.127 - - [10/Sep/2020:22:56:43 -0400] "GET /RICH/images/gameAnswers/strategies-17.png HTTP/1.0" 200 111564 "https://www.richinc.org/RICH/" "Mozilla/5.0 (Windows NT 10.0; Win64; x64) AppleWebKit/537.36 (KHTML, like Gecko) Chrome/84.0.4147.135 Safari/537.36"
24.90.48.127 - - [10/Sep/2020:22:57:17 -0400] "GET /RICH/projectsnack.html HTTP/1.0" 200 18989 "https://www.richinc.org/RICH/graduate-testimonials.html" "Mozilla/5.0 (Windows NT 10.0; Win64; x64) AppleWebKit/537.36 (KHTML, like Gecko) Chrome/84.0.4147.135 Safari/537.36"
24.90.48.127 - - [10/Sep/2020:22:57:18 -0400] "GET /cdn-cgi/scripts/5c5dd728/cloudflare-static/email-decode.min.js HTTP/1.0" 302 275 "https://www.richinc.org/RICH/projectsnack.html" "Mozilla/5.0 (Windows NT 10.0; Win64; x64) AppleWebKit/537.36 (KHTML, like Gecko) Chrome/84.0.4147.135 Safari/537.36"
24.90.48.127 - - [10/Sep/2020:22:57:18 -0400] "GET /RICH/two.JPG HTTP/1.0" 200 435283 "https://www.richinc.org/RICH/projectsnack.html" "Mozilla/5.0 (Windows NT 10.0; Win64; x64) AppleWebKit/537.36 (KHTML, like Gecko) Chrome/84.0.4147.135 Safari/537.36"
24.90.48.127 - - [10/Sep/2020:22:57:18 -0400] "GET /RICH/cdn-cgi/scripts/5c5dd728/cloudflare-static/email-decode.min.js HTTP/1.0" 404 575 "https://www.richinc.org/RICH/projectsnack.html" "Mozilla/5.0 (Windows NT 10.0; Win64; x64) AppleWebKit/537.36 (KHTML, like Gecko) Chrome/84.0.4147.135 Safari/537.36"
24.90.48.127 - - [10/Sep/2020:22:57:20 -0400] "GET /RICH/snack.MOV HTTP/1.0" 200 3763741 "https://www.richinc.org/RICH/projectsnack.html" "Mozilla/5.0 (Windows NT 10.0; Win64; x64) AppleWebKit/537.36 (KHTML, like Gecko) Chrome/84.0.4147.135 Safari/537.36"
24.90.48.127 - - [10/Sep/2020:22:57:53 -0400] "GET /cdn-cgi/scripts/5c5dd728/cloudflare-static/email-decode.min.js HTTP/1.0" 302 275 "https://www.richinc.org/RICH/projectsnack.html" "Mozilla/5.0 (Windows NT 10.0; Win64; x64) AppleWebKit/537.36 (KHTML, like Gecko) Chrome/84.0.4147.135 Safari/537.36"
24.90.48.127 - - [10/Sep/2020:22:57:53 -0400] "POST /RICH/php/UsersRICH.php HTTP/1.0" 200 - "https://www.richinc.org/RICH/projectsnack.html" "Mozilla/5.0 (Windows NT 10.0; Win64; x64) AppleWebKit/537.36 (KHTML, like Gecko) Chrome/84.0.4147.135 Safari/537.36"
24.90.48.127 - - [10/Sep/2020:22:57:54 -0400] "GET /cdn-cgi/scripts/5c5dd728/cloudflare-static/email-decode.min.js HTTP/1.0" 302 275 "https://www.richinc.org/RICH/index.html" "Mozilla/5.0 (Windows NT 10.0; Win64; x64) AppleWebKit/537.36 (KHTML, like Gecko) Chrome/84.0.4147.135 Safari/537.36"
24.90.48.127 - - [10/Sep/2020:22:57:54 -0400] "GET /RICH/cdn-cgi/scripts/5c5dd728/cloudflare-static/email-decode.min.js HTTP/1.0" 404 575 "https://www.richinc.org/RICH/index.html" "Mozilla/5.0 (Windows NT 10.0; Win64; x64) AppleWebKit/537.36 (KHTML, like Gecko) Chrome/84.0.4147.135 Safari/537.36"
66.249.66.218 - - [10/Sep/2020:23:17:36 -0400] "GET /RICH/parents-investment-alliance.html HTTP/1.0" 200 13078 "-" "Mozilla/5.0 (compatible; Googlebot/2.1; +http://www.google.com/bot.html)"
34.75.199.111 - - [10/Sep/2020:01:13:30 -0400] "GET /robots.txt HTTP/1.0" 302 223 "-" "ZoominfoBot (zoominfobot at zoominfo dot com)"
34.75.199.111 - - [10/Sep/2020:01:13:30 -0400] "GET /RICH/robots.txt HTTP/1.0" 404 575 "-" "ZoominfoBot (zoominfobot at zoominfo dot com)"
34.75.199.111 - - [10/Sep/2020:01:13:30 -0400] "GET / HTTP/1.0" 302 213 "-" "ZoominfoBot (zoominfobot at zoominfo dot com)"
161.35.30.174 - - [10/Sep/2020:02:41:20 -0400] "POST /RICH/wp-content/plugins/wp-file-manager/lib/php/connector.minimal.php HTTP/1.0" 404 575 "-" "Mozilla/5.0 (X11; Linux x86_64) AppleWebKit/537.36 (KHTML, like Gecko) Chrome/79.0.3945.130 Safari/537.36"
220.181.77.162 - - [10/Sep/2020:07:21:43 -0400] "GET /RICH/images/parents-image1.png HTTP/1.0" 200 263946 "http://www.richinc.org/RICH/parents-investment-alliance.html" "Mozilla/5.0 (Linux; U; Android 2.2; en-ca; GT-P1000M Build/FROYO) AppleWebKit/533.1 (KHTML, like Gecko) Version/4.0 Mobile Safari/533.1"
220.181.77.162 - - [10/Sep/2020:07:21:53 -0400] "GET /RICH/css/magnific-popup.css HTTP/1.0" 200 6950 "http://www.richinc.org/RICH/parents-investment-alliance.html" "Mozilla/5.0 (Linux; U; Android 2.2; en-ca; GT-P1000M Build/FROYO) AppleWebKit/533.1 (KHTML, like Gecko) Version/4.0 Mobile Safari/533.1"
220.181.77.162 - - [10/Sep/2020:07:22:05 -0400] "GET /RICH/js/jquery-migrate-3.0.1.min.js HTTP/1.0" 200 11421 "http://www.richinc.org/RICH/parents-investment-alliance.html" "Mozilla/5.0 (Linux; U; Android 2.2; en-ca; GT-P1000M Build/FROYO) AppleWebKit/533.1 (KHTML, like Gecko) Version/4.0 Mobile Safari/533.1"
184.154.139.16 - - [10/Sep/2020:07:23:30 -0400] "GET /RICH/privacy-policy.html HTTP/1.0" 200 14593 "-" "SiteLockSpider [en] (WinNT; I ;Nav)"
184.154.139.16 - - [10/Sep/2020:07:23:31 -0400] "GET /RICH/board-directors.html HTTP/1.0" 200 12545 "-" "SiteLockSpider [en] (WinNT; I ;Nav)"
184.154.139.16 - - [10/Sep/2020:07:23:35 -0400] "GET /RICH/projectsnack.html HTTP/1.0" 200 18989 "-" "SiteLockSpider [en] (WinNT; I ;Nav)"
184.154.139.16 - - [10/Sep/2020:07:23:44 -0400] "GET /RICH/js/jquery-3.3.1.min.js HTTP/1.0" 200 86926 "-" "SiteLockSpider [en] (WinNT; I ;Nav)"
184.154.139.16 - - [10/Sep/2020:07:23:55 -0400] "GET /RICH/roster.html?=1 HTTP/1.0" 200 27402 "-" "SiteLockSpider [en] (WinNT; I ;Nav)"
184.154.139.16 - - [10/Sep/2020:07:24:01 -0400] "GET /RICH/js/main.js HTTP/1.0" 200 7761 "-" "SiteLockSpider [en] (WinNT; I ;Nav)"
184.154.139.16 - - [10/Sep/2020:07:24:09 -0400] "GET /cdn-cgi/scripts/5c5dd728/cloudflare-static/email-decode.min.js HTTP/1.0" 302 275 "http://www.google.com/url?url=www.richinc.org&yahoo.com" "Mozilla/5.0 (compatible; MSIE 9.0; Windows NT 6.1; WOW64; Trident/6.0)"
184.154.139.16 - - [10/Sep/2020:07:24:10 -0400] "GET /RICH/annual-reports.html HTTP/1.0" 200 10564 "-" "SiteLockSpider [en] (WinNT; I ;Nav)"
184.154.139.16 - - [10/Sep/2020:07:24:11 -0400] "GET /RICH/gsuite-classroom.html HTTP/1.0" 200 10020 "-" "SiteLockSpider [en] (WinNT; I ;Nav)"
184.154.139.16 - - [10/Sep/2020:07:24:12 -0400] "GET /RICH/page2.html HTTP/1.0" 200 48877 "-" "SiteLockSpider [en] (WinNT; I ;Nav)"
184.154.139.16 - - [10/Sep/2020:07:24:12 -0400] "GET /RICH/parents-investment-alliance.html HTTP/1.0" 200 13078 "-" "SiteLockSpider [en] (WinNT; I ;Nav)"
184.154.139.16 - - [10/Sep/2020:07:24:14 -0400] "GET /RICH/js/popper.min.js HTTP/1.0" 200 20336 "http://www.google.com/url?url=www.richinc.org&yahoo.com" "Mozilla/5.0 (compatible; MSIE 9.0; Windows NT 6.1; WOW64; Trident/6.0)"
184.154.139.16 - - [10/Sep/2020:07:24:14 -0400] "GET /RICH/css/jquery-ui.css HTTP/1.0" 200 21738 "-" "SiteLockSpider [en] (WinNT; I ;Nav)"
184.154.139.16 - - [10/Sep/2020:07:24:16 -0400] "GET /RICH/js/jquery.stellar.min.js HTTP/1.0" 200 12597 "-" "SiteLockSpider [en] (WinNT; I ;Nav)"
184.154.139.16 - - [10/Sep/2020:07:24:18 -0400] "GET /cdn-cgi/scripts/5c5dd728/cloudflare-static/email-decode.min.js HTTP/1.0" 302 275 "http://www.google.com/url?url=www.richinc.org&yahoo.com" "Mozilla/5.0 (compatible; MSIE 9.0; Windows NT 6.1; WOW64; Trident/6.0)"
95.216.96.243 - - [10/Sep/2020:08:19:14 -0400] "GET / HTTP/1.0" 302 213 "-" "Mozilla/5.0 (compatible; SEOkicks; +https://www.seokicks.de/robot.html)"
95.216.96.243 - - [10/Sep/2020:09:50:25 -0400] "GET /RICH/rich-learning-system.html HTTP/1.0" 200 13174 "https://www.richinc.org/RICH/" "Mozilla/5.0 (compatible; SEOkicks; +https://www.seokicks.de/robot.html)"
176.9.47.122 - - [10/Sep/2020:09:57:31 -0400] "GET /RICH/js/jquery.magnific-popup.min.js HTTP/1.0" 200 20216 "https://www.richinc.org/RICH/" "Mozilla/5.0 (Windows NT 10.0; Win64; x64; rv:79.0) Gecko/20100101 Firefox/79.0"
95.216.96.243 - - [10/Sep/2020:10:20:56 -0400] "GET /RICH/gsuite-classroom.html HTTP/1.0" 200 10020 "https://www.richinc.org/RICH/" "Mozilla/5.0 (compatible; SEOkicks; +https://www.seokicks.de/robot.html)"
95.216.96.243 - - [10/Sep/2020:10:44:05 -0400] "GET /RICH/page2.html HTTP/1.0" 200 48877 "https://www.richinc.org/RICH/page1.html" "Mozilla/5.0 (compatible; SEOkicks; +https://www.seokicks.de/robot.html)"
95.216.96.243 - - [10/Sep/2020:10:44:08 -0400] "GET /RICH/page4.html HTTP/1.0" 200 19961 "https://www.richinc.org/RICH/page1.html" "Mozilla/5.0 (compatible; SEOkicks; +https://www.seokicks.de/robot.html)"
107.178.238.28 - - [10/Sep/2020:11:16:09 -0400] "GET /RICH/ HTTP/1.0" 200 52711 "-" "Mozilla/5.0 (X11; Linux x86_64) AppleWebKit/537.36 (KHTML, like Gecko) HeadlessChrome/72.0.3617.0 Safari/537.36"
107.178.238.28 - - [10/Sep/2020:11:16:11 -0400] "GET /RICH/css/animate.css HTTP/1.0" 200 77748 "https://www.richinc.org/RICH/" "Mozilla/5.0 (X11; Linux x86_64) AppleWebKit/537.36 (KHTML, like Gecko) HeadlessChrome/72.0.3617.0 Safari/537.36"
107.178.238.28 - - [10/Sep/2020:11:16:11 -0400] "GET /RICH/fonts/flaticon/font/flaticon.css HTTP/1.0" 200 1250 "https://www.richinc.org/RICH/" "Mozilla/5.0 (X11; Linux x86_64) AppleWebKit/537.36 (KHTML, like Gecko) HeadlessChrome/72.0.3617.0 Safari/537.36"
107.178.238.28 - - [10/Sep/2020:11:16:11 -0400] "GET /RICH/js/jquery.magnific-popup.min.js HTTP/1.0" 200 20216 "https://www.richinc.org/RICH/" "Mozilla/5.0 (X11; Linux x86_64) AppleWebKit/537.36 (KHTML, like Gecko) HeadlessChrome/72.0.3617.0 Safari/537.36"
107.178.238.28 - - [10/Sep/2020:11:16:12 -0400] "GET /RICH/QueensImage.jpg HTTP/1.0" 200 675817 "https://www.richinc.org/RICH/" "Mozilla/5.0 (X11; Linux x86_64) AppleWebKit/537.36 (KHTML, like Gecko) HeadlessChrome/72.0.3617.0 Safari/537.36"
107.178.238.28 - - [10/Sep/2020:11:16:13 -0400] "GET /RICH/images/botbutton-crop.png HTTP/1.0" 200 7864 "https://www.richinc.org/RICH/" "Mozilla/5.0 (X11; Linux x86_64) AppleWebKit/537.36 (KHTML, like Gecko) HeadlessChrome/72.0.3617.0 Safari/537.36"
107.178.238.28 - - [10/Sep/2020:11:16:14 -0400] "GET /RICH/images/playButton.png HTTP/1.0" 200 327681 "https://www.richinc.org/RICH/" "Mozilla/5.0 (X11; Linux x86_64) AppleWebKit/537.36 (KHTML, like Gecko) HeadlessChrome/72.0.3617.0 Safari/537.36"
107.178.238.28 - - [10/Sep/2020:11:16:11 -0400] "GET /RICH/Image1.jpg HTTP/1.0" 200 1421241 "https://www.richinc.org/RICH/" "Mozilla/5.0 (X11; Linux x86_64) AppleWebKit/537.36 (KHTML, like Gecko) HeadlessChrome/72.0.3617.0 Safari/537.36"
107.178.238.28 - - [10/Sep/2020:11:16:16 -0400] "POST /RICH/php/UsersRICH.php HTTP/1.0" 200 - "https://www.richinc.org/RICH/" "Mozilla/5.0 (X11; Linux x86_64) AppleWebKit/537.36 (KHTML, like Gecko) HeadlessChrome/72.0.3617.0 Safari/537.36"
72.79.42.130 - - [10/Sep/2020:11:36:19 -0400] "GET /RICH/fonts/icomoon/style.css HTTP/1.0" 200 79820 "https://www.richinc.org/RICH/" "Mozilla/5.0 (Windows NT 10.0; Win64; x64) AppleWebKit/537.36 (KHTML, like Gecko) Chrome/85.0.4183.102 Safari/537.36"
72.79.42.130 - - [10/Sep/2020:11:36:19 -0400] "GET /RICH/css/bot.css HTTP/1.0" 200 1399 "https://www.richinc.org/RICH/" "Mozilla/5.0 (Windows NT 10.0; Win64; x64) AppleWebKit/537.36 (KHTML, like Gecko) Chrome/85.0.4183.102 Safari/537.36"
72.79.42.130 - - [10/Sep/2020:11:36:20 -0400] "GET /RICH/js/popper.min.js HTTP/1.0" 200 20336 "https://www.richinc.org/RICH/" "Mozilla/5.0 (Windows NT 10.0; Win64; x64) AppleWebKit/537.36 (KHTML, like Gecko) Chrome/85.0.4183.102 Safari/537.36"
72.79.42.130 - - [10/Sep/2020:11:36:20 -0400] "GET /RICH/js/jquery.stellar.min.js HTTP/1.0" 200 12597 "https://www.richinc.org/RICH/" "Mozilla/5.0 (Windows NT 10.0; Win64; x64) AppleWebKit/537.36 (KHTML, like Gecko) Chrome/85.0.4183.102 Safari/537.36"
72.79.42.130 - - [10/Sep/2020:11:36:19 -0400] "GET /RICH/Image4.jpg HTTP/1.0" 200 2910175 "https://www.richinc.org/RICH/" "Mozilla/5.0 (Windows NT 10.0; Win64; x64) AppleWebKit/537.36 (KHTML, like Gecko) Chrome/85.0.4183.102 Safari/537.36"
116.179.32.133 - - [10/Sep/2020:12:35:33 -0400] "GET /RICH/ HTTP/1.0" 200 52711 "-" "Mozilla/5.0 (compatible; Baiduspider/2.0; +http://www.baidu.com/search/spider.html)"
34.73.120.62 - - [10/Sep/2020:16:08:56 -0400] "GET /RICH/projectsnack.html HTTP/1.0" 200 18989 "-" "ZoominfoBot (zoominfobot at zoominfo dot com)"
185.191.171.7 - - [10/Sep/2020:18:38:34 -0400] "GET /RICH/robots.txt HTTP/1.0" 404 575 "-" "Mozilla/5.0 (compatible; SemrushBot/6~bl; +http://www.semrush.com/bot.html)"
173.231.59.205 - - [10/Sep/2020:19:15:47 -0400] "GET /RICH/ HTTP/1.0" 200 52711 "https://www.richinc.org/" "Mozilla/5.0 (compatible; Adsbot/3.1)"
114.119.129.200 - - [10/Sep/2020:20:31:51 -0400] "GET /RICH/chairman-message.html HTTP/1.0" 200 13505 "-" "Mozilla/5.0 (Linux; Android 7.0;) AppleWebKit/537.36 (KHTML, like Gecko) Mobile Safari/537.36 (compatible; PetalBot;+http://aspiegel.com/petalbot)"
78.47.238.17 - - [10/Sep/2020:21:15:45 -0400] "GET /chrisann-A-essay.html HTTP/1.0" 302 234 "-" "pimeyes.com crawler"
78.47.238.17 - - [10/Sep/2020:21:15:45 -0400] "GET /RICH/chrisann-A-essay.html HTTP/1.0" 404 575 "-" "pimeyes.com crawler"
78.47.238.17 - - [10/Sep/2020:21:15:47 -0400] "GET /RICH/taj-J-essay.html HTTP/1.0" 404 575 "-" "pimeyes.com crawler"
173.231.59.205 - - [10/Sep/2020:21:27:27 -0400] "GET /snackimages/3.jpg HTTP/1.0" 302 230 "https://www.richinc.org/" "Mozilla/5.0 (compatible; Adsbot/3.1)"
173.231.59.205 - - [10/Sep/2020:21:27:48 -0400] "GET /snackimages/8.jpg HTTP/1.0" 302 230 "https://www.richinc.org/" "Mozilla/5.0 (compatible; Adsbot/3.1)"
173.231.59.205 - - [10/Sep/2020:21:28:25 -0400] "GET /snackimages/15.jpg HTTP/1.0" 302 231 "https://www.richinc.org/" "Mozilla/5.0 (compatible; Adsbot/3.1)"
173.231.59.205 - - [10/Sep/2020:21:29:02 -0400] "GET /snackimages/24.jpg HTTP/1.0" 302 231 "https://www.richinc.org/" "Mozilla/5.0 (compatible; Adsbot/3.1)"
173.231.59.205 - - [10/Sep/2020:21:30:26 -0400] "GET /snackimages/41.jpg HTTP/1.0" 302 231 "https://www.richinc.org/" "Mozilla/5.0 (compatible; Adsbot/3.1)"
173.231.59.205 - - [10/Sep/2020:21:30:32 -0400] "GET /snackimages/42.jpg HTTP/1.0" 302 231 "https://www.richinc.org/" "Mozilla/5.0 (compatible; Adsbot/3.1)"
173.231.59.205 - - [10/Sep/2020:21:34:09 -0400] "GET /RICH/Account/redirect.html HTTP/1.0" 200 2264 "https://www.richinc.org/" "Mozilla/5.0 (compatible; Adsbot/3.1)"
106.38.241.170 - - [10/Sep/2020:22:17:41 -0400] "GET / HTTP/1.0" 302 213 "-" "Sogou web spider/4.0(+http://www.sogou.com/docs/help/webmasters.htm#07)"
173.231.59.205 - - [10/Sep/2020:22:19:55 -0400] "GET /RICH/snackimages/1.jpg HTTP/1.0" 200 811778 "https://www.richinc.org/" "Mozilla/5.0 (compatible; Adsbot/3.1)"
173.231.59.205 - - [10/Sep/2020:22:21:46 -0400] "GET /RICH/snackimages/25.jpg HTTP/1.0" 200 227607 "https://www.richinc.org/" "Mozilla/5.0 (compatible; Adsbot/3.1)"
173.231.59.205 - - [10/Sep/2020:22:22:45 -0400] "GET /RICH/snackimages/38.jpg HTTP/1.0" 200 120222 "https://www.richinc.org/" "Mozilla/5.0 (compatible; Adsbot/3.1)"
173.231.59.205 - - [10/Sep/2020:22:23:32 -0400] "GET /RICH/snackimages/28.jpeg HTTP/1.0" 200 213824 "https://www.richinc.org/" "Mozilla/5.0 (compatible; Adsbot/3.1)"
114.119.143.81 - - [10/Sep/2020:22:40:09 -0400] "GET / HTTP/1.0" 302 213 "-" "Mozilla/5.0 (Linux; Android 7.0;) AppleWebKit/537.36 (KHTML, like Gecko) Mobile Safari/537.36 (compatible; PetalBot;+http://aspiegel.com/petalbot)"
49.7.21.85 - - [10/Sep/2020:22:44:26 -0400] "GET /RICH/css/animate.css HTTP/1.0" 200 77748 "-" "Mozilla/4.0 (compatible; MSIE 7.0; Windows NT 6.0; Trident/4.0)"
24.90.48.127 - - [10/Sep/2020:22:56:28 -0400] "GET /RICH/css/bootstrap.min.css HTTP/1.0" 200 159826 "https://www.richinc.org/RICH/" "Mozilla/5.0 (Windows NT 10.0; Win64; x64) AppleWebKit/537.36 (KHTML, like Gecko) Chrome/84.0.4147.135 Safari/537.36"
24.90.48.127 - - [10/Sep/2020:22:56:29 -0400] "GET /RICH/images/strategies.png HTTP/1.0" 200 22315 "https://www.richinc.org/RICH/" "Mozilla/5.0 (Windows NT 10.0; Win64; x64) AppleWebKit/537.36 (KHTML, like Gecko) Chrome/84.0.4147.135 Safari/537.36"
24.90.48.127 - - [10/Sep/2020:22:56:30 -0400] "GET /RICH/cdn-cgi/scripts/5c5dd728/cloudflare-static/email-decode.min.js HTTP/1.0" 404 575 "https://www.richinc.org/RICH/" "Mozilla/5.0 (Windows NT 10.0; Win64; x64) AppleWebKit/537.36 (KHTML, like Gecko) Chrome/84.0.4147.135 Safari/537.36"
24.90.48.127 - - [10/Sep/2020:22:56:30 -0400] "GET /RICH/js/jquery-ui.js HTTP/1.0" 200 45799 "https://www.richinc.org/RICH/" "Mozilla/5.0 (Windows NT 10.0; Win64; x64) AppleWebKit/537.36 (KHTML, like Gecko) Chrome/84.0.4147.135 Safari/537.36"
24.90.48.127 - - [10/Sep/2020:22:56:30 -0400] "GET /RICH/js/owl.carousel.min.js HTTP/1.0" 200 42766 "https://www.richinc.org/RICH/" "Mozilla/5.0 (Windows NT 10.0; Win64; x64) AppleWebKit/537.36 (KHTML, like Gecko) Chrome/84.0.4147.135 Safari/537.36"
24.90.48.127 - - [10/Sep/2020:22:56:30 -0400] "GET /RICH/js/jquery.magnific-popup.min.js HTTP/1.0" 200 20216 "https://www.richinc.org/RICH/" "Mozilla/5.0 (Windows NT 10.0; Win64; x64) AppleWebKit/537.36 (KHTML, like Gecko) Chrome/84.0.4147.135 Safari/537.36"
24.90.48.127 - - [10/Sep/2020:22:56:30 -0400] "GET /RICH/js/bootstrap-datepicker.min.js HTTP/1.0" 200 34172 "https://www.richinc.org/RICH/" "Mozilla/5.0 (Windows NT 10.0; Win64; x64) AppleWebKit/537.36 (KHTML, like Gecko) Chrome/84.0.4147.135 Safari/537.36"
24.90.48.127 - - [10/Sep/2020:22:56:30 -0400] "GET /RICH/js/mediaelement-and-player.min.js HTTP/1.0" 200 152469 "https://www.richinc.org/RICH/" "Mozilla/5.0 (Windows NT 10.0; Win64; x64) AppleWebKit/537.36 (KHTML, like Gecko) Chrome/84.0.4147.135 Safari/537.36"
