184.154.36.170 - - [11/Sep/2020:07:25:10 -0400] "GET /RICH/peace-run.html HTTP/1.0" 200 14034 "-" "SiteLockSpider [en] (WinNT; I ;Nav)"
184.154.36.170 - - [11/Sep/2020:07:25:14 -0400] "GET /RICH/css/owl.carousel.min.css HTTP/1.0" 200 2936 "http://www.google.com/url?url=www.richinc.org&yahoo.com" "Mozilla/5.0 (compatible; MSIE 9.0; Windows NT 6.1; WOW64; Trident/6.0)"
184.154.36.170 - - [11/Sep/2020:07:25:20 -0400] "GET /RICH/js/aos.js HTTP/1.0" 200 14244 "-" "SiteLockSpider [en] (WinNT; I ;Nav)"
184.154.36.170 - - [11/Sep/2020:07:25:23 -0400] "GET /RICH/roster.html?=1 HTTP/1.0" 200 27402 "-" "SiteLockSpider [en] (WinNT; I ;Nav)"
184.154.36.170 - - [11/Sep/2020:07:25:32 -0400] "GET /RICH/css/style.css HTTP/1.0" 200 48040 "-" "SiteLockSpider [en] (WinNT; I ;Nav)"
184.154.36.170 - - [11/Sep/2020:07:25:36 -0400] "GET /RICH/projectsnack.html HTTP/1.0" 200 18989 "-" "SiteLockSpider [en] (WinNT; I ;Nav)"
184.154.36.170 - - [11/Sep/2020:07:25:36 -0400] "GET /RICH/overview.html HTTP/1.0" 200 11800 "-" "SiteLockSpider [en] (WinNT; I ;Nav)"
184.154.36.170 - - [11/Sep/2020:07:25:37 -0400] "GET /RICH/gsuite-classroom.html HTTP/1.0" 200 10020 "-" "SiteLockSpider [en] (WinNT; I ;Nav)"
184.154.36.170 - - [11/Sep/2020:07:25:38 -0400] "GET /RICH/page2.html HTTP/1.0" 200 48877 "-" "SiteLockSpider [en] (WinNT; I ;Nav)"
184.154.36.170 - - [11/Sep/2020:07:25:40 -0400] "GET /RICH/js/jquery-ui.js HTTP/1.0" 200 45799 "-" "SiteLockSpider [en] (WinNT; I ;Nav)"
184.154.36.170 - - [11/Sep/2020:07:25:41 -0400] "GET /RICH/js/bootstrap.min.js HTTP/1.0" 200 51039 "-" "SiteLockSpider [en] (WinNT; I ;Nav)"
184.154.36.170 - - [11/Sep/2020:07:25:42 -0400] "GET /RICH/fonts/flaticon/font/flaticon.css HTTP/1.0" 200 1250 "http://www.google.com/url?url=www.richinc.org&yahoo.com" "Mozilla/5.0 (compatible; MSIE 9.0; Windows NT 6.1; WOW64; Trident/6.0)"
77.75.78.166 - - [11/Sep/2020:07:32:00 -0400] "GET /snackimages/42.jpg HTTP/1.0" 302 231 "-" "Mozilla/5.0 (compatible; SeznamBot/3.2; +http://napoveda.seznam.cz/en/seznambot-intro/)"
17.58.102.44 - - [11/Sep/2020:07:34:13 -0400] "GET /RICH/page1.html HTTP/1.0" 200 53544 "-" "Mozilla/5.0 (Macintosh; Intel Mac OS X 10_15_5) AppleWebKit/605.1.15 (KHTML, like Gecko) Version/13.1.1 Safari/605.1.15 (Applebot/0.1; +http://www.apple.com/go/applebot)"
66.160.140.184 - - [11/Sep/2020:07:39:09 -0400] "GET /chrisann-A-essay.html HTTP/1.0" 302 234 "-" "The Knowledge AI"
66.160.140.184 - - [11/Sep/2020:07:39:10 -0400] "GET /ricardo-H-essay.html HTTP/1.0" 302 233 "-" "The Knowledge AI"
66.160.140.184 - - [11/Sep/2020:07:39:10 -0400] "GET /taj-J-essay.html HTTP/1.0" 302 229 "-" "The Knowledge AI"
157.55.39.32 - - [11/Sep/2020:08:17:09 -0400] "GET /RICH/robots.txt HTTP/1.0" 404 575 "-" "Mozilla/5.0 (compatible; bingbot/2.0; +http://www.bing.com/bingbot.htm)"
162.253.129.171 - - [11/Sep/2020:08:55:17 -0400] "GET /RICH/parents-investment-alliance.html HTTP/1.0" 200 13078 "https://www.richinc.org/RICH/contact-us.html" "Mozilla/5.0 (Macintosh; Intel Mac OS X 10_12_0) AppleWebKit/537.36 (KHTML, like Gecko) Chrome/66.0.3359.117 Safari/537.36"
162.253.129.171 - - [11/Sep/2020:08:55:19 -0400] "GET /RICH/projectsnack.html HTTP/1.0" 200 18989 "https://www.richinc.org/RICH/contact-us.html" "Mozilla/5.0 (Macintosh; Intel Mac OS X 10_12_0) AppleWebKit/537.36 (KHTML, like Gecko) Chrome/66.0.3359.117 Safari/537.36"
114.119.145.137 - - [11/Sep/2020:10:00:27 -0400] "GET /RICH/ HTTP/1.0" 200 52711 "-" "Mozilla/5.0 (Linux; Android 7.0;) AppleWebKit/537.36 (KHTML, like Gecko) Mobile Safari/537.36 (compatible; PetalBot;+http://aspiegel.com/petalbot)"
77.75.79.54 - - [11/Sep/2020:10:07:48 -0400] "GET /robots.txt HTTP/1.0" 302 223 "-" "Mozilla/5.0 (compatible; SeznamBot/3.2; +http://napoveda.seznam.cz/en/seznambot-intro/)"
207.46.13.48 - - [11/Sep/2020:10:08:12 -0400] "GET /RICH/blog/live-video-broadcast/ HTTP/1.0" 404 575 "-" "Mozilla/5.0 (compatible; bingbot/2.0; +http://www.bing.com/bingbot.htm)"
62.210.188.218 - - [11/Sep/2020:10:12:07 -0400] "GET /robots.txt HTTP/1.0" 302 223 "-" "Mozilla/5.0 (compatible; Barkrowler/0.9; +https://babbar.tech/crawler)"
62.210.188.218 - - [11/Sep/2020:10:12:30 -0400] "GET /RICH/taj-J-essay.html HTTP/1.0" 404 575 "-" "Mozilla/5.0 (compatible; Barkrowler/0.9; +https://babbar.tech/crawler)"
62.210.188.218 - - [11/Sep/2020:10:12:35 -0400] "GET /RICH/nija-W-essay.html HTTP/1.0" 404 575 "-" "Mozilla/5.0 (compatible; Barkrowler/0.9; +https://babbar.tech/crawler)"
107.178.239.214 - - [11/Sep/2020:11:12:02 -0400] "GET /RICH/css/bot.css HTTP/1.0" 200 1399 "https://www.richinc.org/RICH/" "Mozilla/5.0 (X11; Linux x86_64) AppleWebKit/537.36 (KHTML, like Gecko) HeadlessChrome/72.0.3617.0 Safari/537.36"
107.178.239.214 - - [11/Sep/2020:11:12:02 -0400] "GET /RICH/js/jquery-migrate-3.0.1.min.js HTTP/1.0" 200 11421 "https://www.richinc.org/RICH/" "Mozilla/5.0 (X11; Linux x86_64) AppleWebKit/537.36 (KHTML, like Gecko) HeadlessChrome/72.0.3617.0 Safari/537.36"
114.119.145.137 - - [11/Sep/2020:12:41:55 -0400] "GET /RICH/index.html HTTP/1.0" 200 52711 "-" "Mozilla/5.0 (Linux; Android 7.0;) AppleWebKit/537.36 (KHTML, like Gecko) Mobile Safari/537.36 (compatible; PetalBot;+http://aspiegel.com/petalbot)"
114.119.128.19 - - [11/Sep/2020:13:06:57 -0400] "GET /RICH/partnership-opportunities.html HTTP/1.0" 200 14323 "-" "Mozilla/5.0 (Linux; Android 7.0;) AppleWebKit/537.36 (KHTML, like Gecko) Mobile Safari/537.36 (compatible; PetalBot;+http://aspiegel.com/petalbot)"
34.73.187.119 - - [11/Sep/2020:15:50:34 -0400] "GET /RICH/robots.txt HTTP/1.0" 404 575 "-" "ZoominfoBot (zoominfobot at zoominfo dot com)"
34.73.187.119 - - [11/Sep/2020:15:50:34 -0400] "GET /RICH/robots.txt HTTP/1.0" 404 575 "-" "ZoominfoBot (zoominfobot at zoominfo dot com)"
77.75.76.163 - - [11/Sep/2020:15:55:55 -0400] "GET /snackimages/31.jpg HTTP/1.0" 302 231 "-" "Mozilla/5.0 (compatible; SeznamBot/3.2; +http://napoveda.seznam.cz/en/seznambot-intro/)"
185.51.228.243 - - [11/Sep/2020:16:00:13 -0400] "GET /wp-includes/images/css.php HTTP/1.0" 302 239 "-" "Linux Mozilla"
185.51.228.243 - - [11/Sep/2020:16:00:20 -0400] "GET /wp-admin/user/wp-1ogin_bak.php HTTP/1.0" 302 243 "-" "Linux Mozilla"
114.119.128.19 - - [11/Sep/2020:16:10:28 -0400] "GET /annual-reports.html HTTP/1.0" 302 232 "-" "Mozilla/5.0 (Linux; Android 7.0;) AppleWebKit/537.36 (KHTML, like Gecko) Mobile Safari/537.36 (compatible; PetalBot;+http://aspiegel.com/petalbot)"
173.69.202.47 - - [11/Sep/2020:18:20:14 -0400] "GET /RICH/apple-touch-icon-152x152-precomposed.png HTTP/1.0" 404 575 "-" "MobileSafari/604.1 CFNetwork/978.0.7 Darwin/18.7.0"
220.181.77.162 - - [11/Sep/2020:18:37:19 -0400] "GET /RICH/css/style.css HTTP/1.0" 200 48040 "https://www.richinc.org/RICH/" "Mozilla/5.0 (Linux; U; Android 1.5; en-us; T-Mobile G1 Build/CRB43) AppleWebKit/528.5 (KHTML, like Gecko) Version/3.1.2 Mobile Safari 525.20.1"
220.181.77.162 - - [11/Sep/2020:18:37:24 -0400] "GET /RICH/Image4.jpg HTTP/1.0" 200 2910175 "https://www.richinc.org/RICH/" "Mozilla/5.0 (Linux; U; Android 1.5; en-us; T-Mobile G1 Build/CRB43) AppleWebKit/528.5 (KHTML, like Gecko) Version/3.1.2 Mobile Safari 525.20.1"
220.181.77.162 - - [11/Sep/2020:18:38:04 -0400] "GET /RICH/css/owl.carousel.min.css HTTP/1.0" 200 2936 "https://www.richinc.org/RICH/" "Mozilla/5.0 (Linux; U; Android 1.6; en-us; SonyEricssonX10i Build/R1AA056) AppleWebKit/528.5 (KHTML, like Gecko) Version/3.1.2 Mobile Safari/525.20.1"
220.181.77.162 - - [11/Sep/2020:18:38:05 -0400] "GET /RICH/css/bootstrap-datepicker.css HTTP/1.0" 200 17144 "https://www.richinc.org/RICH/" "Mozilla/5.0 (Linux; U; Android 1.6; en-us; SonyEricssonX10i Build/R1AA056) AppleWebKit/528.5 (KHTML, like Gecko) Version/3.1.2 Mobile Safari/525.20.1"
220.181.77.162 - - [11/Sep/2020:18:38:08 -0400] "GET /RICH/js/jquery-migrate-3.0.1.min.js HTTP/1.0" 200 11421 "https://www.richinc.org/RICH/" "Mozilla/5.0 (Linux; U; Android 1.6; en-us; SonyEricssonX10i Build/R1AA056) AppleWebKit/528.5 (KHTML, like Gecko) Version/3.1.2 Mobile Safari/525.20.1"
220.181.77.162 - - [11/Sep/2020:18:38:26 -0400] "GET /RICH/fonts/flaticon/font/flaticon.css HTTP/1.0" 200 1250 "https://www.richinc.org/RICH/" "Mozilla/5.0 (Linux; U; Android 1.6; en-us; SonyEricssonX10i Build/R1AA056) AppleWebKit/528.5 (KHTML, like Gecko) Version/3.1.2 Mobile Safari/525.20.1"
183.36.115.13 - - [11/Sep/2020:19:22:34 -0400] "GET /css/bootstrap.min.css HTTP/1.0" 403 223 "http://richinc.org/" "Mozilla/5.0 (X11; Fedora; Linux x86_64) AppleWebKit/537.36 (KHTML, like Gecko) HeadlessChrome/73.0.3683.86 Safari/537.36"
114.119.138.95 - - [11/Sep/2020:20:08:34 -0400] "GET /robots.txt HTTP/1.0" 302 223 "-" "(compatible;PetalBot;+http://aspiegel.com/petalbot)"
114.119.138.95 - - [11/Sep/2020:20:08:35 -0400] "GET /RICH/robots.txt HTTP/1.0" 404 575 "-" "(compatible;PetalBot;+http://aspiegel.com/petalbot)"
123.126.68.143 - - [11/Sep/2020:22:52:06 -0400] "GET /css/magnific-popup.css HTTP/1.0" 403 224 "http://www.richinc.org/" "Mozilla/5.0 (X11; Fedora; Linux x86_64) AppleWebKit/537.36 (KHTML, like Gecko) HeadlessChrome/73.0.3683.86 Safari/537.36"
123.126.68.126 - - [11/Sep/2020:22:52:08 -0400] "GET /css/animate.css HTTP/1.0" 403 217 "http://www.richinc.org/" "Mozilla/5.0 (X11; Fedora; Linux x86_64) AppleWebKit/537.36 (KHTML, like Gecko) HeadlessChrome/73.0.3683.86 Safari/537.36"
183.36.114.119 - - [11/Sep/2020:22:52:08 -0400] "GET /css/style.css HTTP/1.0" 403 215 "http://www.richinc.org/" "Mozilla/5.0 (X11; Fedora; Linux x86_64) AppleWebKit/537.36 (KHTML, like Gecko) HeadlessChrome/73.0.3683.86 Safari/537.36"
183.36.114.99 - - [11/Sep/2020:22:52:11 -0400] "GET /css/bootstrap.min.css HTTP/1.0" 403 223 "http://www.richinc.org/" "Mozilla/5.0 (X11; Fedora; Linux x86_64) AppleWebKit/537.36 (KHTML, like Gecko) HeadlessChrome/73.0.3683.86 Safari/537.36"
183.36.114.146 - - [11/Sep/2020:22:52:12 -0400] "GET /css/jquery-ui.css HTTP/1.0" 403 219 "http://www.richinc.org/" "Mozilla/5.0 (X11; Fedora; Linux x86_64) AppleWebKit/537.36 (KHTML, like Gecko) HeadlessChrome/73.0.3683.86 Safari/537.36"
34.213.70.245 - - [11/Sep/2020:00:37:36 -0400] "GET /RICH/www3/bofa HTTP/1.0" 404 575 "-" "Mozilla/5.0 (Macintosh; PPC Mac OS X 10.9; rv:53.0) Gecko/20100101 Firefox/53.0"
77.75.77.101 - - [11/Sep/2020:03:35:44 -0400] "GET /RICH/Image1.jpg HTTP/1.0" 200 1421241 "-" "Mozilla/5.0 (compatible; SeznamBot/3.2; +http://napoveda.seznam.cz/en/seznambot-intro/)"
114.119.146.36 - - [11/Sep/2020:03:45:05 -0400] "GET /RICH/overview.html HTTP/1.0" 200 11800 "-" "Mozilla/5.0 (Linux; Android 7.0;) AppleWebKit/537.36 (KHTML, like Gecko) Mobile Safari/537.36 (compatible; PetalBot;+http://aspiegel.com/petalbot)"
95.163.255.165 - - [11/Sep/2020:05:04:40 -0400] "GET /team HTTP/1.0" 302 217 "-" "Mozilla/5.0 (compatible; Linux x86_64; Mail.RU_Bot/2.0; +http://go.mail.ru/help/robots)"
216.218.191.227 - - [11/Sep/2020:06:55:03 -0400] "GET /RICH/fonts/icomoon/style.css HTTP/1.0" 200 79820 "https://www.richinc.org/RICH/parents-investment-alliance.html" "Mozilla/5.0 (X11; Ubuntu; Linux x86_64) AppleWebKit/537.36 (KHTML, like Gecko) Chrome/80.0.3987.0 Safari/537.36"
216.218.191.227 - - [11/Sep/2020:06:55:04 -0400] "GET /RICH/js/aos.js HTTP/1.0" 200 14244 "https://www.richinc.org/RICH/parents-investment-alliance.html" "Mozilla/5.0 (X11; Ubuntu; Linux x86_64) AppleWebKit/537.36 (KHTML, like Gecko) Chrome/80.0.3987.0 Safari/537.36"
216.218.191.227 - - [11/Sep/2020:06:55:04 -0400] "GET /RICH/images/LOGO.png HTTP/1.0" 200 48308 "https://www.richinc.org/RICH/parents-investment-alliance.html" "Mozilla/5.0 (X11; Ubuntu; Linux x86_64) AppleWebKit/537.36 (KHTML, like Gecko) Chrome/80.0.3987.0 Safari/537.36"
216.218.191.227 - - [11/Sep/2020:06:55:04 -0400] "GET /RICH/fonts/icomoon/fonts/icomoon.ttf?10si43 HTTP/1.0" 200 307168 "https://www.richinc.org/RICH/fonts/icomoon/style.css" "Mozilla/5.0 (X11; Ubuntu; Linux x86_64) AppleWebKit/537.36 (KHTML, like Gecko) Chrome/80.0.3987.0 Safari/537.36"
184.154.36.170 - - [11/Sep/2020:07:25:05 -0400] "GET /RICH/gsuite-classroom.html HTTP/1.0" 200 10020 "-" "SiteLockSpider [en] (WinNT; I ;Nav)"
184.154.36.170 - - [11/Sep/2020:07:25:16 -0400] "GET /RICH/js/jquery-3.3.1.min.js HTTP/1.0" 200 86926 "-" "SiteLockSpider [en] (WinNT; I ;Nav)"
184.154.36.170 - - [11/Sep/2020:07:25:20 -0400] "GET /RICH/css/jquery-ui.css HTTP/1.0" 200 21738 "-" "SiteLockSpider [en] (WinNT; I ;Nav)"
184.154.36.170 - - [11/Sep/2020:07:25:22 -0400] "GET /RICH/js/popper.min.js HTTP/1.0" 200 20336 "-" "SiteLockSpider [en] (WinNT; I ;Nav)"
184.154.36.170 - - [11/Sep/2020:07:25:26 -0400] "GET /RICH/css/bot.css HTTP/1.0" 200 1399 "-" "SiteLockSpider [en] (WinNT; I ;Nav)"
184.154.36.170 - - [11/Sep/2020:07:25:29 -0400] "GET /RICH/js/jquery-migrate-3.0.1.min.js HTTP/1.0" 200 11421 "-" "SiteLockSpider [en] (WinNT; I ;Nav)"
184.154.36.170 - - [11/Sep/2020:07:25:36 -0400] "GET /RICH/Account/portal-home.html HTTP/1.0" 200 18428 "-" "SiteLockSpider [en] (WinNT; I ;Nav)"
184.154.36.170 - - [11/Sep/2020:07:25:41 -0400] "GET /RICH/js/jquery-migrate-3.0.1.min.js HTTP/1.0" 200 11421 "-" "SiteLockSpider [en] (WinNT; I ;Nav)"
64.120.109.46 - - [11/Sep/2020:07:29:04 -0400] "GET /RICH/ HTTP/1.0" 200 52711 "-" "Mozilla/5.0 (Windows NT 10.0; Win64; x64) AppleWebKit/537.36 (KHTML, like Gecko) Chrome/80.0.3987.122 Safari/537.36"
77.75.78.166 - - [11/Sep/2020:07:31:47 -0400] "GET /robots.txt HTTP/1.0" 302 223 "-" "Mozilla/5.0 (compatible; SeznamBot/3.2; +http://napoveda.seznam.cz/en/seznambot-intro/)"
66.160.140.184 - - [11/Sep/2020:07:38:58 -0400] "GET /news-articles.php HTTP/1.0" 302 230 "-" "The Knowledge AI"
66.160.140.184 - - [11/Sep/2020:07:39:10 -0400] "GET /about-us.php HTTP/1.0" 302 225 "-" "The Knowledge AI"
207.46.13.48 - - [11/Sep/2020:10:08:02 -0400] "GET /blog/live-video-broadcast/ HTTP/1.0" 302 239 "-" "Mozilla/5.0 (compatible; bingbot/2.0; +http://www.bing.com/bingbot.htm)"
62.210.188.218 - - [11/Sep/2020:10:12:03 -0400] "GET /RICH/robots.txt HTTP/1.0" 404 575 "-" "Mozilla/5.0 (compatible; Barkrowler/0.9; +https://babbar.tech/crawler)"
107.178.239.214 - - [11/Sep/2020:11:12:02 -0400] "GET /RICH/css/bootstrap.min.css HTTP/1.0" 200 159826 "https://www.richinc.org/RICH/" "Mozilla/5.0 (X11; Linux x86_64) AppleWebKit/537.36 (KHTML, like Gecko) HeadlessChrome/72.0.3617.0 Safari/537.36"
107.178.239.214 - - [11/Sep/2020:11:12:02 -0400] "GET /RICH/css/bootstrap-datepicker.css HTTP/1.0" 200 17144 "https://www.richinc.org/RICH/" "Mozilla/5.0 (X11; Linux x86_64) AppleWebKit/537.36 (KHTML, like Gecko) HeadlessChrome/72.0.3617.0 Safari/537.36"
107.178.239.214 - - [11/Sep/2020:11:12:02 -0400] "GET /RICH/css/style.css HTTP/1.0" 200 48040 "https://www.richinc.org/RICH/" "Mozilla/5.0 (X11; Linux x86_64) AppleWebKit/537.36 (KHTML, like Gecko) HeadlessChrome/72.0.3617.0 Safari/537.36"
107.178.239.214 - - [11/Sep/2020:11:12:03 -0400] "GET /RICH/js/mediaelement-and-player.min.js HTTP/1.0" 200 152469 "https://www.richinc.org/RICH/" "Mozilla/5.0 (X11; Linux x86_64) AppleWebKit/537.36 (KHTML, like Gecko) HeadlessChrome/72.0.3617.0 Safari/537.36"
107.178.239.214 - - [11/Sep/2020:11:12:03 -0400] "GET /RICH/images/rich-image1.jpg HTTP/1.0" 200 99047 "https://www.richinc.org/RICH/" "Mozilla/5.0 (X11; Linux x86_64) AppleWebKit/537.36 (KHTML, like Gecko) HeadlessChrome/72.0.3617.0 Safari/537.36"
107.178.239.214 - - [11/Sep/2020:11:12:03 -0400] "GET /RICH/fonts/icomoon/fonts/icomoon.ttf?10si43 HTTP/1.0" 200 307168 "https://www.richinc.org/RICH/fonts/icomoon/style.css" "Mozilla/5.0 (X11; Linux x86_64) AppleWebKit/537.36 (KHTML, like Gecko) HeadlessChrome/72.0.3617.0 Safari/537.36"
107.178.239.214 - - [11/Sep/2020:11:12:03 -0400] "GET /RICH/QueensImage.jpg HTTP/1.0" 200 675817 "https://www.richinc.org/RICH/" "Mozilla/5.0 (X11; Linux x86_64) AppleWebKit/537.36 (KHTML, like Gecko) HeadlessChrome/72.0.3617.0 Safari/537.36"
107.178.239.214 - - [11/Sep/2020:11:12:03 -0400] "GET /RICH/Image1.jpg HTTP/1.0" 200 1421241 "https://www.richinc.org/RICH/" "Mozilla/5.0 (X11; Linux x86_64) AppleWebKit/537.36 (KHTML, like Gecko) HeadlessChrome/72.0.3617.0 Safari/537.36"
17.58.102.44 - - [11/Sep/2020:11:21:24 -0400] "GET /RICH/annual-reports.html HTTP/1.0" 200 10564 "-" "Mozilla/5.0 (Macintosh; Intel Mac OS X 10_15_5) AppleWebKit/605.1.15 (KHTML, like Gecko) Version/13.1.1 Safari/605.1.15 (Applebot/0.1; +http://www.apple.com/go/applebot)"
114.119.133.53 - - [11/Sep/2020:12:17:30 -0400] "GET /RICH/board-directors.html HTTP/1.0" 200 12545 "-" "Mozilla/5.0 (Linux; Android 7.0;) AppleWebKit/537.36 (KHTML, like Gecko) Mobile Safari/537.36 (compatible; PetalBot;+http://aspiegel.com/petalbot)"
185.51.228.243 - - [11/Sep/2020:16:00:11 -0400] "GET /wp-includes/css/css.php HTTP/1.0" 302 236 "-" "Linux Mozilla"
185.51.228.243 - - [11/Sep/2020:16:00:13 -0400] "GET /RICH/wp-includes/images/css.php HTTP/1.0" 404 575 "-" "Linux Mozilla"
185.51.228.243 - - [11/Sep/2020:16:00:18 -0400] "GET /wp-content/plugins/wp-1ogin_bak.php HTTP/1.0" 302 248 "-" "Linux Mozilla"
185.51.228.243 - - [11/Sep/2020:16:00:18 -0400] "GET /RICH/wp-content/plugins/wp-1ogin_bak.php HTTP/1.0" 404 575 "-" "Linux Mozilla"
185.51.228.243 - - [11/Sep/2020:16:00:20 -0400] "GET /RICH/wp-admin/network/wp-1ogin_bak.php HTTP/1.0" 404 575 "-" "Linux Mozilla"
114.119.128.19 - - [11/Sep/2020:16:10:29 -0400] "GET /RICH/annual-reports.html HTTP/1.0" 200 10564 "-" "Mozilla/5.0 (Linux; Android 7.0;) AppleWebKit/537.36 (KHTML, like Gecko) Mobile Safari/537.36 (compatible; PetalBot;+http://aspiegel.com/petalbot)"
34.73.188.215 - - [11/Sep/2020:16:38:27 -0400] "GET / HTTP/1.0" 302 213 "-" "ZoominfoBot (zoominfobot at zoominfo dot com)"
207.46.13.48 - - [11/Sep/2020:16:54:59 -0400] "GET /RICH/blog/2013/02/22/first-annual-bill-mccreary-living-legend-awards-program/ HTTP/1.0" 404 575 "-" "Mozilla/5.0 (compatible; bingbot/2.0; +http://www.bing.com/bingbot.htm)"
207.46.13.164 - - [11/Sep/2020:16:55:27 -0400] "GET /snackimages/16.jpg HTTP/1.0" 302 231 "-" "Mozilla/5.0 (compatible; bingbot/2.0; +http://www.bing.com/bingbot.htm)"
114.119.150.166 - - [11/Sep/2020:17:08:49 -0400] "GET /RICH/rich-learning-system.html HTTP/1.0" 200 13174 "-" "Mozilla/5.0 (Linux; Android 7.0;) AppleWebKit/537.36 (KHTML, like Gecko) Mobile Safari/537.36 (compatible; PetalBot;+http://aspiegel.com/petalbot)"
40.77.167.121 - - [11/Sep/2020:17:24:36 -0400] "GET /RICH/four.JPG HTTP/1.0" 200 515761 "-" "Mozilla/5.0 (compatible; bingbot/2.0; +http://www.bing.com/bingbot.htm)"
114.119.133.53 - - [11/Sep/2020:17:37:49 -0400] "GET /RICH/overview.html HTTP/1.0" 200 11800 "-" "Mozilla/5.0 (Linux; Android 7.0;) AppleWebKit/537.36 (KHTML, like Gecko) Mobile Safari/537.36 (compatible; PetalBot;+http://aspiegel.com/petalbot)"
173.69.202.47 - - [11/Sep/2020:18:20:14 -0400] "GET /apple-touch-icon-152x152.png HTTP/1.0" 302 241 "-" "MobileSafari/604.1 CFNetwork/978.0.7 Darwin/18.7.0"
173.69.202.47 - - [11/Sep/2020:18:20:14 -0400] "GET /apple-touch-icon.png HTTP/1.0" 302 233 "-" "MobileSafari/604.1 CFNetwork/978.0.7 Darwin/18.7.0"
220.181.77.162 - - [11/Sep/2020:18:37:14 -0400] "GET /RICH/css/bootstrap.min.css HTTP/1.0" 200 159826 "https://www.richinc.org/RICH/" "Mozilla/5.0 (Linux; U; Android 1.5; en-us; T-Mobile G1 Build/CRB43) AppleWebKit/528.5 (KHTML, like Gecko) Version/3.1.2 Mobile Safari 525.20.1"
220.181.77.162 - - [11/Sep/2020:18:37:15 -0400] "GET /RICH/fonts/icomoon/style.css HTTP/1.0" 200 79820 "https://www.richinc.org/RICH/" "Mozilla/5.0 (Linux; U; Android 1.5; en-us; T-Mobile G1 Build/CRB43) AppleWebKit/528.5 (KHTML, like Gecko) Version/3.1.2 Mobile Safari 525.20.1"
220.181.77.162 - - [11/Sep/2020:18:37:17 -0400] "GET /RICH/css/bootstrap-datepicker.css HTTP/1.0" 200 17144 "https://www.richinc.org/RICH/" "Mozilla/5.0 (Linux; U; Android 1.5; en-us; T-Mobile G1 Build/CRB43) AppleWebKit/528.5 (KHTML, like Gecko) Version/3.1.2 Mobile Safari 525.20.1"
220.181.77.162 - - [11/Sep/2020:18:37:33 -0400] "GET /RICH/ HTTP/1.0" 200 52711 "-" "Mozilla/5.0 (Linux; U; Android 1.5; en-us; T-Mobile G1 Build/CRB43) AppleWebKit/528.5 (KHTML, like Gecko) Version/3.1.2 Mobile Safari 525.20.1"
220.181.77.162 - - [11/Sep/2020:18:37:36 -0400] "GET /RICH/css/owl.carousel.min.css HTTP/1.0" 200 2936 "https://www.richinc.org/RICH/" "Mozilla/5.0 (Linux; U; Android 1.5; en-us; T-Mobile G1 Build/CRB43) AppleWebKit/528.5 (KHTML, like Gecko) Version/3.1.2 Mobile Safari 525.20.1"
220.181.77.162 - - [11/Sep/2020:18:37:39 -0400] "GET /RICH/Image1.jpg HTTP/1.0" 200 1421241 "https://www.richinc.org/RICH/" "Mozilla/5.0 (Linux; U; Android 1.5; en-us; T-Mobile G1 Build/CRB43) AppleWebKit/528.5 (KHTML, like Gecko) Version/3.1.2 Mobile Safari 525.20.1"
220.181.77.162 - - [11/Sep/2020:18:38:04 -0400] "GET /RICH/css/bootstrap.min.css HTTP/1.0" 200 159826 "https://www.richinc.org/RICH/" "Mozilla/5.0 (Linux; U; Android 1.6; en-us; SonyEricssonX10i Build/R1AA056) AppleWebKit/528.5 (KHTML, like Gecko) Version/3.1.2 Mobile Safari/525.20.1"
220.181.77.162 - - [11/Sep/2020:18:38:05 -0400] "GET /RICH/css/owl.theme.default.min.css HTTP/1.0" 200 965 "https://www.richinc.org/RICH/" "Mozilla/5.0 (Linux; U; Android 1.6; en-us; SonyEricssonX10i Build/R1AA056) AppleWebKit/528.5 (KHTML, like Gecko) Version/3.1.2 Mobile Safari/525.20.1"
220.181.77.162 - - [11/Sep/2020:18:38:07 -0400] "GET /RICH/css/style.css HTTP/1.0" 200 48040 "https://www.richinc.org/RICH/" "Mozilla/5.0 (Linux; U; Android 1.6; en-us; SonyEricssonX10i Build/R1AA056) AppleWebKit/528.5 (KHTML, like Gecko) Version/3.1.2 Mobile Safari/525.20.1"
220.181.77.162 - - [11/Sep/2020:18:38:07 -0400] "GET /cdn-cgi/scripts/5c5dd728/cloudflare-static/email-decode.min.js HTTP/1.0" 302 275 "https://www.richinc.org/RICH/" "Mozilla/5.0 (Linux; U; Android 1.6; en-us; SonyEricssonX10i Build/R1AA056) AppleWebKit/528.5 (KHTML, like Gecko) Version/3.1.2 Mobile Safari/525.20.1"
220.181.77.162 - - [11/Sep/2020:18:38:10 -0400] "GET /RICH/js/jquery.magnific-popup.min.js HTTP/1.0" 200 20216 "https://www.richinc.org/RICH/" "Mozilla/5.0 (Linux; U; Android 1.6; en-us; SonyEricssonX10i Build/R1AA056) AppleWebKit/528.5 (KHTML, like Gecko) Version/3.1.2 Mobile Safari/525.20.1"
220.181.77.162 - - [11/Sep/2020:18:38:15 -0400] "GET /RICH/Image4.jpg HTTP/1.0" 200 2910175 "https://www.richinc.org/RICH/" "Mozilla/5.0 (Linux; U; Android 1.6; en-us; SonyEricssonX10i Build/R1AA056) AppleWebKit/528.5 (KHTML, like Gecko) Version/3.1.2 Mobile Safari/525.20.1"
220.181.77.162 - - [11/Sep/2020:18:38:25 -0400] "GET /RICH/css/magnific-popup.css HTTP/1.0" 200 6950 "https://www.richinc.org/RICH/" "Mozilla/5.0 (Linux; U; Android 1.6; en-us; SonyEricssonX10i Build/R1AA056) AppleWebKit/528.5 (KHTML, like Gecko) Version/3.1.2 Mobile Safari/525.20.1"
49.7.20.74 - - [11/Sep/2020:19:14:16 -0400] "GET /RICH/ HTTP/1.0" 200 52711 "-" "Sogou web spider/4.0(+http://www.sogou.com/docs/help/webmasters.htm#07)"
183.36.114.156 - - [11/Sep/2020:19:22:30 -0400] "GET /css/magnific-popup.css HTTP/1.0" 403 224 "http://richinc.org/" "Mozilla/5.0 (X11; Fedora; Linux x86_64) AppleWebKit/537.36 (KHTML, like Gecko) HeadlessChrome/73.0.3683.86 Safari/537.36"
36.110.147.90 - - [11/Sep/2020:19:22:30 -0400] "GET /css/style.css HTTP/1.0" 403 215 "http://richinc.org/" "Mozilla/5.0 (X11; Fedora; Linux x86_64) AppleWebKit/537.36 (KHTML, like Gecko) HeadlessChrome/73.0.3683.86 Safari/537.36"
114.119.133.53 - - [11/Sep/2020:21:01:24 -0400] "GET /rich-learning-system.html HTTP/1.0" 302 238 "-" "Mozilla/5.0 (Linux; Android 7.0;) AppleWebKit/537.36 (KHTML, like Gecko) Mobile Safari/537.36 (compatible; PetalBot;+http://aspiegel.com/petalbot)"
35.167.85.80 - - [11/Sep/2020:21:28:44 -0400] "GET /www3 HTTP/1.0" 302 217 "-" "Mozilla/5.0 (X11; Linux i686; rv:48.0) Gecko/20100101 Firefox/48.0"
35.185.87.111 - - [11/Sep/2020:21:50:17 -0400] "GET /RICH/gsuite-classroom.html HTTP/1.0" 200 10020 "-" "ZoominfoBot (zoominfobot at zoominfo dot com)"
35.185.87.111 - - [11/Sep/2020:21:54:15 -0400] "GET /RICH/board-directors.html HTTP/1.0" 200 12545 "-" "ZoominfoBot (zoominfobot at zoominfo dot com)"
123.126.68.143 - - [11/Sep/2020:22:52:07 -0400] "GET /css/magnific-popup.css HTTP/1.0" 403 224 "http://www.richinc.org/" "Mozilla/5.0 (X11; Fedora; Linux x86_64) AppleWebKit/537.36 (KHTML, like Gecko) HeadlessChrome/73.0.3683.86 Safari/537.36"
123.126.68.126 - - [11/Sep/2020:22:52:07 -0400] "GET /css/animate.css HTTP/1.0" 403 217 "http://www.richinc.org/" "Mozilla/5.0 (X11; Fedora; Linux x86_64) AppleWebKit/537.36 (KHTML, like Gecko) HeadlessChrome/73.0.3683.86 Safari/537.36"
183.36.114.75 - - [11/Sep/2020:22:52:08 -0400] "GET /css/bootstrap.min.css HTTP/1.0" 403 223 "http://www.richinc.org/" "Mozilla/5.0 (X11; Fedora; Linux x86_64) AppleWebKit/537.36 (KHTML, like Gecko) HeadlessChrome/73.0.3683.86 Safari/537.36"
114.119.135.78 - - [11/Sep/2020:01:03:36 -0400] "GET /RICH/robots.txt HTTP/1.0" 404 575 "-" "(compatible;PetalBot;+http://aspiegel.com/petalbot)"
185.191.171.18 - - [11/Sep/2020:01:17:28 -0400] "GET /RICH/robots.txt HTTP/1.0" 404 575 "-" "Mozilla/5.0 (compatible; SemrushBot/6~bl; +http://www.semrush.com/bot.html)"
185.191.171.22 - - [11/Sep/2020:01:17:28 -0400] "GET / HTTP/1.0" 302 213 "-" "Mozilla/5.0 (compatible; SemrushBot/6~bl; +http://www.semrush.com/bot.html)"
66.249.66.218 - - [11/Sep/2020:01:27:04 -0400] "GET /robots.txt HTTP/1.0" 302 223 "-" "Mozilla/5.0 (compatible; Googlebot/2.1; +http://www.google.com/bot.html)"
69.30.226.234 - - [11/Sep/2020:03:26:08 -0400] "GET /RICH/robots.txt HTTP/1.0" 404 575 "-" "Mozilla/5.0 (compatible; MJ12bot/v1.4.8; http://mj12bot.com/)"
77.75.77.101 - - [11/Sep/2020:03:35:41 -0400] "GET /robots.txt HTTP/1.0" 302 223 "-" "Mozilla/5.0 (compatible; SeznamBot/3.2; +http://napoveda.seznam.cz/en/seznambot-intro/)"
114.119.145.137 - - [11/Sep/2020:03:50:51 -0400] "GET /RICH/privacy-policy.html HTTP/1.0" 200 14593 "-" "Mozilla/5.0 (Linux; Android 7.0;) AppleWebKit/537.36 (KHTML, like Gecko) Mobile Safari/537.36 (compatible; PetalBot;+http://aspiegel.com/petalbot)"
220.181.77.162 - - [11/Sep/2020:04:18:36 -0400] "GET /RICH/css/jquery-ui.css HTTP/1.0" 200 21738 "https://www.richinc.org/RICH/" "Mozilla/5.0 (Linux; U; Android 1.1; en-gb; dream) AppleWebKit/525.10 (KHTML, like Gecko) Version/3.0.4 Mobile Safari/523.12.2"
216.218.191.227 - - [11/Sep/2020:06:55:04 -0400] "GET /RICH/js/bootstrap-datepicker.min.js HTTP/1.0" 200 34172 "https://www.richinc.org/RICH/parents-investment-alliance.html" "Mozilla/5.0 (X11; Ubuntu; Linux x86_64) AppleWebKit/537.36 (KHTML, like Gecko) Chrome/80.0.3987.0 Safari/537.36"
184.154.36.170 - - [11/Sep/2020:07:24:59 -0400] "GET /robots.txt HTTP/1.0" 302 223 "-" "SiteLockSpider [en] (WinNT; I ;Nav)"
184.154.36.170 - - [11/Sep/2020:07:25:03 -0400] "GET /RICH/contact-us.html HTTP/1.0" 200 13639 "-" "SiteLockSpider [en] (WinNT; I ;Nav)"
184.154.36.170 - - [11/Sep/2020:07:25:04 -0400] "GET /RICH/mission.html HTTP/1.0" 200 15573 "-" "SiteLockSpider [en] (WinNT; I ;Nav)"
184.154.36.170 - - [11/Sep/2020:07:25:06 -0400] "GET /RICH/chairman-message.html HTTP/1.0" 200 13505 "-" "SiteLockSpider [en] (WinNT; I ;Nav)"
184.154.36.170 - - [11/Sep/2020:07:25:07 -0400] "GET /RICH/graduate-testimonials.html HTTP/1.0" 200 15380 "-" "SiteLockSpider [en] (WinNT; I ;Nav)"
184.154.36.170 - - [11/Sep/2020:07:25:07 -0400] "GET /RICH/page1.html HTTP/1.0" 200 53544 "-" "SiteLockSpider [en] (WinNT; I ;Nav)"
184.154.36.170 - - [11/Sep/2020:07:25:12 -0400] "GET /RICH/page3.html HTTP/1.0" 200 49217 "-" "SiteLockSpider [en] (WinNT; I ;Nav)"
184.154.36.170 - - [11/Sep/2020:07:25:28 -0400] "GET /RICH/Account/projects.html HTTP/1.0" 200 23298 "-" "SiteLockSpider [en] (WinNT; I ;Nav)"
184.154.36.170 - - [11/Sep/2020:07:25:30 -0400] "GET /RICH/js/jquery-ui.js HTTP/1.0" 200 45799 "-" "SiteLockSpider [en] (WinNT; I ;Nav)"
184.154.36.170 - - [11/Sep/2020:07:25:36 -0400] "GET /RICH/privacy-policy.html HTTP/1.0" 200 14593 "-" "SiteLockSpider [en] (WinNT; I ;Nav)"
184.154.36.170 - - [11/Sep/2020:07:25:37 -0400] "GET /RICH/first-graduates.html HTTP/1.0" 200 17133 "-" "SiteLockSpider [en] (WinNT; I ;Nav)"
184.154.36.170 - - [11/Sep/2020:07:25:37 -0400] "GET /RICH/partnership-opportunities.html HTTP/1.0" 200 14323 "-" "SiteLockSpider [en] (WinNT; I ;Nav)"
184.154.36.170 - - [11/Sep/2020:07:25:37 -0400] "GET /RICH/page1.html HTTP/1.0" 200 53544 "-" "SiteLockSpider [en] (WinNT; I ;Nav)"
184.154.36.170 - - [11/Sep/2020:07:25:37 -0400] "GET /RICH/page4.html HTTP/1.0" 200 19961 "-" "SiteLockSpider [en] (WinNT; I ;Nav)"
184.154.36.170 - - [11/Sep/2020:07:25:38 -0400] "GET /RICH/graduate-testimonials.html HTTP/1.0" 200 15380 "-" "SiteLockSpider [en] (WinNT; I ;Nav)"
184.154.36.170 - - [11/Sep/2020:07:25:42 -0400] "GET /RICH/js/owl.carousel.min.js HTTP/1.0" 200 42766 "-" "SiteLockSpider [en] (WinNT; I ;Nav)"
66.160.140.184 - - [11/Sep/2020:07:39:10 -0400] "GET /tyler-l-essay.html HTTP/1.0" 302 231 "-" "The Knowledge AI"
114.119.143.81 - - [11/Sep/2020:08:20:43 -0400] "GET /RICH/board-directors.html HTTP/1.0" 200 12545 "-" "Mozilla/5.0 (Linux; Android 7.0;) AppleWebKit/537.36 (KHTML, like Gecko) Mobile Safari/537.36 (compatible; PetalBot;+http://aspiegel.com/petalbot)"
162.253.129.171 - - [11/Sep/2020:08:55:09 -0400] "GET /RICH/index.html HTTP/1.0" 200 52711 "https://www.richinc.org/RICH/contact-us.html" "Mozilla/5.0 (Macintosh; Intel Mac OS X 10_12_0) AppleWebKit/537.36 (KHTML, like Gecko) Chrome/66.0.3359.117 Safari/537.36"
162.253.129.171 - - [11/Sep/2020:08:55:17 -0400] "GET /RICH/first-graduates.html HTTP/1.0" 200 17133 "https://www.richinc.org/RICH/contact-us.html" "Mozilla/5.0 (Macintosh; Intel Mac OS X 10_12_0) AppleWebKit/537.36 (KHTML, like Gecko) Chrome/66.0.3359.117 Safari/537.36"
162.253.129.171 - - [11/Sep/2020:08:55:17 -0400] "GET /RICH/sdlp.html HTTP/1.0" 200 16959 "https://www.richinc.org/RICH/contact-us.html" "Mozilla/5.0 (Macintosh; Intel Mac OS X 10_12_0) AppleWebKit/537.36 (KHTML, like Gecko) Chrome/66.0.3359.117 Safari/537.36"
62.210.188.218 - - [11/Sep/2020:10:12:01 -0400] "GET /RICH/robots.txt HTTP/1.0" 404 575 "-" "Mozilla/5.0 (compatible; Barkrowler/0.9; +https://babbar.tech/crawler)"
62.210.188.218 - - [11/Sep/2020:10:12:01 -0400] "GET /robots.txt HTTP/1.0" 302 223 "-" "Mozilla/5.0 (compatible; Barkrowler/0.9; +https://babbar.tech/crawler)"
114.119.157.218 - - [11/Sep/2020:10:14:07 -0400] "GET /RICH/first-graduates.html HTTP/1.0" 200 17133 "-" "Mozilla/5.0 (Linux; Android 7.0;) AppleWebKit/537.36 (KHTML, like Gecko) Mobile Safari/537.36 (compatible; PetalBot;+http://aspiegel.com/petalbot)"
107.178.239.214 - - [11/Sep/2020:11:11:59 -0400] "GET /RICH/ HTTP/1.0" 200 52711 "-" "Mozilla/5.0 (X11; Linux x86_64) AppleWebKit/537.36 (KHTML, like Gecko) HeadlessChrome/72.0.3617.0 Safari/537.36"
107.178.239.214 - - [11/Sep/2020:11:12:01 -0400] "GET /RICH/css/magnific-popup.css HTTP/1.0" 200 6950 "https://www.richinc.org/RICH/" "Mozilla/5.0 (X11; Linux x86_64) AppleWebKit/537.36 (KHTML, like Gecko) HeadlessChrome/72.0.3617.0 Safari/537.36"
107.178.239.214 - - [11/Sep/2020:11:12:01 -0400] "GET /RICH/css/jquery-ui.css HTTP/1.0" 200 21738 "https://www.richinc.org/RICH/" "Mozilla/5.0 (X11; Linux x86_64) AppleWebKit/537.36 (KHTML, like Gecko) HeadlessChrome/72.0.3617.0 Safari/537.36"
107.178.239.214 - - [11/Sep/2020:11:12:01 -0400] "GET /RICH/css/animate.css HTTP/1.0" 200 77748 "https://www.richinc.org/RICH/" "Mozilla/5.0 (X11; Linux x86_64) AppleWebKit/537.36 (KHTML, like Gecko) HeadlessChrome/72.0.3617.0 Safari/537.36"
107.178.239.214 - - [11/Sep/2020:11:12:01 -0400] "GET /RICH/js/jquery-ui.js HTTP/1.0" 200 45799 "https://www.richinc.org/RICH/" "Mozilla/5.0 (X11; Linux x86_64) AppleWebKit/537.36 (KHTML, like Gecko) HeadlessChrome/72.0.3617.0 Safari/537.36"
107.178.239.214 - - [11/Sep/2020:11:12:01 -0400] "GET /RICH/js/jquery.countdown.min.js HTTP/1.0" 200 5339 "https://www.richinc.org/RICH/" "Mozilla/5.0 (X11; Linux x86_64) AppleWebKit/537.36 (KHTML, like Gecko) HeadlessChrome/72.0.3617.0 Safari/537.36"
107.178.239.214 - - [11/Sep/2020:11:12:03 -0400] "GET /RICH/images/botimage.png HTTP/1.0" 200 3914 "https://www.richinc.org/RICH/" "Mozilla/5.0 (X11; Linux x86_64) AppleWebKit/537.36 (KHTML, like Gecko) HeadlessChrome/72.0.3617.0 Safari/537.36"
66.249.66.216 - - [11/Sep/2020:12:15:49 -0400] "GET /RICH/css/magnific-popup.css HTTP/1.0" 200 6950 "https://www.richinc.org/RICH/graduate-testimonials.html" "Mozilla/5.0 (Linux; Android 6.0.1; Nexus 5X Build/MMB29P) AppleWebKit/537.36 (KHTML, like Gecko) Chrome/85.0.4183.105 Mobile Safari/537.36 (compatible; Googlebot/2.1; +http://www.google.com/bot.html)"
77.75.79.36 - - [11/Sep/2020:14:13:43 -0400] "GET /RICH/Image4.jpg HTTP/1.0" 200 2910175 "-" "Mozilla/5.0 (compatible; SeznamBot/3.2; +http://napoveda.seznam.cz/en/seznambot-intro/)"
114.119.136.139 - - [11/Sep/2020:14:58:02 -0400] "GET /RICH/robots.txt HTTP/1.0" 404 575 "-" "(compatible;PetalBot;+http://aspiegel.com/petalbot)"
54.36.149.35 - - [11/Sep/2020:15:31:07 -0400] "GET /RICH/robots.txt HTTP/1.0" 404 575 "-" "Mozilla/5.0 (compatible; AhrefsBot/6.1; +http://ahrefs.com/robot/)"
18.236.100.255 - - [11/Sep/2020:15:46:32 -0400] "GET /RICH/www3/bofa/ HTTP/1.0" 404 575 "-" "Mozilla/5.0 (Windows NT 6.1; Win64; x64) AppleWebKit/537.36 (KHTML, like Gecko) Chrome/72.0.3626.109 Safari/537.36"
34.73.187.119 - - [11/Sep/2020:15:50:34 -0400] "GET /robots.txt HTTP/1.0" 302 223 "-" "ZoominfoBot (zoominfobot at zoominfo dot com)"
114.119.149.232 - - [11/Sep/2020:15:58:43 -0400] "GET /RICH/sdlp.html HTTP/1.0" 200 16959 "-" "Mozilla/5.0 (Linux; Android 7.0;) AppleWebKit/537.36 (KHTML, like Gecko) Mobile Safari/537.36 (compatible; PetalBot;+http://aspiegel.com/petalbot)"
185.51.228.243 - - [11/Sep/2020:16:00:18 -0400] "GET /wp-admin/wp-1ogin_bak.php HTTP/1.0" 302 238 "-" "Linux Mozilla"
34.73.188.215 - - [11/Sep/2020:16:40:39 -0400] "GET /RICH/ HTTP/1.0" 200 52711 "-" "ZoominfoBot (zoominfobot at zoominfo dot com)"
40.77.167.121 - - [11/Sep/2020:17:50:43 -0400] "GET /RICH/four.JPG HTTP/1.0" 200 515761 "-" "Mozilla/5.0 (compatible; bingbot/2.0; +http://www.bing.com/bingbot.htm)"
66.160.140.184 - - [11/Sep/2020:18:07:17 -0400] "GET /RICH/robots.txt HTTP/1.0" 404 575 "-" "The Knowledge AI"
173.69.202.47 - - [11/Sep/2020:18:20:13 -0400] "GET /RICH/blog/ HTTP/1.0" 404 575 "-" "Mozilla/5.0 (iPad; CPU OS 12_4_8 like Mac OS X) AppleWebKit/605.1.15 (KHTML, like Gecko) Version/12.1.2 Mobile/15E148 Safari/604.1"
173.69.202.47 - - [11/Sep/2020:18:20:14 -0400] "GET /RICH/apple-touch-icon-152x152.png HTTP/1.0" 404 575 "-" "MobileSafari/604.1 CFNetwork/978.0.7 Darwin/18.7.0"
173.69.202.47 - - [11/Sep/2020:18:20:14 -0400] "GET /favicon.ico HTTP/1.0" 302 224 "-" "MobileSafari/604.1 CFNetwork/978.0.7 Darwin/18.7.0"
173.69.202.47 - - [11/Sep/2020:18:20:15 -0400] "GET /apple-touch-icon-152x152-precomposed.png HTTP/1.0" 302 253 "-" "MobileSafari/604.1 CFNetwork/978.0.7 Darwin/18.7.0"
220.181.77.162 - - [11/Sep/2020:18:37:12 -0400] "GET /RICH/ HTTP/1.0" 200 52711 "-" "Mozilla/5.0 (Linux; U; Android 1.5; en-us; T-Mobile G1 Build/CRB43) AppleWebKit/528.5 (KHTML, like Gecko) Version/3.1.2 Mobile Safari 525.20.1"
220.181.77.162 - - [11/Sep/2020:18:37:21 -0400] "GET /RICH/images/LOGO.png HTTP/1.0" 200 48308 "https://www.richinc.org/RICH/" "Mozilla/5.0 (Linux; U; Android 1.5; en-us; T-Mobile G1 Build/CRB43) AppleWebKit/528.5 (KHTML, like Gecko) Version/3.1.2 Mobile Safari 525.20.1"
220.181.77.162 - - [11/Sep/2020:18:37:37 -0400] "GET /RICH/css/animate.css HTTP/1.0" 200 77748 "https://www.richinc.org/RICH/" "Mozilla/5.0 (Linux; U; Android 1.5; en-us; T-Mobile G1 Build/CRB43) AppleWebKit/528.5 (KHTML, like Gecko) Version/3.1.2 Mobile Safari 525.20.1"
220.181.77.162 - - [11/Sep/2020:18:38:06 -0400] "GET /RICH/css/aos.css HTTP/1.0" 200 25983 "https://www.richinc.org/RICH/" "Mozilla/5.0 (Linux; U; Android 1.6; en-us; SonyEricssonX10i Build/R1AA056) AppleWebKit/528.5 (KHTML, like Gecko) Version/3.1.2 Mobile Safari/525.20.1"
220.181.77.162 - - [11/Sep/2020:18:38:08 -0400] "GET /RICH/js/jquery-ui.js HTTP/1.0" 200 45799 "https://www.richinc.org/RICH/" "Mozilla/5.0 (Linux; U; Android 1.6; en-us; SonyEricssonX10i Build/R1AA056) AppleWebKit/528.5 (KHTML, like Gecko) Version/3.1.2 Mobile Safari/525.20.1"
220.181.77.162 - - [11/Sep/2020:18:38:09 -0400] "GET /RICH/js/owl.carousel.min.js HTTP/1.0" 200 42766 "https://www.richinc.org/RICH/" "Mozilla/5.0 (Linux; U; Android 1.6; en-us; SonyEricssonX10i Build/R1AA056) AppleWebKit/528.5 (KHTML, like Gecko) Version/3.1.2 Mobile Safari/525.20.1"
220.181.77.162 - - [11/Sep/2020:18:38:11 -0400] "GET /RICH/images/LOGO.png HTTP/1.0" 200 48308 "https://www.richinc.org/RICH/" "Mozilla/5.0 (Linux; U; Android 1.6; en-us; SonyEricssonX10i Build/R1AA056) AppleWebKit/528.5 (KHTML, like Gecko) Version/3.1.2 Mobile Safari/525.20.1"
220.181.77.162 - - [11/Sep/2020:18:38:15 -0400] "GET /RICH/Image1.jpg HTTP/1.0" 200 1421241 "https://www.richinc.org/RICH/" "Mozilla/5.0 (Linux; U; Android 1.6; en-us; SonyEricssonX10i Build/R1AA056) AppleWebKit/528.5 (KHTML, like Gecko) Version/3.1.2 Mobile Safari/525.20.1"
220.181.77.162 - - [11/Sep/2020:18:38:26 -0400] "GET /RICH/css/owl.carousel.min.css HTTP/1.0" 200 2936 "https://www.richinc.org/RICH/" "Mozilla/5.0 (Linux; U; Android 1.6; en-us; SonyEricssonX10i Build/R1AA056) AppleWebKit/528.5 (KHTML, like Gecko) Version/3.1.2 Mobile Safari/525.20.1"
220.181.77.162 - - [11/Sep/2020:18:38:27 -0400] "GET /RICH/Image5.jpg HTTP/1.0" 200 2409299 "https://www.richinc.org/RICH/" "Mozilla/5.0 (Linux; U; Android 1.6; en-us; SonyEricssonX10i Build/R1AA056) AppleWebKit/528.5 (KHTML, like Gecko) Version/3.1.2 Mobile Safari/525.20.1"
220.181.77.162 - - [11/Sep/2020:18:38:28 -0400] "GET /RICH/Image1.jpg HTTP/1.0" 200 1421241 "https://www.richinc.org/RICH/" "Mozilla/5.0 (Linux; U; Android 1.6; en-us; SonyEricssonX10i Build/R1AA056) AppleWebKit/528.5 (KHTML, like Gecko) Version/3.1.2 Mobile Safari/525.20.1"
77.75.79.54 - - [11/Sep/2020:18:54:36 -0400] "GET /robots.txt HTTP/1.0" 302 223 "-" "Mozilla/5.0 (compatible; SeznamBot/3.2; +http://napoveda.seznam.cz/en/seznambot-intro/)"
123.126.68.114 - - [11/Sep/2020:19:22:30 -0400] "GET /css/owl.carousel.min.css HTTP/1.0" 403 226 "http://richinc.org/" "Mozilla/5.0 (X11; Fedora; Linux x86_64) AppleWebKit/537.36 (KHTML, like Gecko) HeadlessChrome/73.0.3683.86 Safari/537.36"
123.126.68.107 - - [11/Sep/2020:19:22:30 -0400] "GET /css/owl.theme.default.min.css HTTP/1.0" 403 231 "http://richinc.org/" "Mozilla/5.0 (X11; Fedora; Linux x86_64) AppleWebKit/537.36 (KHTML, like Gecko) HeadlessChrome/73.0.3683.86 Safari/537.36"
183.36.114.97 - - [11/Sep/2020:19:22:32 -0400] "GET /css/aos.css HTTP/1.0" 403 213 "http://richinc.org/" "Mozilla/5.0 (X11; Fedora; Linux x86_64) AppleWebKit/537.36 (KHTML, like Gecko) HeadlessChrome/73.0.3683.86 Safari/537.36"
183.36.114.1 - - [11/Sep/2020:19:22:32 -0400] "GET /css/jquery-ui.css HTTP/1.0" 403 219 "http://richinc.org/" "Mozilla/5.0 (X11; Fedora; Linux x86_64) AppleWebKit/537.36 (KHTML, like Gecko) HeadlessChrome/73.0.3683.86 Safari/537.36"
36.110.147.98 - - [11/Sep/2020:19:22:33 -0400] "GET /css/owl.carousel.min.css HTTP/1.0" 403 226 "http://richinc.org/" "Mozilla/5.0 (X11; Fedora; Linux x86_64) AppleWebKit/537.36 (KHTML, like Gecko) HeadlessChrome/73.0.3683.86 Safari/537.36"
36.110.147.76 - - [11/Sep/2020:19:22:33 -0400] "GET /css/bootstrap.min.css HTTP/1.0" 403 223 "http://richinc.org/" "Mozilla/5.0 (X11; Fedora; Linux x86_64) AppleWebKit/537.36 (KHTML, like Gecko) HeadlessChrome/73.0.3683.86 Safari/537.36"
183.36.114.152 - - [11/Sep/2020:19:22:34 -0400] "GET /css/aos.css HTTP/1.0" 403 213 "http://richinc.org/" "Mozilla/5.0 (X11; Fedora; Linux x86_64) AppleWebKit/537.36 (KHTML, like Gecko) HeadlessChrome/73.0.3683.86 Safari/537.36"
114.119.143.81 - - [11/Sep/2020:19:50:16 -0400] "GET /RICH/index.html HTTP/1.0" 200 52711 "-" "Mozilla/5.0 (Linux; Android 7.0;) AppleWebKit/537.36 (KHTML, like Gecko) Mobile Safari/537.36 (compatible; PetalBot;+http://aspiegel.com/petalbot)"
52.41.187.186 - - [11/Sep/2020:20:56:51 -0400] "GET /contact-us.html HTTP/1.0" 302 228 "-" "Mozilla/5.0 (Macintosh; Intel Mac OS X 10_10_3) AppleWebKit/537.36 (KHTML, like Gecko) Chrome/42.0.2311.135 Safari/537.36"
35.185.87.111 - - [11/Sep/2020:21:45:03 -0400] "GET /RICH/privacy-policy.html HTTP/1.0" 200 14593 "-" "ZoominfoBot (zoominfobot at zoominfo dot com)"
35.185.87.111 - - [11/Sep/2020:22:10:54 -0400] "GET /RICH/partnership-opportunities.html HTTP/1.0" 200 14323 "-" "ZoominfoBot (zoominfobot at zoominfo dot com)"
123.126.68.143 - - [11/Sep/2020:22:52:06 -0400] "GET /css/magnific-popup.css HTTP/1.0" 403 224 "http://www.richinc.org/" "Mozilla/5.0 (X11; Fedora; Linux x86_64) AppleWebKit/537.36 (KHTML, like Gecko) HeadlessChrome/73.0.3683.86 Safari/537.36"
183.36.114.74 - - [11/Sep/2020:22:52:07 -0400] "GET /css/bot.css HTTP/1.0" 403 213 "http://www.richinc.org/" "Mozilla/5.0 (X11; Fedora; Linux x86_64) AppleWebKit/537.36 (KHTML, like Gecko) HeadlessChrome/73.0.3683.86 Safari/537.36"
183.36.114.146 - - [11/Sep/2020:22:52:08 -0400] "GET /css/jquery-ui.css HTTP/1.0" 403 219 "http://www.richinc.org/" "Mozilla/5.0 (X11; Fedora; Linux x86_64) AppleWebKit/537.36 (KHTML, like Gecko) HeadlessChrome/73.0.3683.86 Safari/537.36"
123.126.68.123 - - [11/Sep/2020:22:52:09 -0400] "GET /css/aos.css HTTP/1.0" 403 213 "http://www.richinc.org/" "Mozilla/5.0 (X11; Fedora; Linux x86_64) AppleWebKit/537.36 (KHTML, like Gecko) HeadlessChrome/73.0.3683.86 Safari/537.36"
36.110.147.91 - - [11/Sep/2020:22:52:09 -0400] "GET /css/bot.css HTTP/1.0" 403 213 "http://www.richinc.org/" "Mozilla/5.0 (X11; Fedora; Linux x86_64) AppleWebKit/537.36 (KHTML, like Gecko) HeadlessChrome/73.0.3683.86 Safari/537.36"
183.36.114.155 - - [11/Sep/2020:22:52:13 -0400] "GET /css/style.css HTTP/1.0" 403 215 "http://www.richinc.org/" "Mozilla/5.0 (X11; Fedora; Linux x86_64) AppleWebKit/537.36 (KHTML, like Gecko) HeadlessChrome/73.0.3683.86 Safari/537.36"
112.78.163.139 - - [11/Sep/2020:23:50:35 -0400] "GET /?semalt.com HTTP/1.0" 302 224 "http://google.com/search?q=semalt.com" "Mozilla/5.0 (Windows NT 10.0; Win64; x64) AppleWebKit/537.36 (KHTML, like Gecko) Chrome/74.0.3729.169 Safari/537.36"
34.213.70.245 - - [11/Sep/2020:00:37:34 -0400] "GET /www3/bofa HTTP/1.0" 302 222 "-" "Mozilla/5.0 (Macintosh; PPC Mac OS X 10.9; rv:53.0) Gecko/20100101 Firefox/53.0"
54.36.148.185 - - [11/Sep/2020:02:35:13 -0400] "GET /RICH/taj-J-essay.html HTTP/1.0" 404 575 "-" "Mozilla/5.0 (compatible; AhrefsBot/7.0; +http://ahrefs.com/robot/)"
77.75.77.54 - - [11/Sep/2020:02:44:07 -0400] "GET /robots.txt HTTP/1.0" 302 223 "-" "Mozilla/5.0 (compatible; SeznamBot/3.2; +http://napoveda.seznam.cz/en/seznambot-intro/)"
114.119.143.81 - - [11/Sep/2020:04:24:22 -0400] "GET /RICH/gsuite-classroom.html HTTP/1.0" 200 10020 "-" "Mozilla/5.0 (Linux; Android 7.0;) AppleWebKit/537.36 (KHTML, like Gecko) Mobile Safari/537.36 (compatible; PetalBot;+http://aspiegel.com/petalbot)"
17.58.98.86 - - [11/Sep/2020:04:51:15 -0400] "GET /RICH/contact-us.html HTTP/1.0" 200 13639 "-" "Mozilla/5.0 (Macintosh; Intel Mac OS X 10_15_5) AppleWebKit/605.1.15 (KHTML, like Gecko) Version/13.1.1 Safari/605.1.15 (Applebot/0.1; +http://www.apple.com/go/applebot)"
95.163.255.154 - - [11/Sep/2020:05:05:03 -0400] "GET /RICH/team HTTP/1.0" 404 575 "-" "Mozilla/5.0 (compatible; Linux x86_64; Mail.RU_Bot/2.0; +http://go.mail.ru/help/robots)"
216.218.191.227 - - [11/Sep/2020:06:55:04 -0400] "GET /RICH/js/jquery-migrate-3.0.1.min.js HTTP/1.0" 200 11421 "https://www.richinc.org/RICH/parents-investment-alliance.html" "Mozilla/5.0 (X11; Ubuntu; Linux x86_64) AppleWebKit/537.36 (KHTML, like Gecko) Chrome/80.0.3987.0 Safari/537.36"
66.249.66.218 - - [11/Sep/2020:07:06:11 -0400] "GET /RICH/graduate-testimonials.html HTTP/1.0" 200 15380 "-" "Mozilla/5.0 (Linux; Android 6.0.1; Nexus 5X Build/MMB29P) AppleWebKit/537.36 (KHTML, like Gecko) Chrome/85.0.4183.97 Mobile Safari/537.36 (compatible; Googlebot/2.1; +http://www.google.com/bot.html)"
184.154.36.170 - - [11/Sep/2020:07:25:01 -0400] "GET / HTTP/1.0" 302 213 "http://www.google.com/url?url=www.richinc.org&yahoo.com" "Mozilla/5.0 (compatible; MSIE 9.0; Windows NT 6.1; WOW64; Trident/6.0)"
184.154.36.170 - - [11/Sep/2020:07:25:02 -0400] "GET /RICH/parents-investment-alliance.html HTTP/1.0" 200 13078 "-" "SiteLockSpider [en] (WinNT; I ;Nav)"
184.154.36.170 - - [11/Sep/2020:07:25:05 -0400] "GET /RICH/partnership-opportunities.html HTTP/1.0" 200 14323 "-" "SiteLockSpider [en] (WinNT; I ;Nav)"
184.154.36.170 - - [11/Sep/2020:07:25:11 -0400] "GET /RICH/login.html HTTP/1.0" 200 12888 "-" "SiteLockSpider [en] (WinNT; I ;Nav)"
184.154.36.170 - - [11/Sep/2020:07:25:24 -0400] "GET /RICH/js/bootstrap-datepicker.min.js HTTP/1.0" 200 34172 "-" "SiteLockSpider [en] (WinNT; I ;Nav)"
184.154.36.170 - - [11/Sep/2020:07:25:30 -0400] "GET /RICH/css/aos.css HTTP/1.0" 200 25983 "-" "SiteLockSpider [en] (WinNT; I ;Nav)"
184.154.36.170 - - [11/Sep/2020:07:25:31 -0400] "GET /RICH/css/magnific-popup.css HTTP/1.0" 200 6950 "-" "SiteLockSpider [en] (WinNT; I ;Nav)"
184.154.36.170 - - [11/Sep/2020:07:25:35 -0400] "GET /RICH/fonts/icomoon/style.css HTTP/1.0" 200 79820 "http://www.google.com/url?url=www.richinc.org&yahoo.com" "Mozilla/5.0 (compatible; MSIE 9.0; Windows NT 6.1; WOW64; Trident/6.0)"
184.154.36.170 - - [11/Sep/2020:07:25:35 -0400] "GET /cdn-cgi/scripts/5c5dd728/cloudflare-static/email-decode.min.js HTTP/1.0" 302 275 "http://www.google.com/url?url=www.richinc.org&yahoo.com" "Mozilla/5.0 (compatible; MSIE 9.0; Windows NT 6.1; WOW64; Trident/6.0)"
184.154.36.170 - - [11/Sep/2020:07:25:38 -0400] "GET /RICH/mission.html HTTP/1.0" 200 15573 "-" "SiteLockSpider [en] (WinNT; I ;Nav)"
184.154.36.170 - - [11/Sep/2020:07:25:39 -0400] "GET /RICH/css/style.css HTTP/1.0" 200 48040 "-" "SiteLockSpider [en] (WinNT; I ;Nav)"
184.154.36.170 - - [11/Sep/2020:07:25:39 -0400] "GET /RICH/js/popper.min.js HTTP/1.0" 200 20336 "http://www.google.com/url?url=www.richinc.org&yahoo.com" "Mozilla/5.0 (compatible; MSIE 9.0; Windows NT 6.1; WOW64; Trident/6.0)"
207.46.13.164 - - [11/Sep/2020:08:17:19 -0400] "GET /RICH/blog/2012/01/20/parent-investment-alliance/ HTTP/1.0" 404 575 "-" "Mozilla/5.0 (compatible; bingbot/2.0; +http://www.bing.com/bingbot.htm)"
162.253.129.171 - - [11/Sep/2020:08:55:12 -0400] "GET /RICH/mission.html HTTP/1.0" 200 15573 "https://www.richinc.org/RICH/contact-us.html" "Mozilla/5.0 (Macintosh; Intel Mac OS X 10_12_0) AppleWebKit/537.36 (KHTML, like Gecko) Chrome/66.0.3359.117 Safari/537.36"
162.253.129.171 - - [11/Sep/2020:08:55:15 -0400] "GET /RICH/partnership-opportunities.html HTTP/1.0" 200 14323 "https://www.richinc.org/RICH/contact-us.html" "Mozilla/5.0 (Macintosh; Intel Mac OS X 10_12_0) AppleWebKit/537.36 (KHTML, like Gecko) Chrome/66.0.3359.117 Safari/537.36"
162.253.129.171 - - [11/Sep/2020:08:55:17 -0400] "GET /RICH/annual-reports.html HTTP/1.0" 200 10564 "https://www.richinc.org/RICH/contact-us.html" "Mozilla/5.0 (Macintosh; Intel Mac OS X 10_12_0) AppleWebKit/537.36 (KHTML, like Gecko) Chrome/66.0.3359.117 Safari/537.36"
62.210.188.218 - - [11/Sep/2020:10:12:02 -0400] "GET /robots.txt HTTP/1.0" 302 223 "-" "Mozilla/5.0 (compatible; Barkrowler/0.9; +https://babbar.tech/crawler)"
62.210.188.218 - - [11/Sep/2020:10:12:05 -0400] "GET / HTTP/1.0" 302 213 "-" "Mozilla/5.0 (compatible; Barkrowler/0.9; +https://babbar.tech/crawler)"
62.210.188.218 - - [11/Sep/2020:10:12:24 -0400] "GET /RICH/tyler-l-essay.html HTTP/1.0" 404 575 "-" "Mozilla/5.0 (compatible; Barkrowler/0.9; +https://babbar.tech/crawler)"
107.178.239.214 - - [11/Sep/2020:11:12:05 -0400] "GET /RICH/images/botbutton-crop.png HTTP/1.0" 200 7864 "https://www.richinc.org/RICH/" "Mozilla/5.0 (X11; Linux x86_64) AppleWebKit/537.36 (KHTML, like Gecko) HeadlessChrome/72.0.3617.0 Safari/537.36"
107.178.239.214 - - [11/Sep/2020:11:12:05 -0400] "GET /RICH/images/matter.png HTTP/1.0" 200 20184 "https://www.richinc.org/RICH/" "Mozilla/5.0 (X11; Linux x86_64) AppleWebKit/537.36 (KHTML, like Gecko) HeadlessChrome/72.0.3617.0 Safari/537.36"
66.249.66.218 - - [11/Sep/2020:12:15:49 -0400] "GET /RICH/css/style.css HTTP/1.0" 200 48040 "https://www.richinc.org/RICH/graduate-testimonials.html" "Mozilla/5.0 (Linux; Android 6.0.1; Nexus 5X Build/MMB29P) AppleWebKit/537.36 (KHTML, like Gecko) Chrome/85.0.4183.105 Mobile Safari/537.36 (compatible; Googlebot/2.1; +http://www.google.com/bot.html)"
156.146.63.174 - - [11/Sep/2020:12:49:00 -0400] "GET /RICH/board-directors.html HTTP/1.0" 200 12545 "https://www.richinc.org/RICH/board-directors.html" "Mozilla/5.0 (Windows NT 5.1) AppleWebKit/537.36 (KHTML, like Gecko) Chrome/49.0.2623.112 Safari/537.36"
67.195.161.200 - - [11/Sep/2020:14:02:25 -0400] "GET /staging/ HTTP/1.0" 403 210 "-" "Mozilla/5.0 (compatible; Yahoo! Slurp; http://help.yahoo.com/help/us/ysearch/slurp)"
34.73.187.119 - - [11/Sep/2020:15:48:21 -0400] "GET /RICH/robots.txt HTTP/1.0" 404 575 "-" "ZoominfoBot (zoominfobot at zoominfo dot com)"
185.51.228.243 - - [11/Sep/2020:16:00:19 -0400] "GET /wp-content/wp-1ogin_bak.php HTTP/1.0" 302 240 "-" "Linux Mozilla"
185.51.228.243 - - [11/Sep/2020:16:00:22 -0400] "GET /RICH/wp-1ogin_bak.php HTTP/1.0" 404 575 "-" "Linux Mozilla"
114.119.153.49 - - [11/Sep/2020:16:50:23 -0400] "GET /RICH/ HTTP/1.0" 200 52711 "-" "Mozilla/5.0 (Linux; Android 7.0;) AppleWebKit/537.36 (KHTML, like Gecko) Mobile Safari/537.36 (compatible; PetalBot;+http://aspiegel.com/petalbot)"
157.55.39.2 - - [11/Sep/2020:16:51:02 -0400] "GET /RICH/robots.txt HTTP/1.0" 404 575 "-" "Mozilla/5.0 (compatible; bingbot/2.0; +http://www.bing.com/bingbot.htm)"
173.69.202.47 - - [11/Sep/2020:18:20:14 -0400] "GET /apple-touch-icon-precomposed.png HTTP/1.0" 302 245 "-" "MobileSafari/604.1 CFNetwork/978.0.7 Darwin/18.7.0"
220.181.77.162 - - [11/Sep/2020:18:38:10 -0400] "GET /RICH/js/bootstrap-datepicker.min.js HTTP/1.0" 200 34172 "https://www.richinc.org/RICH/" "Mozilla/5.0 (Linux; U; Android 1.6; en-us; SonyEricssonX10i Build/R1AA056) AppleWebKit/528.5 (KHTML, like Gecko) Version/3.1.2 Mobile Safari/525.20.1"
